AA
29 2 2 1
1    -2.6820000000     4.9790000000     5.6170000000    -0.3385218907    -0.1015920447     0.0439273390    -0.2323670987    -2.9569703470     0.6584197482     0.2817220936    -3.5100898716    -0.4579519411    -2.8956528765     1.1045534670     0.5857197290    -0.2207375319     0.8910281249    -0.3578883390     0.5840896807
1    -3.9370000000     4.3190000000     5.2750000000    -0.0393657609     0.0486695877     0.0641871540     0.1884882866    -2.5008091791     0.1924072186     0.1213172325    -2.6581396150    -0.2008818994    -2.8124424905     1.3977436383    -0.0508875883     0.0010254641     1.5962756874    -0.4098409075     0.6905821679
1    -5.0530000000     5.3330000000     5.1080000000     0.3774220254    -0.0835206654     0.0699223966    -0.0657425906    -2.2824369253    -0.1537153533     0.7424327713    -2.4593006348     0.5801335754    -2.7172268341     1.1778948538    -0.4039984432     0.1567793928     1.4958456796     0.2336472444     0.7715854955
1    -5.9870000000     5.1070000000     4.3370000000    -0.4809980470     0.4064401162     0.1140603426     0.3289376449    -3.5132432382     0.2168583820     0.3567531383    -4.0367908719     0.0358172115    -3.5981254613     0.7365312613     0.0930446561     0.3914149125     0.3097396681     0.1025857993     0.5472111626
1    -4.2790000000     3.2960000000     6.3530000000    -0.2911805950     0.2026425383     0.0066772034    -0.1498728025    -3.0409684615    -0.0647530879     0.0171420309    -2.7918575838    -0.2716914797    -3.0060906795     0.9584673134    -0.3737207917     0.0130641381     1.6557390533    -0.5348183839     0.7921035233
1    -3.2340000000     2.2300000000     6.4960000000     0.0275307874     0.0797252798    -0.0976205261    -0.0313542155    -2.9301317693    -0.9222588720     0.6005047760    -2.8619441549     0.3860428141    -2.8129264429     1.1692745671    -0.7502913839     0.2557943696     1.6139706395    -0.0814176778     0.8940098983
1    -2.3200000000     1.9880000000     7.4720000000    -0.1270181858    -0.0110927794    -0.2298614540    -0.2826941345    -3.2778561934    -0.7804951607     0.5830659173    -3.2150343169     0.4675773464    -2.9606268979     0.9769816804    -0.3218723841     0.2757228658     1.0457780076    -0.0478506573     1.0929420269
1    -2.0100000000     0.4910000000     5.9200000000     0.0175621962    -0.1300086768     0.2883235163     0.2061257350    -3.1662146947    -0.6026943047     0.6201252436    -3.2093974689     0.4094703936    -2.6962728958     0.9079446087    -0.2980606261     0.0649275507     1.1953517800     0.1508551336     0.9424551011
1    -3.0120000000     1.2750000000     5.5290000000    -0.2226451610     0.1706778800     0.0193141941     0.2733735768    -3.0409851368    -0.6075092951     0.4303691215    -2.9478891333     0.4177071899    -2.7111079105     0.6724682313    -0.4448624858     0.1067787845     1.0343660615     0.2133738994     0.6377524434
1    -1.5770000000     0.8920000000     7.0970000000    -0.3135862201    -0.6169054022     0.3327159911    -0.4508404610    -3.7919360466    -0.2054253295     0.0085047741    -3.3168506466     0.5898325159    -3.1719775700     0.6842902509    -0.3031033578     0.1614186851     0.9130644494     0.2209872897     0.8891721827
1    -2.2360000000     4.8630000000     6.4710000000     0.2724709568    -0.0997831826     0.0244849101    -0.2133548905    -0.4406625395    -0.0173801314     0.1755921166    -0.4544459787    -0.0564151912    -0.1762901998     0.1705352577     0.0058515858     0.1095548070     0.1573761573    -0.0462947487     0.3051089811
1    -3.8540000000     3.7840000000     4.3280000000     0.1599310276    -0.0264306034     0.1549400314     0.2698377755    -0.5801593162    -0.0274321121    -0.0346915891    -0.4615143698     0.2393632201    -0.1652859744     0.1084674259    -0.0217142909    -0.0213365105     0.2815522678     0.2163891672     0.4235505420
1    -4.2050000000     3.8110000000     7.2530000000     0.1572222605    -0.0032935630    -0.1691393507    -0.3028007703    -0.5997844697     0.0250725071     0.0286383017    -0.4476422564     0.2597856870    -0.1278811364     0.0958053360    -0.0378140478    -0.0460785624     0.2137742091     0.1419127085     0.4290270995
1    -5.2130000000     2.8230000000     6.1480000000     0.1709170322     0.2786507273     0.1281503326     0.0569931290    -0.1530637256     0.2319283495     0.1048691102    -0.4635910732     0.0438120083    -0.5657470732     0.5346591408     0.1824919588     0.0426760023     0.2225545255    -0.0096399692     0.0812652968
1    -3.5010000000     1.1810000000     4.6860000000     0.2899265026     0.1126522900     0.0174368760     0.1872601800    -0.4095026081     0.0383810281     0.1806080420    -0.5175573960     0.0305355277    -0.1981624804     0.1663269273     0.0341926987     0.1637619492     0.1063945972     0.0479922716     0.3583841110
1    -2.2110000000     2.5610000000     8.3730000000     0.1502206762    -0.0232641243    -0.1522501601    -0.2229755906    -0.6273384923     0.0135761072     0.0328976506    -0.4799933187     0.2389741040    -0.2812679205     0.1161021537     0.0334209826     0.0695849643     0.2198861943     0.1989265720     0.5204635812
1    -1.6800000000    -0.3270000000     5.2890000000     0.1597552848    -0.0721719300     0.1877299017     0.1484023123    -0.5713835073    -0.1163808353    -0.0746726401    -0.3328995303     0.2311273253    -0.4234893645     0.1692241821    -0.1675372942    -0.1117695430     0.5117310052     0.2634754901     0.2661641969
1    -2.1130000000     5.7910000000     4.7240000000     0.3905762375    -0.0689851090    -0.0217340849    -0.0722459587    -2.4253536285     0.5461444859     0.3903222920    -2.9548361503    -0.5194251201    -1.9513012053     1.2521180182     0.4937561195    -0.1169484086     1.0024205818    -0.3175658467     0.9933863066
1    -0.8170000000     6.4740000000     5.0800000000    -0.4818157211    -0.1329120135    -0.0517321557    -0.0881834838    -3.2303181905     0.1207392278     0.1081654787    -3.4356863344     0.0171655609    -3.3077244502     1.2477528031     0.3482330843     0.0709858980     0.8722127319     0.0337776647     0.6683338016
1    -2.6140000000     5.9850000000     3.6250000000    -0.4748933147     0.2217053114    -0.0852610269     0.4797546966    -3.9034387929    -0.1799063300     0.2981643159    -3.9291633620    -0.0668860617    -3.2878284689     0.3429274345    -0.0350841197     0.1839614172     0.2880010064    -0.1790435636     0.8522137332
1    -0.8740000000     7.4990000000     4.7300000000     0.1733126235     0.0181053179    -0.3186734926     0.1021604808    -0.5939085464    -0.0361405156     0.0087788778     0.0350886746    -0.2130892915    -0.5207498436     0.0974381294     0.0675682886    -0.0162291954     0.6460729408    -0.1739742761     0.1210663002
1    -0.6432790000     6.4725020000     6.1358020000     0.1411492066    -0.0567763570     0.0049932373    -0.3451242470    -0.6058072736    -0.0059523608     0.1181234266    -0.6348137475     0.0076513077     0.0237150568     0.1570581138     0.0370915188     0.1476902963     0.0955949083     0.0420647147     0.5508735724
1    -0.0040290000     6.0119420000     4.5599220000     0.1784023627    -0.2501377536     0.1490581730     0.1542265533    -0.2061144027    -0.2271016972    -0.2512791158    -0.4522103154     0.1416229788    -0.4172805085     0.4967677551    -0.1403800035    -0.2168057341     0.1305818339     0.0810503178     0.1856211438
1    -4.9750000000     6.4460000000     5.8350000000    -0.3202400257    -0.2095755733    -0.0319455505    -0.1641498908    -3.1238581969    -0.4204517446     0.5781540100    -2.8128572449     0.5065980997    -3.3716959925     0.6663874424    -0.4554232636    -0.0067889902     1.3404309255     0.3432628381     0.4696722224
1    -5.9940000000     7.4510000000     5.6620000000    -0.3323682171     0.1759287049    -0.1957736600     0.0126092641    -3.0488952509    -0.2970850857     0.0311409742    -2.9366121645    -0.0251298445    -3.2801292072     0.9312523966    -0.4072222471    -0.0428396836     1.1248969192    -0.0118723239     0.6011638465
1    -4.2790000000     6.5450000000     6.4940000000     0.2718268105    -0.1684091165    -0.0288332927    -0.1756056340    -0.2941029705     0.0213473244     0.1861675069    -0.4962012580     0.0627224279    -0.2897769136     0.2196897725     0.0312784090     0.1273829644     0.1148462040     0.0492034733     0.2550604114
1    -6.9220000000     6.9540000000     5.7820000000     0.1670634595     0.2967327030     0.1444706423    -0.0343933129    -0.1140450365     0.2441998461    -0.0549853808    -0.4336307075    -0.0298633034    -0.5610147304     0.5496780671     0.1178705848    -0.0755750220     0.1205724215    -0.0304515597     0.0790648173
1    -5.9348690000     7.8987070000     4.6919680000     0.1649651456    -0.0134228076    -0.1362916134     0.2877160481    -0.5654962794     0.0073925194    -0.0332900480    -0.4925130691    -0.2260825169    -0.0849906482     0.0876841898    -0.0278281637     0.0178206348     0.2462254035    -0.2492616715     0.4343018772
1    -5.9044710000     8.2081170000     6.4127720000     0.1523785436    -0.0387388278    -0.2334338514    -0.2387864974    -0.6179329541     0.0488929221     0.0380010697    -0.2823694679     0.3289664612    -0.2853133853     0.0806852397    -0.0205456689    -0.0098751093     0.4383635800     0.2959684042     0.3248739945


---------------
Atomic domain 1
---------------
Domain center:           -2.68200     4.97900     5.61700
Nuclear charge:           7.00000
Electronic charge:       -7.33852
Total charge:            -0.33852
Electronic dipole        -0.10159     0.04393    -0.23237
Electronic dipole norm     0.25738
Electronic quadrupole    -2.95697     0.65842     0.28172    -3.51009    -0.45795    -2.89565
Isotropic polarizablity (w=0)     0.85989
Electronic polarizability (w=0)     1.10455     0.58572     0.89103    -0.22074    -0.35789     0.58409

---------------
Atomic domain 2
---------------
Domain center:           -3.93700     4.31900     5.27500
Nuclear charge:           6.00000
Electronic charge:       -6.03937
Total charge:            -0.03937
Electronic dipole         0.04867     0.06419     0.18849
Electronic dipole norm     0.20498
Electronic quadrupole    -2.50081     0.19241     0.12132    -2.65814    -0.20088    -2.81244
Isotropic polarizablity (w=0)     1.22820
Electronic polarizability (w=0)     1.39774    -0.05089     1.59628     0.00103    -0.40984     0.69058

---------------
Atomic domain 3
---------------
Domain center:           -5.05300     5.33300     5.10800
Nuclear charge:           6.00000
Electronic charge:       -5.62258
Total charge:             0.37742
Electronic dipole        -0.08352     0.06992    -0.06574
Electronic dipole norm     0.12723
Electronic quadrupole    -2.28244    -0.15372     0.74243    -2.45930     0.58013    -2.71723
Isotropic polarizablity (w=0)     1.14844
Electronic polarizability (w=0)     1.17789    -0.40400     1.49585     0.15678     0.23365     0.77159

---------------
Atomic domain 4
---------------
Domain center:           -5.98700     5.10700     4.33700
Nuclear charge:           8.00000
Electronic charge:       -8.48100
Total charge:            -0.48100
Electronic dipole         0.40644     0.11406     0.32894
Electronic dipole norm     0.53517
Electronic quadrupole    -3.51324     0.21686     0.35675    -4.03679     0.03582    -3.59813
Isotropic polarizablity (w=0)     0.53116
Electronic polarizability (w=0)     0.73653     0.09304     0.30974     0.39141     0.10259     0.54721

---------------
Atomic domain 5
---------------
Domain center:           -4.27900     3.29600     6.35300
Nuclear charge:           6.00000
Electronic charge:       -6.29118
Total charge:            -0.29118
Electronic dipole         0.20264     0.00668    -0.14987
Electronic dipole norm     0.25213
Electronic quadrupole    -3.04097    -0.06475     0.01714    -2.79186    -0.27169    -3.00609
Isotropic polarizablity (w=0)     1.13544
Electronic polarizability (w=0)     0.95847    -0.37372     1.65574     0.01306    -0.53482     0.79210

---------------
Atomic domain 6
---------------
Domain center:           -3.23400     2.23000     6.49600
Nuclear charge:           6.00000
Electronic charge:       -5.97247
Total charge:             0.02753
Electronic dipole         0.07973    -0.09762    -0.03135
Electronic dipole norm     0.12988
Electronic quadrupole    -2.93013    -0.92226     0.60050    -2.86194     0.38604    -2.81293
Isotropic polarizablity (w=0)     1.22575
Electronic polarizability (w=0)     1.16927    -0.75029     1.61397     0.25579    -0.08142     0.89401

---------------
Atomic domain 7
---------------
Domain center:           -2.32000     1.98800     7.47200
Nuclear charge:           6.00000
Electronic charge:       -6.12702
Total charge:            -0.12702
Electronic dipole        -0.01109    -0.22986    -0.28269
Electronic dipole norm     0.36452
Electronic quadrupole    -3.27786    -0.78050     0.58307    -3.21503     0.46758    -2.96063
Isotropic polarizablity (w=0)     1.03857
Electronic polarizability (w=0)     0.97698    -0.32187     1.04578     0.27572    -0.04785     1.09294

---------------
Atomic domain 8
---------------
Domain center:           -2.01000     0.49100     5.92000
Nuclear charge:           6.00000
Electronic charge:       -5.98244
Total charge:             0.01756
Electronic dipole        -0.13001     0.28832     0.20613
Electronic dipole norm     0.37752
Electronic quadrupole    -3.16621    -0.60269     0.62013    -3.20940     0.40947    -2.69627
Isotropic polarizablity (w=0)     1.01525
Electronic polarizability (w=0)     0.90794    -0.29806     1.19535     0.06493     0.15086     0.94246

---------------
Atomic domain 9
---------------
Domain center:           -3.01200     1.27500     5.52900
Nuclear charge:           7.00000
Electronic charge:       -7.22265
Total charge:            -0.22265
Electronic dipole         0.17068     0.01931     0.27337
Electronic dipole norm     0.32286
Electronic quadrupole    -3.04099    -0.60751     0.43037    -2.94789     0.41771    -2.71111
Isotropic polarizablity (w=0)     0.78153
Electronic polarizability (w=0)     0.67247    -0.44486     1.03437     0.10678     0.21337     0.63775

----------------
Atomic domain 10
----------------
Domain center:           -1.57700     0.89200     7.09700
Nuclear charge:           7.00000
Electronic charge:       -7.31359
Total charge:            -0.31359
Electronic dipole        -0.61691     0.33272    -0.45084
Electronic dipole norm     0.83338
Electronic quadrupole    -3.79194    -0.20543     0.00850    -3.31685     0.58983    -3.17198
Isotropic polarizablity (w=0)     0.82884
Electronic polarizability (w=0)     0.68429    -0.30310     0.91306     0.16142     0.22099     0.88917

----------------
Atomic domain 11
----------------
Domain center:           -2.23600     4.86300     6.47100
Nuclear charge:           1.00000
Electronic charge:       -0.72753
Total charge:             0.27247
Electronic dipole        -0.09978     0.02448    -0.21335
Electronic dipole norm     0.23680
Electronic quadrupole    -0.44066    -0.01738     0.17559    -0.45445    -0.05642    -0.17629
Isotropic polarizablity (w=0)     0.21101
Electronic polarizability (w=0)     0.17054     0.00585     0.15738     0.10955    -0.04629     0.30511

----------------
Atomic domain 12
----------------
Domain center:           -3.85400     3.78400     4.32800
Nuclear charge:           1.00000
Electronic charge:       -0.84007
Total charge:             0.15993
Electronic dipole        -0.02643     0.15494     0.26984
Electronic dipole norm     0.31228
Electronic quadrupole    -0.58016    -0.02743    -0.03469    -0.46151     0.23936    -0.16529
Isotropic polarizablity (w=0)     0.27119
Electronic polarizability (w=0)     0.10847    -0.02171     0.28155    -0.02134     0.21639     0.42355

----------------
Atomic domain 13
----------------
Domain center:           -4.20500     3.81100     7.25300
Nuclear charge:           1.00000
Electronic charge:       -0.84278
Total charge:             0.15722
Electronic dipole        -0.00329    -0.16914    -0.30280
Electronic dipole norm     0.34685
Electronic quadrupole    -0.59978     0.02507     0.02864    -0.44764     0.25979    -0.12788
Isotropic polarizablity (w=0)     0.24620
Electronic polarizability (w=0)     0.09581    -0.03781     0.21377    -0.04608     0.14191     0.42903

----------------
Atomic domain 14
----------------
Domain center:           -5.21300     2.82300     6.14800
Nuclear charge:           1.00000
Electronic charge:       -0.82908
Total charge:             0.17092
Electronic dipole         0.27865     0.12815     0.05699
Electronic dipole norm     0.31196
Electronic quadrupole    -0.15306     0.23193     0.10487    -0.46359     0.04381    -0.56575
Isotropic polarizablity (w=0)     0.27949
Electronic polarizability (w=0)     0.53466     0.18249     0.22255     0.04268    -0.00964     0.08127

----------------
Atomic domain 15
----------------
Domain center:           -3.50100     1.18100     4.68600
Nuclear charge:           1.00000
Electronic charge:       -0.71007
Total charge:             0.28993
Electronic dipole         0.11265     0.01744     0.18726
Electronic dipole norm     0.21923
Electronic quadrupole    -0.40950     0.03838     0.18061    -0.51756     0.03054    -0.19816
Isotropic polarizablity (w=0)     0.21037
Electronic polarizability (w=0)     0.16633     0.03419     0.10639     0.16376     0.04799     0.35838

----------------
Atomic domain 16
----------------
Domain center:           -2.21100     2.56100     8.37300
Nuclear charge:           1.00000
Electronic charge:       -0.84978
Total charge:             0.15022
Electronic dipole        -0.02326    -0.15225    -0.22298
Electronic dipole norm     0.27100
Electronic quadrupole    -0.62734     0.01358     0.03290    -0.47999     0.23897    -0.28127
Isotropic polarizablity (w=0)     0.28548
Electronic polarizability (w=0)     0.11610     0.03342     0.21989     0.06958     0.19893     0.52046

----------------
Atomic domain 17
----------------
Domain center:           -1.68000    -0.32700     5.28900
Nuclear charge:           1.00000
Electronic charge:       -0.84024
Total charge:             0.15976
Electronic dipole        -0.07217     0.18773     0.14840
Electronic dipole norm     0.24995
Electronic quadrupole    -0.57138    -0.11638    -0.07467    -0.33290     0.23113    -0.42349
Isotropic polarizablity (w=0)     0.31571
Electronic polarizability (w=0)     0.16922    -0.16754     0.51173    -0.11177     0.26348     0.26616

----------------
Atomic domain 18
----------------
Domain center:           -2.11300     5.79100     4.72400
Nuclear charge:           6.00000
Electronic charge:       -5.60942
Total charge:             0.39058
Electronic dipole        -0.06899    -0.02173    -0.07225
Electronic dipole norm     0.10223
Electronic quadrupole    -2.42535     0.54614     0.39032    -2.95484    -0.51943    -1.95130
Isotropic polarizablity (w=0)     1.08264
Electronic polarizability (w=0)     1.25212     0.49376     1.00242    -0.11695    -0.31757     0.99339

----------------
Atomic domain 19
----------------
Domain center:           -0.81700     6.47400     5.08000
Nuclear charge:           6.00000
Electronic charge:       -6.48182
Total charge:            -0.48182
Electronic dipole        -0.13291    -0.05173    -0.08818
Electronic dipole norm     0.16768
Electronic quadrupole    -3.23032     0.12074     0.10817    -3.43569     0.01717    -3.30772
Isotropic polarizablity (w=0)     0.92943
Electronic polarizability (w=0)     1.24775     0.34823     0.87221     0.07099     0.03378     0.66833

----------------
Atomic domain 20
----------------
Domain center:           -2.61400     5.98500     3.62500
Nuclear charge:           8.00000
Electronic charge:       -8.47489
Total charge:            -0.47489
Electronic dipole         0.22171    -0.08526     0.47975
Electronic dipole norm     0.53534
Electronic quadrupole    -3.90344    -0.17991     0.29816    -3.92916    -0.06689    -3.28783
Isotropic polarizablity (w=0)     0.49438
Electronic polarizability (w=0)     0.34293    -0.03508     0.28800     0.18396    -0.17904     0.85221

----------------
Atomic domain 21
----------------
Domain center:           -0.87400     7.49900     4.73000
Nuclear charge:           1.00000
Electronic charge:       -0.82669
Total charge:             0.17331
Electronic dipole         0.01811    -0.31867     0.10216
Electronic dipole norm     0.33514
Electronic quadrupole    -0.59391    -0.03614     0.00878     0.03509    -0.21309    -0.52075
Isotropic polarizablity (w=0)     0.28819
Electronic polarizability (w=0)     0.09744     0.06757     0.64607    -0.01623    -0.17397     0.12107

----------------
Atomic domain 22
----------------
Domain center:           -0.64328     6.47250     6.13580
Nuclear charge:           1.00000
Electronic charge:       -0.85885
Total charge:             0.14115
Electronic dipole        -0.05678     0.00499    -0.34512
Electronic dipole norm     0.34980
Electronic quadrupole    -0.60581    -0.00595     0.11812    -0.63481     0.00765     0.02372
Isotropic polarizablity (w=0)     0.26784
Electronic polarizability (w=0)     0.15706     0.03709     0.09559     0.14769     0.04206     0.55087

----------------
Atomic domain 23
----------------
Domain center:           -0.00403     6.01194     4.55992
Nuclear charge:           1.00000
Electronic charge:       -0.82160
Total charge:             0.17840
Electronic dipole        -0.25014     0.14906     0.15423
Electronic dipole norm     0.32950
Electronic quadrupole    -0.20611    -0.22710    -0.25128    -0.45221     0.14162    -0.41728
Isotropic polarizablity (w=0)     0.27099
Electronic polarizability (w=0)     0.49677    -0.14038     0.13058    -0.21681     0.08105     0.18562

----------------
Atomic domain 24
----------------
Domain center:           -4.97500     6.44600     5.83500
Nuclear charge:           7.00000
Electronic charge:       -7.32024
Total charge:            -0.32024
Electronic dipole        -0.20958    -0.03195    -0.16415
Electronic dipole norm     0.26812
Electronic quadrupole    -3.12386    -0.42045     0.57815    -2.81286     0.50660    -3.37170
Isotropic polarizablity (w=0)     0.82550
Electronic polarizability (w=0)     0.66639    -0.45542     1.34043    -0.00679     0.34326     0.46967

----------------
Atomic domain 25
----------------
Domain center:           -5.99400     7.45100     5.66200
Nuclear charge:           6.00000
Electronic charge:       -6.33237
Total charge:            -0.33237
Electronic dipole         0.17593    -0.19577     0.01261
Electronic dipole norm     0.26351
Electronic quadrupole    -3.04890    -0.29709     0.03114    -2.93661    -0.02513    -3.28013
Isotropic polarizablity (w=0)     0.88577
Electronic polarizability (w=0)     0.93125    -0.40722     1.12490    -0.04284    -0.01187     0.60116

----------------
Atomic domain 26
----------------
Domain center:           -4.27900     6.54500     6.49400
Nuclear charge:           1.00000
Electronic charge:       -0.72817
Total charge:             0.27183
Electronic dipole        -0.16841    -0.02883    -0.17561
Electronic dipole norm     0.24501
Electronic quadrupole    -0.29410     0.02135     0.18617    -0.49620     0.06272    -0.28978
Isotropic polarizablity (w=0)     0.19653
Electronic polarizability (w=0)     0.21969     0.03128     0.11485     0.12738     0.04920     0.25506

----------------
Atomic domain 27
----------------
Domain center:           -6.92200     6.95400     5.78200
Nuclear charge:           1.00000
Electronic charge:       -0.83294
Total charge:             0.16706
Electronic dipole         0.29673     0.14447    -0.03439
Electronic dipole norm     0.33182
Electronic quadrupole    -0.11405     0.24420    -0.05499    -0.43363    -0.02986    -0.56101
Isotropic polarizablity (w=0)     0.24977
Electronic polarizability (w=0)     0.54968     0.11787     0.12057    -0.07558    -0.03045     0.07906

----------------
Atomic domain 28
----------------
Domain center:           -5.93487     7.89871     4.69197
Nuclear charge:           1.00000
Electronic charge:       -0.83503
Total charge:             0.16497
Electronic dipole        -0.01342    -0.13629     0.28772
Electronic dipole norm     0.31865
Electronic quadrupole    -0.56550     0.00739    -0.03329    -0.49251    -0.22608    -0.08499
Isotropic polarizablity (w=0)     0.25607
Electronic polarizability (w=0)     0.08768    -0.02783     0.24623     0.01782    -0.24926     0.43430

----------------
Atomic domain 29
----------------
Domain center:           -5.90447     8.20812     6.41277
Nuclear charge:           1.00000
Electronic charge:       -0.84762
Total charge:             0.15238
Electronic dipole        -0.03874    -0.23343    -0.23879
Electronic dipole norm     0.33617
Electronic quadrupole    -0.61793     0.04889     0.03800    -0.28237     0.32897    -0.28531
Isotropic polarizablity (w=0)     0.28131
Electronic polarizability (w=0)     0.08069    -0.02055     0.43836    -0.00988     0.29597     0.32487

---------
Molecular
---------
Domain center:           -3.39762     4.25360     5.59050
Nuclear charge:         112.00000
Electronic charge:     -112.00000
Total charge:             0.00000
Electronic dipole        -0.09509    -0.00216    -0.37461
Gauge   dipole            0.33542     0.41904     1.46456
Total   dipole            0.24033     0.41688     1.08995
Electronic quadrupole -1130.74937   547.40677  -108.92817 -2068.38254   490.03189  -488.06055
Nuclear    quadrupole  1060.24218  -542.09418   102.47145  2008.41718  -474.62536   416.87511
Total      quadrupole   -70.50718     5.31259    -6.45671   -59.96536    15.40653   -71.18545
Polarizability av (0)       17.64095
Polarizability (0)          17.27671    -2.22983    19.88465     1.47536     0.18555    15.76150
Time used in Loprop              :      7.40 (cpu)       5.18 (wall)
