AA
12 2 2 1
1   -16.1990000000     7.5570000000     9.0870000000    -0.3212504360     0.0688772045    -0.2105218450    -0.1013290883    -3.2728018559    -0.3998732641     0.7288344483    -2.8788419217     0.3325278534    -3.1878710326     0.9428964576    -0.1776462858     0.6170062269     0.5575685368    -0.0121702796     0.9264438929
1   -16.9070000000     6.9960000000     7.9630000000    -0.3407361417     0.1395424383     0.0775126152     0.2000891071    -3.1498950826     0.1087671950     0.2372527813    -3.2682453440     0.2160760227    -2.9182849240     0.8918702609     0.1095400773     0.3036167081     0.6310422689     0.0967746139     1.1019316778
1   -16.3790000000     8.4610000000     9.3970000000     0.2761525755     0.0490945710    -0.2223016225    -0.0671943007    -0.4992784840    -0.0849603597    -0.0417375864    -0.1221705822     0.1191452406    -0.4806633502     0.1086797313    -0.0829604037    -0.0139145819     0.4113284076     0.0783315459     0.1149089831
1   -16.8100000000     5.9440000000     7.8850000000     0.1825085222    -0.0288981932     0.3247988721     0.0136239188    -0.5314783736    -0.0597897705     0.0258689352     0.0427448174     0.0532751307    -0.5402783224     0.0684724320     0.0303914685     0.0076454367     0.5225341405     0.0940371244     0.0967358338
1   -16.5441780000     7.3741720000     7.0301300000     0.1503433968    -0.1092415317    -0.1255478902     0.2896199454    -0.5185462026     0.0884332089    -0.1788672524    -0.5209312493    -0.1914764306    -0.1361041872     0.1193236358     0.0543574903    -0.1162125450     0.1410575677    -0.1779485783     0.5912650360
1   -17.9494990000     7.2243100000     8.0402740000     0.1522448369     0.3268551859    -0.0785633384    -0.0252686986     0.0099824839    -0.1456050485    -0.0436127870    -0.5821330917     0.0056195121    -0.5896882187     0.6629216933    -0.1041106840     0.0190190492     0.0946128694    -0.0002956008     0.0952479808
1   -15.2270000000     6.8760000000     9.6920000000     0.3854016765    -0.0361154467    -0.0776993181    -0.0483924460    -2.7702323170    -0.5603987036     0.5652977811    -1.9463599565     0.4493842348    -2.6919046421     1.0950842752    -0.1981651617     0.4445901417     1.0535494839     0.0896663658     1.1570917708
1   -14.5690000000     7.5640000000    10.8870000000    -0.4778358467    -0.0513654061    -0.1032489430    -0.1196122739    -3.3400901468     0.0168931520     0.1063885012    -3.3156776849     0.0988529160    -3.3308102100     0.8906876868     0.1361826497     0.2689055151     0.8040281730     0.2330489164     1.1471681758
1   -14.8950000000     5.7290000000     9.3490000000    -0.4884540415    -0.1466643442     0.4948334531     0.1441454531    -3.9399443016    -0.1843459291    -0.1835094924    -3.2676045352     0.1753375108    -3.9699280777     0.3384152734    -0.2468671923    -0.0474754256     0.9375747738     0.1648217524     0.2938366528
1   -14.1122440000     6.8250860000    11.5117240000     0.1742201176    -0.1400822288     0.2247265267    -0.1982457549    -0.4666448999    -0.1938330977     0.1678432065    -0.2766166928    -0.2732117725    -0.3577488136     0.2096540111    -0.1591583910     0.1945116269     0.2859762896    -0.2248013113     0.3474630212
1   -13.8389070000     8.2849850000    10.5836120000     0.1645977959    -0.2247759826    -0.2263715635     0.0991452189    -0.2916252057     0.3021464292    -0.1395962347    -0.2998520441    -0.1327220963    -0.5471445667     0.3830506088     0.2879441876    -0.0642108352     0.3439693991    -0.0575641892     0.1096469878
1   -15.3760000000     8.0750000000    11.4050000000     0.1428075446     0.2517747410    -0.1696835090    -0.1751852133    -0.2465247749    -0.2357974946    -0.2537060191    -0.4673159345     0.1669205375    -0.4636070502     0.3295853836    -0.1754533574    -0.2098719772     0.2246792337     0.1795616212     0.3097622211


---------------
Atomic domain 1
---------------
Domain center:          -16.19900     7.55700     9.08700
Nuclear charge:           7.00000
Electronic charge:       -7.32125
Total charge:            -0.32125
Electronic dipole         0.06888    -0.21052    -0.10133
Electronic dipole norm     0.24358
Electronic quadrupole    -3.27280    -0.39987     0.72883    -2.87884     0.33253    -3.18787
Isotropic polarizablity (w=0)     0.80897
Electronic polarizability (w=0)     0.94290    -0.17765     0.55757     0.61701    -0.01217     0.92644

---------------
Atomic domain 2
---------------
Domain center:          -16.90700     6.99600     7.96300
Nuclear charge:           6.00000
Electronic charge:       -6.34074
Total charge:            -0.34074
Electronic dipole         0.13954     0.07751     0.20009
Electronic dipole norm     0.25596
Electronic quadrupole    -3.14990     0.10877     0.23725    -3.26825     0.21608    -2.91828
Isotropic polarizablity (w=0)     0.87495
Electronic polarizability (w=0)     0.89187     0.10954     0.63104     0.30362     0.09677     1.10193

---------------
Atomic domain 3
---------------
Domain center:          -16.37900     8.46100     9.39700
Nuclear charge:           1.00000
Electronic charge:       -0.72385
Total charge:             0.27615
Electronic dipole         0.04909    -0.22230    -0.06719
Electronic dipole norm     0.23737
Electronic quadrupole    -0.49928    -0.08496    -0.04174    -0.12217     0.11915    -0.48066
Isotropic polarizablity (w=0)     0.21164
Electronic polarizability (w=0)     0.10868    -0.08296     0.41133    -0.01391     0.07833     0.11491

---------------
Atomic domain 4
---------------
Domain center:          -16.81000     5.94400     7.88500
Nuclear charge:           1.00000
Electronic charge:       -0.81749
Total charge:             0.18251
Electronic dipole        -0.02890     0.32480     0.01362
Electronic dipole norm     0.32637
Electronic quadrupole    -0.53148    -0.05979     0.02587     0.04274     0.05328    -0.54028
Isotropic polarizablity (w=0)     0.22925
Electronic polarizability (w=0)     0.06847     0.03039     0.52253     0.00765     0.09404     0.09674

---------------
Atomic domain 5
---------------
Domain center:          -16.54418     7.37417     7.03013
Nuclear charge:           1.00000
Electronic charge:       -0.84966
Total charge:             0.15034
Electronic dipole        -0.10924    -0.12555     0.28962
Electronic dipole norm     0.33403
Electronic quadrupole    -0.51855     0.08843    -0.17887    -0.52093    -0.19148    -0.13610
Isotropic polarizablity (w=0)     0.28388
Electronic polarizability (w=0)     0.11932     0.05436     0.14106    -0.11621    -0.17795     0.59127

---------------
Atomic domain 6
---------------
Domain center:          -17.94950     7.22431     8.04027
Nuclear charge:           1.00000
Electronic charge:       -0.84776
Total charge:             0.15224
Electronic dipole         0.32686    -0.07856    -0.02527
Electronic dipole norm     0.33711
Electronic quadrupole     0.00998    -0.14561    -0.04361    -0.58213     0.00562    -0.58969
Isotropic polarizablity (w=0)     0.28426
Electronic polarizability (w=0)     0.66292    -0.10411     0.09461     0.01902    -0.00030     0.09525

---------------
Atomic domain 7
---------------
Domain center:          -15.22700     6.87600     9.69200
Nuclear charge:           6.00000
Electronic charge:       -5.61460
Total charge:             0.38540
Electronic dipole        -0.03612    -0.07770    -0.04839
Electronic dipole norm     0.09840
Electronic quadrupole    -2.77023    -0.56040     0.56530    -1.94636     0.44938    -2.69190
Isotropic polarizablity (w=0)     1.10191
Electronic polarizability (w=0)     1.09508    -0.19817     1.05355     0.44459     0.08967     1.15709

---------------
Atomic domain 8
---------------
Domain center:          -14.56900     7.56400    10.88700
Nuclear charge:           6.00000
Electronic charge:       -6.47784
Total charge:            -0.47784
Electronic dipole        -0.05137    -0.10325    -0.11961
Electronic dipole norm     0.16615
Electronic quadrupole    -3.34009     0.01689     0.10639    -3.31568     0.09885    -3.33081
Isotropic polarizablity (w=0)     0.94729
Electronic polarizability (w=0)     0.89069     0.13618     0.80403     0.26891     0.23305     1.14717

---------------
Atomic domain 9
---------------
Domain center:          -14.89500     5.72900     9.34900
Nuclear charge:           8.00000
Electronic charge:       -8.48845
Total charge:            -0.48845
Electronic dipole        -0.14666     0.49483     0.14415
Electronic dipole norm     0.53586
Electronic quadrupole    -3.93994    -0.18435    -0.18351    -3.26760     0.17534    -3.96993
Isotropic polarizablity (w=0)     0.52328
Electronic polarizability (w=0)     0.33842    -0.24687     0.93757    -0.04748     0.16482     0.29384

----------------
Atomic domain 10
----------------
Domain center:          -14.11224     6.82509    11.51172
Nuclear charge:           1.00000
Electronic charge:       -0.82578
Total charge:             0.17422
Electronic dipole        -0.14008     0.22473    -0.19825
Electronic dipole norm     0.33080
Electronic quadrupole    -0.46664    -0.19383     0.16784    -0.27662    -0.27321    -0.35775
Isotropic polarizablity (w=0)     0.28103
Electronic polarizability (w=0)     0.20965    -0.15916     0.28598     0.19451    -0.22480     0.34746

----------------
Atomic domain 11
----------------
Domain center:          -13.83891     8.28499    10.58361
Nuclear charge:           1.00000
Electronic charge:       -0.83540
Total charge:             0.16460
Electronic dipole        -0.22478    -0.22637     0.09915
Electronic dipole norm     0.33406
Electronic quadrupole    -0.29163     0.30215    -0.13960    -0.29985    -0.13272    -0.54714
Isotropic polarizablity (w=0)     0.27889
Electronic polarizability (w=0)     0.38305     0.28794     0.34397    -0.06421    -0.05756     0.10965

----------------
Atomic domain 12
----------------
Domain center:          -15.37600     8.07500    11.40500
Nuclear charge:           1.00000
Electronic charge:       -0.85719
Total charge:             0.14281
Electronic dipole         0.25177    -0.16968    -0.17519
Electronic dipole norm     0.35053
Electronic quadrupole    -0.24652    -0.23580    -0.25371    -0.46732     0.16692    -0.46361
Isotropic polarizablity (w=0)     0.28801
Electronic polarizability (w=0)     0.32959    -0.17545     0.22468    -0.20987     0.17956     0.30976

---------
Molecular
---------
Domain center:          -15.59452     6.98839     9.38764
Nuclear charge:          40.00000
Electronic charge:      -40.00000
Total charge:             0.00000
Electronic dipole         0.09900    -0.09207     0.01140
Gauge   dipole           -0.77485     1.43930     0.04822
Total   dipole           -0.67585     1.34724     0.05961
Electronic quadrupole  -156.77997    18.07279  -123.73861  -107.18573   -27.75221  -187.14895
Nuclear    quadrupole   134.97283   -16.98308   125.31420    83.44932    28.04120   166.08883
Total      quadrupole   -21.80714     1.08971     1.57559   -23.73641     0.28899   -21.06013
Polarizability av (0)        6.11335
Polarizability (0)           6.04064    -0.52595     6.00792     1.40361     0.46346     6.29150
Time used in Loprop              :      0.92 (cpu)       0.80 (wall)
