AA
10 2 2 1
1   -12.2360000000     7.8970000000     9.3820000000     0.0194169227    -0.1302352103     0.7310306346     0.5004882379    -7.1818015695     0.8697570317    -1.0845176716    -8.3175659905     0.8075792672    -9.3090156436     3.1615379439     0.7262553386    -0.3744478248     1.8871671440     0.3784525408     1.4207381066
1   -13.5270000000     8.5930000000    10.4540000000    -0.5222002799     0.0819920730    -0.0363488923    -0.0599021067    -3.0744695357    -0.2572918233    -0.3992882461    -3.3408278266     0.1709737624    -3.1361680257     1.5696395395    -0.2866638357    -0.5822552881     0.7406604057     0.1589510124     1.0157888975
1   -14.0060000000     9.4430000000     9.9730000000     0.1594393450     0.1390526774    -0.2422774903     0.1358870581    -0.5195552944    -0.1851193528     0.1242719732    -0.2444698424    -0.2320420817    -0.4549475623     0.2956488207    -0.2756876179     0.1076912451     0.3985823012    -0.1468064081     0.1476056031
1   -13.0990000000     8.9020000000    11.3540000000     0.1734488969    -0.1453767441    -0.1088673947    -0.2853052509    -0.4591430010     0.0861629796     0.2416606203    -0.5256596067     0.1448690099    -0.1465433788     0.1081666629     0.0099742975     0.0622265550     0.1087228097     0.1490349864     0.5074657689
1   -14.2570930000     7.8720150000    10.7573880000     0.1703966073     0.2285874691     0.2298327235    -0.0734954819    -0.2512822323     0.3150398049    -0.1289104373    -0.2834414182    -0.1289621955    -0.5504413208     0.4908038651     0.2907546733    -0.1678072665     0.2923369648    -0.1155544101     0.1313406258
1   -10.7570000000     9.2980000000     9.5230000000     0.0234468008     0.1089842037    -0.7794544560     0.4222683145    -7.3105965184     0.7919073853     1.3512550189    -8.1664650833    -0.5822101721    -9.2860452713     3.1567203112     0.6928777237     0.5893579932     1.9406717036    -0.2447434091     1.3981391724
1    -9.5100000000     8.5150000000    10.5770000000    -0.5137678329    -0.0662060358     0.0407128273    -0.0722674399    -3.1394437001    -0.2389422987     0.3760000498    -3.2727386192    -0.2832517244    -3.1562531769     1.5172243086    -0.3263107747     0.5771218853     0.8031532084    -0.2240178133     1.0520436996
1    -9.7795530000     8.4045390000    11.6065820000     0.1591360244     0.0895764628     0.0279966787    -0.3082640849    -0.5480139109     0.0122300015    -0.1723114878    -0.5939116838    -0.0434692897    -0.0632900417     0.0848820891    -0.0118993299    -0.0151653636     0.0761006008    -0.0690651500     0.6296860635
1    -8.6020000000     9.0990000000    10.5360000000     0.1681611825    -0.2730834805    -0.1837537127     0.0158750574    -0.1022154906     0.3245073917    -0.0123070787    -0.3976445837    -0.0070456876    -0.5881299902     0.6532286240     0.2717305994     0.0372342577     0.2068830630     0.0074397686     0.0798600634
1    -9.3020000000     7.5170000000    10.2120000000     0.1625223332    -0.0594394153     0.2952478860     0.1109437456    -0.6073385130    -0.0789357249    -0.0445430965    -0.0812411306     0.2193007877    -0.5083854240     0.1724009944    -0.2164588764    -0.0363605235     0.5263818360     0.1145186349     0.1108350108


---------------
Atomic domain 1
---------------
Domain center:          -12.23600     7.89700     9.38200
Nuclear charge:          16.00000
Electronic charge:      -15.98058
Total charge:             0.01942
Electronic dipole        -0.13024     0.73103     0.50049
Electronic dipole norm     0.89546
Electronic quadrupole    -7.18180     0.86976    -1.08452    -8.31757     0.80758    -9.30902
Isotropic polarizablity (w=0)     2.15648
Electronic polarizability (w=0)     3.16154     0.72626     1.88717    -0.37445     0.37845     1.42074

---------------
Atomic domain 2
---------------
Domain center:          -13.52700     8.59300    10.45400
Nuclear charge:           6.00000
Electronic charge:       -6.52220
Total charge:            -0.52220
Electronic dipole         0.08199    -0.03635    -0.05990
Electronic dipole norm     0.10785
Electronic quadrupole    -3.07447    -0.25729    -0.39929    -3.34083     0.17097    -3.13617
Isotropic polarizablity (w=0)     1.10870
Electronic polarizability (w=0)     1.56964    -0.28666     0.74066    -0.58226     0.15895     1.01579

---------------
Atomic domain 3
---------------
Domain center:          -14.00600     9.44300     9.97300
Nuclear charge:           1.00000
Electronic charge:       -0.84056
Total charge:             0.15944
Electronic dipole         0.13905    -0.24228     0.13589
Electronic dipole norm     0.31064
Electronic quadrupole    -0.51956    -0.18512     0.12427    -0.24447    -0.23204    -0.45495
Isotropic polarizablity (w=0)     0.28061
Electronic polarizability (w=0)     0.29565    -0.27569     0.39858     0.10769    -0.14681     0.14761

---------------
Atomic domain 4
---------------
Domain center:          -13.09900     8.90200    11.35400
Nuclear charge:           1.00000
Electronic charge:       -0.82655
Total charge:             0.17345
Electronic dipole        -0.14538    -0.10887    -0.28531
Electronic dipole norm     0.33821
Electronic quadrupole    -0.45914     0.08616     0.24166    -0.52566     0.14487    -0.14654
Isotropic polarizablity (w=0)     0.24145
Electronic polarizability (w=0)     0.10817     0.00997     0.10872     0.06223     0.14903     0.50747

---------------
Atomic domain 5
---------------
Domain center:          -14.25709     7.87202    10.75739
Nuclear charge:           1.00000
Electronic charge:       -0.82960
Total charge:             0.17040
Electronic dipole         0.22859     0.22983    -0.07350
Electronic dipole norm     0.33238
Electronic quadrupole    -0.25128     0.31504    -0.12891    -0.28344    -0.12896    -0.55044
Isotropic polarizablity (w=0)     0.30483
Electronic polarizability (w=0)     0.49080     0.29075     0.29234    -0.16781    -0.11555     0.13134

---------------
Atomic domain 6
---------------
Domain center:          -10.75700     9.29800     9.52300
Nuclear charge:          16.00000
Electronic charge:      -15.97655
Total charge:             0.02345
Electronic dipole         0.10898    -0.77945     0.42227
Electronic dipole norm     0.89316
Electronic quadrupole    -7.31060     0.79191     1.35126    -8.16647    -0.58221    -9.28605
Isotropic polarizablity (w=0)     2.16518
Electronic polarizability (w=0)     3.15672     0.69288     1.94067     0.58936    -0.24474     1.39814

---------------
Atomic domain 7
---------------
Domain center:           -9.51000     8.51500    10.57700
Nuclear charge:           6.00000
Electronic charge:       -6.51377
Total charge:            -0.51377
Electronic dipole        -0.06621     0.04071    -0.07227
Electronic dipole norm     0.10613
Electronic quadrupole    -3.13944    -0.23894     0.37600    -3.27274    -0.28325    -3.15625
Isotropic polarizablity (w=0)     1.12414
Electronic polarizability (w=0)     1.51722    -0.32631     0.80315     0.57712    -0.22402     1.05204

---------------
Atomic domain 8
---------------
Domain center:           -9.77955     8.40454    11.60658
Nuclear charge:           1.00000
Electronic charge:       -0.84086
Total charge:             0.15914
Electronic dipole         0.08958     0.02800    -0.30826
Electronic dipole norm     0.32223
Electronic quadrupole    -0.54801     0.01223    -0.17231    -0.59391    -0.04347    -0.06329
Isotropic polarizablity (w=0)     0.26356
Electronic polarizability (w=0)     0.08488    -0.01190     0.07610    -0.01517    -0.06907     0.62969

---------------
Atomic domain 9
---------------
Domain center:           -8.60200     9.09900    10.53600
Nuclear charge:           1.00000
Electronic charge:       -0.83184
Total charge:             0.16816
Electronic dipole        -0.27308    -0.18375     0.01588
Electronic dipole norm     0.32953
Electronic quadrupole    -0.10222     0.32451    -0.01231    -0.39764    -0.00705    -0.58813
Isotropic polarizablity (w=0)     0.31332
Electronic polarizability (w=0)     0.65323     0.27173     0.20688     0.03723     0.00744     0.07986

----------------
Atomic domain 10
----------------
Domain center:           -9.30200     7.51700    10.21200
Nuclear charge:           1.00000
Electronic charge:       -0.83748
Total charge:             0.16252
Electronic dipole        -0.05944     0.29525     0.11094
Electronic dipole norm     0.32096
Electronic quadrupole    -0.60734    -0.07894    -0.04454    -0.08124     0.21930    -0.50839
Isotropic polarizablity (w=0)     0.26987
Electronic polarizability (w=0)     0.17240    -0.21646     0.52638    -0.03636     0.11452     0.11084

---------
Molecular
---------
Domain center:          -11.50311     8.58011     9.86210
Nuclear charge:          50.00000
Electronic charge:      -50.00000
Total charge:            -0.00000
Electronic dipole        -0.02615    -0.02588     0.38623
Gauge   dipole            0.02055    -0.01969     0.34610
Total   dipole           -0.00560    -0.04557     0.73233
Electronic quadrupole  -376.79802   -49.45580   -12.64183   -96.77541    -2.77873   -92.22078
Nuclear    quadrupole   351.89399    49.22550    12.68132    66.13035     2.61502    61.97839
Total      quadrupole   -24.90403    -0.23030     0.03949   -30.64506    -0.16372   -30.24239
Polarizability av (0)        8.22814
Polarizability (0)          11.21025     0.87457     6.98066     0.19760     0.00821     6.49350
Time used in Loprop              :      0.50 (cpu)       0.42 (wall)
