AA
12 2 2 1
1    -4.6830000000     8.3070000000     3.8240000000    -0.3235078780    -0.1867277463     0.0763071488    -0.1357248968    -2.5912208283     0.1023326740    -0.0782355401    -3.9440467901    -0.5722934534    -2.8131333405     1.0253445042     0.2088624518    -0.4431370937     0.4103178973    -0.3189242492     0.9886422309
1    -4.4320000000     8.8780000000     2.5100000000    -0.3317353922    -0.0605711947    -0.0987793505     0.2254406733    -3.2558898532     0.0566031163    -0.0895771449    -3.2492783368    -0.2376647414    -2.8142460367     0.6864716225     0.0910775043    -0.2105183053     0.7828958122    -0.2119142462     1.1543675571
1    -3.9210000000     8.1210000000     4.4100000000     0.2732110921    -0.1874109274     0.0431185623    -0.1398898892    -0.2308792776    -0.0706555351     0.2223036289    -0.4981785490    -0.0358300955    -0.3802830632     0.3444006401    -0.0428986003     0.1599086311     0.1022209861    -0.0335359799     0.1987319486
1    -4.9170000000     9.8300000000     2.4000000000     0.1601932848     0.1447850570    -0.2917345794     0.0324720205    -0.4639652949    -0.2514330985     0.0286061293    -0.1105895359    -0.0536574051    -0.5688442453     0.1296925399    -0.1710334334     0.0339086901     0.5411476232    -0.1063419069     0.1168356141
1    -4.8180940000     8.2458940000     1.7378130000     0.1614627651     0.1119069958     0.1934477067     0.2365938174    -0.5115489774     0.1332360186     0.1646089536    -0.3641843373     0.2511652744    -0.2677475089     0.1018534300     0.0753221182     0.1070638326     0.2372235006     0.2266004489     0.4445678687
1    -3.3772830000     9.0112420000     2.3886790000     0.1540031195    -0.3310544609    -0.0365662465     0.0322373690     0.0384911478     0.0802318857    -0.0746422454    -0.5989168494    -0.0024265275    -0.6121425081     0.6275760464     0.0910751089    -0.1189539284     0.0935973382    -0.0232208748     0.1131873681
1    -5.9100000000     8.0870000000     4.2840000000     0.3896176692    -0.0380464252     0.0275028105    -0.0798842565    -1.7384660834    -0.0599510067     0.2109343999    -3.3367001369    -0.5548728004    -2.3589899778     1.3005372449     0.0987412549    -0.1969267328     0.7056771548    -0.2876249858     1.2067364814
1    -5.9940000000     7.4510000000     5.6620000000    -0.4933016043    -0.0351405612     0.0631314223    -0.1446844386    -3.4132636093    -0.0163155756     0.0084383848    -3.3638153935    -0.1192043034    -3.2304482478     0.6914726696     0.0316107162    -0.0907260430     0.8344574760    -0.2623287118     1.2649708035
1    -6.9230000000     8.3460000000     3.6540000000    -0.4791183046     0.4511310110    -0.1151850303     0.2796927750    -3.4183573091    -0.1718810080     0.3918676130    -3.8438948379     0.0025532305    -3.8204806827     0.8569331650    -0.1242435170     0.3038129048     0.2726060051    -0.0756308270     0.4215458183
1    -5.2376860000     6.7050770000     5.7904030000     0.1481443200    -0.2569622877     0.2367171790    -0.0445198213    -0.2862698219    -0.3391351713     0.0632479342    -0.2899746079    -0.0552274905    -0.6025757920     0.3157635424    -0.2688679648     0.0810243094     0.3926651224    -0.1083560983     0.1393924852
1    -5.9044710000     8.2081170000     6.4127720000     0.1650201547    -0.0352918594    -0.2378468237    -0.2377169276    -0.5938608290     0.0379554419     0.0428340764    -0.2553351006     0.3384839761    -0.2779762835     0.0755726257     0.0169802588     0.0199174565     0.3069910760     0.2745727238     0.4520933066
1    -6.9220000000     6.9540000000     5.7820000000     0.1760107736     0.3011718832     0.1565503415    -0.0379007673    -0.0674690430     0.2772943593    -0.0680598150    -0.4348577986    -0.0334080227    -0.5792646842     0.4944184228     0.2483553775    -0.1168726476     0.2161224203    -0.0742982677     0.1246770090


---------------
Atomic domain 1
---------------
Domain center:           -4.68300     8.30700     3.82400
Nuclear charge:           7.00000
Electronic charge:       -7.32351
Total charge:            -0.32351
Electronic dipole        -0.18673     0.07631    -0.13572
Electronic dipole norm     0.24313
Electronic quadrupole    -2.59122     0.10233    -0.07824    -3.94405    -0.57229    -2.81313
Isotropic polarizablity (w=0)     0.80810
Electronic polarizability (w=0)     1.02534     0.20886     0.41032    -0.44314    -0.31892     0.98864

---------------
Atomic domain 2
---------------
Domain center:           -4.43200     8.87800     2.51000
Nuclear charge:           6.00000
Electronic charge:       -6.33174
Total charge:            -0.33174
Electronic dipole        -0.06057    -0.09878     0.22544
Electronic dipole norm     0.25348
Electronic quadrupole    -3.25589     0.05660    -0.08958    -3.24928    -0.23766    -2.81425
Isotropic polarizablity (w=0)     0.87458
Electronic polarizability (w=0)     0.68647     0.09108     0.78290    -0.21052    -0.21191     1.15437

---------------
Atomic domain 3
---------------
Domain center:           -3.92100     8.12100     4.41000
Nuclear charge:           1.00000
Electronic charge:       -0.72679
Total charge:             0.27321
Electronic dipole        -0.18741     0.04312    -0.13989
Electronic dipole norm     0.23781
Electronic quadrupole    -0.23088    -0.07066     0.22230    -0.49818    -0.03583    -0.38028
Isotropic polarizablity (w=0)     0.21512
Electronic polarizability (w=0)     0.34440    -0.04290     0.10222     0.15991    -0.03354     0.19873

---------------
Atomic domain 4
---------------
Domain center:           -4.91700     9.83000     2.40000
Nuclear charge:           1.00000
Electronic charge:       -0.83981
Total charge:             0.16019
Electronic dipole         0.14479    -0.29173     0.03247
Electronic dipole norm     0.32730
Electronic quadrupole    -0.46397    -0.25143     0.02861    -0.11059    -0.05366    -0.56884
Isotropic polarizablity (w=0)     0.26256
Electronic polarizability (w=0)     0.12969    -0.17103     0.54115     0.03391    -0.10634     0.11684

---------------
Atomic domain 5
---------------
Domain center:           -4.81809     8.24589     1.73781
Nuclear charge:           1.00000
Electronic charge:       -0.83854
Total charge:             0.16146
Electronic dipole         0.11191     0.19345     0.23659
Electronic dipole norm     0.32546
Electronic quadrupole    -0.51155     0.13324     0.16461    -0.36418     0.25117    -0.26775
Isotropic polarizablity (w=0)     0.26121
Electronic polarizability (w=0)     0.10185     0.07532     0.23722     0.10706     0.22660     0.44457

---------------
Atomic domain 6
---------------
Domain center:           -3.37728     9.01124     2.38868
Nuclear charge:           1.00000
Electronic charge:       -0.84600
Total charge:             0.15400
Electronic dipole        -0.33105    -0.03657     0.03224
Electronic dipole norm     0.33462
Electronic quadrupole     0.03849     0.08023    -0.07464    -0.59892    -0.00243    -0.61214
Isotropic polarizablity (w=0)     0.27812
Electronic polarizability (w=0)     0.62758     0.09108     0.09360    -0.11895    -0.02322     0.11319

---------------
Atomic domain 7
---------------
Domain center:           -5.91000     8.08700     4.28400
Nuclear charge:           6.00000
Electronic charge:       -5.61038
Total charge:             0.38962
Electronic dipole        -0.03805     0.02750    -0.07988
Electronic dipole norm     0.09266
Electronic quadrupole    -1.73847    -0.05995     0.21093    -3.33670    -0.55487    -2.35899
Isotropic polarizablity (w=0)     1.07098
Electronic polarizability (w=0)     1.30054     0.09874     0.70568    -0.19693    -0.28762     1.20674

---------------
Atomic domain 8
---------------
Domain center:           -5.99400     7.45100     5.66200
Nuclear charge:           6.00000
Electronic charge:       -6.49330
Total charge:            -0.49330
Electronic dipole        -0.03514     0.06313    -0.14468
Electronic dipole norm     0.16172
Electronic quadrupole    -3.41326    -0.01632     0.00844    -3.36382    -0.11920    -3.23045
Isotropic polarizablity (w=0)     0.93030
Electronic polarizability (w=0)     0.69147     0.03161     0.83446    -0.09073    -0.26233     1.26497

---------------
Atomic domain 9
---------------
Domain center:           -6.92300     8.34600     3.65400
Nuclear charge:           8.00000
Electronic charge:       -8.47912
Total charge:            -0.47912
Electronic dipole         0.45113    -0.11519     0.27969
Electronic dipole norm     0.54315
Electronic quadrupole    -3.41836    -0.17188     0.39187    -3.84389     0.00255    -3.82048
Isotropic polarizablity (w=0)     0.51703
Electronic polarizability (w=0)     0.85693    -0.12424     0.27261     0.30381    -0.07563     0.42155

----------------
Atomic domain 10
----------------
Domain center:           -5.23769     6.70508     5.79040
Nuclear charge:           1.00000
Electronic charge:       -0.85186
Total charge:             0.14814
Electronic dipole        -0.25696     0.23672    -0.04452
Electronic dipole norm     0.35220
Electronic quadrupole    -0.28627    -0.33914     0.06325    -0.28997    -0.05523    -0.60258
Isotropic polarizablity (w=0)     0.28261
Electronic polarizability (w=0)     0.31576    -0.26887     0.39267     0.08102    -0.10836     0.13939

----------------
Atomic domain 11
----------------
Domain center:           -5.90447     8.20812     6.41277
Nuclear charge:           1.00000
Electronic charge:       -0.83498
Total charge:             0.16502
Electronic dipole        -0.03529    -0.23785    -0.23772
Electronic dipole norm     0.33812
Electronic quadrupole    -0.59386     0.03796     0.04283    -0.25534     0.33848    -0.27798
Isotropic polarizablity (w=0)     0.27822
Electronic polarizability (w=0)     0.07557     0.01698     0.30699     0.01992     0.27457     0.45209

----------------
Atomic domain 12
----------------
Domain center:           -6.92200     6.95400     5.78200
Nuclear charge:           1.00000
Electronic charge:       -0.82399
Total charge:             0.17601
Electronic dipole         0.30117     0.15655    -0.03790
Electronic dipole norm     0.34154
Electronic quadrupole    -0.06747     0.27729    -0.06806    -0.43486    -0.03341    -0.57926
Isotropic polarizablity (w=0)     0.27841
Electronic polarizability (w=0)     0.49442     0.24836     0.21612    -0.11687    -0.07430     0.12468

---------
Molecular
---------
Domain center:           -5.53196     8.21221     3.99144
Nuclear charge:          40.00000
Electronic charge:      -40.00000
Total charge:             0.00000
Electronic dipole        -0.12221     0.01666    -0.01388
Gauge   dipole            1.56991    -0.13528     0.42921
Total   dipole            1.44770    -0.11861     0.41532
Electronic quadrupole  -167.05152   -34.03177    71.86356   -70.65865    82.00350  -214.23449
Nuclear    quadrupole   143.57856    34.86569   -73.34964    48.40996   -82.78927   193.53068
Total      quadrupole   -23.47296     0.83393    -1.48607   -22.24869    -0.78577   -20.70380
Polarizability av (0)        6.05724
Polarizability (0)           6.65004     0.25498     4.89592    -0.47150    -1.00100     6.62575
Time used in Loprop              :      0.75 (cpu)       0.63 (wall)
