AA
12 2 2 1
1    -4.7860000000     6.6740000000     1.5570000000    -0.3185995943    -0.1164986576     0.0863454180    -0.2031900602    -3.7039398060    -0.0682319014     0.7003468333    -2.5055462231     0.1200578367    -3.1250072463     0.3779458908     0.0637769418     0.1763845403     1.4779603078     0.2494618664     0.5690890287
1    -5.3240000000     5.6990000000     0.6080000000    -0.3341269118     0.0818070205     0.1798891363     0.1511063442    -3.2442751129     0.1509980141     0.1351075876    -2.9845735311     0.2517747077    -3.0944365546     0.7178231032     0.1764723422     0.0724382875     1.0704816965     0.3122140593     0.8234609431
1    -4.2260000000     6.3950000000     2.3190000000     0.2704684892    -0.1328949650     0.0759754074    -0.1802942250    -0.3695682735    -0.0856091444     0.1933645084    -0.4964506313    -0.1223108925    -0.2542007030     0.2092075258    -0.0800561051     0.1557211711     0.1500482944    -0.0991292816     0.2979424810
1    -4.9440000000     5.9270000000    -0.3580000000     0.1661799514    -0.1135700886    -0.0636450794     0.3010058142    -0.4959669925     0.0525359394    -0.1908295724    -0.5469229391    -0.1184960740    -0.0739669508     0.1375262856     0.0197126168    -0.1617936161     0.0782217744    -0.0167715680     0.5423710236
1    -6.3926930000     5.7468410000     0.5854860000     0.1630326805     0.3245152788    -0.0126790255     0.0088366928     0.0263413616    -0.0335754781     0.0148199003    -0.5877851025     0.0067280868    -0.5736162514     0.6090770590     0.0582719488     0.0352992455     0.0833184839     0.0159534016     0.0854451946
1    -5.0342910000     4.7044040000     0.8758570000     0.1550560742    -0.0973852453     0.3058977413    -0.0936146203    -0.5597770147    -0.1708287270     0.0403072363    -0.0393880920    -0.1621189182    -0.5730544804     0.1091935991    -0.1255566075     0.0265853639     0.6308941386    -0.0954238673     0.1000317717
1    -4.9860000000     7.9710000000     1.4020000000     0.3864137374    -0.0512558128    -0.0235052383    -0.0825369981    -3.1341238622    -0.2257296191     0.7859662306    -2.0457965357    -0.1415789878    -2.2439755572     0.7117319561     0.0037381414     0.2364312901     1.5153052154     0.1400381794     1.0233520728
1    -4.4320000000     8.8780000000     2.5100000000    -0.4885472306    -0.0670129563    -0.0590960146    -0.1316517241    -3.4183559250     0.0379432680     0.1147216925    -3.3625737080     0.0430212734    -3.2574918236     0.7883897132     0.1673774035     0.1667097806     1.0027907598     0.3224023204     1.0431831063
1    -5.5850000000     8.4380000000     0.4350000000    -0.4857755576     0.2639937132    -0.2062813321     0.4240108148    -3.7028235756    -0.1627957234     0.2487046947    -3.9641058969    -0.3089815267    -3.4680127810     0.4216455157    -0.1666961093     0.2911358240     0.4303231338    -0.2638684625     0.7110801888
1    -4.6166450000     8.4579520000     3.4766260000     0.1497616292     0.0589757891     0.1356871312    -0.3118815643    -0.5910570903     0.0502524577    -0.1037581673    -0.5243729913    -0.2364165279    -0.0662022565     0.0960287500     0.0299762221    -0.0683426443     0.1336356013    -0.1324586138     0.6129920604
1    -3.3772830000     9.0112420000     2.3886790000     0.1632989208    -0.3357242776    -0.0367296465     0.0381475802     0.0577552483     0.0786956299    -0.0834087052    -0.5981524640    -0.0156089829    -0.5899257117     0.6382950878     0.1279894077    -0.0132052920     0.1090643360     0.0070134299     0.0903630447
1    -4.9170000000     9.8300000000     2.4000000000     0.1728378116     0.1505957172    -0.3000914023     0.0244352708    -0.4533995041    -0.2732231402     0.0264359557    -0.0517966325    -0.0552134331    -0.5871475052     0.1614965137    -0.2039318093     0.0050357706     0.6054390252     0.0169718361     0.0839040712


---------------
Atomic domain 1
---------------
Domain center:           -4.78600     6.67400     1.55700
Nuclear charge:           7.00000
Electronic charge:       -7.31860
Total charge:            -0.31860
Electronic dipole        -0.11650     0.08635    -0.20319
Electronic dipole norm     0.24963
Electronic quadrupole    -3.70394    -0.06823     0.70035    -2.50555     0.12006    -3.12501
Isotropic polarizablity (w=0)     0.80833
Electronic polarizability (w=0)     0.37795     0.06378     1.47796     0.17638     0.24946     0.56909

---------------
Atomic domain 2
---------------
Domain center:           -5.32400     5.69900     0.60800
Nuclear charge:           6.00000
Electronic charge:       -6.33413
Total charge:            -0.33413
Electronic dipole         0.08181     0.17989     0.15111
Electronic dipole norm     0.24877
Electronic quadrupole    -3.24428     0.15100     0.13511    -2.98457     0.25177    -3.09444
Isotropic polarizablity (w=0)     0.87059
Electronic polarizability (w=0)     0.71782     0.17647     1.07048     0.07244     0.31221     0.82346

---------------
Atomic domain 3
---------------
Domain center:           -4.22600     6.39500     2.31900
Nuclear charge:           1.00000
Electronic charge:       -0.72953
Total charge:             0.27047
Electronic dipole        -0.13289     0.07598    -0.18029
Electronic dipole norm     0.23651
Electronic quadrupole    -0.36957    -0.08561     0.19336    -0.49645    -0.12231    -0.25420
Isotropic polarizablity (w=0)     0.21907
Electronic polarizability (w=0)     0.20921    -0.08006     0.15005     0.15572    -0.09913     0.29794

---------------
Atomic domain 4
---------------
Domain center:           -4.94400     5.92700    -0.35800
Nuclear charge:           1.00000
Electronic charge:       -0.83382
Total charge:             0.16618
Electronic dipole        -0.11357    -0.06365     0.30101
Electronic dipole norm     0.32795
Electronic quadrupole    -0.49597     0.05254    -0.19083    -0.54692    -0.11850    -0.07397
Isotropic polarizablity (w=0)     0.25271
Electronic polarizability (w=0)     0.13753     0.01971     0.07822    -0.16179    -0.01677     0.54237

---------------
Atomic domain 5
---------------
Domain center:           -6.39269     5.74684     0.58549
Nuclear charge:           1.00000
Electronic charge:       -0.83697
Total charge:             0.16303
Electronic dipole         0.32452    -0.01268     0.00884
Electronic dipole norm     0.32488
Electronic quadrupole     0.02634    -0.03358     0.01482    -0.58779     0.00673    -0.57362
Isotropic polarizablity (w=0)     0.25928
Electronic polarizability (w=0)     0.60908     0.05827     0.08332     0.03530     0.01595     0.08545

---------------
Atomic domain 6
---------------
Domain center:           -5.03429     4.70440     0.87586
Nuclear charge:           1.00000
Electronic charge:       -0.84494
Total charge:             0.15506
Electronic dipole        -0.09739     0.30590    -0.09361
Electronic dipole norm     0.33440
Electronic quadrupole    -0.55978    -0.17083     0.04031    -0.03939    -0.16212    -0.57305
Isotropic polarizablity (w=0)     0.28004
Electronic polarizability (w=0)     0.10919    -0.12556     0.63089     0.02659    -0.09542     0.10003

---------------
Atomic domain 7
---------------
Domain center:           -4.98600     7.97100     1.40200
Nuclear charge:           6.00000
Electronic charge:       -5.61359
Total charge:             0.38641
Electronic dipole        -0.05126    -0.02351    -0.08254
Electronic dipole norm     0.09996
Electronic quadrupole    -3.13412    -0.22573     0.78597    -2.04580    -0.14158    -2.24398
Isotropic polarizablity (w=0)     1.08346
Electronic polarizability (w=0)     0.71173     0.00374     1.51531     0.23643     0.14004     1.02335

---------------
Atomic domain 8
---------------
Domain center:           -4.43200     8.87800     2.51000
Nuclear charge:           6.00000
Electronic charge:       -6.48855
Total charge:            -0.48855
Electronic dipole        -0.06701    -0.05910    -0.13165
Electronic dipole norm     0.15911
Electronic quadrupole    -3.41836     0.03794     0.11472    -3.36257     0.04302    -3.25749
Isotropic polarizablity (w=0)     0.94479
Electronic polarizability (w=0)     0.78839     0.16738     1.00279     0.16671     0.32240     1.04318

---------------
Atomic domain 9
---------------
Domain center:           -5.58500     8.43800     0.43500
Nuclear charge:           8.00000
Electronic charge:       -8.48578
Total charge:            -0.48578
Electronic dipole         0.26399    -0.20628     0.42401
Electronic dipole norm     0.54040
Electronic quadrupole    -3.70282    -0.16280     0.24870    -3.96411    -0.30898    -3.46801
Isotropic polarizablity (w=0)     0.52102
Electronic polarizability (w=0)     0.42165    -0.16670     0.43032     0.29114    -0.26387     0.71108

----------------
Atomic domain 10
----------------
Domain center:           -4.61665     8.45795     3.47663
Nuclear charge:           1.00000
Electronic charge:       -0.85024
Total charge:             0.14976
Electronic dipole         0.05898     0.13569    -0.31188
Electronic dipole norm     0.34519
Electronic quadrupole    -0.59106     0.05025    -0.10376    -0.52437    -0.23642    -0.06620
Isotropic polarizablity (w=0)     0.28089
Electronic polarizability (w=0)     0.09603     0.02998     0.13364    -0.06834    -0.13246     0.61299

----------------
Atomic domain 11
----------------
Domain center:           -3.37728     9.01124     2.38868
Nuclear charge:           1.00000
Electronic charge:       -0.83670
Total charge:             0.16330
Electronic dipole        -0.33572    -0.03673     0.03815
Electronic dipole norm     0.33988
Electronic quadrupole     0.05776     0.07870    -0.08341    -0.59815    -0.01561    -0.58993
Isotropic polarizablity (w=0)     0.27924
Electronic polarizability (w=0)     0.63830     0.12799     0.10906    -0.01321     0.00701     0.09036

----------------
Atomic domain 12
----------------
Domain center:           -4.91700     9.83000     2.40000
Nuclear charge:           1.00000
Electronic charge:       -0.82716
Total charge:             0.17284
Electronic dipole         0.15060    -0.30009     0.02444
Electronic dipole norm     0.33665
Electronic quadrupole    -0.45340    -0.27322     0.02644    -0.05180    -0.05521    -0.58715
Isotropic polarizablity (w=0)     0.28361
Electronic polarizability (w=0)     0.16150    -0.20393     0.60544     0.00504     0.01697     0.08390

---------
Molecular
---------
Domain center:           -5.00355     7.48956     1.32967
Nuclear charge:          40.00000
Electronic charge:      -40.00000
Total charge:            -0.00000
Electronic dipole        -0.03445     0.08177    -0.05563
Gauge   dipole            0.70901    -1.07441     1.00062
Total   dipole            0.67456    -0.99264     0.94500
Electronic quadrupole   -61.66414   -24.80483   -51.13404  -261.02597   -69.61632  -129.08583
Nuclear    quadrupole    39.11990    25.76639    51.11169   240.01478    71.49103   106.21712
Total      quadrupole   -22.54424     0.96156    -0.02235   -21.01119     1.87471   -22.86871
Polarizability av (0)        6.08302
Polarizability (0)           4.97836     0.07107     7.28748     0.92240     0.45640     5.98321
Time used in Loprop              :      0.74 (cpu)       0.61 (wall)
