AA
28 2 2 1
1    -4.6830000000     8.3070000000     3.8240000000    -0.3335573857    -0.1943107580     0.0700202025    -0.1292896674    -2.6184200784     0.0944985592    -0.0677160436    -3.9589292430    -0.5584740450    -2.7963751234     1.0852341764     0.2574323406    -0.5752409807     0.3645073330    -0.2769065630     1.1603461550
1    -4.4320000000     8.8780000000     2.5100000000    -0.0532536420     0.1083054063    -0.1368920039     0.0837900117    -2.6108863431     0.1495674008    -0.0503035833    -2.9395652844    -0.1728047412    -2.4998450729     1.2025105288     0.4489739609    -0.1748285632     0.8965593769     0.0976414406     1.4158098384
1    -4.9860000000     7.9710000000     1.4020000000     0.3767387137    -0.0762501235    -0.0433160695    -0.0832481812    -3.1196623649    -0.2501971094     0.7544746386    -2.1010758633    -0.1775877829    -2.2343584725     0.7342893268     0.1051058520     0.2297409529     1.4919511651     0.1975978555     1.0857758799
1    -5.5850000000     8.4380000000     0.4350000000    -0.4785538035     0.2455457102    -0.2119101759     0.4247513340    -3.7192908285    -0.1726052186     0.2455235218    -3.9641367660    -0.3167531806    -3.4723488810     0.4247827284    -0.1341132497     0.3008708439     0.3993147721    -0.2367785997     0.7291270741
1    -2.9280000000     9.0680000000     2.3370000000    -0.0925156152    -0.0983530017     0.2233669764    -0.0866199214    -2.4863595046     0.1837025720    -0.0432616432    -2.8268180542     0.1387912380    -2.3929681118     1.2587165587     0.3926837856    -0.0909704654     0.8817305189     0.1178529199     1.2180498498
1    -2.6230000000     9.4560000000     0.9170000000    -0.4272798439    -0.0489482833    -0.0705575803     0.2205933660    -3.2922053348     0.0330284797    -0.1080080654    -3.3159859809    -0.1427428288    -2.9626778865     0.7823899094     0.1345189670    -0.2274385217     0.7188475378    -0.1439240651     1.1903446913
1    -2.4330000000    10.1430000000     3.3270000000    -0.4323100241    -0.0637925542    -0.1436330546    -0.1506527485    -3.3332089994     0.1130150277     0.1182303332    -3.1707372305     0.1794251178    -3.1624425165     0.8582062245     0.2661612998     0.1745518803     0.9970429274     0.3048893127     0.9529463291
1    -3.9210000000     8.1210000000     4.4100000000     0.2668474779    -0.1843690333     0.0531667707    -0.1415098687    -0.2418797675    -0.0672119790     0.2165274457    -0.4937722024    -0.0494487648    -0.3730624978     0.3073655589    -0.0104212182     0.1276282845     0.1119056243    -0.0383776434     0.2312795060
1    -4.9170000000     9.8300000000     2.4000000000     0.1636392107     0.1405658121    -0.2730531638     0.0303998194    -0.4827302824    -0.2244811572     0.0202837920    -0.1565876514    -0.0408620648    -0.5722034957     0.1885276405    -0.1554789240     0.0067484143     0.5054292355    -0.0362989315     0.1197552416
1    -2.3910000000     8.1520000000     2.5330000000     0.1183633717    -0.1587770082     0.2909933902    -0.0713602109    -0.4822685852    -0.2569281945     0.0584650770    -0.2323216292    -0.0827236236    -0.6467468346     0.2839884231    -0.2180020245     0.0427454784     0.4450698823    -0.0664744312     0.1195922487
1    -2.7070000000     8.5580000000     0.3240000000     0.1476740567     0.0244479415     0.2800297222     0.1915630409    -0.5954351499     0.0370468772     0.0173036915    -0.1503498510     0.3053160463    -0.4346200529     0.1063074224     0.0227831797    -0.0149214062     0.3836531257     0.2576679138     0.3341436223
1    -3.3410000000    10.1890000000     0.5870000000     0.1507616750     0.2164054847    -0.2322622365     0.1025416123    -0.3132796882    -0.2849045695     0.1339979944    -0.2997542144    -0.1362534793    -0.5616146079     0.2348306580    -0.1826051123     0.0921317609     0.3365107966    -0.1604751536     0.1983796611
1    -1.6160000000     9.8340000000     0.8350000000     0.1402399492    -0.3163423450    -0.1206330450     0.0250978071    -0.0534003672     0.2130401438    -0.0405356106    -0.5486754757    -0.0128728117    -0.6418127572     0.6085949419     0.2158871528    -0.1270659691     0.1622102569    -0.0454726757     0.1459795492
1    -3.1540000000    10.9510000000     3.3040000000     0.1433801323     0.2254693183    -0.2548801948    -0.0013762206    -0.3285211074    -0.3425881446     0.0052724878    -0.2492197360    -0.0146161325    -0.6266499327     0.2547354753    -0.2117355711    -0.0096418644     0.4602044613     0.0545008095     0.0931608238
1    -2.3340000000     9.7320000000     4.3110000000     0.1345585295    -0.0290933393     0.1302109556    -0.3169531279    -0.6153730846    -0.0275584033     0.0592966195    -0.5477889512    -0.2373491720    -0.0887780232     0.1110806504     0.0015050129     0.0859728543     0.1301940347    -0.1171930532     0.5873255383
1    -1.4880000000    10.5240000000     2.9910000000     0.1475639340    -0.3029548653    -0.1188563246     0.0998488896    -0.1018641627     0.2000952744    -0.1875131738    -0.5438810676    -0.0778399090    -0.5553935991     0.5777150337     0.2502590552    -0.0931182077     0.2038210255    -0.0292316989     0.1297739834
1    -5.9100000000     8.0870000000     4.2840000000     0.3899396028    -0.0387249985     0.0321238256    -0.0811917436    -1.7546383149    -0.0654655233     0.2076430199    -3.3333211818    -0.5502123536    -2.3185484117     1.3398387532     0.1045806001    -0.3434314910     0.6415033737    -0.2878294053     1.3032439089
1    -5.9940000000     7.4510000000     5.6620000000    -0.4933694613    -0.0381051553     0.0637413937    -0.1426962472    -3.4202021698    -0.0194481178     0.0102145195    -3.3654403857    -0.1217668572    -3.2207125712     0.6874527627     0.0503641015    -0.1448619344     0.7868663493    -0.2756024190     1.3420292570
1    -6.9230000000     8.3460000000     3.6540000000    -0.4621222050     0.4428392994    -0.1125398430     0.2767551296    -3.4092958135    -0.1727391938     0.4020094665    -3.8236531099     0.0039500804    -3.8061847337     0.8573321950    -0.1224840175     0.2380710452     0.2568333961    -0.0573011521     0.3867100095
1    -6.9220000000     6.9540000000     5.7820000000     0.1776495912     0.2998689599     0.1561673539    -0.0374779265    -0.0650250426     0.2771949151    -0.0678853645    -0.4329610283    -0.0330641923    -0.5778896719     0.5021099213     0.2453582450    -0.1382620995     0.2065758057    -0.0839130483     0.1338232992
1    -5.2376860000     6.7050770000     5.7904030000     0.1460574243    -0.2588348091     0.2371803971    -0.0431248461    -0.2917215390    -0.3395589417     0.0648274986    -0.2930818365    -0.0559437048    -0.6057551639     0.2961216303    -0.2466881500     0.0786702694     0.3706175622    -0.1146639558     0.1495056276
1    -5.9044710000     8.2081170000     6.4127720000     0.1676353840    -0.0356536908    -0.2366831938    -0.2360319870    -0.5905633907     0.0374944600     0.0428644417    -0.2529071985     0.3383256275    -0.2754143858     0.0730521183     0.0099419159     0.0089732698     0.2929459094     0.2744028245     0.4687829494
1    -4.7860000000     6.6740000000     1.5570000000    -0.3145470543    -0.1283214595     0.0863107008    -0.2007970381    -3.7056379013    -0.0686446332     0.6953826418    -2.4966283121     0.1249555381    -3.1322955250     0.3672491511     0.1096059180     0.1648669108     1.4922337092     0.3337083703     0.5921295894
1    -5.3240000000     5.6990000000     0.6080000000    -0.3328820203     0.0778367409     0.1787622179     0.1516048930    -3.2517406104     0.1473940286     0.1294400127    -2.9865105835     0.2493742303    -3.0949566088     0.6897352579     0.2000546648     0.1027396669     1.0855844732     0.3631735308     0.8546923578
1    -4.2260000000     6.3950000000     2.3190000000     0.2624220036    -0.1400355054     0.0826261509    -0.1808845316    -0.3775491588    -0.0980485093     0.1814424547    -0.4516786251    -0.0917092485    -0.2672481278     0.2007954498    -0.0636168976     0.1223543600     0.1642135385    -0.0824821280     0.2552819220
1    -4.9440000000     5.9270000000    -0.3580000000     0.1643445788    -0.1148520084    -0.0642087335     0.3015276594    -0.4989472232     0.0518955723    -0.1919768850    -0.5494236423    -0.1193271215    -0.0779426744     0.1282502576     0.0195289340    -0.1495935592     0.0797720986    -0.0063936446     0.5481100533
1    -6.3926930000     5.7468410000     0.5854860000     0.1683453105     0.3206829101    -0.0126736561     0.0092463132     0.0311669980    -0.0349330202     0.0141859280    -0.5835827725     0.0069273859    -0.5658401965     0.5823741537     0.0682668722     0.0515997846     0.0837618858     0.0199541805     0.0863865712
1    -5.0342910000     4.7044040000     0.8758570000     0.1542301094    -0.0984305787     0.3061917923    -0.0938844008    -0.5616145191    -0.1712574104     0.0397549503    -0.0402117366    -0.1619842421    -0.5747060237     0.1012163165    -0.1158261244     0.0208723982     0.6367234045    -0.0764735677     0.0916765286


---------------
Atomic domain 1
---------------
Domain center:           -4.68300     8.30700     3.82400
Nuclear charge:           7.00000
Electronic charge:       -7.33356
Total charge:            -0.33356
Electronic dipole        -0.19431     0.07002    -0.12929
Electronic dipole norm     0.24367
Electronic quadrupole    -2.61842     0.09450    -0.06772    -3.95893    -0.55847    -2.79638
Isotropic polarizablity (w=0)     0.87003
Electronic polarizability (w=0)     1.08523     0.25743     0.36451    -0.57524    -0.27691     1.16035

---------------
Atomic domain 2
---------------
Domain center:           -4.43200     8.87800     2.51000
Nuclear charge:           6.00000
Electronic charge:       -6.05325
Total charge:            -0.05325
Electronic dipole         0.10831    -0.13689     0.08379
Electronic dipole norm     0.19362
Electronic quadrupole    -2.61089     0.14957    -0.05030    -2.93957    -0.17280    -2.49985
Isotropic polarizablity (w=0)     1.17163
Electronic polarizability (w=0)     1.20251     0.44897     0.89656    -0.17483     0.09764     1.41581

---------------
Atomic domain 3
---------------
Domain center:           -4.98600     7.97100     1.40200
Nuclear charge:           6.00000
Electronic charge:       -5.62326
Total charge:             0.37674
Electronic dipole        -0.07625    -0.04332    -0.08325
Electronic dipole norm     0.12092
Electronic quadrupole    -3.11966    -0.25020     0.75447    -2.10108    -0.17759    -2.23436
Isotropic polarizablity (w=0)     1.10401
Electronic polarizability (w=0)     0.73429     0.10511     1.49195     0.22974     0.19760     1.08578

---------------
Atomic domain 4
---------------
Domain center:           -5.58500     8.43800     0.43500
Nuclear charge:           8.00000
Electronic charge:       -8.47855
Total charge:            -0.47855
Electronic dipole         0.24555    -0.21191     0.42475
Electronic dipole norm     0.53443
Electronic quadrupole    -3.71929    -0.17261     0.24552    -3.96414    -0.31675    -3.47235
Isotropic polarizablity (w=0)     0.51774
Electronic polarizability (w=0)     0.42478    -0.13411     0.39931     0.30087    -0.23678     0.72913

---------------
Atomic domain 5
---------------
Domain center:           -2.92800     9.06800     2.33700
Nuclear charge:           6.00000
Electronic charge:       -6.09252
Total charge:            -0.09252
Electronic dipole        -0.09835     0.22337    -0.08662
Electronic dipole norm     0.25898
Electronic quadrupole    -2.48636     0.18370    -0.04326    -2.82682     0.13879    -2.39297
Isotropic polarizablity (w=0)     1.11950
Electronic polarizability (w=0)     1.25872     0.39268     0.88173    -0.09097     0.11785     1.21805

---------------
Atomic domain 6
---------------
Domain center:           -2.62300     9.45600     0.91700
Nuclear charge:           6.00000
Electronic charge:       -6.42728
Total charge:            -0.42728
Electronic dipole        -0.04895    -0.07056     0.22059
Electronic dipole norm     0.23672
Electronic quadrupole    -3.29221     0.03303    -0.10801    -3.31599    -0.14274    -2.96268
Isotropic polarizablity (w=0)     0.89719
Electronic polarizability (w=0)     0.78239     0.13452     0.71885    -0.22744    -0.14392     1.19034

---------------
Atomic domain 7
---------------
Domain center:           -2.43300    10.14300     3.32700
Nuclear charge:           6.00000
Electronic charge:       -6.43231
Total charge:            -0.43231
Electronic dipole        -0.06379    -0.14363    -0.15065
Electronic dipole norm     0.21771
Electronic quadrupole    -3.33321     0.11302     0.11823    -3.17074     0.17943    -3.16244
Isotropic polarizablity (w=0)     0.93607
Electronic polarizability (w=0)     0.85821     0.26616     0.99704     0.17455     0.30489     0.95295

---------------
Atomic domain 8
---------------
Domain center:           -3.92100     8.12100     4.41000
Nuclear charge:           1.00000
Electronic charge:       -0.73315
Total charge:             0.26685
Electronic dipole        -0.18437     0.05317    -0.14151
Electronic dipole norm     0.23842
Electronic quadrupole    -0.24188    -0.06721     0.21653    -0.49377    -0.04945    -0.37306
Isotropic polarizablity (w=0)     0.21685
Electronic polarizability (w=0)     0.30737    -0.01042     0.11191     0.12763    -0.03838     0.23128

---------------
Atomic domain 9
---------------
Domain center:           -4.91700     9.83000     2.40000
Nuclear charge:           1.00000
Electronic charge:       -0.83636
Total charge:             0.16364
Electronic dipole         0.14057    -0.27305     0.03040
Electronic dipole norm     0.30861
Electronic quadrupole    -0.48273    -0.22448     0.02028    -0.15659    -0.04086    -0.57220
Isotropic polarizablity (w=0)     0.27124
Electronic polarizability (w=0)     0.18853    -0.15548     0.50543     0.00675    -0.03630     0.11976

----------------
Atomic domain 10
----------------
Domain center:           -2.39100     8.15200     2.53300
Nuclear charge:           1.00000
Electronic charge:       -0.88164
Total charge:             0.11836
Electronic dipole        -0.15878     0.29099    -0.07136
Electronic dipole norm     0.33909
Electronic quadrupole    -0.48227    -0.25693     0.05847    -0.23232    -0.08272    -0.64675
Isotropic polarizablity (w=0)     0.28288
Electronic polarizability (w=0)     0.28399    -0.21800     0.44507     0.04275    -0.06647     0.11959

----------------
Atomic domain 11
----------------
Domain center:           -2.70700     8.55800     0.32400
Nuclear charge:           1.00000
Electronic charge:       -0.85233
Total charge:             0.14767
Electronic dipole         0.02445     0.28003     0.19156
Electronic dipole norm     0.34016
Electronic quadrupole    -0.59544     0.03705     0.01730    -0.15035     0.30532    -0.43462
Isotropic polarizablity (w=0)     0.27470
Electronic polarizability (w=0)     0.10631     0.02278     0.38365    -0.01492     0.25767     0.33414

----------------
Atomic domain 12
----------------
Domain center:           -3.34100    10.18900     0.58700
Nuclear charge:           1.00000
Electronic charge:       -0.84924
Total charge:             0.15076
Electronic dipole         0.21641    -0.23226     0.10254
Electronic dipole norm     0.33360
Electronic quadrupole    -0.31328    -0.28490     0.13400    -0.29975    -0.13625    -0.56161
Isotropic polarizablity (w=0)     0.25657
Electronic polarizability (w=0)     0.23483    -0.18261     0.33651     0.09213    -0.16048     0.19838

----------------
Atomic domain 13
----------------
Domain center:           -1.61600     9.83400     0.83500
Nuclear charge:           1.00000
Electronic charge:       -0.85976
Total charge:             0.14024
Electronic dipole        -0.31634    -0.12063     0.02510
Electronic dipole norm     0.33949
Electronic quadrupole    -0.05340     0.21304    -0.04054    -0.54868    -0.01287    -0.64181
Isotropic polarizablity (w=0)     0.30559
Electronic polarizability (w=0)     0.60859     0.21589     0.16221    -0.12707    -0.04547     0.14598

----------------
Atomic domain 14
----------------
Domain center:           -3.15400    10.95100     3.30400
Nuclear charge:           1.00000
Electronic charge:       -0.85662
Total charge:             0.14338
Electronic dipole         0.22547    -0.25488    -0.00138
Electronic dipole norm     0.34030
Electronic quadrupole    -0.32852    -0.34259     0.00527    -0.24922    -0.01462    -0.62665
Isotropic polarizablity (w=0)     0.26937
Electronic polarizability (w=0)     0.25474    -0.21174     0.46020    -0.00964     0.05450     0.09316

----------------
Atomic domain 15
----------------
Domain center:           -2.33400     9.73200     4.31100
Nuclear charge:           1.00000
Electronic charge:       -0.86544
Total charge:             0.13456
Electronic dipole        -0.02909     0.13021    -0.31695
Electronic dipole norm     0.34389
Electronic quadrupole    -0.61537    -0.02756     0.05930    -0.54779    -0.23735    -0.08878
Isotropic polarizablity (w=0)     0.27620
Electronic polarizability (w=0)     0.11108     0.00151     0.13019     0.08597    -0.11719     0.58733

----------------
Atomic domain 16
----------------
Domain center:           -1.48800    10.52400     2.99100
Nuclear charge:           1.00000
Electronic charge:       -0.85244
Total charge:             0.14756
Electronic dipole        -0.30295    -0.11886     0.09985
Electronic dipole norm     0.34041
Electronic quadrupole    -0.10186     0.20010    -0.18751    -0.54388    -0.07784    -0.55539
Isotropic polarizablity (w=0)     0.30377
Electronic polarizability (w=0)     0.57772     0.25026     0.20382    -0.09312    -0.02923     0.12977

----------------
Atomic domain 17
----------------
Domain center:           -5.91000     8.08700     4.28400
Nuclear charge:           6.00000
Electronic charge:       -5.61006
Total charge:             0.38994
Electronic dipole        -0.03872     0.03212    -0.08119
Electronic dipole norm     0.09552
Electronic quadrupole    -1.75464    -0.06547     0.20764    -3.33332    -0.55021    -2.31855
Isotropic polarizablity (w=0)     1.09486
Electronic polarizability (w=0)     1.33984     0.10458     0.64150    -0.34343    -0.28783     1.30324

----------------
Atomic domain 18
----------------
Domain center:           -5.99400     7.45100     5.66200
Nuclear charge:           6.00000
Electronic charge:       -6.49337
Total charge:            -0.49337
Electronic dipole        -0.03811     0.06374    -0.14270
Electronic dipole norm     0.16086
Electronic quadrupole    -3.42020    -0.01945     0.01021    -3.36544    -0.12177    -3.22071
Isotropic polarizablity (w=0)     0.93878
Electronic polarizability (w=0)     0.68745     0.05036     0.78687    -0.14486    -0.27560     1.34203

----------------
Atomic domain 19
----------------
Domain center:           -6.92300     8.34600     3.65400
Nuclear charge:           8.00000
Electronic charge:       -8.46212
Total charge:            -0.46212
Electronic dipole         0.44284    -0.11254     0.27676
Electronic dipole norm     0.53420
Electronic quadrupole    -3.40930    -0.17274     0.40201    -3.82365     0.00395    -3.80618
Isotropic polarizablity (w=0)     0.50029
Electronic polarizability (w=0)     0.85733    -0.12248     0.25683     0.23807    -0.05730     0.38671

----------------
Atomic domain 20
----------------
Domain center:           -6.92200     6.95400     5.78200
Nuclear charge:           1.00000
Electronic charge:       -0.82235
Total charge:             0.17765
Electronic dipole         0.29987     0.15617    -0.03748
Electronic dipole norm     0.34017
Electronic quadrupole    -0.06503     0.27719    -0.06789    -0.43296    -0.03306    -0.57789
Isotropic polarizablity (w=0)     0.28084
Electronic polarizability (w=0)     0.50211     0.24536     0.20658    -0.13826    -0.08391     0.13382

----------------
Atomic domain 21
----------------
Domain center:           -5.23769     6.70508     5.79040
Nuclear charge:           1.00000
Electronic charge:       -0.85394
Total charge:             0.14606
Electronic dipole        -0.25883     0.23718    -0.04312
Electronic dipole norm     0.35371
Electronic quadrupole    -0.29172    -0.33956     0.06483    -0.29308    -0.05594    -0.60576
Isotropic polarizablity (w=0)     0.27208
Electronic polarizability (w=0)     0.29612    -0.24669     0.37062     0.07867    -0.11466     0.14951

----------------
Atomic domain 22
----------------
Domain center:           -5.90447     8.20812     6.41277
Nuclear charge:           1.00000
Electronic charge:       -0.83236
Total charge:             0.16764
Electronic dipole        -0.03565    -0.23668    -0.23603
Electronic dipole norm     0.33616
Electronic quadrupole    -0.59056     0.03749     0.04286    -0.25291     0.33833    -0.27541
Isotropic polarizablity (w=0)     0.27826
Electronic polarizability (w=0)     0.07305     0.00994     0.29295     0.00897     0.27440     0.46878

----------------
Atomic domain 23
----------------
Domain center:           -4.78600     6.67400     1.55700
Nuclear charge:           7.00000
Electronic charge:       -7.31455
Total charge:            -0.31455
Electronic dipole        -0.12832     0.08631    -0.20080
Electronic dipole norm     0.25345
Electronic quadrupole    -3.70564    -0.06864     0.69538    -2.49663     0.12496    -3.13230
Isotropic polarizablity (w=0)     0.81720
Electronic polarizability (w=0)     0.36725     0.10961     1.49223     0.16487     0.33371     0.59213

----------------
Atomic domain 24
----------------
Domain center:           -5.32400     5.69900     0.60800
Nuclear charge:           6.00000
Electronic charge:       -6.33288
Total charge:            -0.33288
Electronic dipole         0.07784     0.17876     0.15160
Electronic dipole norm     0.24698
Electronic quadrupole    -3.25174     0.14739     0.12944    -2.98651     0.24937    -3.09496
Isotropic polarizablity (w=0)     0.87667
Electronic polarizability (w=0)     0.68974     0.20005     1.08558     0.10274     0.36317     0.85469

----------------
Atomic domain 25
----------------
Domain center:           -4.22600     6.39500     2.31900
Nuclear charge:           1.00000
Electronic charge:       -0.73758
Total charge:             0.26242
Electronic dipole        -0.14004     0.08263    -0.18088
Electronic dipole norm     0.24322
Electronic quadrupole    -0.37755    -0.09805     0.18144    -0.45168    -0.09171    -0.26725
Isotropic polarizablity (w=0)     0.20676
Electronic polarizability (w=0)     0.20080    -0.06362     0.16421     0.12235    -0.08248     0.25528

----------------
Atomic domain 26
----------------
Domain center:           -4.94400     5.92700    -0.35800
Nuclear charge:           1.00000
Electronic charge:       -0.83566
Total charge:             0.16434
Electronic dipole        -0.11485    -0.06421     0.30153
Electronic dipole norm     0.32899
Electronic quadrupole    -0.49895     0.05190    -0.19198    -0.54942    -0.11933    -0.07794
Isotropic polarizablity (w=0)     0.25204
Electronic polarizability (w=0)     0.12825     0.01953     0.07977    -0.14959    -0.00639     0.54811

----------------
Atomic domain 27
----------------
Domain center:           -6.39269     5.74684     0.58549
Nuclear charge:           1.00000
Electronic charge:       -0.83165
Total charge:             0.16835
Electronic dipole         0.32068    -0.01267     0.00925
Electronic dipole norm     0.32107
Electronic quadrupole     0.03117    -0.03493     0.01419    -0.58358     0.00693    -0.56584
Isotropic polarizablity (w=0)     0.25084
Electronic polarizability (w=0)     0.58237     0.06827     0.08376     0.05160     0.01995     0.08639

----------------
Atomic domain 28
----------------
Domain center:           -5.03429     4.70440     0.87586
Nuclear charge:           1.00000
Electronic charge:       -0.84577
Total charge:             0.15423
Electronic dipole        -0.09843     0.30619    -0.09388
Electronic dipole norm     0.33505
Electronic quadrupole    -0.56161    -0.17126     0.03975    -0.04021    -0.16198    -0.57471
Isotropic polarizablity (w=0)     0.27654
Electronic polarizability (w=0)     0.10122    -0.11583     0.63672     0.02087    -0.07647     0.09168

---------
Molecular
---------
Domain center:           -4.66657     8.19349     2.55068
Nuclear charge:          94.00000
Electronic charge:      -94.00000
Total charge:             0.00000
Electronic dipole        -0.22418     0.15879    -0.07938
Gauge   dipole            2.18643    -1.19178     1.34181
Total   dipole            1.96225    -1.03299     1.26243
Electronic quadrupole  -748.37428  -345.35625   201.98993  -594.57980   -93.37159  -984.28957
Nuclear    quadrupole   689.05651   347.52618  -202.92910   545.90155    95.07409   930.34454
Total      quadrupole   -59.31776     2.16993    -0.93917   -48.67825     1.70250   -53.94503
Polarizability av (0)       15.11852
Polarizability (0)          14.84480     1.44204    14.58658    -0.24084    -0.11440    15.92416
Time used in Loprop              :      5.31 (cpu)       3.90 (wall)
