AA
31 2 2 1
1   -16.7090000000     6.8360000000     5.5470000000    -0.3319582883     0.0872854814     0.2534684255    -0.0345244504    -3.6461228138     0.6980603753    -0.0778097690    -3.1425365863     0.0982334057    -2.5054642167     0.3151251114     0.0702268522     0.0414221915     0.5690407660     0.2093996772     1.6388097110
1   -16.3100000000     7.2970000000     4.2520000000    -0.0476967445    -0.1719739884    -0.0934269809     0.0325405039    -3.0069089278     0.0531998657    -0.0789938496    -2.6567915508     0.0007741984    -2.3352362785     0.6870673463    -0.3706264365    -0.0220059266     1.3840983087     0.1509122224     1.4398516167
1   -17.0430000000     8.5940000000     3.9220000000     0.3756072487    -0.0051087288     0.1143941332    -0.0275927662    -2.3531976123    -0.1008048052    -0.6638117935    -2.3835447897    -0.6950271367    -2.7548937721     1.2897215724    -0.4382328102    -0.2492217168     1.2841783631    -0.1450772057     0.8393887112
1   -16.5330000000     9.4080000000     3.1310000000    -0.4871448531    -0.2197283712    -0.3374286545     0.3474102650    -3.9136672187     0.3289289189    -0.1818886049    -3.7061258905    -0.3073391653    -3.5847493692     0.4049953509     0.1974676266    -0.2315634360     0.6057052017    -0.3385904848     0.5697974290
1   -16.6110000000     6.2620000000     3.1700000000    -0.2655198766     0.1659112612    -0.0424413719     0.1651675519    -3.1232779614    -0.1328746122     0.0817330693    -2.5950509660     0.2616643295    -2.9898519479     0.7368310661    -0.3201951871     0.0032298731     1.5101609549     0.4522081665     0.9701522297
1   -15.8760000000     4.9360000000     3.3230000000    -0.0831350729     0.1023761548     0.1044518418    -0.1999393851    -2.4812526840    -0.1077261851     0.1644241318    -2.5911897455     0.1780829237    -2.7065134561     1.1361237521    -0.2212905157     0.0988102367     1.2805170668     0.3533743906     0.9525841099
1   -16.1010000000     4.1160000000     2.0360000000    -0.4313850553     0.0408883953     0.1131771833     0.1846409441    -3.3471049383     0.0550832338     0.0549658032    -3.2785411944     0.1997305283    -3.0331141903     0.7034196448     0.0339607364     0.0821336207     1.0186141388     0.4157647555     1.1319557321
1   -14.4000000000     5.1440000000     3.5500000000    -0.4332668426    -0.2185595583    -0.0402506258    -0.0304699794    -2.8861759607     0.0976693296     0.0862427253    -3.3890830569     0.0018781774    -3.3501990510     1.2543466363    -0.0664015942     0.0821868280     0.7382916211     0.0633518044     0.6737884575
1   -17.3200000000     6.0820000000     5.5920000000     0.2704092902     0.1547542464     0.1814867358    -0.0188512955    -0.3368041200     0.2156205940    -0.0139587368    -0.2529200005    -0.0099857553    -0.5308000779     0.1994246135     0.1333003959    -0.0109747239     0.2915435952     0.0045287646     0.1303888326
1   -15.2500000000     7.5170000000     4.2610000000     0.1698646748    -0.2944371747    -0.0655808059    -0.0004238213    -0.0389594231     0.1075816877     0.0017532872    -0.5515660465    -0.0019230428    -0.5649474015     0.5483037658     0.0386350485    -0.0401189507     0.1405592807     0.0046041700     0.1051385581
1   -17.6590000000     6.0510000000     3.1750000000     0.1275590710     0.3447859212     0.0667725230    -0.0044306319    -0.0404105308     0.1354322265    -0.0032418286    -0.6160534570     0.0024014669    -0.6407106696     0.5842656695     0.0648050205     0.0515273052     0.1526646676     0.0431178306     0.1055153542
1   -16.3440000000     6.6520000000     2.1890000000     0.1511067064    -0.0789144808    -0.1263831834     0.2912534522    -0.5751662854     0.0512623699    -0.1479891219    -0.5287986715    -0.2004585378    -0.0992418445     0.1012201921     0.0001841055    -0.0892348860     0.1857395557    -0.1284971753     0.5533395950
1   -16.3000000000     4.4090000000     4.1800000000     0.1130879684     0.1302568742     0.1624559793    -0.2607960511    -0.5868860189     0.1196373470    -0.1751567216    -0.5097616162    -0.2336523482    -0.3001864292     0.1760083729     0.0911067041    -0.1582793822     0.2752441370    -0.2004587435     0.4326532728
1   -17.1540000000     3.9910000000     1.8660000000     0.1404959564     0.3362831919     0.0362434162     0.0566692387     0.0065663923     0.0748633267     0.0970419115    -0.6286249151    -0.0003155486    -0.6245671284     0.5799672356     0.1178264491     0.1471112023     0.1312519331     0.0616005629     0.1418179571
1   -15.6240000000     4.5900000000     1.1890000000     0.1413450508    -0.1451389862    -0.1516726613     0.2642764394    -0.4975714079     0.1276255393    -0.2300710117    -0.5049878204    -0.2301517421    -0.2243740951     0.1696934109     0.0669794843    -0.1810536741     0.1513401160    -0.1125350956     0.5108186317
1   -15.6540000000     3.1570000000     2.1910000000     0.1454835622    -0.1445394420     0.3140467954    -0.0460673835    -0.5023425925    -0.2518825443     0.0392412072    -0.0903844465    -0.1032054006    -0.6192362225     0.1643274260    -0.2075611001     0.0088531683     0.6406421612     0.0238626178     0.0990901575
1   -14.1990000000     5.6900000000     4.4500000000     0.1435649672    -0.0588855725    -0.1725434341    -0.2850697884    -0.5980850202     0.0547851903     0.0919905702    -0.4579985803     0.2832091684    -0.1453962518     0.1664976828     0.0386447768     0.1243128298     0.2205014445     0.2144048145     0.4422911264
1   -13.9250000000     4.1760000000     3.6560000000     0.1407327982    -0.1520302459     0.3104063450    -0.0314582420    -0.5234688974    -0.2645577096     0.0243732506    -0.0897382661    -0.0630168240    -0.6258588915     0.3019564823    -0.2988238445     0.0411683949     0.5481166021    -0.0381557301     0.0849346859
1   -13.9410000000     5.6570000000     2.7260000000     0.1435849948    -0.1405632079    -0.1662670238     0.2642463603    -0.5095065693     0.1367229455    -0.2168321575    -0.4787053516    -0.2453037901    -0.2346943136     0.2712420723     0.1189302797    -0.1976145672     0.1796641510    -0.1530646805     0.3540978802
1   -16.3870000000     7.5380000000     6.6260000000     0.3836376288     0.0370966289     0.0645412013    -0.0648974478    -3.0689001276     0.8555213536    -0.0890677992    -2.1593817339     0.0785383435    -2.1672511356     0.6861325462     0.2239201233     0.0130722823     0.9398071152     0.1211647652     1.7113972611
1   -16.9070000000     6.9960000000     7.9630000000    -0.4842408713     0.0651685951     0.0850946185    -0.1210528705    -3.4178414340     0.0737521488    -0.0636228795    -3.3498566148    -0.0173477713    -3.2035857120     0.7128372020     0.0471399730    -0.2084744306     0.7265315604    -0.1988949548     1.3918784940
1   -15.7430000000     8.6000000000     6.5810000000    -0.4698236560    -0.2722516266    -0.4478005717     0.0229942173    -3.6807697453     0.3091269723     0.0050110437    -3.3235748912    -0.0306700135    -4.1404220773     0.4407303597     0.3371751786     0.0535066692     0.7987531365     0.0669368072     0.3001857001
1   -16.8100000000     5.9440000000     7.8850000000     0.1531201139    -0.0302341839     0.3528918965     0.0126688639    -0.5965318185    -0.0618078753    -0.0105088891     0.0627027987     0.0347911808    -0.6134498099     0.0800188705    -0.0375380831    -0.0046247418     0.6013958202    -0.0645047225     0.1194704775
1   -16.3816460000     7.4122760000     8.7970370000     0.1761744611    -0.1613871120    -0.1206113654    -0.2522035851    -0.4291874349     0.1207188796     0.2541878875    -0.4937315719     0.2003970450    -0.1903329402     0.1779542017     0.0799668388     0.2124472197     0.1300912264     0.1570526409     0.5550509104
1   -17.9494990000     7.2243100000     8.0402740000     0.1608793209     0.3366286717    -0.0730899534    -0.0218881143     0.0439796548    -0.1459344085    -0.0466631847    -0.5669568268     0.0122434142    -0.6142005266     0.5771418840    -0.0926230141    -0.1290160572     0.0938737181     0.0120023930     0.1329967129
1   -18.2250000000     8.7950000000     4.5080000000    -0.3130961799     0.0883371388     0.1819533089    -0.1502287597    -2.8138489640    -0.3760546560    -0.5754470668    -2.9269542541    -0.4640964083    -3.5938044357     1.2339465634    -0.5919316909    -0.2348696121     0.8627271829    -0.0179228334     0.4244597564
1   -18.9880000000    10.0080000000     4.2830000000    -0.3305327023     0.1552701982    -0.2045752410     0.0239420891    -3.0664239263    -0.2476241943     0.0253748185    -2.8886934451    -0.1102768191    -3.3714046124     0.9286441069    -0.4091035035     0.0701133338     1.1140598873    -0.0388546145     0.6412054088
1   -18.6200000000     8.1120000000     5.0930000000     0.2628159306     0.1076993989     0.1697822287    -0.1378103933    -0.3911393206     0.1176472888    -0.1010724082    -0.3207450904    -0.1801458424    -0.3756865154     0.1906282989     0.0880162273    -0.0838783870     0.2196037150    -0.1195683417     0.2119469434
1   -18.9740000000    10.2680000000     3.2340000000     0.1632258521     0.0037046160    -0.0729744918     0.3229455946    -0.5747741743    -0.0039354496    -0.0126033752    -0.5427809021    -0.1467033561     0.0023873609     0.0821542708    -0.0407823060     0.0843533116     0.1552981688    -0.1775790800     0.5374027529
1   -18.5051200000    10.8329780000     4.7637680000     0.1632624713    -0.1319851589    -0.2507490472    -0.1549761970    -0.4587644093     0.2088250260     0.1381798757    -0.2266488967     0.2017352668    -0.4595890676     0.1201624886     0.1161743888     0.0744694709     0.4799287950     0.2037114389     0.1791026741
1   -20.0014100000     9.8680260000     4.5965410000     0.1518420748     0.3082602335     0.0466438280    -0.1057258881    -0.0333409611     0.0825232037    -0.1868525212    -0.6084989448    -0.0168003261    -0.5550798676     0.6251884967    -0.0094096751    -0.1465599623     0.0882915511     0.0008940389     0.1147112763


---------------
Atomic domain 1
---------------
Domain center:          -16.70900     6.83600     5.54700
Nuclear charge:           7.00000
Electronic charge:       -7.33196
Total charge:            -0.33196
Electronic dipole         0.08729     0.25347    -0.03452
Electronic dipole norm     0.27029
Electronic quadrupole    -3.64612     0.69806    -0.07781    -3.14254     0.09823    -2.50546
Isotropic polarizablity (w=0)     0.84099
Electronic polarizability (w=0)     0.31513     0.07023     0.56904     0.04142     0.20940     1.63881

---------------
Atomic domain 2
---------------
Domain center:          -16.31000     7.29700     4.25200
Nuclear charge:           6.00000
Electronic charge:       -6.04770
Total charge:            -0.04770
Electronic dipole        -0.17197    -0.09343     0.03254
Electronic dipole norm     0.19840
Electronic quadrupole    -3.00691     0.05320    -0.07899    -2.65679     0.00077    -2.33524
Isotropic polarizablity (w=0)     1.17034
Electronic polarizability (w=0)     0.68707    -0.37063     1.38410    -0.02201     0.15091     1.43985

---------------
Atomic domain 3
---------------
Domain center:          -17.04300     8.59400     3.92200
Nuclear charge:           6.00000
Electronic charge:       -5.62439
Total charge:             0.37561
Electronic dipole        -0.00511     0.11439    -0.02759
Electronic dipole norm     0.11779
Electronic quadrupole    -2.35320    -0.10080    -0.66381    -2.38354    -0.69503    -2.75489
Isotropic polarizablity (w=0)     1.13776
Electronic polarizability (w=0)     1.28972    -0.43823     1.28418    -0.24922    -0.14508     0.83939

---------------
Atomic domain 4
---------------
Domain center:          -16.53300     9.40800     3.13100
Nuclear charge:           8.00000
Electronic charge:       -8.48714
Total charge:            -0.48714
Electronic dipole        -0.21973    -0.33743     0.34741
Electronic dipole norm     0.53182
Electronic quadrupole    -3.91367     0.32893    -0.18189    -3.70613    -0.30734    -3.58475
Isotropic polarizablity (w=0)     0.52683
Electronic polarizability (w=0)     0.40500     0.19747     0.60571    -0.23156    -0.33859     0.56980

---------------
Atomic domain 5
---------------
Domain center:          -16.61100     6.26200     3.17000
Nuclear charge:           6.00000
Electronic charge:       -6.26552
Total charge:            -0.26552
Electronic dipole         0.16591    -0.04244     0.16517
Electronic dipole norm     0.23792
Electronic quadrupole    -3.12328    -0.13287     0.08173    -2.59505     0.26166    -2.98985
Isotropic polarizablity (w=0)     1.07238
Electronic polarizability (w=0)     0.73683    -0.32020     1.51016     0.00323     0.45221     0.97015

---------------
Atomic domain 6
---------------
Domain center:          -15.87600     4.93600     3.32300
Nuclear charge:           6.00000
Electronic charge:       -6.08314
Total charge:            -0.08314
Electronic dipole         0.10238     0.10445    -0.19994
Electronic dipole norm     0.24772
Electronic quadrupole    -2.48125    -0.10773     0.16442    -2.59119     0.17808    -2.70651
Isotropic polarizablity (w=0)     1.12307
Electronic polarizability (w=0)     1.13612    -0.22129     1.28052     0.09881     0.35337     0.95258

---------------
Atomic domain 7
---------------
Domain center:          -16.10100     4.11600     2.03600
Nuclear charge:           6.00000
Electronic charge:       -6.43139
Total charge:            -0.43139
Electronic dipole         0.04089     0.11318     0.18464
Electronic dipole norm     0.22039
Electronic quadrupole    -3.34710     0.05508     0.05497    -3.27854     0.19973    -3.03311
Isotropic polarizablity (w=0)     0.95133
Electronic polarizability (w=0)     0.70342     0.03396     1.01861     0.08213     0.41576     1.13196

---------------
Atomic domain 8
---------------
Domain center:          -14.40000     5.14400     3.55000
Nuclear charge:           6.00000
Electronic charge:       -6.43327
Total charge:            -0.43327
Electronic dipole        -0.21856    -0.04025    -0.03047
Electronic dipole norm     0.22431
Electronic quadrupole    -2.88618     0.09767     0.08624    -3.38908     0.00188    -3.35020
Isotropic polarizablity (w=0)     0.88881
Electronic polarizability (w=0)     1.25435    -0.06640     0.73829     0.08219     0.06335     0.67379

---------------
Atomic domain 9
---------------
Domain center:          -17.32000     6.08200     5.59200
Nuclear charge:           1.00000
Electronic charge:       -0.72959
Total charge:             0.27041
Electronic dipole         0.15475     0.18149    -0.01885
Electronic dipole norm     0.23925
Electronic quadrupole    -0.33680     0.21562    -0.01396    -0.25292    -0.00999    -0.53080
Isotropic polarizablity (w=0)     0.20712
Electronic polarizability (w=0)     0.19942     0.13330     0.29154    -0.01097     0.00453     0.13039

----------------
Atomic domain 10
----------------
Domain center:          -15.25000     7.51700     4.26100
Nuclear charge:           1.00000
Electronic charge:       -0.83014
Total charge:             0.16986
Electronic dipole        -0.29444    -0.06558    -0.00042
Electronic dipole norm     0.30165
Electronic quadrupole    -0.03896     0.10758     0.00175    -0.55157    -0.00192    -0.56495
Isotropic polarizablity (w=0)     0.26467
Electronic polarizability (w=0)     0.54830     0.03864     0.14056    -0.04012     0.00460     0.10514

----------------
Atomic domain 11
----------------
Domain center:          -17.65900     6.05100     3.17500
Nuclear charge:           1.00000
Electronic charge:       -0.87244
Total charge:             0.12756
Electronic dipole         0.34479     0.06677    -0.00443
Electronic dipole norm     0.35122
Electronic quadrupole    -0.04041     0.13543    -0.00324    -0.61605     0.00240    -0.64071
Isotropic polarizablity (w=0)     0.28082
Electronic polarizability (w=0)     0.58427     0.06481     0.15266     0.05153     0.04312     0.10552

----------------
Atomic domain 12
----------------
Domain center:          -16.34400     6.65200     2.18900
Nuclear charge:           1.00000
Electronic charge:       -0.84889
Total charge:             0.15111
Electronic dipole        -0.07891    -0.12638     0.29125
Electronic dipole norm     0.32715
Electronic quadrupole    -0.57517     0.05126    -0.14799    -0.52880    -0.20046    -0.09924
Isotropic polarizablity (w=0)     0.28010
Electronic polarizability (w=0)     0.10122     0.00018     0.18574    -0.08923    -0.12850     0.55334

----------------
Atomic domain 13
----------------
Domain center:          -16.30000     4.40900     4.18000
Nuclear charge:           1.00000
Electronic charge:       -0.88691
Total charge:             0.11309
Electronic dipole         0.13026     0.16246    -0.26080
Electronic dipole norm     0.33373
Electronic quadrupole    -0.58689     0.11964    -0.17516    -0.50976    -0.23365    -0.30019
Isotropic polarizablity (w=0)     0.29464
Electronic polarizability (w=0)     0.17601     0.09111     0.27524    -0.15828    -0.20046     0.43265

----------------
Atomic domain 14
----------------
Domain center:          -17.15400     3.99100     1.86600
Nuclear charge:           1.00000
Electronic charge:       -0.85950
Total charge:             0.14050
Electronic dipole         0.33628     0.03624     0.05667
Electronic dipole norm     0.34295
Electronic quadrupole     0.00657     0.07486     0.09704    -0.62862    -0.00032    -0.62457
Isotropic polarizablity (w=0)     0.28435
Electronic polarizability (w=0)     0.57997     0.11783     0.13125     0.14711     0.06160     0.14182

----------------
Atomic domain 15
----------------
Domain center:          -15.62400     4.59000     1.18900
Nuclear charge:           1.00000
Electronic charge:       -0.85865
Total charge:             0.14135
Electronic dipole        -0.14514    -0.15167     0.26428
Electronic dipole norm     0.33751
Electronic quadrupole    -0.49757     0.12763    -0.23007    -0.50499    -0.23015    -0.22437
Isotropic polarizablity (w=0)     0.27728
Electronic polarizability (w=0)     0.16969     0.06698     0.15134    -0.18105    -0.11254     0.51082

----------------
Atomic domain 16
----------------
Domain center:          -15.65400     3.15700     2.19100
Nuclear charge:           1.00000
Electronic charge:       -0.85452
Total charge:             0.14548
Electronic dipole        -0.14454     0.31405    -0.04607
Electronic dipole norm     0.34877
Electronic quadrupole    -0.50234    -0.25188     0.03924    -0.09038    -0.10321    -0.61924
Isotropic polarizablity (w=0)     0.30135
Electronic polarizability (w=0)     0.16433    -0.20756     0.64064     0.00885     0.02386     0.09909

----------------
Atomic domain 17
----------------
Domain center:          -14.19900     5.69000     4.45000
Nuclear charge:           1.00000
Electronic charge:       -0.85644
Total charge:             0.14356
Electronic dipole        -0.05889    -0.17254    -0.28507
Electronic dipole norm     0.33838
Electronic quadrupole    -0.59809     0.05479     0.09199    -0.45800     0.28321    -0.14540
Isotropic polarizablity (w=0)     0.27643
Electronic polarizability (w=0)     0.16650     0.03864     0.22050     0.12431     0.21440     0.44229

----------------
Atomic domain 18
----------------
Domain center:          -13.92500     4.17600     3.65600
Nuclear charge:           1.00000
Electronic charge:       -0.85927
Total charge:             0.14073
Electronic dipole        -0.15203     0.31041    -0.03146
Electronic dipole norm     0.34707
Electronic quadrupole    -0.52347    -0.26456     0.02437    -0.08974    -0.06302    -0.62586
Isotropic polarizablity (w=0)     0.31167
Electronic polarizability (w=0)     0.30196    -0.29882     0.54812     0.04117    -0.03816     0.08493

----------------
Atomic domain 19
----------------
Domain center:          -13.94100     5.65700     2.72600
Nuclear charge:           1.00000
Electronic charge:       -0.85642
Total charge:             0.14358
Electronic dipole        -0.14056    -0.16627     0.26425
Electronic dipole norm     0.34239
Electronic quadrupole    -0.50951     0.13672    -0.21683    -0.47871    -0.24530    -0.23469
Isotropic polarizablity (w=0)     0.26833
Electronic polarizability (w=0)     0.27124     0.11893     0.17966    -0.19761    -0.15306     0.35410

----------------
Atomic domain 20
----------------
Domain center:          -16.38700     7.53800     6.62600
Nuclear charge:           6.00000
Electronic charge:       -5.61636
Total charge:             0.38364
Electronic dipole         0.03710     0.06454    -0.06490
Electronic dipole norm     0.09876
Electronic quadrupole    -3.06890     0.85552    -0.08907    -2.15938     0.07854    -2.16725
Isotropic polarizablity (w=0)     1.11245
Electronic polarizability (w=0)     0.68613     0.22392     0.93981     0.01307     0.12116     1.71140

----------------
Atomic domain 21
----------------
Domain center:          -16.90700     6.99600     7.96300
Nuclear charge:           6.00000
Electronic charge:       -6.48424
Total charge:            -0.48424
Electronic dipole         0.06517     0.08509    -0.12105
Electronic dipole norm     0.16168
Electronic quadrupole    -3.41784     0.07375    -0.06362    -3.34986    -0.01735    -3.20359
Isotropic polarizablity (w=0)     0.94375
Electronic polarizability (w=0)     0.71284     0.04714     0.72653    -0.20847    -0.19889     1.39188

----------------
Atomic domain 22
----------------
Domain center:          -15.74300     8.60000     6.58100
Nuclear charge:           8.00000
Electronic charge:       -8.46982
Total charge:            -0.46982
Electronic dipole        -0.27225    -0.44780     0.02299
Electronic dipole norm     0.52457
Electronic quadrupole    -3.68077     0.30913     0.00501    -3.32357    -0.03067    -4.14042
Isotropic polarizablity (w=0)     0.51322
Electronic polarizability (w=0)     0.44073     0.33718     0.79875     0.05351     0.06694     0.30019

----------------
Atomic domain 23
----------------
Domain center:          -16.81000     5.94400     7.88500
Nuclear charge:           1.00000
Electronic charge:       -0.84688
Total charge:             0.15312
Electronic dipole        -0.03023     0.35289     0.01267
Electronic dipole norm     0.35441
Electronic quadrupole    -0.59653    -0.06181    -0.01051     0.06270     0.03479    -0.61345
Isotropic polarizablity (w=0)     0.26696
Electronic polarizability (w=0)     0.08002    -0.03754     0.60140    -0.00462    -0.06450     0.11947

----------------
Atomic domain 24
----------------
Domain center:          -16.38165     7.41228     8.79704
Nuclear charge:           1.00000
Electronic charge:       -0.82383
Total charge:             0.17617
Electronic dipole        -0.16139    -0.12061    -0.25220
Electronic dipole norm     0.32280
Electronic quadrupole    -0.42919     0.12072     0.25419    -0.49373     0.20040    -0.19033
Isotropic polarizablity (w=0)     0.28770
Electronic polarizability (w=0)     0.17795     0.07997     0.13009     0.21245     0.15705     0.55505

----------------
Atomic domain 25
----------------
Domain center:          -17.94950     7.22431     8.04027
Nuclear charge:           1.00000
Electronic charge:       -0.83912
Total charge:             0.16088
Electronic dipole         0.33663    -0.07309    -0.02189
Electronic dipole norm     0.34517
Electronic quadrupole     0.04398    -0.14593    -0.04666    -0.56696     0.01224    -0.61420
Isotropic polarizablity (w=0)     0.26800
Electronic polarizability (w=0)     0.57714    -0.09262     0.09387    -0.12902     0.01200     0.13300

----------------
Atomic domain 26
----------------
Domain center:          -18.22500     8.79500     4.50800
Nuclear charge:           7.00000
Electronic charge:       -7.31310
Total charge:            -0.31310
Electronic dipole         0.08834     0.18195    -0.15023
Electronic dipole norm     0.25195
Electronic quadrupole    -2.81385    -0.37605    -0.57545    -2.92695    -0.46410    -3.59380
Isotropic polarizablity (w=0)     0.84038
Electronic polarizability (w=0)     1.23395    -0.59193     0.86273    -0.23487    -0.01792     0.42446

----------------
Atomic domain 27
----------------
Domain center:          -18.98800    10.00800     4.28300
Nuclear charge:           6.00000
Electronic charge:       -6.33053
Total charge:            -0.33053
Electronic dipole         0.15527    -0.20458     0.02394
Electronic dipole norm     0.25794
Electronic quadrupole    -3.06642    -0.24762     0.02537    -2.88869    -0.11028    -3.37140
Isotropic polarizablity (w=0)     0.89464
Electronic polarizability (w=0)     0.92864    -0.40910     1.11406     0.07011    -0.03885     0.64121

----------------
Atomic domain 28
----------------
Domain center:          -18.62000     8.11200     5.09300
Nuclear charge:           1.00000
Electronic charge:       -0.73718
Total charge:             0.26282
Electronic dipole         0.10770     0.16978    -0.13781
Electronic dipole norm     0.24376
Electronic quadrupole    -0.39114     0.11765    -0.10107    -0.32075    -0.18015    -0.37569
Isotropic polarizablity (w=0)     0.20739
Electronic polarizability (w=0)     0.19063     0.08802     0.21960    -0.08388    -0.11957     0.21195

----------------
Atomic domain 29
----------------
Domain center:          -18.97400    10.26800     3.23400
Nuclear charge:           1.00000
Electronic charge:       -0.83677
Total charge:             0.16323
Electronic dipole         0.00370    -0.07297     0.32295
Electronic dipole norm     0.33111
Electronic quadrupole    -0.57477    -0.00394    -0.01260    -0.54278    -0.14670     0.00239
Isotropic polarizablity (w=0)     0.25829
Electronic polarizability (w=0)     0.08215    -0.04078     0.15530     0.08435    -0.17758     0.53740

----------------
Atomic domain 30
----------------
Domain center:          -18.50512    10.83298     4.76377
Nuclear charge:           1.00000
Electronic charge:       -0.83674
Total charge:             0.16326
Electronic dipole        -0.13199    -0.25075    -0.15498
Electronic dipole norm     0.32297
Electronic quadrupole    -0.45876     0.20883     0.13818    -0.22665     0.20174    -0.45959
Isotropic polarizablity (w=0)     0.25973
Electronic polarizability (w=0)     0.12016     0.11617     0.47993     0.07447     0.20371     0.17910

----------------
Atomic domain 31
----------------
Domain center:          -20.00141     9.86803     4.59654
Nuclear charge:           1.00000
Electronic charge:       -0.84816
Total charge:             0.15184
Electronic dipole         0.30826     0.04664    -0.10573
Electronic dipole norm     0.32921
Electronic quadrupole    -0.03334     0.08252    -0.18685    -0.60850    -0.01680    -0.55508
Isotropic polarizablity (w=0)     0.27606
Electronic polarizability (w=0)     0.62519    -0.00941     0.08829    -0.14656     0.00089     0.11471

---------
Molecular
---------
Domain center:          -16.61859     7.22020     4.51682
Nuclear charge:         102.00000
Electronic charge:     -102.00000
Total charge:             0.00000
Electronic dipole         0.23897     0.19202     0.04035
Gauge   dipole           -1.81492    -2.10100     0.50502
Total   dipole           -1.57595    -1.90899     0.54537
Electronic quadrupole  -581.63575   494.42655    91.82348 -1284.64475  -348.11730 -1130.65384
Nuclear    quadrupole   526.55342  -499.72388   -95.46449  1221.32181   348.30719  1070.64989
Total      quadrupole   -55.08233    -5.29733    -3.64100   -63.32294     0.18989   -60.00395
Polarizability av (0)       16.88685
Polarizability (0)          15.64608    -1.24006    17.51824    -0.79877     0.82519    17.49622
Time used in Loprop              :      6.98 (cpu)       5.18 (wall)
