AA
12 2 2 1
1   -18.2250000000     8.7950000000     4.5080000000    -0.3160215981     0.0815686349     0.1732524594    -0.1540201114    -2.8208877472    -0.3744003423    -0.5752492853    -2.9124326423    -0.4756457574    -3.5847569027     1.2291234342    -0.4907205911    -0.2889963281     0.7961615667    -0.0056203067     0.4406515042
1   -18.9880000000    10.0080000000     4.2830000000    -0.3321659553     0.1540048731    -0.2071774773     0.0219186708    -3.0700936159    -0.2463023348     0.0248115849    -2.8791276045    -0.1093911879    -3.3714797169     0.9259388721    -0.3469333196     0.0539109463     1.0474012162     0.0002987952     0.6622175364
1   -18.6200000000     8.1120000000     5.0930000000     0.2735205141     0.0934709009     0.1643676597    -0.1401430094    -0.4488128720     0.1473158584    -0.1128882381    -0.3144030620    -0.1830072342    -0.3492851815     0.1777199565     0.1097081939    -0.1040461566     0.2464380297    -0.1474594499     0.2255864759
1   -18.9740000000    10.2680000000     3.2340000000     0.1651284987     0.0038650323    -0.0737173105     0.3216746093    -0.5713265915    -0.0058398541    -0.0124911419    -0.5363364863    -0.1487047334     0.0057249227     0.0811728704    -0.0338587030     0.0777507356     0.1429076948    -0.1595493783     0.5424583278
1   -18.5051200000    10.8329780000     4.7637680000     0.1583280303    -0.1339507879    -0.2530100946    -0.1570981257    -0.4642778770     0.2093892115     0.1373573262    -0.2305505488     0.2036786685    -0.4656947332     0.1327556078     0.1300009021     0.0872801632     0.4703564933     0.2167068976     0.1979832613
1   -20.0014100000     9.8680260000     4.5965410000     0.1537010550     0.3068904902     0.0456062274    -0.1056808030    -0.0318234079     0.0827332083    -0.1869909629    -0.6047825965    -0.0171945667    -0.5522533644     0.6244487365     0.0141737098    -0.1551804069     0.0904397416    -0.0045033629     0.1222262607
1   -17.0430000000     8.5940000000     3.9220000000     0.3837367846    -0.0005701042     0.0799422776    -0.0485074667    -2.3231636905    -0.1480174463    -0.6736302477    -2.3206209952    -0.6974485229    -2.7948707941     1.3564422281    -0.3237323070    -0.2732894487     1.1206614685    -0.1255062280     0.8246328591
1   -16.3100000000     7.2970000000     4.2520000000    -0.4786026486    -0.0440409600     0.1510587042    -0.0630218273    -3.3875571644    -0.0771830234    -0.0082511949    -3.2373070194    -0.0917528037    -3.3581746295     0.9113069535    -0.3286777915     0.0697885667     1.1970170183    -0.0990005594     0.7258838226
1   -16.5330000000     9.4080000000     3.1310000000    -0.4915110815    -0.2206458035    -0.3485737671     0.3390634547    -3.9136245592     0.3194479620    -0.1815944418    -3.6993965393    -0.3070560580    -3.5867719661     0.4416529352     0.2201462285    -0.2523578774     0.5466401171    -0.3158380140     0.5813379436
1   -16.6082720000     6.9523800000     5.2200760000     0.1425341290     0.0997559503     0.1201524945    -0.3136214419    -0.5848240885     0.0635707481    -0.1649653861    -0.5451610414    -0.2002696703    -0.0721724128     0.1089989713     0.0216826514    -0.0823113217     0.2079140179    -0.2163238783     0.5260683308
1   -16.5208800000     6.5718820000     3.4939540000     0.1697126682     0.0684735827     0.2284686329     0.2300433872    -0.5658954604     0.0964858155     0.0935307030    -0.2959587509     0.3222707989    -0.2504650824     0.0873924897     0.0359622230     0.0433607315     0.4157573661     0.2824051088     0.3256333112
1   -15.2500000000     7.5170000000     4.2610000000     0.1716396035    -0.3278446760    -0.0615488594    -0.0050037524     0.0730472797     0.1340481661     0.0071652302    -0.5699828308     0.0039244635    -0.5927329251     0.6922220336     0.0324948804     0.0192757976     0.0961967960     0.0005375663     0.0720781241


---------------
Atomic domain 1
---------------
Domain center:          -18.22500     8.79500     4.50800
Nuclear charge:           7.00000
Electronic charge:       -7.31602
Total charge:            -0.31602
Electronic dipole         0.08157     0.17325    -0.15402
Electronic dipole norm     0.24575
Electronic quadrupole    -2.82089    -0.37440    -0.57525    -2.91243    -0.47565    -3.58476
Isotropic polarizablity (w=0)     0.82198
Electronic polarizability (w=0)     1.22912    -0.49072     0.79616    -0.28900    -0.00562     0.44065

---------------
Atomic domain 2
---------------
Domain center:          -18.98800    10.00800     4.28300
Nuclear charge:           6.00000
Electronic charge:       -6.33217
Total charge:            -0.33217
Electronic dipole         0.15400    -0.20718     0.02192
Electronic dipole norm     0.25908
Electronic quadrupole    -3.07009    -0.24630     0.02481    -2.87913    -0.10939    -3.37148
Isotropic polarizablity (w=0)     0.87852
Electronic polarizability (w=0)     0.92594    -0.34693     1.04740     0.05391     0.00030     0.66222

---------------
Atomic domain 3
---------------
Domain center:          -18.62000     8.11200     5.09300
Nuclear charge:           1.00000
Electronic charge:       -0.72648
Total charge:             0.27352
Electronic dipole         0.09347     0.16437    -0.14014
Electronic dipole norm     0.23536
Electronic quadrupole    -0.44881     0.14732    -0.11289    -0.31440    -0.18301    -0.34929
Isotropic polarizablity (w=0)     0.21658
Electronic polarizability (w=0)     0.17772     0.10971     0.24644    -0.10405    -0.14746     0.22559

---------------
Atomic domain 4
---------------
Domain center:          -18.97400    10.26800     3.23400
Nuclear charge:           1.00000
Electronic charge:       -0.83487
Total charge:             0.16513
Electronic dipole         0.00387    -0.07372     0.32167
Electronic dipole norm     0.33004
Electronic quadrupole    -0.57133    -0.00584    -0.01249    -0.53634    -0.14870     0.00572
Isotropic polarizablity (w=0)     0.25551
Electronic polarizability (w=0)     0.08117    -0.03386     0.14291     0.07775    -0.15955     0.54246

---------------
Atomic domain 5
---------------
Domain center:          -18.50512    10.83298     4.76377
Nuclear charge:           1.00000
Electronic charge:       -0.84167
Total charge:             0.15833
Electronic dipole        -0.13395    -0.25301    -0.15710
Electronic dipole norm     0.32655
Electronic quadrupole    -0.46428     0.20939     0.13736    -0.23055     0.20368    -0.46569
Isotropic polarizablity (w=0)     0.26703
Electronic polarizability (w=0)     0.13276     0.13000     0.47036     0.08728     0.21671     0.19798

---------------
Atomic domain 6
---------------
Domain center:          -20.00141     9.86803     4.59654
Nuclear charge:           1.00000
Electronic charge:       -0.84630
Total charge:             0.15370
Electronic dipole         0.30689     0.04561    -0.10568
Electronic dipole norm     0.32777
Electronic quadrupole    -0.03182     0.08273    -0.18699    -0.60478    -0.01719    -0.55225
Isotropic polarizablity (w=0)     0.27904
Electronic polarizability (w=0)     0.62445     0.01417     0.09044    -0.15518    -0.00450     0.12223

---------------
Atomic domain 7
---------------
Domain center:          -17.04300     8.59400     3.92200
Nuclear charge:           6.00000
Electronic charge:       -5.61626
Total charge:             0.38374
Electronic dipole        -0.00057     0.07994    -0.04851
Electronic dipole norm     0.09351
Electronic quadrupole    -2.32316    -0.14802    -0.67363    -2.32062    -0.69745    -2.79487
Isotropic polarizablity (w=0)     1.10058
Electronic polarizability (w=0)     1.35644    -0.32373     1.12066    -0.27329    -0.12551     0.82463

---------------
Atomic domain 8
---------------
Domain center:          -16.31000     7.29700     4.25200
Nuclear charge:           6.00000
Electronic charge:       -6.47860
Total charge:            -0.47860
Electronic dipole        -0.04404     0.15106    -0.06302
Electronic dipole norm     0.16950
Electronic quadrupole    -3.38756    -0.07718    -0.00825    -3.23731    -0.09175    -3.35817
Isotropic polarizablity (w=0)     0.94474
Electronic polarizability (w=0)     0.91131    -0.32868     1.19702     0.06979    -0.09900     0.72588

---------------
Atomic domain 9
---------------
Domain center:          -16.53300     9.40800     3.13100
Nuclear charge:           8.00000
Electronic charge:       -8.49151
Total charge:            -0.49151
Electronic dipole        -0.22065    -0.34857     0.33906
Electronic dipole norm     0.53400
Electronic quadrupole    -3.91362     0.31945    -0.18159    -3.69940    -0.30706    -3.58677
Isotropic polarizablity (w=0)     0.52321
Electronic polarizability (w=0)     0.44165     0.22015     0.54664    -0.25236    -0.31584     0.58134

----------------
Atomic domain 10
----------------
Domain center:          -16.60827     6.95238     5.22008
Nuclear charge:           1.00000
Electronic charge:       -0.85747
Total charge:             0.14253
Electronic dipole         0.09976     0.12015    -0.31362
Electronic dipole norm     0.35035
Electronic quadrupole    -0.58482     0.06357    -0.16497    -0.54516    -0.20027    -0.07217
Isotropic polarizablity (w=0)     0.28099
Electronic polarizability (w=0)     0.10900     0.02168     0.20791    -0.08231    -0.21632     0.52607

----------------
Atomic domain 11
----------------
Domain center:          -16.52088     6.57188     3.49395
Nuclear charge:           1.00000
Electronic charge:       -0.83029
Total charge:             0.16971
Electronic dipole         0.06847     0.22847     0.23004
Electronic dipole norm     0.33137
Electronic quadrupole    -0.56590     0.09649     0.09353    -0.29596     0.32227    -0.25047
Isotropic polarizablity (w=0)     0.27626
Electronic polarizability (w=0)     0.08739     0.03596     0.41576     0.04336     0.28241     0.32563

----------------
Atomic domain 12
----------------
Domain center:          -15.25000     7.51700     4.26100
Nuclear charge:           1.00000
Electronic charge:       -0.82836
Total charge:             0.17164
Electronic dipole        -0.32784    -0.06155    -0.00500
Electronic dipole norm     0.33361
Electronic quadrupole     0.07305     0.13405     0.00717    -0.56998     0.00392    -0.59273
Isotropic polarizablity (w=0)     0.28683
Electronic polarizability (w=0)     0.69222     0.03249     0.09620     0.01928     0.00054     0.07208

---------
Molecular
---------
Domain center:          -17.45912     8.80863     4.05021
Nuclear charge:          40.00000
Electronic charge:      -40.00000
Total charge:             0.00000
Electronic dipole         0.08098     0.01882    -0.07440
Gauge   dipole           -1.05819    -0.71747     1.02035
Total   dipole           -0.97722    -0.69865     0.94595
Electronic quadrupole  -205.86008   106.01064    41.59486  -176.73118    20.35508   -70.55707
Nuclear    quadrupole   184.40456  -107.81294   -41.06443   155.14529   -19.76610    47.06077
Total      quadrupole   -21.45551    -1.80229     0.53042   -21.58589     0.58898   -23.49629
Polarizability av (0)        6.13127
Polarizability (0)           6.76918    -0.95975     6.37789    -0.80481    -0.57385     5.24676
Time used in Loprop              :      0.82 (cpu)       0.69 (wall)
