AA
27 2 2 1
1    -4.7860000000     6.6740000000     1.5570000000    -0.3213404565    -0.1065641815     0.0861315819    -0.2101337134    -3.6604333610    -0.0692538746     0.6902611208    -2.5034839040     0.1204662417    -3.1234844548     0.4418915771     0.1312094496     0.1838078892     1.6936377319     0.3064944699     0.4943792224
1    -5.3240000000     5.6990000000     0.6080000000    -0.0523258537     0.0037693438    -0.0687831375     0.1901693523    -2.7661847544    -0.0067544291     0.1784268530    -2.4317299750     0.1578403426    -2.8082645090     1.4048105319    -0.1122497385     0.1031660007     1.5616060166     0.2522042337     0.5895960473
1    -6.8430000000     5.7670000000     0.5760000000     0.3873636913    -0.0905269903    -0.0087505308    -0.0482145720    -2.1621366933    -0.0153118367     0.1735545920    -3.5136307131     0.1603954390    -1.7136515964     1.5923691304    -0.0643985375    -0.2140582207     0.6029269858     0.0934534371     1.1593405070
1    -7.4460000000     5.6840000000    -0.5000000000    -0.4789389407     0.2709963346     0.0403072661     0.4628501818    -3.9319569656     0.0366418129     0.3980135707    -3.8521764722     0.0394181632    -3.3665469934     0.4552194279     0.0245222114     0.3125569546     0.2339920881     0.0617854386     0.8682850925
1    -4.9130000000     4.2880000000     0.9880000000    -0.2594624895     0.1934731718     0.1599344076    -0.1516231713    -2.7292765819    -0.2922379924    -0.1175205071    -2.7702698769    -0.1013205882    -3.1491429514     1.5178083593    -0.5120941412    -0.2432171102     1.3418408215    -0.0007215279     0.6521767027
1    -3.4400000000     3.9740000000     0.7880000000    -0.3342826262    -0.1653274082     0.0011973611    -0.1509894603    -2.7872631720    -0.1104383210    -0.1107377803    -3.3137147767    -0.0066387890    -3.3866310836     1.4924097445    -0.3808681819    -0.3974556042     0.8395130928     0.2268251827     1.2507972209
1    -3.0780000000     3.7120000000    -0.6590000000     0.4056196151     0.0326739145    -0.0309042217    -0.0994242546    -1.7386531091     0.2194443121     0.0737482885    -3.7406500424     0.3410754437    -2.2657523833     1.2535798178    -0.0919410886    -0.2905660293     0.7586736154     0.2927761275     1.4574761681
1    -3.9840000000     3.4430000000    -1.4740000000    -0.6051719807     0.4462586616     0.1107424237     0.3280369906    -3.7243094638     0.1434748778     0.4299972462    -4.0527828528     0.0609499514    -3.9442000110     0.5176400071     0.1036813870     0.3142168674     0.3123173812     0.1807452557     0.6648835249
1    -1.8560000000     3.7520000000    -0.9810000000    -0.6336637413    -0.5514006836    -0.0290255622     0.0949173281    -3.4235556592     0.0267824164    -0.1585505400    -4.1423799795    -0.0466017857    -4.2675689765     1.1310144868    -0.0509405448    -0.3155599047     0.2444821341     0.0178438409     0.3421412510
1    -4.2260000000     6.3950000000     2.3190000000     0.2631819395    -0.1275274149     0.0670370008    -0.1936879114    -0.3819614467    -0.0829247326     0.1894317584    -0.4884838892    -0.0984009693    -0.2471533079     0.2142499790    -0.0563838285     0.1500164384     0.1564503484    -0.0437603950     0.2993353472
1    -4.9440000000     5.9270000000    -0.3580000000     0.1869497342    -0.0980492150    -0.0760812421     0.2746845819    -0.4813032532     0.0282570300    -0.1862981958    -0.4977795730    -0.0935030667    -0.1217168245     0.1691299431     0.0192176264    -0.1468280037     0.1291585823    -0.0750947187     0.4328998731
1    -5.1900000000     4.1630000000     2.0320000000     0.0897871824     0.0924538080     0.0385873404    -0.3659337820    -0.6657489816     0.0189711186    -0.1403496401    -0.6840916848    -0.0803463943    -0.0927222601     0.1812846617     0.0030627113    -0.1887694668     0.1610671253    -0.1207302466     0.6456589437
1    -5.5120000000     3.5730000000     0.4430000000     0.1582838554     0.2014157180     0.2177765110     0.1637557975    -0.3894717100     0.2270351670     0.1192570674    -0.3541612762     0.2080300577    -0.4021802131     0.3186573797     0.2211554709     0.1189462639     0.3883024774     0.1404427492     0.1151646586
1    -2.8840000000     4.8560000000     1.0500000000     0.1199474246    -0.1904623612    -0.3010106763    -0.1231043600    -0.4816314764     0.2730893709     0.0847558457    -0.1987131716     0.1493272009    -0.6006812265     0.3163355665     0.2310515408     0.1038464358     0.4312978237     0.1604681751     0.1692687301
1    -3.1100000000     3.1340000000     1.3730000000     0.1360368995    -0.0957329443     0.2617300136    -0.2073695316    -0.6089076258    -0.1401063473     0.1119284948    -0.2449323790    -0.2767509106    -0.4479376781     0.1990940827    -0.2083642325     0.1298615319     0.4820768537    -0.2721556712     0.3025967749
1    -4.9860000000     7.9710000000     1.4020000000     0.3821316800    -0.0409320223    -0.0317773837    -0.0994989650    -3.1334803021    -0.2051483549     0.7955839246    -2.0514107164    -0.1290102651    -2.2468115583     0.6823738716     0.0789854663     0.2383726227     1.7225422920     0.1888699624     0.9562102165
1    -4.4320000000     8.8780000000     2.5100000000    -0.4887296151    -0.0654318543    -0.0676932169    -0.1404767961    -3.4198026811     0.0345744365     0.1139541996    -3.3675418334     0.0382382476    -3.2631209086     0.7786596181     0.2042908400     0.1915604432     1.0939817721     0.3721527736     1.0264108182
1    -5.5850000000     8.4380000000     0.4350000000    -0.4819705111     0.2651840506    -0.2130287488     0.4143667290    -3.7031405976    -0.1638898950     0.2515214333    -3.9759199162    -0.3043221709    -3.4646293652     0.3924450701    -0.1502330546     0.2540881164     0.4727372431    -0.2681287053     0.6481949204
1    -4.9170000000     9.8300000000     2.4000000000     0.1627602787     0.1534955556    -0.3090245637     0.0224831284    -0.4672045211    -0.2742523283     0.0270923682    -0.0609175675    -0.0541859592    -0.6000018465     0.1517075684    -0.2024165826     0.0029180832     0.6599176148     0.0252551229     0.0827321576
1    -4.6166450000     8.4579520000     3.4766260000     0.1411519959     0.0607158914     0.1358417966    -0.3198307749    -0.6037606188     0.0495453178    -0.1030252556    -0.5351674017    -0.2350371422    -0.0758747762     0.0928996749     0.0285302099    -0.0560611410     0.1323451395    -0.1117025453     0.6048833479
1    -3.3772830000     9.0112420000     2.3886790000     0.1624708467    -0.3363895126    -0.0393503130     0.0357954077     0.0558608380     0.0772049811    -0.0843109885    -0.5993517136    -0.0157568273    -0.5907149914     0.6320091804     0.1454156714    -0.0057585179     0.1190458074     0.0099105423     0.0873751781
1    -7.4690000000     5.8780000000     1.7470000000    -0.3283739629    -0.1235880238     0.0182974533    -0.2225039643    -2.5705733827    -0.0608385282    -0.0857515695    -4.2003407799     0.1521084886    -2.6426274160     1.4010165466    -0.0634942192    -0.4877084049     0.2732194612     0.0563549668     0.8521600502
1    -8.9320000000     5.9610000000     1.7920000000    -0.3287521601     0.2589271343    -0.0193086923    -0.0383242104    -2.7095247710    -0.0457139547    -0.0548006255    -3.3630086432    -0.0117431658    -3.2648222981     1.4472842758    -0.0360229893    -0.1677869561     0.6677924641     0.0087186226     0.6212600564
1    -6.9420000000     5.9660000000     2.5660000000     0.2625991623    -0.1189758609    -0.0197888497    -0.2139151105    -0.3871887547     0.0294794710     0.1607469982    -0.5145659133     0.0200335061    -0.1904071769     0.1639991257     0.0088090673     0.1041564358     0.1077815220     0.0287909455     0.3607559792
1    -9.3650000000     5.1410000000     1.2450000000     0.1588744293     0.1377731696     0.2544617153     0.1635430922    -0.4767468629     0.1855688955     0.1250736826    -0.2325128577     0.2395065120    -0.4250600276     0.2658707371     0.2226546093     0.1258874102     0.3727127159     0.1637056590     0.1510518819
1    -9.2873350000     6.8563320000     1.3261480000     0.1545529717     0.1134706101    -0.2773139509     0.1353930377    -0.5202654093    -0.1557175655     0.0902763127    -0.1720190124    -0.2245680625    -0.4851506351     0.2275038493    -0.2140739212     0.0887652275     0.4368926212    -0.1501039428     0.1260693904
1    -9.2710380000     5.9105650000     2.8056120000     0.1413006312     0.1010749366     0.0123130922    -0.3281164188    -0.5711679354     0.0061291919    -0.2028143974    -0.6224944348    -0.0276378994    -0.0293169368     0.2104932247     0.0084260496    -0.2453890319     0.0773936419    -0.0218135621     0.5752682912


---------------
Atomic domain 1
---------------
Domain center:           -4.78600     6.67400     1.55700
Nuclear charge:           7.00000
Electronic charge:       -7.32134
Total charge:            -0.32134
Electronic dipole        -0.10656     0.08613    -0.21013
Electronic dipole norm     0.25086
Electronic quadrupole    -3.66043    -0.06925     0.69026    -2.50348     0.12047    -3.12348
Isotropic polarizablity (w=0)     0.87664
Electronic polarizability (w=0)     0.44189     0.13121     1.69364     0.18381     0.30649     0.49438

---------------
Atomic domain 2
---------------
Domain center:           -5.32400     5.69900     0.60800
Nuclear charge:           6.00000
Electronic charge:       -6.05233
Total charge:            -0.05233
Electronic dipole         0.00377    -0.06878     0.19017
Electronic dipole norm     0.20226
Electronic quadrupole    -2.76618    -0.00675     0.17843    -2.43173     0.15784    -2.80826
Isotropic polarizablity (w=0)     1.18534
Electronic polarizability (w=0)     1.40481    -0.11225     1.56161     0.10317     0.25220     0.58960

---------------
Atomic domain 3
---------------
Domain center:           -6.84300     5.76700     0.57600
Nuclear charge:           6.00000
Electronic charge:       -5.61264
Total charge:             0.38736
Electronic dipole        -0.09053    -0.00875    -0.04821
Electronic dipole norm     0.10294
Electronic quadrupole    -2.16214    -0.01531     0.17355    -3.51363     0.16040    -1.71365
Isotropic polarizablity (w=0)     1.11821
Electronic polarizability (w=0)     1.59237    -0.06440     0.60293    -0.21406     0.09345     1.15934

---------------
Atomic domain 4
---------------
Domain center:           -7.44600     5.68400    -0.50000
Nuclear charge:           8.00000
Electronic charge:       -8.47894
Total charge:            -0.47894
Electronic dipole         0.27100     0.04031     0.46285
Electronic dipole norm     0.53786
Electronic quadrupole    -3.93196     0.03664     0.39801    -3.85218     0.03942    -3.36655
Isotropic polarizablity (w=0)     0.51917
Electronic polarizability (w=0)     0.45522     0.02452     0.23399     0.31256     0.06179     0.86829

---------------
Atomic domain 5
---------------
Domain center:           -4.91300     4.28800     0.98800
Nuclear charge:           6.00000
Electronic charge:       -6.25946
Total charge:            -0.25946
Electronic dipole         0.19347     0.15993    -0.15162
Electronic dipole norm     0.29326
Electronic quadrupole    -2.72928    -0.29224    -0.11752    -2.77027    -0.10132    -3.14914
Isotropic polarizablity (w=0)     1.17061
Electronic polarizability (w=0)     1.51781    -0.51209     1.34184    -0.24322    -0.00072     0.65218

---------------
Atomic domain 6
---------------
Domain center:           -3.44000     3.97400     0.78800
Nuclear charge:           6.00000
Electronic charge:       -6.33428
Total charge:            -0.33428
Electronic dipole        -0.16533     0.00120    -0.15099
Electronic dipole norm     0.22390
Electronic quadrupole    -2.78726    -0.11044    -0.11074    -3.31371    -0.00664    -3.38663
Isotropic polarizablity (w=0)     1.19424
Electronic polarizability (w=0)     1.49241    -0.38087     0.83951    -0.39746     0.22683     1.25080

---------------
Atomic domain 7
---------------
Domain center:           -3.07800     3.71200    -0.65900
Nuclear charge:           6.00000
Electronic charge:       -5.59438
Total charge:             0.40562
Electronic dipole         0.03267    -0.03090    -0.09942
Electronic dipole norm     0.10912
Electronic quadrupole    -1.73865     0.21944     0.07375    -3.74065     0.34108    -2.26575
Isotropic polarizablity (w=0)     1.15658
Electronic polarizability (w=0)     1.25358    -0.09194     0.75867    -0.29057     0.29278     1.45748

---------------
Atomic domain 8
---------------
Domain center:           -3.98400     3.44300    -1.47400
Nuclear charge:           8.00000
Electronic charge:       -8.60517
Total charge:            -0.60517
Electronic dipole         0.44626     0.11074     0.32804
Electronic dipole norm     0.56482
Electronic quadrupole    -3.72431     0.14347     0.43000    -4.05278     0.06095    -3.94420
Isotropic polarizablity (w=0)     0.49828
Electronic polarizability (w=0)     0.51764     0.10368     0.31232     0.31422     0.18075     0.66488

---------------
Atomic domain 9
---------------
Domain center:           -1.85600     3.75200    -0.98100
Nuclear charge:           8.00000
Electronic charge:       -8.63366
Total charge:            -0.63366
Electronic dipole        -0.55140    -0.02903     0.09492
Electronic dipole norm     0.56026
Electronic quadrupole    -3.42356     0.02678    -0.15855    -4.14238    -0.04660    -4.26757
Isotropic polarizablity (w=0)     0.57255
Electronic polarizability (w=0)     1.13101    -0.05094     0.24448    -0.31556     0.01784     0.34214

----------------
Atomic domain 10
----------------
Domain center:           -4.22600     6.39500     2.31900
Nuclear charge:           1.00000
Electronic charge:       -0.73682
Total charge:             0.26318
Electronic dipole        -0.12753     0.06704    -0.19369
Electronic dipole norm     0.24140
Electronic quadrupole    -0.38196    -0.08292     0.18943    -0.48848    -0.09840    -0.24715
Isotropic polarizablity (w=0)     0.22335
Electronic polarizability (w=0)     0.21425    -0.05638     0.15645     0.15002    -0.04376     0.29934

----------------
Atomic domain 11
----------------
Domain center:           -4.94400     5.92700    -0.35800
Nuclear charge:           1.00000
Electronic charge:       -0.81305
Total charge:             0.18695
Electronic dipole        -0.09805    -0.07608     0.27468
Electronic dipole norm     0.30142
Electronic quadrupole    -0.48130     0.02826    -0.18630    -0.49778    -0.09350    -0.12172
Isotropic polarizablity (w=0)     0.24373
Electronic polarizability (w=0)     0.16913     0.01922     0.12916    -0.14683    -0.07509     0.43290

----------------
Atomic domain 12
----------------
Domain center:           -5.19000     4.16300     2.03200
Nuclear charge:           1.00000
Electronic charge:       -0.91021
Total charge:             0.08979
Electronic dipole         0.09245     0.03859    -0.36593
Electronic dipole norm     0.37940
Electronic quadrupole    -0.66575     0.01897    -0.14035    -0.68409    -0.08035    -0.09272
Isotropic polarizablity (w=0)     0.32934
Electronic polarizability (w=0)     0.18128     0.00306     0.16107    -0.18877    -0.12073     0.64566

----------------
Atomic domain 13
----------------
Domain center:           -5.51200     3.57300     0.44300
Nuclear charge:           1.00000
Electronic charge:       -0.84172
Total charge:             0.15828
Electronic dipole         0.20142     0.21778     0.16376
Electronic dipole norm     0.33884
Electronic quadrupole    -0.38947     0.22704     0.11926    -0.35416     0.20803    -0.40218
Isotropic polarizablity (w=0)     0.27404
Electronic polarizability (w=0)     0.31866     0.22116     0.38830     0.11895     0.14044     0.11516

----------------
Atomic domain 14
----------------
Domain center:           -2.88400     4.85600     1.05000
Nuclear charge:           1.00000
Electronic charge:       -0.88005
Total charge:             0.11995
Electronic dipole        -0.19046    -0.30101    -0.12310
Electronic dipole norm     0.37688
Electronic quadrupole    -0.48163     0.27309     0.08476    -0.19871     0.14933    -0.60068
Isotropic polarizablity (w=0)     0.30563
Electronic polarizability (w=0)     0.31634     0.23105     0.43130     0.10385     0.16047     0.16927

----------------
Atomic domain 15
----------------
Domain center:           -3.11000     3.13400     1.37300
Nuclear charge:           1.00000
Electronic charge:       -0.86396
Total charge:             0.13604
Electronic dipole        -0.09573     0.26173    -0.20737
Electronic dipole norm     0.34738
Electronic quadrupole    -0.60891    -0.14011     0.11193    -0.24493    -0.27675    -0.44794
Isotropic polarizablity (w=0)     0.32792
Electronic polarizability (w=0)     0.19909    -0.20836     0.48208     0.12986    -0.27216     0.30260

----------------
Atomic domain 16
----------------
Domain center:           -4.98600     7.97100     1.40200
Nuclear charge:           6.00000
Electronic charge:       -5.61787
Total charge:             0.38213
Electronic dipole        -0.04093    -0.03178    -0.09950
Electronic dipole norm     0.11218
Electronic quadrupole    -3.13348    -0.20515     0.79558    -2.05141    -0.12901    -2.24681
Isotropic polarizablity (w=0)     1.12038
Electronic polarizability (w=0)     0.68237     0.07899     1.72254     0.23837     0.18887     0.95621

----------------
Atomic domain 17
----------------
Domain center:           -4.43200     8.87800     2.51000
Nuclear charge:           6.00000
Electronic charge:       -6.48873
Total charge:            -0.48873
Electronic dipole        -0.06543    -0.06769    -0.14048
Electronic dipole norm     0.16911
Electronic quadrupole    -3.41980     0.03457     0.11395    -3.36754     0.03824    -3.26312
Isotropic polarizablity (w=0)     0.96635
Electronic polarizability (w=0)     0.77866     0.20429     1.09398     0.19156     0.37215     1.02641

----------------
Atomic domain 18
----------------
Domain center:           -5.58500     8.43800     0.43500
Nuclear charge:           8.00000
Electronic charge:       -8.48197
Total charge:            -0.48197
Electronic dipole         0.26518    -0.21303     0.41437
Electronic dipole norm     0.53610
Electronic quadrupole    -3.70314    -0.16389     0.25152    -3.97592    -0.30432    -3.46463
Isotropic polarizablity (w=0)     0.50446
Electronic polarizability (w=0)     0.39245    -0.15023     0.47274     0.25409    -0.26813     0.64819

----------------
Atomic domain 19
----------------
Domain center:           -4.91700     9.83000     2.40000
Nuclear charge:           1.00000
Electronic charge:       -0.83724
Total charge:             0.16276
Electronic dipole         0.15350    -0.30902     0.02248
Electronic dipole norm     0.34578
Electronic quadrupole    -0.46720    -0.27425     0.02709    -0.06092    -0.05419    -0.60000
Isotropic polarizablity (w=0)     0.29812
Electronic polarizability (w=0)     0.15171    -0.20242     0.65992     0.00292     0.02526     0.08273

----------------
Atomic domain 20
----------------
Domain center:           -4.61665     8.45795     3.47663
Nuclear charge:           1.00000
Electronic charge:       -0.85885
Total charge:             0.14115
Electronic dipole         0.06072     0.13584    -0.31983
Electronic dipole norm     0.35275
Electronic quadrupole    -0.60376     0.04955    -0.10303    -0.53517    -0.23504    -0.07587
Isotropic polarizablity (w=0)     0.27671
Electronic polarizability (w=0)     0.09290     0.02853     0.13235    -0.05606    -0.11170     0.60488

----------------
Atomic domain 21
----------------
Domain center:           -3.37728     9.01124     2.38868
Nuclear charge:           1.00000
Electronic charge:       -0.83753
Total charge:             0.16247
Electronic dipole        -0.33639    -0.03935     0.03580
Electronic dipole norm     0.34057
Electronic quadrupole     0.05586     0.07720    -0.08431    -0.59935    -0.01576    -0.59071
Isotropic polarizablity (w=0)     0.27948
Electronic polarizability (w=0)     0.63201     0.14542     0.11905    -0.00576     0.00991     0.08738

----------------
Atomic domain 22
----------------
Domain center:           -7.46900     5.87800     1.74700
Nuclear charge:           7.00000
Electronic charge:       -7.32837
Total charge:            -0.32837
Electronic dipole        -0.12359     0.01830    -0.22250
Electronic dipole norm     0.25518
Electronic quadrupole    -2.57057    -0.06084    -0.08575    -4.20034     0.15211    -2.64263
Isotropic polarizablity (w=0)     0.84213
Electronic polarizability (w=0)     1.40102    -0.06349     0.27322    -0.48771     0.05635     0.85216

----------------
Atomic domain 23
----------------
Domain center:           -8.93200     5.96100     1.79200
Nuclear charge:           6.00000
Electronic charge:       -6.32875
Total charge:            -0.32875
Electronic dipole         0.25893    -0.01931    -0.03832
Electronic dipole norm     0.26246
Electronic quadrupole    -2.70952    -0.04571    -0.05480    -3.36301    -0.01174    -3.26482
Isotropic polarizablity (w=0)     0.91211
Electronic polarizability (w=0)     1.44728    -0.03602     0.66779    -0.16779     0.00872     0.62126

----------------
Atomic domain 24
----------------
Domain center:           -6.94200     5.96600     2.56600
Nuclear charge:           1.00000
Electronic charge:       -0.73740
Total charge:             0.26260
Electronic dipole        -0.11898    -0.01979    -0.21392
Electronic dipole norm     0.24557
Electronic quadrupole    -0.38719     0.02948     0.16075    -0.51457     0.02003    -0.19041
Isotropic polarizablity (w=0)     0.21085
Electronic polarizability (w=0)     0.16400     0.00881     0.10778     0.10416     0.02879     0.36076

----------------
Atomic domain 25
----------------
Domain center:           -9.36500     5.14100     1.24500
Nuclear charge:           1.00000
Electronic charge:       -0.84113
Total charge:             0.15887
Electronic dipole         0.13777     0.25446     0.16354
Electronic dipole norm     0.33238
Electronic quadrupole    -0.47675     0.18557     0.12507    -0.23251     0.23951    -0.42506
Isotropic polarizablity (w=0)     0.26321
Electronic polarizability (w=0)     0.26587     0.22265     0.37271     0.12589     0.16371     0.15105

----------------
Atomic domain 26
----------------
Domain center:           -9.28734     6.85633     1.32615
Nuclear charge:           1.00000
Electronic charge:       -0.84545
Total charge:             0.15455
Electronic dipole         0.11347    -0.27731     0.13539
Electronic dipole norm     0.32880
Electronic quadrupole    -0.52027    -0.15572     0.09028    -0.17202    -0.22457    -0.48515
Isotropic polarizablity (w=0)     0.26349
Electronic polarizability (w=0)     0.22750    -0.21407     0.43689     0.08877    -0.15010     0.12607

----------------
Atomic domain 27
----------------
Domain center:           -9.27104     5.91057     2.80561
Nuclear charge:           1.00000
Electronic charge:       -0.85870
Total charge:             0.14130
Electronic dipole         0.10107     0.01231    -0.32812
Electronic dipole norm     0.34355
Electronic quadrupole    -0.57117     0.00613    -0.20281    -0.62249    -0.02764    -0.02932
Isotropic polarizablity (w=0)     0.28772
Electronic polarizability (w=0)     0.21049     0.00843     0.07739    -0.24539    -0.02181     0.57527

---------
Molecular
---------
Domain center:           -5.25311     5.74880     0.69220
Nuclear charge:         107.00000
Electronic charge:     -108.00000
Total charge:            -1.00000
Electronic dipole         0.22077    -0.08748    -0.62715
Gauge   dipole           -3.05589     2.73403     5.92801
Total   dipole           -2.83512     2.64655     5.30086
Electronic quadrupole -1506.71616   438.09434   350.95295 -1279.44532  -527.12576  -628.65654
Nuclear    quadrupole  1420.50093  -420.29562  -341.33816  1197.48919   516.29605   553.71149
Total      quadrupole   -86.21523    17.79872     9.61479   -81.95613   -10.82971   -74.94505
Polarizability av (0)       16.22061
Polarizability (0)          17.65176    -0.71247    15.47371    -0.33699     1.52259    15.53637
Time used in Loprop              :      6.48 (cpu)       4.61 (wall)
