AA
12 2 2 1
1   -17.7190000000    10.9860000000     6.1540000000    -0.3224906139     0.0084864745     0.2263576034    -0.1042389819    -3.6589724107     0.4514626056     0.6469539400    -2.8459762868    -0.1895325082    -2.8609904937     0.6648164097     0.2386099650     0.5511191157     0.6460725615     0.1585823630     1.1597198959
1   -16.9390000000    12.0460000000     6.7920000000    -0.3174327624    -0.1377195037    -0.1700329468    -0.1266156528    -3.1835685361     0.2460502537     0.1613332616    -3.0180298905     0.2018118325    -3.1462727780     0.8958009254     0.2030161323     0.2010872731     0.9196987629     0.2907302651     0.8813164705
1   -17.8430000000    10.1330000000     6.6210000000     0.2729402495     0.0278187288     0.2053811650    -0.1129662998    -0.5147356141     0.0337806685    -0.0385129525    -0.1863090127    -0.2040536292    -0.4211543008     0.0909219911     0.0270471136    -0.0181003155     0.3581419816    -0.1686012652     0.2059483959
1   -17.5350000000    12.9980000000     6.8920000000     0.1481582901     0.1675882744    -0.2655636238    -0.0302479151    -0.4295674862    -0.2848137637    -0.0238223434    -0.1446593218     0.0483286660    -0.6103520686     0.2057947892    -0.2230605207    -0.0558127814     0.5518246889     0.1238636603     0.1029467286
1   -16.0831830000    12.2644770000     6.1880580000     0.1607105819    -0.2622121347    -0.0683839860     0.1763632677    -0.2055403431     0.1014953726    -0.2824013804    -0.5496610680    -0.0633764674    -0.3901886454     0.4889988421     0.1191303710    -0.2022081213     0.1147425236    -0.0434209568     0.1778804157
1   -16.6386460000    11.7553570000     7.7769950000     0.1536719525    -0.0915743812     0.1028866504    -0.3021100400    -0.5558879589    -0.0568409359     0.1694892209    -0.5690028276    -0.1706029495    -0.0535151830     0.1463858620    -0.0336566540     0.1844182056     0.1059813765    -0.1063429950     0.5895117548
1   -18.3020000000    11.1800000000     4.9660000000     0.3853267726     0.0230036977     0.0991668614    -0.0079056139    -3.2319825485     0.2372642566     0.6033232311    -1.9026607270    -0.3512293706    -2.2895917405     0.8489507198     0.1601920164     0.4279153872     1.1008276948     0.0759107537     1.3277978219
1   -18.9880000000    10.0080000000     4.2830000000    -0.4837455154     0.0632157500     0.1527019288     0.0365846200    -3.3690447403     0.1003732342     0.0616964841    -3.1992449634     0.0154904869    -3.4412936727     0.8676455574     0.2524947433     0.1732818510     1.0910658024     0.2604683670     0.8745987123
1   -18.3090000000    12.2920000000     4.4220000000    -0.4865187924     0.0010377907    -0.4806841078     0.2397564166    -3.9341199038    -0.0758736920    -0.0952423248    -3.3531646693    -0.3640926652    -3.8820311060     0.2521142792    -0.0295349176     0.0344949104     0.8466831636    -0.3367072108     0.4576058430
1   -18.4251810000     9.1132430000     4.4489690000     0.1479744573    -0.1787798344     0.2941606524    -0.0556810136    -0.4295158056    -0.2924222177     0.0494238843    -0.1402822340    -0.0866333342    -0.6149540618     0.2009868238    -0.2137448246     0.0229155758     0.5581049057    -0.0174517955     0.0884874809
1   -20.0014100000     9.8680260000     4.5965410000     0.1669917725     0.3100471372     0.0417413334    -0.1052487183    -0.0077807098     0.0691105784    -0.1912833254    -0.5894762593    -0.0286138002    -0.5419490476     0.6175313801     0.1227017813    -0.1113400531     0.1147346988    -0.0154487061     0.1043566014
1   -18.9740000000    10.2680000000     3.2340000000     0.1744136077    -0.0004243329    -0.0686314654     0.3316428683    -0.5888324912     0.0022842691    -0.0063396376    -0.5538100654    -0.1522271225     0.0750749608     0.0816266665     0.0069721006     0.0430380964     0.0917737707    -0.0568604211     0.6799174351


---------------
Atomic domain 1
---------------
Domain center:          -17.71900    10.98600     6.15400
Nuclear charge:           7.00000
Electronic charge:       -7.32249
Total charge:            -0.32249
Electronic dipole         0.00849     0.22636    -0.10424
Electronic dipole norm     0.24935
Electronic quadrupole    -3.65897     0.45146     0.64695    -2.84598    -0.18953    -2.86099
Isotropic polarizablity (w=0)     0.82354
Electronic polarizability (w=0)     0.66482     0.23861     0.64607     0.55112     0.15858     1.15972

---------------
Atomic domain 2
---------------
Domain center:          -16.93900    12.04600     6.79200
Nuclear charge:           6.00000
Electronic charge:       -6.31743
Total charge:            -0.31743
Electronic dipole        -0.13772    -0.17003    -0.12662
Electronic dipole norm     0.25280
Electronic quadrupole    -3.18357     0.24605     0.16133    -3.01803     0.20181    -3.14627
Isotropic polarizablity (w=0)     0.89894
Electronic polarizability (w=0)     0.89580     0.20302     0.91970     0.20109     0.29073     0.88132

---------------
Atomic domain 3
---------------
Domain center:          -17.84300    10.13300     6.62100
Nuclear charge:           1.00000
Electronic charge:       -0.72706
Total charge:             0.27294
Electronic dipole         0.02782     0.20538    -0.11297
Electronic dipole norm     0.23604
Electronic quadrupole    -0.51474     0.03378    -0.03851    -0.18631    -0.20405    -0.42115
Isotropic polarizablity (w=0)     0.21834
Electronic polarizability (w=0)     0.09092     0.02705     0.35814    -0.01810    -0.16860     0.20595

---------------
Atomic domain 4
---------------
Domain center:          -17.53500    12.99800     6.89200
Nuclear charge:           1.00000
Electronic charge:       -0.85184
Total charge:             0.14816
Electronic dipole         0.16759    -0.26556    -0.03025
Electronic dipole norm     0.31548
Electronic quadrupole    -0.42957    -0.28481    -0.02382    -0.14466     0.04833    -0.61035
Isotropic polarizablity (w=0)     0.28686
Electronic polarizability (w=0)     0.20579    -0.22306     0.55182    -0.05581     0.12386     0.10295

---------------
Atomic domain 5
---------------
Domain center:          -16.08318    12.26448     6.18806
Nuclear charge:           1.00000
Electronic charge:       -0.83929
Total charge:             0.16071
Electronic dipole        -0.26221    -0.06838     0.17636
Electronic dipole norm     0.32332
Electronic quadrupole    -0.20554     0.10150    -0.28240    -0.54966    -0.06338    -0.39019
Isotropic polarizablity (w=0)     0.26054
Electronic polarizability (w=0)     0.48900     0.11913     0.11474    -0.20221    -0.04342     0.17788

---------------
Atomic domain 6
---------------
Domain center:          -16.63865    11.75536     7.77700
Nuclear charge:           1.00000
Electronic charge:       -0.84633
Total charge:             0.15367
Electronic dipole        -0.09157     0.10289    -0.30211
Electronic dipole norm     0.33203
Electronic quadrupole    -0.55589    -0.05684     0.16949    -0.56900    -0.17060    -0.05352
Isotropic polarizablity (w=0)     0.28063
Electronic polarizability (w=0)     0.14639    -0.03366     0.10598     0.18442    -0.10634     0.58951

---------------
Atomic domain 7
---------------
Domain center:          -18.30200    11.18000     4.96600
Nuclear charge:           6.00000
Electronic charge:       -5.61467
Total charge:             0.38533
Electronic dipole         0.02300     0.09917    -0.00791
Electronic dipole norm     0.10211
Electronic quadrupole    -3.23198     0.23726     0.60332    -1.90266    -0.35123    -2.28959
Isotropic polarizablity (w=0)     1.09253
Electronic polarizability (w=0)     0.84895     0.16019     1.10083     0.42792     0.07591     1.32780

---------------
Atomic domain 8
---------------
Domain center:          -18.98800    10.00800     4.28300
Nuclear charge:           6.00000
Electronic charge:       -6.48375
Total charge:            -0.48375
Electronic dipole         0.06322     0.15270     0.03658
Electronic dipole norm     0.16927
Electronic quadrupole    -3.36904     0.10037     0.06170    -3.19924     0.01549    -3.44129
Isotropic polarizablity (w=0)     0.94444
Electronic polarizability (w=0)     0.86765     0.25249     1.09107     0.17328     0.26047     0.87460

---------------
Atomic domain 9
---------------
Domain center:          -18.30900    12.29200     4.42200
Nuclear charge:           8.00000
Electronic charge:       -8.48652
Total charge:            -0.48652
Electronic dipole         0.00104    -0.48068     0.23976
Electronic dipole norm     0.53716
Electronic quadrupole    -3.93412    -0.07587    -0.09524    -3.35316    -0.36409    -3.88203
Isotropic polarizablity (w=0)     0.51880
Electronic polarizability (w=0)     0.25211    -0.02953     0.84668     0.03449    -0.33671     0.45761

----------------
Atomic domain 10
----------------
Domain center:          -18.42518     9.11324     4.44897
Nuclear charge:           1.00000
Electronic charge:       -0.85203
Total charge:             0.14797
Electronic dipole        -0.17878     0.29416    -0.05568
Electronic dipole norm     0.34870
Electronic quadrupole    -0.42952    -0.29242     0.04942    -0.14028    -0.08663    -0.61495
Isotropic polarizablity (w=0)     0.28253
Electronic polarizability (w=0)     0.20099    -0.21374     0.55810     0.02292    -0.01745     0.08849

----------------
Atomic domain 11
----------------
Domain center:          -20.00141     9.86803     4.59654
Nuclear charge:           1.00000
Electronic charge:       -0.83301
Total charge:             0.16699
Electronic dipole         0.31005     0.04174    -0.10525
Electronic dipole norm     0.33007
Electronic quadrupole    -0.00778     0.06911    -0.19128    -0.58948    -0.02861    -0.54195
Isotropic polarizablity (w=0)     0.27887
Electronic polarizability (w=0)     0.61753     0.12270     0.11473    -0.11134    -0.01545     0.10436

----------------
Atomic domain 12
----------------
Domain center:          -18.97400    10.26800     3.23400
Nuclear charge:           1.00000
Electronic charge:       -0.82559
Total charge:             0.17441
Electronic dipole        -0.00042    -0.06863     0.33164
Electronic dipole norm     0.33867
Electronic quadrupole    -0.58883     0.00228    -0.00634    -0.55381    -0.15223     0.07507
Isotropic polarizablity (w=0)     0.28444
Electronic polarizability (w=0)     0.08163     0.00697     0.09177     0.04304    -0.05686     0.67992

---------
Molecular
---------
Domain center:          -18.03449    11.27605     5.36144
Nuclear charge:          40.00000
Electronic charge:      -40.00000
Total charge:             0.00000
Electronic dipole        -0.06951     0.06910    -0.06067
Gauge   dipole            0.27680    -1.17935     1.05345
Total   dipole            0.20729    -1.11025     0.99278
Electronic quadrupole  -112.21806   -60.85512  -105.81951  -148.88885   -48.97730  -193.20327
Nuclear    quadrupole    90.45815    62.13095   106.67151   125.91919    50.57660   171.56777
Total      quadrupole   -21.75990     1.27583     0.85200   -22.96967     1.59931   -21.63551
Polarizability av (0)        6.17044
Polarizability (0)           5.36157     0.63017     6.49965     1.25081     0.16472     6.65009
Time used in Loprop              :      0.67 (cpu)       0.56 (wall)
