AA
29 2 2 1
1   -17.7190000000    10.9860000000     6.1540000000    -0.3362050398     0.0079289813     0.2219730114    -0.1143624769    -3.6467651062     0.4626880660     0.6337052098    -2.8520715099    -0.1959066475    -2.8761155050     0.8084514887     0.2958047114     0.6235608496     0.5507446821     0.1728344222     1.2676042461
1   -16.9390000000    12.0460000000     6.7920000000    -0.0347780909     0.0593212797    -0.1923288838     0.0117345494    -2.8281366479     0.2376180641     0.1793468363    -2.7219964199     0.0374025477    -2.5016024638     1.2560252991     0.3083916842    -0.0311797730     0.7352591172     0.0645900645     1.6857567432
1   -15.7090000000    12.3600000000     5.9240000000     0.3724481933     0.0786668470     0.0594324980    -0.0746839795    -2.6616163150     0.1683299846    -0.6171400230    -1.6769768660     0.0788353075    -3.1708569866     1.3079054112    -0.0300365224    -0.5164139536     1.1354998882     0.1241664172     0.9969393376
1   -15.3240000000    13.5420000000     5.7770000000    -0.4847775614    -0.1645105405    -0.4981275835     0.0490620116    -3.9860676706     0.2597580832     0.1023071714    -3.2601539168    -0.1150160029    -3.9692846405     0.3419022387     0.2401925868    -0.0508410037     1.0054743630    -0.0735551448     0.2604112567
1   -16.5060000000    11.6270000000     8.2120000000    -0.2620304394    -0.2573399923     0.0754395530    -0.0306857860    -2.9314319408    -0.0208692975    -0.1426159349    -3.1287364878    -0.1889353540    -2.5445779960     0.8879854175     0.0361988599    -0.2711697585     0.5358119010    -0.1642281047     1.7999592190
1   -17.6910000000    11.6140000000     9.1560000000    -0.3115245154     0.2608954978    -0.0835962690    -0.0263224526    -2.9851535393    -0.0343632030    -0.2164074444    -3.1999413732    -0.0810111493    -2.9065581049     0.8679251286    -0.0033565174    -0.2927189848     0.6321544111    -0.2476925548     1.6872067221
1   -17.3410000000    10.9810000000    10.4820000000     0.3935739834     0.0245790783    -0.0554492635     0.0791788085    -2.5808830149    -0.9691326952    -0.2163469969    -2.5753255725    -0.1203508785    -2.1188071751     0.8573276390    -0.2352188694    -0.1993473973     0.8403903909    -0.0972512293     1.5850786796
1   -18.0070000000    11.3970000000    11.5400000000    -0.4745510558     0.1436708707    -0.0919350158    -0.1722440082    -3.4684170889    -0.7397779888    -0.2155594065    -3.5757569150    -0.0808108987    -2.8467980360     0.5560619748    -0.1452835158    -0.3552714624     0.4199284168     0.1531220913     1.1447516009
1   -16.4830000000    10.0810000000    10.5480000000    -0.4929182705    -0.3712539709     0.3843818839    -0.0130319551    -3.5462117023    -0.3700745233     0.0385262794    -3.5161791628     0.0363245820    -4.1493808301     0.5979108289    -0.3837843567     0.0464159210     0.6582401276    -0.0769994314     0.3045498938
1   -17.8430000000    10.1330000000     6.6210000000     0.2677108501     0.0261774704     0.2085897952    -0.1095939494    -0.5215014612     0.0390895216    -0.0296562342    -0.1817551097    -0.1937602324    -0.4327268011     0.1074402097     0.0525470867    -0.0202144219     0.3279543968    -0.1292411434     0.2149788521
1   -17.5350000000    12.9980000000     6.8920000000     0.1512287082     0.1613612144    -0.2491662924    -0.0280370151    -0.4384561211    -0.2594998899    -0.0271105622    -0.1998476953     0.0520724372    -0.6188600225     0.2604186053    -0.2341802949    -0.0539275244     0.4788874014     0.0797556495     0.1567965005
1   -16.0830000000    10.6350000000     8.1800000000     0.1440330828    -0.1367584071     0.3012780560     0.0214368159    -0.5349913118    -0.2214122976    -0.0172680074    -0.1127567810     0.0001202539    -0.5677972321     0.1990303527    -0.1930004029    -0.0185725295     0.4122657178     0.0117423495     0.1422566882
1   -15.8230000000    12.3680000000     8.5360000000     0.1650243521    -0.2158709671    -0.2196809480    -0.1050152324    -0.3499809411     0.2732263587     0.1301384095    -0.2895931881     0.1423674199    -0.5284186204     0.3233380993     0.2220464736     0.1192995329     0.2608432824     0.1143832981     0.1958632834
1   -17.9710000000    12.6420000000     9.3180000000     0.1417742150     0.1027138285    -0.3194682074    -0.0509163267    -0.5895374063    -0.1571658111    -0.0086116811    -0.0279723071     0.0843675552    -0.6110981086     0.1422137922    -0.1576635072    -0.0426160900     0.5251121619     0.0638407712     0.1589706057
1   -18.4900000000    11.0660000000     8.6950000000     0.1527668531     0.2541089320     0.1646933568     0.1316182924    -0.2636067268     0.2416982629     0.1908624216    -0.4517081257     0.1365257231    -0.4824979549     0.4109408684     0.1808656401     0.1387333417     0.1735712102     0.0831448650     0.2229356919
1   -18.6820000000    12.0890000000    11.3450000000     0.2813046953     0.1690951873    -0.1669728915     0.0251212533    -0.2777413971    -0.2302155241     0.0562221914    -0.2715534019    -0.0593593402    -0.4923668895     0.2861841241    -0.1746674089    -0.0248321007     0.2515670726     0.0173347634     0.0969531269
1   -17.7860000000    11.0320000000    12.4240000000     0.2925140309    -0.0478469113     0.0836143819    -0.2071993873    -0.5037011406    -0.0290960595     0.0952058780    -0.4608163372    -0.1562372723    -0.1388764289     0.0694510433     0.0059665836     0.0474410580     0.1083947940    -0.1371799202     0.5642410521
1   -18.3020000000    11.1800000000     4.9660000000     0.3847466192     0.0241363244     0.1024611018    -0.0074822001    -3.1976452182     0.2573567501     0.6057458992    -1.8896735226    -0.3412468842    -2.3083325700     0.9369025692     0.1888425251     0.5471417482     1.0287283210     0.0961965867     1.3962717663
1   -18.9880000000    10.0080000000     4.2830000000    -0.4839150394     0.0602730590     0.1519657186     0.0336780157    -3.3661506270     0.1054488985     0.0628689039    -3.1941052397     0.0182696831    -3.4476421747     0.8927232022     0.2964209348     0.2288212666     1.0555067079     0.2844682531     0.8968864234
1   -18.3090000000    12.2920000000     4.4220000000    -0.4676605858    -0.0001754937    -0.4727832963     0.2328472166    -3.9178646875    -0.0762929495    -0.1062689472    -3.3309966492    -0.3669399362    -3.8722937691     0.2725778158    -0.0499904038     0.0663654682     0.7771839105    -0.3332632277     0.4758183011
1   -18.9740000000    10.2680000000     3.2340000000     0.1768240674    -0.0008051277    -0.0684976948     0.3295737077    -0.5858034145     0.0019152599    -0.0064756831    -0.5511540086    -0.1528735038     0.0779185816     0.0826681708     0.0058530533     0.0641563632     0.0878046556    -0.0517153339     0.6862149221
1   -18.4251810000     9.1132430000     4.4489690000     0.1467050366    -0.1805694080     0.2937016815    -0.0567755454    -0.4336954625    -0.2918630561     0.0482893863    -0.1410851582    -0.0862129623    -0.6176034988     0.1866791063    -0.1871510989     0.0234598086     0.5329262987    -0.0078493733     0.0904331211
1   -20.0014100000     9.8680260000     4.5965410000     0.1694766969     0.3080875254     0.0412415518    -0.1054882612    -0.0055962236     0.0690874691    -0.1908329356    -0.5863670623    -0.0289518454    -0.5396452167     0.6271378950     0.1291933244    -0.0947854482     0.1129379260    -0.0131136788     0.0965279284
1   -15.0700000000    11.3310000000     5.3800000000    -0.3117617588     0.0649061180     0.2437477506    -0.0701227413    -3.0706767461     0.0078308205    -0.7716758991    -2.6392041381     0.1717726698    -3.5989076627     1.0758660835    -0.2736825349    -0.5902814018     0.6981155838     0.2319154656     0.7049559379
1   -13.9040000000    11.5590000000     4.5340000000    -0.3480207837    -0.2018089418    -0.0124265219     0.1478205718    -2.9361383372     0.0496104631    -0.3384936796    -3.2471082486    -0.0200678906    -3.1023804133     1.1260202941    -0.0161270071    -0.3843502375     0.5581156624    -0.0061232988     0.9168839626
1   -15.4160000000    10.4200000000     5.4770000000     0.2683502933     0.0776979724     0.2270897865    -0.0262724125    -0.4375820780     0.1070749309    -0.0157810891    -0.1257944520    -0.0330473821    -0.5237226195     0.1258614071     0.0694617257    -0.0074438033     0.3832285315    -0.0119202469     0.1044895144
1   -13.2310000000    12.1230000000     5.0470000000     0.1817072160    -0.2310798161    -0.1806426066    -0.1720471598    -0.2953183841     0.2093794844     0.1869380539    -0.3688795300     0.1586490668    -0.3950399013     0.3777157075     0.1834632978     0.1346538436     0.1643863228     0.0826770561     0.1463073532
1   -14.1521460000    12.1304440000     3.6640720000     0.1642088957     0.0798106945    -0.1698223149     0.2708046261    -0.5363640698    -0.0751572899     0.1212214486    -0.4101001195    -0.2715843090    -0.1864759783     0.0925252762    -0.0149352067     0.0267460174     0.1796981200    -0.2247890204     0.5006013645
1   -13.4639990000    10.6365290000     4.2172270000     0.1537453519    -0.1292136592     0.2947330554     0.0902708197    -0.5095239284    -0.2382558492    -0.0741066037    -0.1213557508     0.1703704382    -0.5546307367     0.2364445159    -0.2367013738    -0.1123364457     0.4450819603     0.1637509626     0.1531633233


---------------
Atomic domain 1
---------------
Domain center:          -17.71900    10.98600     6.15400
Nuclear charge:           7.00000
Electronic charge:       -7.33621
Total charge:            -0.33621
Electronic dipole         0.00793     0.22197    -0.11436
Electronic dipole norm     0.24983
Electronic quadrupole    -3.64677     0.46269     0.63371    -2.85207    -0.19591    -2.87612
Isotropic polarizablity (w=0)     0.87560
Electronic polarizability (w=0)     0.80845     0.29580     0.55074     0.62356     0.17283     1.26760

---------------
Atomic domain 2
---------------
Domain center:          -16.93900    12.04600     6.79200
Nuclear charge:           6.00000
Electronic charge:       -6.03478
Total charge:            -0.03478
Electronic dipole         0.05932    -0.19233     0.01173
Electronic dipole norm     0.20161
Electronic quadrupole    -2.82814     0.23762     0.17935    -2.72200     0.03740    -2.50160
Isotropic polarizablity (w=0)     1.22568
Electronic polarizability (w=0)     1.25603     0.30839     0.73526    -0.03118     0.06459     1.68576

---------------
Atomic domain 3
---------------
Domain center:          -15.70900    12.36000     5.92400
Nuclear charge:           6.00000
Electronic charge:       -5.62755
Total charge:             0.37245
Electronic dipole         0.07867     0.05943    -0.07468
Electronic dipole norm     0.12369
Electronic quadrupole    -2.66162     0.16833    -0.61714    -1.67698     0.07884    -3.17086
Isotropic polarizablity (w=0)     1.14678
Electronic polarizability (w=0)     1.30791    -0.03004     1.13550    -0.51641     0.12417     0.99694

---------------
Atomic domain 4
---------------
Domain center:          -15.32400    13.54200     5.77700
Nuclear charge:           8.00000
Electronic charge:       -8.48478
Total charge:            -0.48478
Electronic dipole        -0.16451    -0.49813     0.04906
Electronic dipole norm     0.52688
Electronic quadrupole    -3.98607     0.25976     0.10231    -3.26015    -0.11502    -3.96928
Isotropic polarizablity (w=0)     0.53593
Electronic polarizability (w=0)     0.34190     0.24019     1.00547    -0.05084    -0.07356     0.26041

---------------
Atomic domain 5
---------------
Domain center:          -16.50600    11.62700     8.21200
Nuclear charge:           6.00000
Electronic charge:       -6.26203
Total charge:            -0.26203
Electronic dipole        -0.25734     0.07544    -0.03069
Electronic dipole norm     0.26992
Electronic quadrupole    -2.93143    -0.02087    -0.14262    -3.12874    -0.18894    -2.54458
Isotropic polarizablity (w=0)     1.07459
Electronic polarizability (w=0)     0.88799     0.03620     0.53581    -0.27117    -0.16423     1.79996

---------------
Atomic domain 6
---------------
Domain center:          -17.69100    11.61400     9.15600
Nuclear charge:           6.00000
Electronic charge:       -6.31152
Total charge:            -0.31152
Electronic dipole         0.26090    -0.08360    -0.02632
Electronic dipole norm     0.27522
Electronic quadrupole    -2.98515    -0.03436    -0.21641    -3.19994    -0.08101    -2.90656
Isotropic polarizablity (w=0)     1.06243
Electronic polarizability (w=0)     0.86793    -0.00336     0.63215    -0.29272    -0.24769     1.68721

---------------
Atomic domain 7
---------------
Domain center:          -17.34100    10.98100    10.48200
Nuclear charge:           6.00000
Electronic charge:       -5.60643
Total charge:             0.39357
Electronic dipole         0.02458    -0.05545     0.07918
Electronic dipole norm     0.09974
Electronic quadrupole    -2.58088    -0.96913    -0.21635    -2.57533    -0.12035    -2.11881
Isotropic polarizablity (w=0)     1.09427
Electronic polarizability (w=0)     0.85733    -0.23522     0.84039    -0.19935    -0.09725     1.58508

---------------
Atomic domain 8
---------------
Domain center:          -18.00700    11.39700    11.54000
Nuclear charge:           7.00000
Electronic charge:       -7.47455
Total charge:            -0.47455
Electronic dipole         0.14367    -0.09194    -0.17224
Electronic dipole norm     0.24241
Electronic quadrupole    -3.46842    -0.73978    -0.21556    -3.57576    -0.08081    -2.84680
Isotropic polarizablity (w=0)     0.70691
Electronic polarizability (w=0)     0.55606    -0.14528     0.41993    -0.35527     0.15312     1.14475

---------------
Atomic domain 9
---------------
Domain center:          -16.48300    10.08100    10.54800
Nuclear charge:           8.00000
Electronic charge:       -8.49292
Total charge:            -0.49292
Electronic dipole        -0.37125     0.38438    -0.01303
Electronic dipole norm     0.53455
Electronic quadrupole    -3.54621    -0.37007     0.03853    -3.51618     0.03632    -4.14938
Isotropic polarizablity (w=0)     0.52023
Electronic polarizability (w=0)     0.59791    -0.38378     0.65824     0.04642    -0.07700     0.30455

----------------
Atomic domain 10
----------------
Domain center:          -17.84300    10.13300     6.62100
Nuclear charge:           1.00000
Electronic charge:       -0.73229
Total charge:             0.26771
Electronic dipole         0.02618     0.20859    -0.10959
Electronic dipole norm     0.23708
Electronic quadrupole    -0.52150     0.03909    -0.02966    -0.18176    -0.19376    -0.43273
Isotropic polarizablity (w=0)     0.21679
Electronic polarizability (w=0)     0.10744     0.05255     0.32795    -0.02021    -0.12924     0.21498

----------------
Atomic domain 11
----------------
Domain center:          -17.53500    12.99800     6.89200
Nuclear charge:           1.00000
Electronic charge:       -0.84877
Total charge:             0.15123
Electronic dipole         0.16136    -0.24917    -0.02804
Electronic dipole norm     0.29817
Electronic quadrupole    -0.43846    -0.25950    -0.02711    -0.19985     0.05207    -0.61886
Isotropic polarizablity (w=0)     0.29870
Electronic polarizability (w=0)     0.26042    -0.23418     0.47889    -0.05393     0.07976     0.15680

----------------
Atomic domain 12
----------------
Domain center:          -16.08300    10.63500     8.18000
Nuclear charge:           1.00000
Electronic charge:       -0.85597
Total charge:             0.14403
Electronic dipole        -0.13676     0.30128     0.02144
Electronic dipole norm     0.33156
Electronic quadrupole    -0.53499    -0.22141    -0.01727    -0.11276     0.00012    -0.56780
Isotropic polarizablity (w=0)     0.25118
Electronic polarizability (w=0)     0.19903    -0.19300     0.41227    -0.01857     0.01174     0.14226

----------------
Atomic domain 13
----------------
Domain center:          -15.82300    12.36800     8.53600
Nuclear charge:           1.00000
Electronic charge:       -0.83498
Total charge:             0.16502
Electronic dipole        -0.21587    -0.21968    -0.10502
Electronic dipole norm     0.32540
Electronic quadrupole    -0.34998     0.27323     0.13014    -0.28959     0.14237    -0.52842
Isotropic polarizablity (w=0)     0.26001
Electronic polarizability (w=0)     0.32334     0.22205     0.26084     0.11930     0.11438     0.19586

----------------
Atomic domain 14
----------------
Domain center:          -17.97100    12.64200     9.31800
Nuclear charge:           1.00000
Electronic charge:       -0.85823
Total charge:             0.14177
Electronic dipole         0.10271    -0.31947    -0.05092
Electronic dipole norm     0.33941
Electronic quadrupole    -0.58954    -0.15717    -0.00861    -0.02797     0.08437    -0.61110
Isotropic polarizablity (w=0)     0.27543
Electronic polarizability (w=0)     0.14221    -0.15766     0.52511    -0.04262     0.06384     0.15897

----------------
Atomic domain 15
----------------
Domain center:          -18.49000    11.06600     8.69500
Nuclear charge:           1.00000
Electronic charge:       -0.84723
Total charge:             0.15277
Electronic dipole         0.25411     0.16469     0.13162
Electronic dipole norm     0.33018
Electronic quadrupole    -0.26361     0.24170     0.19086    -0.45171     0.13653    -0.48250
Isotropic polarizablity (w=0)     0.26915
Electronic polarizability (w=0)     0.41094     0.18087     0.17357     0.13873     0.08314     0.22294

----------------
Atomic domain 16
----------------
Domain center:          -18.68200    12.08900    11.34500
Nuclear charge:           1.00000
Electronic charge:       -0.71870
Total charge:             0.28130
Electronic dipole         0.16910    -0.16697     0.02512
Electronic dipole norm     0.23896
Electronic quadrupole    -0.27774    -0.23022     0.05622    -0.27155    -0.05936    -0.49237
Isotropic polarizablity (w=0)     0.21157
Electronic polarizability (w=0)     0.28618    -0.17467     0.25157    -0.02483     0.01733     0.09695

----------------
Atomic domain 17
----------------
Domain center:          -17.78600    11.03200    12.42400
Nuclear charge:           1.00000
Electronic charge:       -0.70749
Total charge:             0.29251
Electronic dipole        -0.04785     0.08361    -0.20720
Electronic dipole norm     0.22850
Electronic quadrupole    -0.50370    -0.02910     0.09521    -0.46082    -0.15624    -0.13888
Isotropic polarizablity (w=0)     0.24736
Electronic polarizability (w=0)     0.06945     0.00597     0.10839     0.04744    -0.13718     0.56424

----------------
Atomic domain 18
----------------
Domain center:          -18.30200    11.18000     4.96600
Nuclear charge:           6.00000
Electronic charge:       -5.61525
Total charge:             0.38475
Electronic dipole         0.02414     0.10246    -0.00748
Electronic dipole norm     0.10553
Electronic quadrupole    -3.19765     0.25736     0.60575    -1.88967    -0.34125    -2.30833
Isotropic polarizablity (w=0)     1.12063
Electronic polarizability (w=0)     0.93690     0.18884     1.02873     0.54714     0.09620     1.39627

----------------
Atomic domain 19
----------------
Domain center:          -18.98800    10.00800     4.28300
Nuclear charge:           6.00000
Electronic charge:       -6.48392
Total charge:            -0.48392
Electronic dipole         0.06027     0.15197     0.03368
Electronic dipole norm     0.16692
Electronic quadrupole    -3.36615     0.10545     0.06287    -3.19411     0.01827    -3.44764
Isotropic polarizablity (w=0)     0.94837
Electronic polarizability (w=0)     0.89272     0.29642     1.05551     0.22882     0.28447     0.89689

----------------
Atomic domain 20
----------------
Domain center:          -18.30900    12.29200     4.42200
Nuclear charge:           8.00000
Electronic charge:       -8.46766
Total charge:            -0.46766
Electronic dipole        -0.00018    -0.47278     0.23285
Electronic dipole norm     0.52701
Electronic quadrupole    -3.91786    -0.07629    -0.10627    -3.33100    -0.36694    -3.87229
Isotropic polarizablity (w=0)     0.50853
Electronic polarizability (w=0)     0.27258    -0.04999     0.77718     0.06637    -0.33326     0.47582

----------------
Atomic domain 21
----------------
Domain center:          -18.97400    10.26800     3.23400
Nuclear charge:           1.00000
Electronic charge:       -0.82318
Total charge:             0.17682
Electronic dipole        -0.00081    -0.06850     0.32957
Electronic dipole norm     0.33662
Electronic quadrupole    -0.58580     0.00192    -0.00648    -0.55115    -0.15287     0.07792
Isotropic polarizablity (w=0)     0.28556
Electronic polarizability (w=0)     0.08267     0.00585     0.08780     0.06416    -0.05172     0.68621

----------------
Atomic domain 22
----------------
Domain center:          -18.42518     9.11324     4.44897
Nuclear charge:           1.00000
Electronic charge:       -0.85329
Total charge:             0.14671
Electronic dipole        -0.18057     0.29370    -0.05678
Electronic dipole norm     0.34941
Electronic quadrupole    -0.43370    -0.29186     0.04829    -0.14109    -0.08621    -0.61760
Isotropic polarizablity (w=0)     0.27001
Electronic polarizability (w=0)     0.18668    -0.18715     0.53293     0.02346    -0.00785     0.09043

----------------
Atomic domain 23
----------------
Domain center:          -20.00141     9.86803     4.59654
Nuclear charge:           1.00000
Electronic charge:       -0.83052
Total charge:             0.16948
Electronic dipole         0.30809     0.04124    -0.10549
Electronic dipole norm     0.32825
Electronic quadrupole    -0.00560     0.06909    -0.19083    -0.58637    -0.02895    -0.53965
Isotropic polarizablity (w=0)     0.27887
Electronic polarizability (w=0)     0.62714     0.12919     0.11294    -0.09479    -0.01311     0.09653

----------------
Atomic domain 24
----------------
Domain center:          -15.07000    11.33100     5.38000
Nuclear charge:           7.00000
Electronic charge:       -7.31176
Total charge:            -0.31176
Electronic dipole         0.06491     0.24375    -0.07012
Electronic dipole norm     0.26181
Electronic quadrupole    -3.07068     0.00783    -0.77168    -2.63920     0.17177    -3.59891
Isotropic polarizablity (w=0)     0.82631
Electronic polarizability (w=0)     1.07587    -0.27368     0.69812    -0.59028     0.23192     0.70496

----------------
Atomic domain 25
----------------
Domain center:          -13.90400    11.55900     4.53400
Nuclear charge:           6.00000
Electronic charge:       -6.34802
Total charge:            -0.34802
Electronic dipole        -0.20181    -0.01243     0.14782
Electronic dipole norm     0.25046
Electronic quadrupole    -2.93614     0.04961    -0.33849    -3.24711    -0.02007    -3.10238
Isotropic polarizablity (w=0)     0.86701
Electronic polarizability (w=0)     1.12602    -0.01613     0.55812    -0.38435    -0.00612     0.91688

----------------
Atomic domain 26
----------------
Domain center:          -15.41600    10.42000     5.47700
Nuclear charge:           1.00000
Electronic charge:       -0.73165
Total charge:             0.26835
Electronic dipole         0.07770     0.22709    -0.02627
Electronic dipole norm     0.24145
Electronic quadrupole    -0.43758     0.10707    -0.01578    -0.12579    -0.03305    -0.52372
Isotropic polarizablity (w=0)     0.20453
Electronic polarizability (w=0)     0.12586     0.06946     0.38323    -0.00744    -0.01192     0.10449

----------------
Atomic domain 27
----------------
Domain center:          -13.23100    12.12300     5.04700
Nuclear charge:           1.00000
Electronic charge:       -0.81829
Total charge:             0.18171
Electronic dipole        -0.23108    -0.18064    -0.17205
Electronic dipole norm     0.34004
Electronic quadrupole    -0.29532     0.20938     0.18694    -0.36888     0.15865    -0.39504
Isotropic polarizablity (w=0)     0.22947
Electronic polarizability (w=0)     0.37772     0.18346     0.16439     0.13465     0.08268     0.14631

----------------
Atomic domain 28
----------------
Domain center:          -14.15215    12.13044     3.66407
Nuclear charge:           1.00000
Electronic charge:       -0.83579
Total charge:             0.16421
Electronic dipole         0.07981    -0.16982     0.27080
Electronic dipole norm     0.32946
Electronic quadrupole    -0.53636    -0.07516     0.12122    -0.41010    -0.27158    -0.18648
Isotropic polarizablity (w=0)     0.25761
Electronic polarizability (w=0)     0.09253    -0.01494     0.17970     0.02675    -0.22479     0.50060

----------------
Atomic domain 29
----------------
Domain center:          -13.46400    10.63653     4.21723
Nuclear charge:           1.00000
Electronic charge:       -0.84625
Total charge:             0.15375
Electronic dipole        -0.12921     0.29473     0.09027
Electronic dipole norm     0.33423
Electronic quadrupole    -0.50952    -0.23826    -0.07411    -0.12136     0.17037    -0.55463
Isotropic polarizablity (w=0)     0.27823
Electronic polarizability (w=0)     0.23644    -0.23670     0.44508    -0.11234     0.16375     0.15316

---------
Molecular
---------
Domain center:          -16.87645    11.47306     7.00263
Nuclear charge:         108.00000
Electronic charge:     -108.00000
Total charge:             0.00000
Electronic dipole        -0.03380     0.07345     0.05287
Gauge   dipole           -0.97802    -1.56216     1.09256
Total   dipole           -1.01182    -1.48872     1.14543
Electronic quadrupole  -921.52265  -191.49982   226.39787  -420.50963   173.70209 -2439.39985
Nuclear    quadrupole   864.20698   190.80451  -238.17159   352.77446  -157.98010  2384.34832
Total      quadrupole   -57.31567    -0.69531   -11.77372   -67.73517    15.72198   -55.05153
Polarizability av (0)       16.34775
Polarizability (0)          15.31363    -0.12053    15.07581    -0.99951     0.16900    18.65381
Time used in Loprop              :      7.71 (cpu)       5.45 (wall)
