AA
12 2 2 1
1   -15.0700000000    11.3310000000     5.3800000000    -0.3156301116     0.0656354110     0.2386421993    -0.0646126141    -3.0774256223     0.0197979770    -0.7734081287    -2.6310055075     0.1699169774    -3.5987553299     0.9711255715    -0.2838450475    -0.5350490867     0.7875225139     0.2438355820     0.6783686433
1   -13.9040000000    11.5590000000     4.5340000000    -0.3494000250    -0.2021414344    -0.0126812744     0.1498896302    -2.9366993311     0.0514593996    -0.3422281054    -3.2456628506    -0.0224087506    -3.0987109383     1.0606346111    -0.0445270818    -0.3299061180     0.5809085836     0.0064235188     0.9212773545
1   -15.4160000000    10.4200000000     5.4770000000     0.2749963620     0.0825989341     0.2185680337    -0.0237140337    -0.4804199094     0.1449444673     0.0032555593    -0.1179872247    -0.0405773611    -0.5171647281     0.1234959303     0.0991257072    -0.0079707779     0.4321795485    -0.0200639701     0.0918562225
1   -13.2310000000    12.1230000000     5.0470000000     0.1824213255    -0.2312614672    -0.1804323521    -0.1713258753    -0.2921160237     0.2105974543     0.1854908440    -0.3670547623     0.1587450587    -0.3940112639     0.3625889337     0.1757184948     0.1428672161     0.1629383715     0.0872097476     0.1570903208
1   -14.1521460000    12.1304440000     3.6640720000     0.1604305761     0.0805909978    -0.1710401929     0.2731269551    -0.5405917199    -0.0760608066     0.1199841113    -0.4147308949    -0.2708615704    -0.1895970408     0.0967377938    -0.0259298979     0.0479810394     0.1827059965    -0.2272406579     0.5111478227
1   -13.4639990000    10.6365290000     4.2172270000     0.1539465770    -0.1293061720     0.2943537506     0.0906551224    -0.5094326215    -0.2376044342    -0.0743659328    -0.1205424983     0.1702110253    -0.5537979515     0.2226221510    -0.2328931776    -0.1019546355     0.4735518389     0.1620613753     0.1497272959
1   -15.7090000000    12.3600000000     5.9240000000     0.3808577614     0.0742710987     0.0599915489    -0.0373661409    -2.6312601416     0.1627015315    -0.6802310563    -1.6835091718     0.0817165381    -3.1365826177     1.1954017408    -0.1177316734    -0.4455746598     1.2064412622     0.1476319409     0.9210345731
1   -16.9390000000    12.0460000000     6.7920000000    -0.4680084188     0.1264723365     0.0725045389    -0.0768078544    -3.3178203287     0.0836097747    -0.1239703213    -3.3460119423    -0.0008631917    -3.3668196574     1.1954891368     0.0629119939    -0.3492378326     0.7404550549    -0.0471371242     0.9662361864
1   -15.3240000000    13.5420000000     5.7770000000    -0.4927653835    -0.1630256004    -0.5012043487     0.0631537212    -3.9848859290     0.2632700538     0.0962077401    -3.2691688606    -0.1118028501    -3.9739645004     0.3138845655     0.1951679760    -0.0288738677     1.0180254176    -0.0521074583     0.2564703854
1   -17.5096480000    11.2705040000     6.3252390000     0.1473611646     0.1852963615     0.2503408213     0.1445641345    -0.4308129988     0.2662842696     0.1584191366    -0.2729808053     0.2027857229    -0.4902841032     0.3277350201     0.2525897422     0.1055171427     0.3549364659     0.1315890904     0.1594944641
1   -16.6386460000    11.7553570000     7.7769950000     0.1661796385    -0.0961615636     0.0989972740    -0.3043467776    -0.5450155412    -0.0518093948     0.1849983745    -0.5438224829    -0.1661351536    -0.0336982592     0.1081763690    -0.0208274391     0.0825423470     0.1174087135    -0.1532254767     0.6080252101
1   -17.5350000000    12.9980000000     6.8920000000     0.1596105339     0.1800596134    -0.2676905886    -0.0261979346    -0.4107185020    -0.3289262732    -0.0353538605    -0.1119786338     0.0543477986    -0.6156196687     0.3477281468    -0.3160956623    -0.0799636488     0.4780443615     0.0803020315     0.1053242190


---------------
Atomic domain 1
---------------
Domain center:          -15.07000    11.33100     5.38000
Nuclear charge:           7.00000
Electronic charge:       -7.31563
Total charge:            -0.31563
Electronic dipole         0.06564     0.23864    -0.06461
Electronic dipole norm     0.25580
Electronic quadrupole    -3.07743     0.01980    -0.77341    -2.63101     0.16992    -3.59876
Isotropic polarizablity (w=0)     0.81234
Electronic polarizability (w=0)     0.97113    -0.28385     0.78752    -0.53505     0.24384     0.67837

---------------
Atomic domain 2
---------------
Domain center:          -13.90400    11.55900     4.53400
Nuclear charge:           6.00000
Electronic charge:       -6.34940
Total charge:            -0.34940
Electronic dipole        -0.20214    -0.01268     0.14989
Electronic dipole norm     0.25197
Electronic quadrupole    -2.93670     0.05146    -0.34223    -3.24566    -0.02241    -3.09871
Isotropic polarizablity (w=0)     0.85427
Electronic polarizability (w=0)     1.06063    -0.04453     0.58091    -0.32991     0.00642     0.92128

---------------
Atomic domain 3
---------------
Domain center:          -15.41600    10.42000     5.47700
Nuclear charge:           1.00000
Electronic charge:       -0.72500
Total charge:             0.27500
Electronic dipole         0.08260     0.21857    -0.02371
Electronic dipole norm     0.23486
Electronic quadrupole    -0.48042     0.14494     0.00326    -0.11799    -0.04058    -0.51716
Isotropic polarizablity (w=0)     0.21584
Electronic polarizability (w=0)     0.12350     0.09913     0.43218    -0.00797    -0.02006     0.09186

---------------
Atomic domain 4
---------------
Domain center:          -13.23100    12.12300     5.04700
Nuclear charge:           1.00000
Electronic charge:       -0.81758
Total charge:             0.18242
Electronic dipole        -0.23126    -0.18043    -0.17133
Electronic dipole norm     0.33969
Electronic quadrupole    -0.29212     0.21060     0.18549    -0.36705     0.15875    -0.39401
Isotropic polarizablity (w=0)     0.22754
Electronic polarizability (w=0)     0.36259     0.17572     0.16294     0.14287     0.08721     0.15709

---------------
Atomic domain 5
---------------
Domain center:          -14.15215    12.13044     3.66407
Nuclear charge:           1.00000
Electronic charge:       -0.83957
Total charge:             0.16043
Electronic dipole         0.08059    -0.17104     0.27313
Electronic dipole norm     0.33219
Electronic quadrupole    -0.54059    -0.07606     0.11998    -0.41473    -0.27086    -0.18960
Isotropic polarizablity (w=0)     0.26353
Electronic polarizability (w=0)     0.09674    -0.02593     0.18271     0.04798    -0.22724     0.51115

---------------
Atomic domain 6
---------------
Domain center:          -13.46400    10.63653     4.21723
Nuclear charge:           1.00000
Electronic charge:       -0.84605
Total charge:             0.15395
Electronic dipole        -0.12931     0.29435     0.09066
Electronic dipole norm     0.33404
Electronic quadrupole    -0.50943    -0.23760    -0.07437    -0.12054     0.17021    -0.55380
Isotropic polarizablity (w=0)     0.28197
Electronic polarizability (w=0)     0.22262    -0.23289     0.47355    -0.10195     0.16206     0.14973

---------------
Atomic domain 7
---------------
Domain center:          -15.70900    12.36000     5.92400
Nuclear charge:           6.00000
Electronic charge:       -5.61914
Total charge:             0.38086
Electronic dipole         0.07427     0.05999    -0.03737
Electronic dipole norm     0.10253
Electronic quadrupole    -2.63126     0.16270    -0.68023    -1.68351     0.08172    -3.13658
Isotropic polarizablity (w=0)     1.10763
Electronic polarizability (w=0)     1.19540    -0.11773     1.20644    -0.44557     0.14763     0.92103

---------------
Atomic domain 8
---------------
Domain center:          -16.93900    12.04600     6.79200
Nuclear charge:           6.00000
Electronic charge:       -6.46801
Total charge:            -0.46801
Electronic dipole         0.12647     0.07250    -0.07681
Electronic dipole norm     0.16478
Electronic quadrupole    -3.31782     0.08361    -0.12397    -3.34601    -0.00086    -3.36682
Isotropic polarizablity (w=0)     0.96739
Electronic polarizability (w=0)     1.19549     0.06291     0.74046    -0.34924    -0.04714     0.96624

---------------
Atomic domain 9
---------------
Domain center:          -15.32400    13.54200     5.77700
Nuclear charge:           8.00000
Electronic charge:       -8.49277
Total charge:            -0.49277
Electronic dipole        -0.16303    -0.50120     0.06315
Electronic dipole norm     0.53082
Electronic quadrupole    -3.98489     0.26327     0.09621    -3.26917    -0.11180    -3.97396
Isotropic polarizablity (w=0)     0.52946
Electronic polarizability (w=0)     0.31388     0.19517     1.01803    -0.02887    -0.05211     0.25647

----------------
Atomic domain 10
----------------
Domain center:          -17.50965    11.27050     6.32524
Nuclear charge:           1.00000
Electronic charge:       -0.85264
Total charge:             0.14736
Electronic dipole         0.18530     0.25034     0.14456
Electronic dipole norm     0.34337
Electronic quadrupole    -0.43081     0.26628     0.15842    -0.27298     0.20279    -0.49028
Isotropic polarizablity (w=0)     0.28072
Electronic polarizability (w=0)     0.32774     0.25259     0.35494     0.10552     0.13159     0.15949

----------------
Atomic domain 11
----------------
Domain center:          -16.63865    11.75536     7.77700
Nuclear charge:           1.00000
Electronic charge:       -0.83382
Total charge:             0.16618
Electronic dipole        -0.09616     0.09900    -0.30435
Electronic dipole norm     0.33418
Electronic quadrupole    -0.54502    -0.05181     0.18500    -0.54382    -0.16614    -0.03370
Isotropic polarizablity (w=0)     0.27787
Electronic polarizability (w=0)     0.10818    -0.02083     0.11741     0.08254    -0.15323     0.60803

----------------
Atomic domain 12
----------------
Domain center:          -17.53500    12.99800     6.89200
Nuclear charge:           1.00000
Electronic charge:       -0.84039
Total charge:             0.15961
Electronic dipole         0.18006    -0.26769    -0.02620
Electronic dipole norm     0.32368
Electronic quadrupole    -0.41072    -0.32893    -0.03535    -0.11198     0.05435    -0.61562
Isotropic polarizablity (w=0)     0.31037
Electronic polarizability (w=0)     0.34773    -0.31610     0.47804    -0.07996     0.08030     0.10532

---------
Molecular
---------
Domain center:          -15.38351    12.11942     5.66939
Nuclear charge:          40.00000
Electronic charge:      -40.00000
Total charge:             0.00000
Electronic dipole        -0.02697     0.10035     0.01702
Gauge   dipole           -0.05614    -1.64201    -0.11922
Total   dipole           -0.08312    -1.54166    -0.10220
Electronic quadrupole  -197.90727    28.77107   123.09249  -129.40993   -30.75631  -126.06710
Nuclear    quadrupole   176.99226   -29.32131  -124.62170   105.40849    31.13496   104.57998
Total      quadrupole   -20.91501    -0.55024    -1.52921   -24.00144     0.37865   -21.48712
Polarizability av (0)        6.12893
Polarizability (0)           6.32562    -0.25634     6.53512    -1.49962     0.35928     5.52605
Time used in Loprop              :      0.76 (cpu)       0.65 (wall)
