AA
31 2 2 1
1    -8.8060000000     8.3640000000     1.4140000000    -0.3339797986    -0.2135944543    -0.0132826713    -0.1431229331    -3.3795442172     0.2112783344     0.7302758132    -2.5758396725    -0.2114344884    -3.4026952842     0.4175857756     0.2798926032     0.1073481090     1.6757943537    -0.1850391006     0.5010507455
1    -9.2090000000     9.6110000000     0.7440000000    -0.0506437116     0.1772640114    -0.0468281076     0.0180634626    -2.8978693733     0.0688145214     0.1751290850    -2.4094294082    -0.0973094760    -2.7425809226     0.5446032391     0.1611297700     0.0131029993     1.5884332257     0.0950895520     1.4241469396
1    -9.0860000000     9.4900000000    -0.7650000000     0.3805087171    -0.0310692615    -0.0210288731    -0.1140141951    -2.2144088876    -0.7580787544     0.2288321046    -3.1068516417    -0.1168707992    -2.0979272100     1.0082443741    -0.2925269091    -0.1935947914     0.7800109085     0.1530065925     1.5262472747
1    -9.9380000000     9.9630000000    -1.5180000000    -0.4825057523     0.3665592638    -0.2201270541     0.3207995975    -3.5858682530    -0.1483110485     0.4030947124    -3.7793047786    -0.2285698016    -3.7923774620     0.6343839956    -0.2332497257     0.3183710209     0.3639279763    -0.1759095471     0.5651648924
1    -8.3450000000    10.7750000000     1.2390000000    -0.2603062938    -0.2023580617    -0.0787562608     0.1277827544    -2.9985369349     0.2065418163     0.0133483271    -2.9469978643     0.3359676855    -2.7877864227     0.7387905103     0.2020007462     0.0185539162     1.2515635359     0.5604161466     1.2713910923
1    -8.7300000000    11.2650000000     2.6360000000    -0.0940742079     0.0336742521     0.2197558132    -0.1193082150    -2.4010508608    -0.0729418584     0.0476554648    -2.7386622681     0.2329104162    -2.6351174848     1.1415757111    -0.0681581384     0.0594716838     1.0405702424     0.4617494976     1.1542287704
1    -7.5870000000    12.0540000000     3.2230000000    -0.4301246053    -0.1866309552    -0.1188975539    -0.0862711803    -3.0280448584     0.1680712307     0.1556287772    -3.2714093305     0.0515385432    -3.3142573395     1.0253425777     0.2523788927     0.2466530486     0.8622399537     0.2362457326     0.8887619226
1   -10.0080000000    12.1000000000     2.5830000000    -0.4226085930     0.1917842254    -0.1127796992     0.0032365482    -3.0373058581    -0.1890062975     0.0426863466    -3.2797753515     0.0238359522    -3.3364445473     1.1039443540    -0.3114289388    -0.0598206535     0.9137600391     0.1043285962     0.7110593494
1    -8.1250000000     8.3610000000     2.1200000000     0.2698602310    -0.1687677427    -0.0006250708    -0.1637063950    -0.2965269883    -0.0014574565     0.2225552518    -0.5386915136     0.0039069331    -0.2967422896     0.2300209872     0.0031837808     0.1633105350     0.1391510292     0.0097503534     0.2812122701
1   -10.2310000000     9.8110000000     0.9790000000     0.1667454021     0.2939864721    -0.0557809489    -0.0632246190    -0.0841538167    -0.0908302578    -0.1237679760    -0.5469347261     0.0227800443    -0.5403265707     0.4741371700    -0.1100659125    -0.1209665918     0.1644192036     0.0503241057     0.1430107017
1    -7.2640000000    10.5690000000     1.1910000000     0.1183164453    -0.3252318225     0.0776065425     0.0177087848    -0.0478708329    -0.1126264430    -0.0178630724    -0.6499492142     0.0016971763    -0.6628038555     0.6169685878    -0.0539768334    -0.0508617706     0.1334020121     0.0537165460     0.1381777607
1    -8.5520000000    11.5970000000     0.5580000000     0.1468099002     0.0550765887    -0.2567284312     0.2135010549    -0.5953707188    -0.0979521104     0.0778631398    -0.2281208690    -0.3084358281    -0.3649777529     0.0830979529    -0.0310080487     0.0149707304     0.4419961478    -0.2113802566     0.3217130988
1    -8.9110000000    10.4000000000     3.2230000000     0.1247779940     0.0547025129     0.2768317970    -0.1937336076    -0.6345672975     0.0851078965    -0.0626446546    -0.2535724479    -0.2622854699    -0.4440210062     0.1093122015     0.0668149792    -0.0523102424     0.4348388289    -0.2086208088     0.2993904834
1    -6.6820000000    11.5000000000     3.3270000000     0.1415153763    -0.2870601088     0.1819134885    -0.0257310712    -0.1818599734    -0.2903782129     0.0480598772    -0.4515300138    -0.0389722549    -0.6253151775     0.5317233143    -0.1931070338     0.0996755866     0.1843544740    -0.0226239118     0.1133214193
1    -7.4360000000    12.9210000000     2.6160000000     0.1426758380    -0.0566989344    -0.2794905472     0.1948384912    -0.6053141907     0.0734266993    -0.0564212455    -0.1946470406    -0.3076266433    -0.4134308478     0.1423908957     0.1317053523    -0.0407513013     0.4810322109    -0.1921430543     0.1969654636
1    -7.9250000000    12.3630000000     4.2110000000     0.1388424451     0.0988731030    -0.1044113867    -0.3167304095    -0.5752749961    -0.0691042457    -0.2030537583    -0.5841364687     0.1680744366    -0.0695489145     0.1260145344    -0.0263712375    -0.0840740213     0.1706019655     0.2279279470     0.6412112870
1    -9.7470000000    13.0070000000     2.0610000000     0.1389872277    -0.0787076528    -0.2966700759     0.1703583487    -0.5909786515     0.1418968002    -0.0795597976    -0.1440873566    -0.2774584626    -0.4689531259     0.1193936924     0.0305439076    -0.0245987217     0.5396052624    -0.1978058577     0.1778290221
1   -10.7820000000    11.5920000000     2.0210000000     0.1444013433     0.2387155602     0.1527187215     0.1586768519    -0.2909261987     0.2181279295     0.2373107985    -0.4741625254     0.1568027934    -0.4481542319     0.4217017565     0.1280528059     0.1775262099     0.1959488562     0.1197973646     0.1987536509
1   -10.2970000000    12.3650000000     3.5950000000     0.1408766605     0.0973823008    -0.0764151407    -0.3113855754    -0.5984410915    -0.0338709592    -0.1678125028    -0.6001634668     0.1450307002    -0.0550104069     0.1941245258    -0.0862398079    -0.2023619245     0.1517858220     0.1871610219     0.5732865391
1    -9.4400000000     7.2410000000     1.1260000000     0.3847544791    -0.0757709557     0.0586280819    -0.0490253427    -2.3574211221     0.2036497041     0.8995388740    -2.1580212427    -0.1394530195    -2.8659129020     0.8765462714     0.2049102258     0.2011590748     1.7191724184    -0.1608055695     0.7387210206
1    -8.9320000000     5.9610000000     1.7920000000    -0.4870771797    -0.0886256467     0.1067609678    -0.0851873023    -3.3362370197    -0.0721047787     0.0863476910    -3.3056495277    -0.1098243005    -3.3803476967     0.7130460831    -0.1635161847     0.0761428290     1.3400800211    -0.3031866321     0.8083714098
1   -10.4340000000     7.2050000000     0.3900000000    -0.4709416717     0.4209460916     0.0142957163     0.3162945216    -3.3893826919     0.0101469380     0.3344222263    -4.1265617123     0.0575852075    -3.6173713053     0.7358358575     0.1152591003     0.3352357771     0.3094536540     0.0494471953     0.4765010425
1    -9.3650000000     5.1410000000     1.2450000000     0.1747736461     0.1288375387     0.2620483276     0.1682615981    -0.4812774613     0.2092799464     0.1364245805    -0.1808103406     0.2688535885    -0.4141131279     0.1398662260     0.1747883463     0.0843609348     0.5550488922     0.1976965381     0.1694081271
1    -7.8642210000     5.9004220000     1.7591560000     0.1477219977    -0.3461525420     0.0156007705     0.0071436019     0.0453239340    -0.0437058114    -0.0199504155    -0.6271944575    -0.0037124015    -0.6149045593     0.5972256550    -0.1180520168     0.0150999072     0.1320983934    -0.0190669057     0.0861918564
1    -9.2710380000     5.9105650000     2.8056120000     0.1664017401     0.1008081312     0.0096243858    -0.3204082530    -0.5231720556     0.0086743587    -0.2054143331    -0.6077523277    -0.0229211944     0.0055594376     0.1203519133     0.0242261501    -0.1497103630     0.1147063512    -0.1167603970     0.5940398864
1    -8.0230000000     8.8620000000    -1.2160000000    -0.3122344527    -0.1786904842     0.0926687636    -0.1700031098    -2.9564242609    -0.6776919208    -0.0596015688    -3.7667667985     0.0922664718    -2.5588192142     0.7889482271    -0.3084668435    -0.4460514943     0.4509833284     0.2616270701     1.1968474443
1    -7.8250000000     8.7000000000    -2.6400000000    -0.3263286106    -0.0541443476     0.0415595903     0.2530466672    -3.2397389022    -0.0213457932    -0.1022622704    -3.2930655192     0.1035403153    -2.7512981908     0.6529068467    -0.0132826347    -0.2315816225     0.6708329754     0.1420165367     1.3229950781
1    -7.3680000000     8.5150000000    -0.5740000000     0.2651330944    -0.1720720967     0.0833660852    -0.1507222529    -0.2815813460    -0.1037142954     0.1618245999    -0.4731309526    -0.1020716609    -0.3407210029     0.2690364174    -0.0841527909     0.1155162795     0.1458248910    -0.0566110229     0.1989769344
1    -7.7530000000     9.6950000000    -3.0480000000     0.1586222529    -0.0201919679    -0.2988615805     0.1374689665    -0.5902799865     0.0371077394    -0.0079515387    -0.0564611672    -0.2121167981    -0.4959326387     0.0777133867     0.0724478351    -0.0468385045     0.4556389579    -0.2360708355     0.2532280108
1    -8.6385230000     8.1705090000    -3.0902430000     0.1677122764     0.2360904503     0.1575888077     0.1368877120    -0.2342084688     0.2259178082     0.1900572915    -0.4380156434     0.1156345542    -0.4649447282     0.2771522184     0.1793080314     0.1791579664     0.2172116146     0.1539968977     0.2579149859
1    -6.8949310000     8.1996770000    -2.8118990000     0.1513878098    -0.2908800294     0.1620224139     0.0455103426    -0.1106151747    -0.2697658030    -0.0923768012    -0.4639655498     0.0502060642    -0.6116369015     0.4905056134    -0.2294215913    -0.1488972529     0.2010857032     0.0826410586     0.1403495964


---------------
Atomic domain 1
---------------
Domain center:           -8.80600     8.36400     1.41400
Nuclear charge:           7.00000
Electronic charge:       -7.33398
Total charge:            -0.33398
Electronic dipole        -0.21359    -0.01328    -0.14312
Electronic dipole norm     0.25746
Electronic quadrupole    -3.37954     0.21128     0.73028    -2.57584    -0.21143    -3.40270
Isotropic polarizablity (w=0)     0.86481
Electronic polarizability (w=0)     0.41759     0.27989     1.67579     0.10735    -0.18504     0.50105

---------------
Atomic domain 2
---------------
Domain center:           -9.20900     9.61100     0.74400
Nuclear charge:           6.00000
Electronic charge:       -6.05064
Total charge:            -0.05064
Electronic dipole         0.17726    -0.04683     0.01806
Electronic dipole norm     0.18423
Electronic quadrupole    -2.89787     0.06881     0.17513    -2.40943    -0.09731    -2.74258
Isotropic polarizablity (w=0)     1.18573
Electronic polarizability (w=0)     0.54460     0.16113     1.58843     0.01310     0.09509     1.42415

---------------
Atomic domain 3
---------------
Domain center:           -9.08600     9.49000    -0.76500
Nuclear charge:           6.00000
Electronic charge:       -5.61949
Total charge:             0.38051
Electronic dipole        -0.03107    -0.02103    -0.11401
Electronic dipole norm     0.12003
Electronic quadrupole    -2.21441    -0.75808     0.22883    -3.10685    -0.11687    -2.09793
Isotropic polarizablity (w=0)     1.10483
Electronic polarizability (w=0)     1.00824    -0.29253     0.78001    -0.19359     0.15301     1.52625

---------------
Atomic domain 4
---------------
Domain center:           -9.93800     9.96300    -1.51800
Nuclear charge:           8.00000
Electronic charge:       -8.48251
Total charge:            -0.48251
Electronic dipole         0.36656    -0.22013     0.32080
Electronic dipole norm     0.53454
Electronic quadrupole    -3.58587    -0.14831     0.40309    -3.77930    -0.22857    -3.79238
Isotropic polarizablity (w=0)     0.52116
Electronic polarizability (w=0)     0.63438    -0.23325     0.36393     0.31837    -0.17591     0.56516

---------------
Atomic domain 5
---------------
Domain center:           -8.34500    10.77500     1.23900
Nuclear charge:           6.00000
Electronic charge:       -6.26031
Total charge:            -0.26031
Electronic dipole        -0.20236    -0.07876     0.12778
Electronic dipole norm     0.25195
Electronic quadrupole    -2.99854     0.20654     0.01335    -2.94700     0.33597    -2.78779
Isotropic polarizablity (w=0)     1.08725
Electronic polarizability (w=0)     0.73879     0.20200     1.25156     0.01855     0.56042     1.27139

---------------
Atomic domain 6
---------------
Domain center:           -8.73000    11.26500     2.63600
Nuclear charge:           6.00000
Electronic charge:       -6.09407
Total charge:            -0.09407
Electronic dipole         0.03367     0.21976    -0.11931
Electronic dipole norm     0.25231
Electronic quadrupole    -2.40105    -0.07294     0.04766    -2.73866     0.23291    -2.63512
Isotropic polarizablity (w=0)     1.11212
Electronic polarizability (w=0)     1.14158    -0.06816     1.04057     0.05947     0.46175     1.15423

---------------
Atomic domain 7
---------------
Domain center:           -7.58700    12.05400     3.22300
Nuclear charge:           6.00000
Electronic charge:       -6.43012
Total charge:            -0.43012
Electronic dipole        -0.18663    -0.11890    -0.08627
Electronic dipole norm     0.23751
Electronic quadrupole    -3.02804     0.16807     0.15563    -3.27141     0.05154    -3.31426
Isotropic polarizablity (w=0)     0.92545
Electronic polarizability (w=0)     1.02534     0.25238     0.86224     0.24665     0.23625     0.88876

---------------
Atomic domain 8
---------------
Domain center:          -10.00800    12.10000     2.58300
Nuclear charge:           6.00000
Electronic charge:       -6.42261
Total charge:            -0.42261
Electronic dipole         0.19178    -0.11278     0.00324
Electronic dipole norm     0.22251
Electronic quadrupole    -3.03731    -0.18901     0.04269    -3.27978     0.02384    -3.33644
Isotropic polarizablity (w=0)     0.90959
Electronic polarizability (w=0)     1.10394    -0.31143     0.91376    -0.05982     0.10433     0.71106

---------------
Atomic domain 9
---------------
Domain center:           -8.12500     8.36100     2.12000
Nuclear charge:           1.00000
Electronic charge:       -0.73014
Total charge:             0.26986
Electronic dipole        -0.16877    -0.00063    -0.16371
Electronic dipole norm     0.23512
Electronic quadrupole    -0.29653    -0.00146     0.22256    -0.53869     0.00391    -0.29674
Isotropic polarizablity (w=0)     0.21679
Electronic polarizability (w=0)     0.23002     0.00318     0.13915     0.16331     0.00975     0.28121

----------------
Atomic domain 10
----------------
Domain center:          -10.23100     9.81100     0.97900
Nuclear charge:           1.00000
Electronic charge:       -0.83325
Total charge:             0.16675
Electronic dipole         0.29399    -0.05578    -0.06322
Electronic dipole norm     0.30584
Electronic quadrupole    -0.08415    -0.09083    -0.12377    -0.54693     0.02278    -0.54033
Isotropic polarizablity (w=0)     0.26052
Electronic polarizability (w=0)     0.47414    -0.11007     0.16442    -0.12097     0.05032     0.14301

----------------
Atomic domain 11
----------------
Domain center:           -7.26400    10.56900     1.19100
Nuclear charge:           1.00000
Electronic charge:       -0.88168
Total charge:             0.11832
Electronic dipole        -0.32523     0.07761     0.01771
Electronic dipole norm     0.33483
Electronic quadrupole    -0.04787    -0.11263    -0.01786    -0.64995     0.00170    -0.66280
Isotropic polarizablity (w=0)     0.29618
Electronic polarizability (w=0)     0.61697    -0.05398     0.13340    -0.05086     0.05372     0.13818

----------------
Atomic domain 12
----------------
Domain center:           -8.55200    11.59700     0.55800
Nuclear charge:           1.00000
Electronic charge:       -0.85319
Total charge:             0.14681
Electronic dipole         0.05508    -0.25673     0.21350
Electronic dipole norm     0.33842
Electronic quadrupole    -0.59537    -0.09795     0.07786    -0.22812    -0.30844    -0.36498
Isotropic polarizablity (w=0)     0.28227
Electronic polarizability (w=0)     0.08310    -0.03101     0.44200     0.01497    -0.21138     0.32171

----------------
Atomic domain 13
----------------
Domain center:           -8.91100    10.40000     3.22300
Nuclear charge:           1.00000
Electronic charge:       -0.87522
Total charge:             0.12478
Electronic dipole         0.05470     0.27683    -0.19373
Electronic dipole norm     0.34229
Electronic quadrupole    -0.63457     0.08511    -0.06264    -0.25357    -0.26229    -0.44402
Isotropic polarizablity (w=0)     0.28118
Electronic polarizability (w=0)     0.10931     0.06681     0.43484    -0.05231    -0.20862     0.29939

----------------
Atomic domain 14
----------------
Domain center:           -6.68200    11.50000     3.32700
Nuclear charge:           1.00000
Electronic charge:       -0.85848
Total charge:             0.14152
Electronic dipole        -0.28706     0.18191    -0.02573
Electronic dipole norm     0.34082
Electronic quadrupole    -0.18186    -0.29038     0.04806    -0.45153    -0.03897    -0.62532
Isotropic polarizablity (w=0)     0.27647
Electronic polarizability (w=0)     0.53172    -0.19311     0.18435     0.09968    -0.02262     0.11332

----------------
Atomic domain 15
----------------
Domain center:           -7.43600    12.92100     2.61600
Nuclear charge:           1.00000
Electronic charge:       -0.85732
Total charge:             0.14268
Electronic dipole        -0.05670    -0.27949     0.19484
Electronic dipole norm     0.34539
Electronic quadrupole    -0.60531     0.07343    -0.05642    -0.19465    -0.30763    -0.41343
Isotropic polarizablity (w=0)     0.27346
Electronic polarizability (w=0)     0.14239     0.13171     0.48103    -0.04075    -0.19214     0.19697

----------------
Atomic domain 16
----------------
Domain center:           -7.92500    12.36300     4.21100
Nuclear charge:           1.00000
Electronic charge:       -0.86116
Total charge:             0.13884
Electronic dipole         0.09887    -0.10441    -0.31673
Electronic dipole norm     0.34784
Electronic quadrupole    -0.57527    -0.06910    -0.20305    -0.58414     0.16807    -0.06955
Isotropic polarizablity (w=0)     0.31261
Electronic polarizability (w=0)     0.12601    -0.02637     0.17060    -0.08407     0.22793     0.64121

----------------
Atomic domain 17
----------------
Domain center:           -9.74700    13.00700     2.06100
Nuclear charge:           1.00000
Electronic charge:       -0.86101
Total charge:             0.13899
Electronic dipole        -0.07871    -0.29667     0.17036
Electronic dipole norm     0.35104
Electronic quadrupole    -0.59098     0.14190    -0.07956    -0.14409    -0.27746    -0.46895
Isotropic polarizablity (w=0)     0.27894
Electronic polarizability (w=0)     0.11939     0.03054     0.53961    -0.02460    -0.19781     0.17783

----------------
Atomic domain 18
----------------
Domain center:          -10.78200    11.59200     2.02100
Nuclear charge:           1.00000
Electronic charge:       -0.85560
Total charge:             0.14440
Electronic dipole         0.23872     0.15272     0.15868
Electronic dipole norm     0.32479
Electronic quadrupole    -0.29093     0.21813     0.23731    -0.47416     0.15680    -0.44815
Isotropic polarizablity (w=0)     0.27213
Electronic polarizability (w=0)     0.42170     0.12805     0.19595     0.17753     0.11980     0.19875

----------------
Atomic domain 19
----------------
Domain center:          -10.29700    12.36500     3.59500
Nuclear charge:           1.00000
Electronic charge:       -0.85912
Total charge:             0.14088
Electronic dipole         0.09738    -0.07642    -0.31139
Electronic dipole norm     0.33509
Electronic quadrupole    -0.59844    -0.03387    -0.16781    -0.60016     0.14503    -0.05501
Isotropic polarizablity (w=0)     0.30640
Electronic polarizability (w=0)     0.19412    -0.08624     0.15179    -0.20236     0.18716     0.57329

----------------
Atomic domain 20
----------------
Domain center:           -9.44000     7.24100     1.12600
Nuclear charge:           6.00000
Electronic charge:       -5.61525
Total charge:             0.38475
Electronic dipole        -0.07577     0.05863    -0.04903
Electronic dipole norm     0.10762
Electronic quadrupole    -2.35742     0.20365     0.89954    -2.15802    -0.13945    -2.86591
Isotropic polarizablity (w=0)     1.11148
Electronic polarizability (w=0)     0.87655     0.20491     1.71917     0.20116    -0.16081     0.73872

----------------
Atomic domain 21
----------------
Domain center:           -8.93200     5.96100     1.79200
Nuclear charge:           6.00000
Electronic charge:       -6.48708
Total charge:            -0.48708
Electronic dipole        -0.08863     0.10676    -0.08519
Electronic dipole norm     0.16282
Electronic quadrupole    -3.33624    -0.07210     0.08635    -3.30565    -0.10982    -3.38035
Isotropic polarizablity (w=0)     0.95383
Electronic polarizability (w=0)     0.71305    -0.16352     1.34008     0.07614    -0.30319     0.80837

----------------
Atomic domain 22
----------------
Domain center:          -10.43400     7.20500     0.39000
Nuclear charge:           8.00000
Electronic charge:       -8.47094
Total charge:            -0.47094
Electronic dipole         0.42095     0.01430     0.31629
Electronic dipole norm     0.52673
Electronic quadrupole    -3.38938     0.01015     0.33442    -4.12656     0.05759    -3.61737
Isotropic polarizablity (w=0)     0.50726
Electronic polarizability (w=0)     0.73584     0.11526     0.30945     0.33524     0.04945     0.47650

----------------
Atomic domain 23
----------------
Domain center:           -9.36500     5.14100     1.24500
Nuclear charge:           1.00000
Electronic charge:       -0.82523
Total charge:             0.17477
Electronic dipole         0.12884     0.26205     0.16826
Electronic dipole norm     0.33702
Electronic quadrupole    -0.48128     0.20928     0.13642    -0.18081     0.26885    -0.41411
Isotropic polarizablity (w=0)     0.28811
Electronic polarizability (w=0)     0.13987     0.17479     0.55505     0.08436     0.19770     0.16941

----------------
Atomic domain 24
----------------
Domain center:           -7.86422     5.90042     1.75916
Nuclear charge:           1.00000
Electronic charge:       -0.85228
Total charge:             0.14772
Electronic dipole        -0.34615     0.01560     0.00714
Electronic dipole norm     0.34658
Electronic quadrupole     0.04532    -0.04371    -0.01995    -0.62719    -0.00371    -0.61490
Isotropic polarizablity (w=0)     0.27184
Electronic polarizability (w=0)     0.59723    -0.11805     0.13210     0.01510    -0.01907     0.08619

----------------
Atomic domain 25
----------------
Domain center:           -9.27104     5.91057     2.80561
Nuclear charge:           1.00000
Electronic charge:       -0.83360
Total charge:             0.16640
Electronic dipole         0.10081     0.00962    -0.32041
Electronic dipole norm     0.33603
Electronic quadrupole    -0.52317     0.00867    -0.20541    -0.60775    -0.02292     0.00556
Isotropic polarizablity (w=0)     0.27637
Electronic polarizability (w=0)     0.12035     0.02423     0.11471    -0.14971    -0.11676     0.59404

----------------
Atomic domain 26
----------------
Domain center:           -8.02300     8.86200    -1.21600
Nuclear charge:           7.00000
Electronic charge:       -7.31223
Total charge:            -0.31223
Electronic dipole        -0.17869     0.09267    -0.17000
Electronic dipole norm     0.26347
Electronic quadrupole    -2.95642    -0.67769    -0.05960    -3.76677     0.09227    -2.55882
Isotropic polarizablity (w=0)     0.81226
Electronic polarizability (w=0)     0.78895    -0.30847     0.45098    -0.44605     0.26163     1.19685

----------------
Atomic domain 27
----------------
Domain center:           -7.82500     8.70000    -2.64000
Nuclear charge:           6.00000
Electronic charge:       -6.32633
Total charge:            -0.32633
Electronic dipole        -0.05414     0.04156     0.25305
Electronic dipole norm     0.26209
Electronic quadrupole    -3.23974    -0.02135    -0.10226    -3.29307     0.10354    -2.75130
Isotropic polarizablity (w=0)     0.88224
Electronic polarizability (w=0)     0.65291    -0.01328     0.67083    -0.23158     0.14202     1.32300

----------------
Atomic domain 28
----------------
Domain center:           -7.36800     8.51500    -0.57400
Nuclear charge:           1.00000
Electronic charge:       -0.73487
Total charge:             0.26513
Electronic dipole        -0.17207     0.08337    -0.15072
Electronic dipole norm     0.24347
Electronic quadrupole    -0.28158    -0.10371     0.16182    -0.47313    -0.10207    -0.34072
Isotropic polarizablity (w=0)     0.20461
Electronic polarizability (w=0)     0.26904    -0.08415     0.14582     0.11552    -0.05661     0.19898

----------------
Atomic domain 29
----------------
Domain center:           -7.75300     9.69500    -3.04800
Nuclear charge:           1.00000
Electronic charge:       -0.84138
Total charge:             0.15862
Electronic dipole        -0.02019    -0.29886     0.13747
Electronic dipole norm     0.32958
Electronic quadrupole    -0.59028     0.03711    -0.00795    -0.05646    -0.21212    -0.49593
Isotropic polarizablity (w=0)     0.26219
Electronic polarizability (w=0)     0.07771     0.07245     0.45564    -0.04684    -0.23607     0.25323

----------------
Atomic domain 30
----------------
Domain center:           -8.63852     8.17051    -3.09024
Nuclear charge:           1.00000
Electronic charge:       -0.83229
Total charge:             0.16771
Electronic dipole         0.23609     0.15759     0.13689
Electronic dipole norm     0.31514
Electronic quadrupole    -0.23421     0.22592     0.19006    -0.43802     0.11563    -0.46494
Isotropic polarizablity (w=0)     0.25076
Electronic polarizability (w=0)     0.27715     0.17931     0.21721     0.17916     0.15400     0.25791

----------------
Atomic domain 31
----------------
Domain center:           -6.89493     8.19968    -2.81190
Nuclear charge:           1.00000
Electronic charge:       -0.84861
Total charge:             0.15139
Electronic dipole        -0.29088     0.16202     0.04551
Electronic dipole norm     0.33606
Electronic quadrupole    -0.11062    -0.26977    -0.09238    -0.46397     0.05021    -0.61164
Isotropic polarizablity (w=0)     0.27731
Electronic polarizability (w=0)     0.49051    -0.22942     0.20109    -0.14890     0.08264     0.14035

---------
Molecular
---------
Domain center:           -8.91037     9.38359     0.72723
Nuclear charge:         102.00000
Electronic charge:     -102.00000
Total charge:             0.00000
Electronic dipole        -0.28195    -0.06769    -0.02300
Gauge   dipole            2.47707    -0.07752     1.39735
Total   dipole            2.19512    -0.14521     1.37436
Electronic quadrupole  -385.45822  -107.76056    22.15138 -1407.95818  -412.22049 -1247.08791
Nuclear    quadrupole   323.72853   103.36765   -28.16530  1349.90149   412.71250  1188.81332
Total      quadrupole   -61.72969    -4.39291    -6.01392   -58.05670     0.49201   -58.27459
Polarizability av (0)       16.86618
Polarizability (0)          15.40249    -0.29638    17.82557     0.37324     1.06091    17.37047
Time used in Loprop              :      6.85 (cpu)       5.14 (wall)
