AA
12 2 2 1
1   -15.4310000000    12.1380000000     2.7590000000    -0.3107619644     0.1678618940     0.1496936766    -0.1188801939    -2.8241881991     0.4335062248     0.4556501152    -3.3831102012    -0.6152182341    -3.0509332213     1.0308448761     0.0089727671     0.5366085265     0.4433091961    -0.2222005351     0.9393003360
1   -15.8250000000    12.8450000000     1.5570000000    -0.3299506528     0.0946094185    -0.1178297463     0.2099125223    -3.2540327742    -0.0353142686     0.1760633114    -3.1540169890    -0.2763549702    -2.8942686102     0.7518361356    -0.1456417807     0.2298910015     0.7514611483    -0.1939998021     1.1196113825
1   -16.0160000000    11.4430000000     3.1320000000     0.2742183502     0.1414630176     0.1643272385    -0.0859952346    -0.3543145061     0.1969396536    -0.1144123146    -0.2915675916    -0.1042478527    -0.4751262750     0.2490023110     0.1681706683    -0.0733402123     0.2669254097    -0.0812686723     0.1325616232
1   -15.1460000000    12.6140000000     0.7470000000     0.1565827813    -0.2061023053     0.0718050110     0.2483863232    -0.3441713341    -0.0901798759    -0.2955808509    -0.5566236030     0.0924148429    -0.2495483285     0.2167383536    -0.0634334229    -0.2379116653     0.1016507880     0.0804285794     0.4872447667
1   -15.8066950000    13.9102280000     1.6562710000     0.1642881188     0.0036734388    -0.3180914034    -0.0363904470    -0.5880586107     0.0116746571     0.0003970369     0.0096211830     0.0519951034    -0.5657565040     0.0737597694    -0.0589994929     0.0026672430     0.6101528414    -0.0074229211     0.0905009690
1   -16.7924010000    12.4897710000     1.2691670000     0.1517261598     0.3083676747     0.1098099632     0.0819525160    -0.0630475719     0.1993570364     0.1608789414    -0.5428357441     0.0668734495    -0.5723931854     0.5654352750     0.1383387789     0.1869406302     0.1213330114     0.0477566987     0.1547277880
1   -14.2540000000    12.3650000000     3.3070000000     0.3879760217     0.0250346923     0.0493415489    -0.0709792240    -2.0774600357     0.6430514831     0.2195076474    -2.7136332502    -0.6821695825    -2.5674106511     1.2579243817     0.1074401325     0.3415039206     0.8410187296    -0.2513476677     1.1349369327
1   -13.9040000000    11.5590000000     4.5340000000    -0.5033145369     0.0018250346     0.1088795211    -0.1359877495    -3.3912262735     0.0121561899    -0.0231533657    -3.3235728999    -0.1273019816    -3.2333668561     0.7267786385    -0.1194596641     0.1474672639     0.8541274767    -0.2957492106     1.1615438335
1   -13.4340000000    13.1700000000     2.8240000000    -0.4969779087    -0.3512771203    -0.3448610677     0.2046048119    -3.6683357069     0.3423920940    -0.3046839669    -3.6226758145    -0.1271282037    -3.9378944437     0.6673148532     0.3623791006    -0.1726699998     0.5683959613    -0.1714988381     0.3453870747
1   -14.7594060000    11.3917340000     5.1546460000     0.1467856892     0.2809108318     0.0623965499    -0.1971482208    -0.2012011642     0.0815152234    -0.3166057231    -0.5986487665    -0.0651989650    -0.3987757065     0.3693762000     0.0737375714    -0.2659749248     0.1131077888    -0.0923326996     0.3658224285
1   -13.4639990000    10.6365290000     4.2172270000     0.1692731754    -0.1324293430     0.2926900068     0.0943187045    -0.4783927081    -0.2352778607    -0.0883868525    -0.0975743879     0.1780986481    -0.5384294151     0.1911898039    -0.2294808016    -0.0389449589     0.5246811804     0.0742396941     0.1073015392
1   -13.2310000000    12.1230000000     5.0470000000     0.1901547664    -0.2351663884    -0.1857505148    -0.1845942604    -0.2741891690     0.2302638859     0.2164189414    -0.3672168269     0.1821291094    -0.3863217488     0.3104991870     0.1535288882     0.2257073742     0.1797641653     0.1319970196     0.2771737626


---------------
Atomic domain 1
---------------
Domain center:          -15.43100    12.13800     2.75900
Nuclear charge:           7.00000
Electronic charge:       -7.31076
Total charge:            -0.31076
Electronic dipole         0.16786     0.14969    -0.11888
Electronic dipole norm     0.25440
Electronic quadrupole    -2.82419     0.43351     0.45565    -3.38311    -0.61522    -3.05093
Isotropic polarizablity (w=0)     0.80448
Electronic polarizability (w=0)     1.03084     0.00897     0.44331     0.53661    -0.22220     0.93930

---------------
Atomic domain 2
---------------
Domain center:          -15.82500    12.84500     1.55700
Nuclear charge:           6.00000
Electronic charge:       -6.32995
Total charge:            -0.32995
Electronic dipole         0.09461    -0.11783     0.20991
Electronic dipole norm     0.25865
Electronic quadrupole    -3.25403    -0.03531     0.17606    -3.15402    -0.27635    -2.89427
Isotropic polarizablity (w=0)     0.87430
Electronic polarizability (w=0)     0.75184    -0.14564     0.75146     0.22989    -0.19400     1.11961

---------------
Atomic domain 3
---------------
Domain center:          -16.01600    11.44300     3.13200
Nuclear charge:           1.00000
Electronic charge:       -0.72578
Total charge:             0.27422
Electronic dipole         0.14146     0.16433    -0.08600
Electronic dipole norm     0.23326
Electronic quadrupole    -0.35431     0.19694    -0.11441    -0.29157    -0.10425    -0.47513
Isotropic polarizablity (w=0)     0.21616
Electronic polarizability (w=0)     0.24900     0.16817     0.26693    -0.07334    -0.08127     0.13256

---------------
Atomic domain 4
---------------
Domain center:          -15.14600    12.61400     0.74700
Nuclear charge:           1.00000
Electronic charge:       -0.84342
Total charge:             0.15658
Electronic dipole        -0.20610     0.07181     0.24839
Electronic dipole norm     0.33065
Electronic quadrupole    -0.34417    -0.09018    -0.29558    -0.55662     0.09241    -0.24955
Isotropic polarizablity (w=0)     0.26854
Electronic polarizability (w=0)     0.21674    -0.06343     0.10165    -0.23791     0.08043     0.48724

---------------
Atomic domain 5
---------------
Domain center:          -15.80669    13.91023     1.65627
Nuclear charge:           1.00000
Electronic charge:       -0.83571
Total charge:             0.16429
Electronic dipole         0.00367    -0.31809    -0.03639
Electronic dipole norm     0.32019
Electronic quadrupole    -0.58806     0.01167     0.00040     0.00962     0.05200    -0.56576
Isotropic polarizablity (w=0)     0.25814
Electronic polarizability (w=0)     0.07376    -0.05900     0.61015     0.00267    -0.00742     0.09050

---------------
Atomic domain 6
---------------
Domain center:          -16.79240    12.48977     1.26917
Nuclear charge:           1.00000
Electronic charge:       -0.84827
Total charge:             0.15173
Electronic dipole         0.30837     0.10981     0.08195
Electronic dipole norm     0.33744
Electronic quadrupole    -0.06305     0.19936     0.16088    -0.54284     0.06687    -0.57239
Isotropic polarizablity (w=0)     0.28050
Electronic polarizability (w=0)     0.56544     0.13834     0.12133     0.18694     0.04776     0.15473

---------------
Atomic domain 7
---------------
Domain center:          -14.25400    12.36500     3.30700
Nuclear charge:           6.00000
Electronic charge:       -5.61202
Total charge:             0.38798
Electronic dipole         0.02503     0.04934    -0.07098
Electronic dipole norm     0.09000
Electronic quadrupole    -2.07746     0.64305     0.21951    -2.71363    -0.68217    -2.56741
Isotropic polarizablity (w=0)     1.07796
Electronic polarizability (w=0)     1.25792     0.10744     0.84102     0.34150    -0.25135     1.13494

---------------
Atomic domain 8
---------------
Domain center:          -13.90400    11.55900     4.53400
Nuclear charge:           6.00000
Electronic charge:       -6.50331
Total charge:            -0.50331
Electronic dipole         0.00183     0.10888    -0.13599
Electronic dipole norm     0.17421
Electronic quadrupole    -3.39123     0.01216    -0.02315    -3.32357    -0.12730    -3.23337
Isotropic polarizablity (w=0)     0.91415
Electronic polarizability (w=0)     0.72678    -0.11946     0.85413     0.14747    -0.29575     1.16154

---------------
Atomic domain 9
---------------
Domain center:          -13.43400    13.17000     2.82400
Nuclear charge:           8.00000
Electronic charge:       -8.49698
Total charge:            -0.49698
Electronic dipole        -0.35128    -0.34486     0.20460
Electronic dipole norm     0.53309
Electronic quadrupole    -3.66834     0.34239    -0.30468    -3.62268    -0.12713    -3.93789
Isotropic polarizablity (w=0)     0.52703
Electronic polarizability (w=0)     0.66731     0.36238     0.56840    -0.17267    -0.17150     0.34539

----------------
Atomic domain 10
----------------
Domain center:          -14.75941    11.39173     5.15465
Nuclear charge:           1.00000
Electronic charge:       -0.85321
Total charge:             0.14679
Electronic dipole         0.28091     0.06240    -0.19715
Electronic dipole norm     0.34881
Electronic quadrupole    -0.20120     0.08152    -0.31661    -0.59865    -0.06520    -0.39878
Isotropic polarizablity (w=0)     0.28277
Electronic polarizability (w=0)     0.36938     0.07374     0.11311    -0.26597    -0.09233     0.36582

----------------
Atomic domain 11
----------------
Domain center:          -13.46400    10.63653     4.21723
Nuclear charge:           1.00000
Electronic charge:       -0.83073
Total charge:             0.16927
Electronic dipole        -0.13243     0.29269     0.09432
Electronic dipole norm     0.33481
Electronic quadrupole    -0.47839    -0.23528    -0.08839    -0.09757     0.17810    -0.53843
Isotropic polarizablity (w=0)     0.27439
Electronic polarizability (w=0)     0.19119    -0.22948     0.52468    -0.03894     0.07424     0.10730

----------------
Atomic domain 12
----------------
Domain center:          -13.23100    12.12300     5.04700
Nuclear charge:           1.00000
Electronic charge:       -0.80985
Total charge:             0.19015
Electronic dipole        -0.23517    -0.18575    -0.18459
Electronic dipole norm     0.35197
Electronic quadrupole    -0.27419     0.23026     0.21642    -0.36722     0.18213    -0.38632
Isotropic polarizablity (w=0)     0.25581
Electronic polarizability (w=0)     0.31050     0.15353     0.17976     0.22571     0.13200     0.27717

---------
Molecular
---------
Domain center:          -14.61506    12.38871     2.98791
Nuclear charge:          40.00000
Electronic charge:      -40.00000
Total charge:             0.00000
Electronic dipole         0.09877     0.04241     0.00920
Gauge   dipole           -1.33900    -0.95382     0.18351
Total   dipole           -1.24023    -0.91141     0.19271
Electronic quadrupole  -166.06958     2.99082   -97.45426   -87.27077    70.84783  -192.51140
Nuclear    quadrupole   143.14906    -4.13651    98.93020    64.67714   -71.36657   171.53833
Total      quadrupole   -22.92053    -1.14569     1.47594   -22.59363    -0.51873   -20.97308
Polarizability av (0)        6.03425
Polarizability (0)           6.41070     0.39555     5.37593     0.88194    -0.98140     6.31611
Time used in Loprop              :      0.78 (cpu)       0.64 (wall)
