AA
27 2 2 1
1   -15.4310000000    12.1380000000     2.7590000000    -0.3129658013     0.1648959282     0.1434962932    -0.1231449145    -2.8272491351     0.4311725341     0.4607241887    -3.3658077764    -0.6029751120    -3.0490356894     1.1527605397    -0.0875726742     0.6777052075     0.5313674683    -0.2903902969     0.9661910711
1   -15.8250000000    12.8450000000     1.5570000000    -0.0538092716    -0.1461614907    -0.0396722262     0.1308130459    -2.7210632704     0.1097535876     0.2694554086    -2.6714595441    -0.2152796290    -2.6249307636     1.1663259403     0.0532193383     0.5724932592     1.3822795942    -0.0177254273     1.0961406748
1   -15.7990000000    14.3580000000     1.6980000000     0.3895378717     0.0200198128     0.1101680479    -0.0380870774    -3.4886102332     0.0456214858    -0.1457890026    -2.1051126488    -0.2270221363    -1.7588816226     0.5654581925     0.0413096554     0.0221503475     1.4763726710     0.2839425765     1.2584479178
1   -15.6680000000    15.0810000000     0.6970000000    -0.4929003994    -0.0555643114    -0.3153041206     0.4304257538    -3.8855019597     0.0481772895    -0.0580392405    -3.8424201796    -0.4585186524    -3.4905677036     0.2487368348     0.0616819670    -0.0520439488     0.5087490295    -0.3232457176     0.7938658892
1   -17.2030000000    12.3390000000     1.1470000000    -0.2586735740     0.1015992840     0.1206013695    -0.2490418567    -2.6239361112     0.1506872525     0.3505556622    -3.1455330050     0.0171275412    -2.7885991056     1.2630565561     0.2016880966     0.6260179888     0.7420600827     0.0843156541     1.3941296945
1   -17.5490000000    12.6790000000    -0.2670000000    -0.3247936066    -0.0997641478    -0.1015985510     0.1701573087    -3.2477046114     0.0192100600     0.1271977726    -3.3077567948    -0.0839500109    -2.7312179213     1.3404282325     0.1706821877     0.5664964639     0.6331050747     0.0558666470     1.4179426792
1   -18.9130000000    12.1880000000    -0.6660000000     0.4082072896    -0.0785222350    -0.0148916177    -0.0510709703    -2.3277154304     0.4675691463    -0.2634454253    -3.6620425250     0.0981748292    -1.7543347387     1.5105330903     0.2578366663     0.2605968017     0.7368471938     0.1146538185     1.2459484022
1   -19.7980000000    11.9800000000     0.2200000000    -0.6421194923     0.3533223539     0.0825914362    -0.4328308709    -3.9482473363     0.0336162375    -0.4643211010    -4.1494855833    -0.1088279882    -3.8167476927     0.7838279492     0.1280435719    -0.3310510492     0.2696435758    -0.0803521599     0.5023096785
1   -19.0820000000    12.0270000000    -1.8890000000    -0.6199370153     0.0366860796     0.0615516917     0.5646840265    -4.2614993707    -0.0508457282     0.0432133617    -4.0962043203     0.0712340816    -3.3741872540     0.3073434169     0.0381368034     0.2332198527     0.2689696071     0.1444252642     1.1246580559
1   -16.0160000000    11.4430000000     3.1320000000     0.2735015016     0.1360724578     0.1628621466    -0.1002291783    -0.3604025595     0.1886908134    -0.1033711084    -0.2995250501    -0.1152107204    -0.4442796773     0.2131618941     0.1374033181    -0.0453660621     0.2871812717    -0.1108420070     0.1701791791
1   -15.1460000000    12.6140000000     0.7470000000     0.1590041640    -0.2078737700     0.0672705695     0.2238081050    -0.3748850622    -0.0848144889    -0.2547448081    -0.5606433738     0.0946361788    -0.2819741584     0.2998343769    -0.0881528208    -0.1958634941     0.1413484894     0.1105685264     0.4037420652
1   -17.2170000000    11.2670000000     1.2160000000     0.1269499408    -0.0073563939     0.3455725751    -0.0462800883    -0.6441077946    -0.0102535598     0.0070089974    -0.0266035521    -0.0278069677    -0.6473649529     0.1031001183     0.0433875156     0.0303340237     0.6838203467    -0.0477517220     0.1150317376
1   -17.9560000000    12.7740000000     1.7890000000     0.1329160380     0.2267820959    -0.1345243634    -0.2353009349    -0.3156566908    -0.1497109873    -0.2245750358    -0.5364689631     0.1729767292    -0.4056470161     0.3274615781    -0.1132216700    -0.2195018472     0.1512532532     0.1362757136     0.3541885121
1   -17.4750000000    13.7380000000    -0.4200000000     0.1456665226    -0.0231426869    -0.3367536109     0.0436296486    -0.5949271907     0.0534714950     0.0043138057     0.0122217647    -0.0745574679    -0.6111864435     0.1118545411     0.0327106974     0.0330367625     0.5477406168    -0.1011213750     0.1423480559
1   -16.8240000000    12.2280000000    -0.9280000000     0.1227250651    -0.2635291607     0.1494071433     0.2112058172    -0.3327917309    -0.1830370523    -0.2703995910    -0.5359978616     0.1688906828    -0.4257117647     0.3987515514    -0.1386121577    -0.2446212707     0.1613031885     0.1570214438     0.3779676179
1   -14.2540000000    12.3650000000     3.3070000000     0.3767117059     0.0256096949     0.0482718845    -0.0906745207    -2.0943709701     0.6261231226     0.2334816162    -2.7031302632    -0.7127666185    -2.5766662435     1.3744459510    -0.0047059326     0.4739888606     0.8315257360    -0.3225292222     1.1651624399
1   -13.9040000000    11.5590000000     4.5340000000    -0.5045485378    -0.0023131834     0.1078503839    -0.1462135273    -3.3958063978     0.0154853196    -0.0220235172    -3.3244672881    -0.1255287049    -3.2390373801     0.7591565498    -0.1629448864     0.2188925167     0.8837676819    -0.3577782332     1.2030838797
1   -13.4340000000    13.1700000000     2.8240000000    -0.5017203629    -0.3518564377    -0.3449669899     0.1946788945    -3.7088517056     0.3535155506    -0.3065306186    -3.6348826463    -0.1310371963    -3.9446866042     0.6931183180     0.3126255178    -0.1380615616     0.5229042786    -0.1520319599     0.3151005731
1   -13.2310000000    12.1230000000     5.0470000000     0.1812835520    -0.2406489456    -0.1888320263    -0.1904602711    -0.2852725399     0.2315324273     0.2180728219    -0.3791382501     0.1823828954    -0.3959709688     0.3382138037     0.1497219621     0.2493306934     0.1659851434     0.1262731151     0.2952870615
1   -14.7594060000    11.3917340000     5.1546460000     0.1429590087     0.2818452105     0.0625860992    -0.2015795747    -0.2057269262     0.0820748379    -0.3153658173    -0.6044915399    -0.0659383842    -0.4021322841     0.3462179824     0.0752885007    -0.2517903028     0.1192715619    -0.1054381628     0.3725867862
1   -13.4639990000    10.6365290000     4.2172270000     0.1668140329    -0.1344531972     0.2947155972     0.0925315509    -0.4816867144    -0.2345669766    -0.0884284898    -0.1014961653     0.1789357333    -0.5412510054     0.2051847459    -0.2487437480    -0.0311817859     0.5411422285     0.0584003292     0.1004648533
1   -15.8970000000    14.8620000000     2.9120000000    -0.3040233059     0.0623168719     0.1490486406    -0.2034059156    -4.1324242893     0.0085695647    -0.0988885366    -2.5821798875     0.1119518060    -2.5363178995     0.2550225241    -0.0399978406    -0.0313823645     1.2524567467     0.5132486914     0.9831075955
1   -15.8620000000    16.2980000000     3.1000000000    -0.3318046888    -0.0064975267    -0.2662697261    -0.0615347974    -3.3371307782     0.0358125777    -0.0209656363    -2.6942395929     0.1111623678    -3.2463985977     0.6539060206     0.0205531083     0.0156700624     1.3655878600     0.2479960316     0.6624679546
1   -15.9220000000    14.3140000000     3.7350000000     0.2645586663     0.0193326108     0.1285602327    -0.1977792261    -0.5075853670    -0.0152112257    -0.0277445318    -0.3795229858    -0.1799341058    -0.1988030393     0.0986428022    -0.0109429135    -0.0187692257     0.1797967573    -0.1280344684     0.3558708482
1   -16.5590000000    16.7490000000     2.4360000000     0.1656699968     0.2199404406    -0.1486115029     0.2037393480    -0.3164148729    -0.1672810179     0.2472156833    -0.4575277626    -0.1588682333    -0.3341352477     0.2892300845    -0.1895130847     0.1711099781     0.2656649138    -0.1457411336     0.1906465518
1   -14.9035830000    16.7238060000     2.8878040000     0.1507659115    -0.2955725952    -0.1327291389     0.0589057844    -0.1199740954     0.1990494601    -0.1105387282    -0.4987880359    -0.0505913119    -0.5853112117     0.4840031668     0.2548618077    -0.0434565923     0.2592855293    -0.0242031709     0.0709272146
1   -16.1447560000    16.5284460000     4.1059040000     0.1400247886     0.0879454105    -0.0680888976    -0.3275291989    -0.5792377109    -0.0327343006    -0.1629768228    -0.6083635309     0.1382230753    -0.0357742810     0.1114842762    -0.0486005795    -0.1340259334     0.1632305803     0.1957248755     0.5864781281


---------------
Atomic domain 1
---------------
Domain center:          -15.43100    12.13800     2.75900
Nuclear charge:           7.00000
Electronic charge:       -7.31297
Total charge:            -0.31297
Electronic dipole         0.16490     0.14350    -0.12314
Electronic dipole norm     0.25089
Electronic quadrupole    -2.82725     0.43117     0.46072    -3.36581    -0.60298    -3.04904
Isotropic polarizablity (w=0)     0.88344
Electronic polarizability (w=0)     1.15276    -0.08757     0.53137     0.67771    -0.29039     0.96619

---------------
Atomic domain 2
---------------
Domain center:          -15.82500    12.84500     1.55700
Nuclear charge:           6.00000
Electronic charge:       -6.05381
Total charge:            -0.05381
Electronic dipole        -0.14616    -0.03967     0.13081
Electronic dipole norm     0.20012
Electronic quadrupole    -2.72106     0.10975     0.26946    -2.67146    -0.21528    -2.62493
Isotropic polarizablity (w=0)     1.21492
Electronic polarizability (w=0)     1.16633     0.05322     1.38228     0.57249    -0.01773     1.09614

---------------
Atomic domain 3
---------------
Domain center:          -15.79900    14.35800     1.69800
Nuclear charge:           6.00000
Electronic charge:       -5.61046
Total charge:             0.38954
Electronic dipole         0.02002     0.11017    -0.03809
Electronic dipole norm     0.11827
Electronic quadrupole    -3.48861     0.04562    -0.14579    -2.10511    -0.22702    -1.75888
Isotropic polarizablity (w=0)     1.10009
Electronic polarizability (w=0)     0.56546     0.04131     1.47637     0.02215     0.28394     1.25845

---------------
Atomic domain 4
---------------
Domain center:          -15.66800    15.08100     0.69700
Nuclear charge:           8.00000
Electronic charge:       -8.49290
Total charge:            -0.49290
Electronic dipole        -0.05556    -0.31530     0.43043
Electronic dipole norm     0.53644
Electronic quadrupole    -3.88550     0.04818    -0.05804    -3.84242    -0.45852    -3.49057
Isotropic polarizablity (w=0)     0.51712
Electronic polarizability (w=0)     0.24874     0.06168     0.50875    -0.05204    -0.32325     0.79387

---------------
Atomic domain 5
---------------
Domain center:          -17.20300    12.33900     1.14700
Nuclear charge:           6.00000
Electronic charge:       -6.25867
Total charge:            -0.25867
Electronic dipole         0.10160     0.12060    -0.24904
Electronic dipole norm     0.29477
Electronic quadrupole    -2.62394     0.15069     0.35056    -3.14553     0.01713    -2.78860
Isotropic polarizablity (w=0)     1.13308
Electronic polarizability (w=0)     1.26306     0.20169     0.74206     0.62602     0.08432     1.39413

---------------
Atomic domain 6
---------------
Domain center:          -17.54900    12.67900    -0.26700
Nuclear charge:           6.00000
Electronic charge:       -6.32479
Total charge:            -0.32479
Electronic dipole        -0.09976    -0.10160     0.17016
Electronic dipole norm     0.22188
Electronic quadrupole    -3.24770     0.01921     0.12720    -3.30776    -0.08395    -2.73122
Isotropic polarizablity (w=0)     1.13049
Electronic polarizability (w=0)     1.34043     0.17068     0.63311     0.56650     0.05587     1.41794

---------------
Atomic domain 7
---------------
Domain center:          -18.91300    12.18800    -0.66600
Nuclear charge:           6.00000
Electronic charge:       -5.59179
Total charge:             0.40821
Electronic dipole        -0.07852    -0.01489    -0.05107
Electronic dipole norm     0.09485
Electronic quadrupole    -2.32772     0.46757    -0.26345    -3.66204     0.09817    -1.75433
Isotropic polarizablity (w=0)     1.16444
Electronic polarizability (w=0)     1.51053     0.25784     0.73685     0.26060     0.11465     1.24595

---------------
Atomic domain 8
---------------
Domain center:          -19.79800    11.98000     0.22000
Nuclear charge:           8.00000
Electronic charge:       -8.64212
Total charge:            -0.64212
Electronic dipole         0.35332     0.08259    -0.43283
Electronic dipole norm     0.56480
Electronic quadrupole    -3.94825     0.03362    -0.46432    -4.14949    -0.10883    -3.81675
Isotropic polarizablity (w=0)     0.51859
Electronic polarizability (w=0)     0.78383     0.12804     0.26964    -0.33105    -0.08035     0.50231

---------------
Atomic domain 9
---------------
Domain center:          -19.08200    12.02700    -1.88900
Nuclear charge:           8.00000
Electronic charge:       -8.61994
Total charge:            -0.61994
Electronic dipole         0.03669     0.06155     0.56468
Electronic dipole norm     0.56921
Electronic quadrupole    -4.26150    -0.05085     0.04321    -4.09620     0.07123    -3.37419
Isotropic polarizablity (w=0)     0.56699
Electronic polarizability (w=0)     0.30734     0.03814     0.26897     0.23322     0.14443     1.12466

----------------
Atomic domain 10
----------------
Domain center:          -16.01600    11.44300     3.13200
Nuclear charge:           1.00000
Electronic charge:       -0.72650
Total charge:             0.27350
Electronic dipole         0.13607     0.16286    -0.10023
Electronic dipole norm     0.23470
Electronic quadrupole    -0.36040     0.18869    -0.10337    -0.29953    -0.11521    -0.44428
Isotropic polarizablity (w=0)     0.22351
Electronic polarizability (w=0)     0.21316     0.13740     0.28718    -0.04537    -0.11084     0.17018

----------------
Atomic domain 11
----------------
Domain center:          -15.14600    12.61400     0.74700
Nuclear charge:           1.00000
Electronic charge:       -0.84100
Total charge:             0.15900
Electronic dipole        -0.20787     0.06727     0.22381
Electronic dipole norm     0.31277
Electronic quadrupole    -0.37489    -0.08481    -0.25474    -0.56064     0.09464    -0.28197
Isotropic polarizablity (w=0)     0.28164
Electronic polarizability (w=0)     0.29983    -0.08815     0.14135    -0.19586     0.11057     0.40374

----------------
Atomic domain 12
----------------
Domain center:          -17.21700    11.26700     1.21600
Nuclear charge:           1.00000
Electronic charge:       -0.87305
Total charge:             0.12695
Electronic dipole        -0.00736     0.34557    -0.04628
Electronic dipole norm     0.34874
Electronic quadrupole    -0.64411    -0.01025     0.00701    -0.02660    -0.02781    -0.64736
Isotropic polarizablity (w=0)     0.30065
Electronic polarizability (w=0)     0.10310     0.04339     0.68382     0.03033    -0.04775     0.11503

----------------
Atomic domain 13
----------------
Domain center:          -17.95600    12.77400     1.78900
Nuclear charge:           1.00000
Electronic charge:       -0.86708
Total charge:             0.13292
Electronic dipole         0.22678    -0.13452    -0.23530
Electronic dipole norm     0.35340
Electronic quadrupole    -0.31566    -0.14971    -0.22458    -0.53647     0.17298    -0.40565
Isotropic polarizablity (w=0)     0.27763
Electronic polarizability (w=0)     0.32746    -0.11322     0.15125    -0.21950     0.13628     0.35419

----------------
Atomic domain 14
----------------
Domain center:          -17.47500    13.73800    -0.42000
Nuclear charge:           1.00000
Electronic charge:       -0.85433
Total charge:             0.14567
Electronic dipole        -0.02314    -0.33675     0.04363
Electronic dipole norm     0.34036
Electronic quadrupole    -0.59493     0.05347     0.00431     0.01222    -0.07456    -0.61119
Isotropic polarizablity (w=0)     0.26731
Electronic polarizability (w=0)     0.11185     0.03271     0.54774     0.03304    -0.10112     0.14235

----------------
Atomic domain 15
----------------
Domain center:          -16.82400    12.22800    -0.92800
Nuclear charge:           1.00000
Electronic charge:       -0.87727
Total charge:             0.12273
Electronic dipole        -0.26353     0.14941     0.21121
Electronic dipole norm     0.36929
Electronic quadrupole    -0.33279    -0.18304    -0.27040    -0.53600     0.16889    -0.42571
Isotropic polarizablity (w=0)     0.31267
Electronic polarizability (w=0)     0.39875    -0.13861     0.16130    -0.24462     0.15702     0.37797

----------------
Atomic domain 16
----------------
Domain center:          -14.25400    12.36500     3.30700
Nuclear charge:           6.00000
Electronic charge:       -5.62329
Total charge:             0.37671
Electronic dipole         0.02561     0.04827    -0.09067
Electronic dipole norm     0.10587
Electronic quadrupole    -2.09437     0.62612     0.23348    -2.70313    -0.71277    -2.57667
Isotropic polarizablity (w=0)     1.12371
Electronic polarizability (w=0)     1.37445    -0.00471     0.83153     0.47399    -0.32253     1.16516

----------------
Atomic domain 17
----------------
Domain center:          -13.90400    11.55900     4.53400
Nuclear charge:           6.00000
Electronic charge:       -6.50455
Total charge:            -0.50455
Electronic dipole        -0.00231     0.10785    -0.14621
Electronic dipole norm     0.18170
Electronic quadrupole    -3.39581     0.01549    -0.02202    -3.32447    -0.12553    -3.23904
Isotropic polarizablity (w=0)     0.94867
Electronic polarizability (w=0)     0.75916    -0.16294     0.88377     0.21889    -0.35778     1.20308

----------------
Atomic domain 18
----------------
Domain center:          -13.43400    13.17000     2.82400
Nuclear charge:           8.00000
Electronic charge:       -8.50172
Total charge:            -0.50172
Electronic dipole        -0.35186    -0.34497     0.19468
Electronic dipole norm     0.52982
Electronic quadrupole    -3.70885     0.35352    -0.30653    -3.63488    -0.13104    -3.94469
Isotropic polarizablity (w=0)     0.51037
Electronic polarizability (w=0)     0.69312     0.31263     0.52290    -0.13806    -0.15203     0.31510

----------------
Atomic domain 19
----------------
Domain center:          -13.23100    12.12300     5.04700
Nuclear charge:           1.00000
Electronic charge:       -0.81872
Total charge:             0.18128
Electronic dipole        -0.24065    -0.18883    -0.19046
Electronic dipole norm     0.36034
Electronic quadrupole    -0.28527     0.23153     0.21807    -0.37914     0.18238    -0.39597
Isotropic polarizablity (w=0)     0.26650
Electronic polarizability (w=0)     0.33821     0.14972     0.16599     0.24933     0.12627     0.29529

----------------
Atomic domain 20
----------------
Domain center:          -14.75941    11.39173     5.15465
Nuclear charge:           1.00000
Electronic charge:       -0.85704
Total charge:             0.14296
Electronic dipole         0.28185     0.06259    -0.20158
Electronic dipole norm     0.35212
Electronic quadrupole    -0.20573     0.08207    -0.31537    -0.60449    -0.06594    -0.40213
Isotropic polarizablity (w=0)     0.27936
Electronic polarizability (w=0)     0.34622     0.07529     0.11927    -0.25179    -0.10544     0.37259

----------------
Atomic domain 21
----------------
Domain center:          -13.46400    10.63653     4.21723
Nuclear charge:           1.00000
Electronic charge:       -0.83319
Total charge:             0.16681
Electronic dipole        -0.13445     0.29472     0.09253
Electronic dipole norm     0.33689
Electronic quadrupole    -0.48169    -0.23457    -0.08843    -0.10150     0.17894    -0.54125
Isotropic polarizablity (w=0)     0.28226
Electronic polarizability (w=0)     0.20518    -0.24874     0.54114    -0.03118     0.05840     0.10046

----------------
Atomic domain 22
----------------
Domain center:          -15.89700    14.86200     2.91200
Nuclear charge:           7.00000
Electronic charge:       -7.30402
Total charge:            -0.30402
Electronic dipole         0.06232     0.14905    -0.20341
Electronic dipole norm     0.25976
Electronic quadrupole    -4.13242     0.00857    -0.09889    -2.58218     0.11195    -2.53632
Isotropic polarizablity (w=0)     0.83020
Electronic polarizability (w=0)     0.25502    -0.04000     1.25246    -0.03138     0.51325     0.98311

----------------
Atomic domain 23
----------------
Domain center:          -15.86200    16.29800     3.10000
Nuclear charge:           6.00000
Electronic charge:       -6.33180
Total charge:            -0.33180
Electronic dipole        -0.00650    -0.26627    -0.06153
Electronic dipole norm     0.27336
Electronic quadrupole    -3.33713     0.03581    -0.02097    -2.69424     0.11116    -3.24640
Isotropic polarizablity (w=0)     0.89399
Electronic polarizability (w=0)     0.65391     0.02055     1.36559     0.01567     0.24800     0.66247

----------------
Atomic domain 24
----------------
Domain center:          -15.92200    14.31400     3.73500
Nuclear charge:           1.00000
Electronic charge:       -0.73544
Total charge:             0.26456
Electronic dipole         0.01933     0.12856    -0.19778
Electronic dipole norm     0.23668
Electronic quadrupole    -0.50759    -0.01521    -0.02774    -0.37952    -0.17993    -0.19880
Isotropic polarizablity (w=0)     0.21144
Electronic polarizability (w=0)     0.09864    -0.01094     0.17980    -0.01877    -0.12803     0.35587

----------------
Atomic domain 25
----------------
Domain center:          -16.55900    16.74900     2.43600
Nuclear charge:           1.00000
Electronic charge:       -0.83433
Total charge:             0.16567
Electronic dipole         0.21994    -0.14861     0.20374
Electronic dipole norm     0.33462
Electronic quadrupole    -0.31641    -0.16728     0.24722    -0.45753    -0.15887    -0.33414
Isotropic polarizablity (w=0)     0.24851
Electronic polarizability (w=0)     0.28923    -0.18951     0.26566     0.17111    -0.14574     0.19065

----------------
Atomic domain 26
----------------
Domain center:          -14.90358    16.72381     2.88780
Nuclear charge:           1.00000
Electronic charge:       -0.84923
Total charge:             0.15077
Electronic dipole        -0.29557    -0.13273     0.05891
Electronic dipole norm     0.32932
Electronic quadrupole    -0.11997     0.19905    -0.11054    -0.49879    -0.05059    -0.58531
Isotropic polarizablity (w=0)     0.27141
Electronic polarizability (w=0)     0.48400     0.25486     0.25929    -0.04346    -0.02420     0.07093

----------------
Atomic domain 27
----------------
Domain center:          -16.14476    16.52845     4.10590
Nuclear charge:           1.00000
Electronic charge:       -0.85998
Total charge:             0.14002
Electronic dipole         0.08795    -0.06809    -0.32753
Electronic dipole norm     0.34590
Electronic quadrupole    -0.57924    -0.03273    -0.16298    -0.60836     0.13822    -0.03577
Isotropic polarizablity (w=0)     0.28706
Electronic polarizability (w=0)     0.11148    -0.04860     0.16323    -0.13403     0.19572     0.58648

---------
Molecular
---------
Domain center:          -16.30489    13.15309     1.62703
Nuclear charge:         107.00000
Electronic charge:     -108.00000
Total charge:            -1.00000
Electronic dipole        -0.17689    -0.05769    -0.37058
Gauge   dipole            4.17426     0.74669     5.90128
Total   dipole            3.99738     0.68900     5.53070
Electronic quadrupole -1472.83155  -235.06915 -1093.47705  -900.63247  -198.35472 -1321.13582
Nuclear    quadrupole  1366.26481   218.67733  1068.45089   835.94282   190.96594  1237.19613
Total      quadrupole  -106.56674   -16.39182   -25.02615   -64.68965    -7.38878   -83.93969
Polarizability av (0)       16.04607
Polarizability (0)          15.40126     0.84614    15.07266     2.41393     0.02153    17.66428
Time used in Loprop              :      6.60 (cpu)       4.75 (wall)
