AA
12 2 2 1
1   -15.8970000000    14.8620000000     2.9120000000    -0.3075593567     0.0531142479     0.1574146448    -0.1981629246    -4.1377039631     0.0106881657    -0.1009201166    -2.5754373912     0.0981644862    -2.5404004005     0.2762619109    -0.0242512790    -0.0640197626     1.1245542032     0.4710462966     1.0424929252
1   -15.8620000000    16.2980000000     3.1000000000    -0.3350474021    -0.0081085714    -0.2556476562    -0.0578798245    -3.3389817411     0.0403301160    -0.0185074444    -2.6811574204     0.1063725769    -3.2519615918     0.6814473029     0.0133194835     0.0130099051     1.2525630219     0.2309828636     0.6725953045
1   -15.9220000000    14.3140000000     3.7350000000     0.2729591819     0.0068439343     0.1343785622    -0.1881954179    -0.5117604244     0.0084240881    -0.0109380808    -0.4126115870    -0.2167684071    -0.2023617480     0.0879951170     0.0049080952    -0.0113182115     0.1882430338    -0.1636466004     0.3823458516
1   -16.5590000000    16.7490000000     2.4360000000     0.1693344345     0.2186598670    -0.1444194261     0.2030505912    -0.3120031622    -0.1676265313     0.2484621162    -0.4497860173    -0.1612357762    -0.3292523344     0.3029806674    -0.1842791742     0.1767095296     0.2462733026    -0.1400562537     0.1949678564
1   -14.9035830000    16.7238060000     2.8878040000     0.1568702830    -0.2929678811    -0.1274825919     0.0589806582    -0.1063842108     0.2028272033    -0.1111844913    -0.4918604323    -0.0506441495    -0.5763084107     0.4935816585     0.2378718691    -0.0451287959     0.2358778319    -0.0224777896     0.0731697210
1   -16.1447560000    16.5284460000     4.1059040000     0.1505086678     0.0861980511    -0.0641222168    -0.3199906330    -0.5654996883    -0.0323956283    -0.1626539133    -0.5953211041     0.1368713844    -0.0232514882     0.1157848427    -0.0440032049    -0.1374559982     0.1475372379     0.1736674995     0.5843074465
1   -15.7990000000    14.3580000000     1.6980000000     0.3856796417     0.0175966564     0.0986414537    -0.0385483862    -3.5738207835     0.0559876947    -0.1908662740    -2.0575371890    -0.1937703123    -1.7889826416     0.5888276393    -0.0029080434    -0.0672753018     1.3696623603     0.2566053572     1.3073416397
1   -15.8250000000    12.8450000000     1.5570000000    -0.4840575028     0.0027466665     0.1607488538    -0.0328974066    -3.5091110937     0.0364757620    -0.0017991487    -3.1184553878    -0.0654908574    -3.3751605034     0.7039145394     0.0183856537    -0.0014043861     1.4075535077     0.1174061633     0.7188102872
1   -15.6680000000    15.0810000000     0.6970000000    -0.4951869196    -0.0559791558    -0.3088337306     0.4318524830    -3.8826634391     0.0467806618    -0.0562060319    -3.8388515147    -0.4520011931    -3.4956679282     0.2502454574     0.0427202542    -0.0735044910     0.4762118040    -0.3387332312     0.8428303320
1   -15.5340740000    12.3229590000     2.4445440000     0.1435986015    -0.0965811817     0.1628347544    -0.2918669965    -0.5731501349    -0.0852982731     0.1544171425    -0.4677330194    -0.2771184185    -0.1739620392     0.1205501737    -0.0914067137     0.1171395245     0.3220876252    -0.2476045936     0.4054122377
1   -16.7924010000    12.4897710000     1.2691670000     0.1705832389     0.3075199866     0.1049870767     0.0859045815    -0.0316231553     0.1952163743     0.1664810367    -0.5334411119     0.0563044010    -0.5383084539     0.5114678276     0.2206978322     0.1471603147     0.2075968581     0.0780468771     0.1223736427
1   -15.1460000000    12.6140000000     0.7470000000     0.1723171318    -0.2160433443     0.0815313708     0.2489213642    -0.3133208969    -0.0984493222    -0.3293069199    -0.5586133721     0.1185747218    -0.2007116079     0.2888010428    -0.1233240454    -0.2665424324     0.1706582674     0.1620276652     0.4011942883


---------------
Atomic domain 1
---------------
Domain center:          -15.89700    14.86200     2.91200
Nuclear charge:           7.00000
Electronic charge:       -7.30756
Total charge:            -0.30756
Electronic dipole         0.05311     0.15741    -0.19816
Electronic dipole norm     0.25859
Electronic quadrupole    -4.13770     0.01069    -0.10092    -2.57544     0.09816    -2.54040
Isotropic polarizablity (w=0)     0.81444
Electronic polarizability (w=0)     0.27626    -0.02425     1.12455    -0.06402     0.47105     1.04249

---------------
Atomic domain 2
---------------
Domain center:          -15.86200    16.29800     3.10000
Nuclear charge:           6.00000
Electronic charge:       -6.33505
Total charge:            -0.33505
Electronic dipole        -0.00811    -0.25565    -0.05788
Electronic dipole norm     0.26224
Electronic quadrupole    -3.33898     0.04033    -0.01851    -2.68116     0.10637    -3.25196
Isotropic polarizablity (w=0)     0.86887
Electronic polarizability (w=0)     0.68145     0.01332     1.25256     0.01301     0.23098     0.67260

---------------
Atomic domain 3
---------------
Domain center:          -15.92200    14.31400     3.73500
Nuclear charge:           1.00000
Electronic charge:       -0.72704
Total charge:             0.27296
Electronic dipole         0.00684     0.13438    -0.18820
Electronic dipole norm     0.23135
Electronic quadrupole    -0.51176     0.00842    -0.01094    -0.41261    -0.21677    -0.20236
Isotropic polarizablity (w=0)     0.21953
Electronic polarizability (w=0)     0.08800     0.00491     0.18824    -0.01132    -0.16365     0.38235

---------------
Atomic domain 4
---------------
Domain center:          -16.55900    16.74900     2.43600
Nuclear charge:           1.00000
Electronic charge:       -0.83067
Total charge:             0.16933
Electronic dipole         0.21866    -0.14442     0.20305
Electronic dipole norm     0.33151
Electronic quadrupole    -0.31200    -0.16763     0.24846    -0.44979    -0.16124    -0.32925
Isotropic polarizablity (w=0)     0.24807
Electronic polarizability (w=0)     0.30298    -0.18428     0.24627     0.17671    -0.14006     0.19497

---------------
Atomic domain 5
---------------
Domain center:          -14.90358    16.72381     2.88780
Nuclear charge:           1.00000
Electronic charge:       -0.84313
Total charge:             0.15687
Electronic dipole        -0.29297    -0.12748     0.05898
Electronic dipole norm     0.32490
Electronic quadrupole    -0.10638     0.20283    -0.11118    -0.49186    -0.05064    -0.57631
Isotropic polarizablity (w=0)     0.26754
Electronic polarizability (w=0)     0.49358     0.23787     0.23588    -0.04513    -0.02248     0.07317

---------------
Atomic domain 6
---------------
Domain center:          -16.14476    16.52845     4.10590
Nuclear charge:           1.00000
Electronic charge:       -0.84949
Total charge:             0.15051
Electronic dipole         0.08620    -0.06412    -0.31999
Electronic dipole norm     0.33754
Electronic quadrupole    -0.56550    -0.03240    -0.16265    -0.59532     0.13687    -0.02325
Isotropic polarizablity (w=0)     0.28254
Electronic polarizability (w=0)     0.11578    -0.04400     0.14754    -0.13746     0.17367     0.58431

---------------
Atomic domain 7
---------------
Domain center:          -15.79900    14.35800     1.69800
Nuclear charge:           6.00000
Electronic charge:       -5.61432
Total charge:             0.38568
Electronic dipole         0.01760     0.09864    -0.03855
Electronic dipole norm     0.10736
Electronic quadrupole    -3.57382     0.05599    -0.19087    -2.05754    -0.19377    -1.78898
Isotropic polarizablity (w=0)     1.08861
Electronic polarizability (w=0)     0.58883    -0.00291     1.36966    -0.06728     0.25661     1.30734

---------------
Atomic domain 8
---------------
Domain center:          -15.82500    12.84500     1.55700
Nuclear charge:           6.00000
Electronic charge:       -6.48406
Total charge:            -0.48406
Electronic dipole         0.00275     0.16075    -0.03290
Electronic dipole norm     0.16410
Electronic quadrupole    -3.50911     0.03648    -0.00180    -3.11846    -0.06549    -3.37516
Isotropic polarizablity (w=0)     0.94343
Electronic polarizability (w=0)     0.70391     0.01839     1.40755    -0.00140     0.11741     0.71881

---------------
Atomic domain 9
---------------
Domain center:          -15.66800    15.08100     0.69700
Nuclear charge:           8.00000
Electronic charge:       -8.49519
Total charge:            -0.49519
Electronic dipole        -0.05598    -0.30883     0.43185
Electronic dipole norm     0.53386
Electronic quadrupole    -3.88266     0.04678    -0.05621    -3.83885    -0.45200    -3.49567
Isotropic polarizablity (w=0)     0.52310
Electronic polarizability (w=0)     0.25025     0.04272     0.47621    -0.07350    -0.33873     0.84283

----------------
Atomic domain 10
----------------
Domain center:          -15.53407    12.32296     2.44454
Nuclear charge:           1.00000
Electronic charge:       -0.85640
Total charge:             0.14360
Electronic dipole        -0.09658     0.16283    -0.29187
Electronic dipole norm     0.34789
Electronic quadrupole    -0.57315    -0.08530     0.15442    -0.46773    -0.27712    -0.17396
Isotropic polarizablity (w=0)     0.28268
Electronic polarizability (w=0)     0.12055    -0.09141     0.32209     0.11714    -0.24760     0.40541

----------------
Atomic domain 11
----------------
Domain center:          -16.79240    12.48977     1.26917
Nuclear charge:           1.00000
Electronic charge:       -0.82942
Total charge:             0.17058
Electronic dipole         0.30752     0.10499     0.08590
Electronic dipole norm     0.33611
Electronic quadrupole    -0.03162     0.19522     0.16648    -0.53344     0.05630    -0.53831
Isotropic polarizablity (w=0)     0.28048
Electronic polarizability (w=0)     0.51147     0.22070     0.20760     0.14716     0.07805     0.12237

----------------
Atomic domain 12
----------------
Domain center:          -15.14600    12.61400     0.74700
Nuclear charge:           1.00000
Electronic charge:       -0.82768
Total charge:             0.17232
Electronic dipole        -0.21604     0.08153     0.24892
Electronic dipole norm     0.33953
Electronic quadrupole    -0.31332    -0.09845    -0.32931    -0.55861     0.11857    -0.20071
Isotropic polarizablity (w=0)     0.28688
Electronic polarizability (w=0)     0.28880    -0.12332     0.17066    -0.26654     0.16203     0.40119

---------
Molecular
---------
Domain center:          -15.81352    14.68575     2.04289
Nuclear charge:          40.00000
Electronic charge:      -40.00000
Total charge:             0.00000
Electronic dipole         0.02300     0.00003    -0.09883
Gauge   dipole           -0.17720    -0.47511     1.55154
Total   dipole           -0.15420    -0.47508     1.45271
Electronic quadrupole   -34.20388     0.54769    10.09516  -251.44541   -77.65987  -162.56568
Nuclear    quadrupole    11.50397    -0.57440    -9.87516   230.97528    79.37584   139.41768
Total      quadrupole   -22.69990    -0.02670     0.22000   -20.47013     1.71597   -23.14800
Polarizability av (0)        6.10617
Polarizability (0)           4.42186     0.06773     7.14882    -0.21263     0.57726     6.74784
Time used in Loprop              :      0.79 (cpu)       0.66 (wall)
