AA
12 2 2 1
1   -12.1160000000     7.4290000000    -1.9440000000    -0.3239515602    -0.1701768589     0.0133578983    -0.1990011486    -2.7892718714    -0.5319435850     0.1761405680    -3.6466335518     0.5447440187    -2.8372840311     0.8468477370    -0.3945504769    -0.2653371129     0.6302422512     0.3981675278     0.8706652402
1   -13.3810000000     8.0920000000    -1.8140000000    -0.3321342096     0.2241151409    -0.1319153994    -0.0478344371    -2.8291777845    -0.2836278475    -0.0582244885    -3.1786823189     0.0509999905    -3.2687127352     1.0697796061    -0.2704604006    -0.1740469191     0.8533846824     0.0772862102     0.6660645873
1   -11.4310000000     7.4660000000    -1.2710000000     0.2800273732    -0.1637326846    -0.0133447987    -0.1735756856    -0.3135564634     0.0290003004     0.2239948517    -0.5101374609     0.0076085185    -0.2855603836     0.2400778629     0.0195580615     0.1698318392     0.0941189966     0.0246547111     0.2919037391
1   -14.1880000000     7.4130000000    -1.9940000000     0.1641898470     0.2484254572     0.2083191425     0.0531785704    -0.2282637885     0.2842656108     0.0829174642    -0.3303317570     0.0655856529    -0.5638234618     0.4589188509     0.2337165621     0.0292728917     0.2402039728     0.0174822766     0.0678651253
1   -13.4908830000     8.9027390000    -2.5035860000     0.1580294933     0.0318811407    -0.2491172264     0.2076909086    -0.5691786747    -0.0429857366     0.0365333409    -0.2557726356    -0.2978698279    -0.3406687239     0.1123837944    -0.0908532580     0.0504516567     0.4510247874    -0.2474291935     0.2302843842
1   -13.4803820000     8.4685310000    -0.8173820000     0.1519528129     0.0220258155    -0.1184611924    -0.3179102700    -0.6200760588    -0.0174456206    -0.0568979459    -0.5264599703     0.2203387208    -0.0298921956     0.1040146138    -0.0465132814    -0.0961034011     0.1712854517     0.2123516318     0.5743064181
1   -11.8420000000     6.7880000000    -3.0660000000     0.3899140123    -0.0922406404     0.0226877844    -0.0347519653    -2.2444308505    -0.4566239955     0.4269222947    -3.1230477506     0.5122534733    -1.9935069786     1.1434466639    -0.3309429246    -0.0887597223     0.8769619799     0.3081905419     1.1639165913
1   -10.5090000000     6.0810000000    -3.1610000000    -0.4897823909    -0.1584863878     0.0551565881    -0.0277158948    -3.1784098998    -0.0832698455     0.0714470015    -3.4178348826     0.0212661418    -3.4134630798     1.2294058889    -0.2942622840    -0.0713764917     0.8711057476     0.0367129121     0.7052334327
1   -12.6310000000     6.7450000000    -4.0050000000    -0.4872774653     0.3470776226     0.0203759784     0.4145974341    -3.6977601540     0.1190759517     0.4263538444    -3.9329129894    -0.0477868216    -3.5121226025     0.5316428250     0.0213651097     0.3602405558     0.2563650406     0.0577855644     0.7574729199
1    -9.6897120000     6.6559000000    -2.7826400000     0.1495055666    -0.2578170668    -0.1862556678    -0.1241664775    -0.2338049105     0.2729882075     0.1833739442    -0.4250863412     0.1178276610    -0.5449270798     0.5106707954     0.2039209278     0.1415923014     0.2082530272     0.0789218545     0.1309624863
1   -10.5632610000     5.1522230000    -2.6324850000     0.1657599559     0.0154632224     0.2926960005    -0.1754360627    -0.5977807039     0.0413885779    -0.0159391871    -0.0869080473    -0.2941872694    -0.4298459590     0.0983065582    -0.0398372931     0.0143336995     0.5487364648    -0.2343844594     0.1896326885
1   -10.3740000000     5.8530000000    -4.2030000000     0.1737665648    -0.0555108456     0.0710293455     0.3281943120    -0.5753481113    -0.0204436111    -0.0933203151    -0.5590441270     0.1420806097     0.0548635117     0.1296690415    -0.0537313067    -0.1448758930     0.1230028727     0.1524783952     0.5964866054


---------------
Atomic domain 1
---------------
Domain center:          -12.11600     7.42900    -1.94400
Nuclear charge:           7.00000
Electronic charge:       -7.32395
Total charge:            -0.32395
Electronic dipole        -0.17018     0.01336    -0.19900
Electronic dipole norm     0.26218
Electronic quadrupole    -2.78927    -0.53194     0.17614    -3.64663     0.54474    -2.83728
Isotropic polarizablity (w=0)     0.78259
Electronic polarizability (w=0)     0.84685    -0.39455     0.63024    -0.26534     0.39817     0.87067

---------------
Atomic domain 2
---------------
Domain center:          -13.38100     8.09200    -1.81400
Nuclear charge:           6.00000
Electronic charge:       -6.33213
Total charge:            -0.33213
Electronic dipole         0.22412    -0.13192    -0.04783
Electronic dipole norm     0.26442
Electronic quadrupole    -2.82918    -0.28363    -0.05822    -3.17868     0.05100    -3.26871
Isotropic polarizablity (w=0)     0.86308
Electronic polarizability (w=0)     1.06978    -0.27046     0.85338    -0.17405     0.07729     0.66606

---------------
Atomic domain 3
---------------
Domain center:          -11.43100     7.46600    -1.27100
Nuclear charge:           1.00000
Electronic charge:       -0.71997
Total charge:             0.28003
Electronic dipole        -0.16373    -0.01334    -0.17358
Electronic dipole norm     0.23899
Electronic quadrupole    -0.31356     0.02900     0.22399    -0.51014     0.00761    -0.28556
Isotropic polarizablity (w=0)     0.20870
Electronic polarizability (w=0)     0.24008     0.01956     0.09412     0.16983     0.02465     0.29190

---------------
Atomic domain 4
---------------
Domain center:          -14.18800     7.41300    -1.99400
Nuclear charge:           1.00000
Electronic charge:       -0.83581
Total charge:             0.16419
Electronic dipole         0.24843     0.20832     0.05318
Electronic dipole norm     0.32854
Electronic quadrupole    -0.22826     0.28427     0.08292    -0.33033     0.06559    -0.56382
Isotropic polarizablity (w=0)     0.25566
Electronic polarizability (w=0)     0.45892     0.23372     0.24020     0.02927     0.01748     0.06787

---------------
Atomic domain 5
---------------
Domain center:          -13.49088     8.90274    -2.50359
Nuclear charge:           1.00000
Electronic charge:       -0.84197
Total charge:             0.15803
Electronic dipole         0.03188    -0.24912     0.20769
Electronic dipole norm     0.32590
Electronic quadrupole    -0.56918    -0.04299     0.03653    -0.25577    -0.29787    -0.34067
Isotropic polarizablity (w=0)     0.26456
Electronic polarizability (w=0)     0.11238    -0.09085     0.45102     0.05045    -0.24743     0.23028

---------------
Atomic domain 6
---------------
Domain center:          -13.48038     8.46853    -0.81738
Nuclear charge:           1.00000
Electronic charge:       -0.84805
Total charge:             0.15195
Electronic dipole         0.02203    -0.11846    -0.31791
Electronic dipole norm     0.33998
Electronic quadrupole    -0.62008    -0.01745    -0.05690    -0.52646     0.22034    -0.02989
Isotropic polarizablity (w=0)     0.28320
Electronic polarizability (w=0)     0.10401    -0.04651     0.17129    -0.09610     0.21235     0.57431

---------------
Atomic domain 7
---------------
Domain center:          -11.84200     6.78800    -3.06600
Nuclear charge:           6.00000
Electronic charge:       -5.61009
Total charge:             0.38991
Electronic dipole        -0.09224     0.02269    -0.03475
Electronic dipole norm     0.10115
Electronic quadrupole    -2.24443    -0.45662     0.42692    -3.12305     0.51225    -1.99351
Isotropic polarizablity (w=0)     1.06144
Electronic polarizability (w=0)     1.14345    -0.33094     0.87696    -0.08876     0.30819     1.16392

---------------
Atomic domain 8
---------------
Domain center:          -10.50900     6.08100    -3.16100
Nuclear charge:           6.00000
Electronic charge:       -6.48978
Total charge:            -0.48978
Electronic dipole        -0.15849     0.05516    -0.02772
Electronic dipole norm     0.17008
Electronic quadrupole    -3.17841    -0.08327     0.07145    -3.41783     0.02127    -3.41346
Isotropic polarizablity (w=0)     0.93525
Electronic polarizability (w=0)     1.22941    -0.29426     0.87111    -0.07138     0.03671     0.70523

---------------
Atomic domain 9
---------------
Domain center:          -12.63100     6.74500    -4.00500
Nuclear charge:           8.00000
Electronic charge:       -8.48728
Total charge:            -0.48728
Electronic dipole         0.34708     0.02038     0.41460
Electronic dipole norm     0.54108
Electronic quadrupole    -3.69776     0.11908     0.42635    -3.93291    -0.04779    -3.51212
Isotropic polarizablity (w=0)     0.51516
Electronic polarizability (w=0)     0.53164     0.02137     0.25637     0.36024     0.05779     0.75747

----------------
Atomic domain 10
----------------
Domain center:           -9.68971     6.65590    -2.78264
Nuclear charge:           1.00000
Electronic charge:       -0.85049
Total charge:             0.14951
Electronic dipole        -0.25782    -0.18626    -0.12417
Electronic dipole norm     0.34144
Electronic quadrupole    -0.23380     0.27299     0.18337    -0.42509     0.11783    -0.54493
Isotropic polarizablity (w=0)     0.28330
Electronic polarizability (w=0)     0.51067     0.20392     0.20825     0.14159     0.07892     0.13096

----------------
Atomic domain 11
----------------
Domain center:          -10.56326     5.15222    -2.63248
Nuclear charge:           1.00000
Electronic charge:       -0.83424
Total charge:             0.16576
Electronic dipole         0.01546     0.29270    -0.17544
Electronic dipole norm     0.34160
Electronic quadrupole    -0.59778     0.04139    -0.01594    -0.08691    -0.29419    -0.42985
Isotropic polarizablity (w=0)     0.27889
Electronic polarizability (w=0)     0.09831    -0.03984     0.54874     0.01433    -0.23438     0.18963

----------------
Atomic domain 12
----------------
Domain center:          -10.37400     5.85300    -4.20300
Nuclear charge:           1.00000
Electronic charge:       -0.82623
Total charge:             0.17377
Electronic dipole        -0.05551     0.07103     0.32819
Electronic dipole norm     0.34035
Electronic quadrupole    -0.57535    -0.02044    -0.09332    -0.55904     0.14208     0.05486
Isotropic polarizablity (w=0)     0.28305
Electronic polarizability (w=0)     0.12967    -0.05373     0.12300    -0.14488     0.15248     0.59649

---------
Molecular
---------
Domain center:          -12.08673     7.04101    -2.75245
Nuclear charge:          40.00000
Electronic charge:      -40.00000
Total charge:            -0.00000
Electronic dipole        -0.00898    -0.01547    -0.09673
Gauge   dipole            0.64384     0.29316     1.41852
Total   dipole            0.63486     0.27769     1.32179
Electronic quadrupole  -190.85191    96.47101    42.89772  -111.92423   -69.42422  -140.17203
Nuclear    quadrupole   169.55673   -97.68112   -44.17379    90.15527    69.83079   116.76469
Total      quadrupole   -21.29518    -1.21011    -1.27607   -21.76896     0.40657   -23.40734
Polarizability av (0)        6.01488
Polarizability (0)           6.47516    -1.04259     5.32469    -0.07478     0.88222     6.24479
Time used in Loprop              :      0.72 (cpu)       0.58 (wall)
