AA
12 2 2 1
1   -13.4810000000    16.0540000000     2.6640000000    -0.3224942532     0.0336807315     0.2288526071    -0.0559725101    -2.5680084527    -0.0696496633    -0.3184174589    -2.6799585475    -0.0535088888    -4.1352188850     1.5356985432    -0.2404534264    -0.2248809409     0.6601803969     0.0149062236     0.3189820518
1   -12.1290000000    16.5300000000     2.3430000000    -0.3327497348    -0.2372491877    -0.0544805689     0.0581402907    -2.8178338431     0.1820762244    -0.1136920565    -3.3105328004    -0.0912468187    -3.2565368392     1.3314325095     0.1098211000    -0.1514151065     0.6332227932    -0.0165313910     0.7246362620
1   -13.6370000000    15.0870000000     2.7080000000     0.2733292477     0.0340072261     0.2328099020    -0.0104819349    -0.5272948114     0.0606083948     0.0019099400    -0.0705123742    -0.0195811787    -0.5070738543     0.1017008082     0.0278121032    -0.0024049358     0.4605971830    -0.0106605175     0.0862792461
1   -12.0280000000    17.5840000000     2.6050000000     0.1729844752    -0.0291733576    -0.3116739748    -0.0813874041    -0.5229201240     0.0547682271     0.0086091249     0.0315104541     0.1456019877    -0.5547816753     0.1210452271     0.1421397386     0.0266951813     0.5091697767     0.1031780651     0.0996212768
1   -11.9163000000    16.4645000000     1.2964020000     0.1526684823    -0.0697925952     0.0315331749     0.3145547136    -0.5641712667    -0.0025309321    -0.1092300174    -0.6023912096     0.0433183827    -0.0164066414     0.1614136941    -0.0088170979    -0.1774431162     0.0763576285     0.0424551081     0.5994909165
1   -11.4257370000    15.9869830000     2.9391990000     0.1535537980    -0.2192623775     0.1769340845    -0.1746287687    -0.3214954243    -0.2254947432     0.2251431379    -0.4387178584    -0.1852648163    -0.4025018046     0.4122874554    -0.2015583292     0.2049044922     0.2055791707    -0.1388048979     0.2275466628
1   -14.5070000000    16.9000000000     2.8000000000     0.3893687806     0.0468156329     0.0822625821    -0.0092292162    -2.2015069949    -0.0460955189    -0.2457592376    -1.6609007262    -0.1115162312    -3.5413558849     1.5478681275    -0.1566218622    -0.1747938559     1.1107757947    -0.0054707304     0.6175641767
1   -15.8620000000    16.2980000000     3.1000000000    -0.4865956903     0.1243390790     0.1097510840    -0.0297532939    -3.2500024179     0.1353986361    -0.0588455379    -3.2588049392    -0.0312829059    -3.4571334580     1.3069092782     0.2199597055    -0.1389794778     0.7640267864    -0.0454546722     0.7256490429
1   -14.3940000000    18.1210000000     2.7040000000    -0.4892923049    -0.0423097383    -0.5362831647     0.0412698964    -4.1092088279     0.0625186245     0.0425124695    -3.1636225131    -0.0500591961    -3.8785525978     0.2598844678     0.0009899205    -0.0039721676     1.0326886938    -0.0491530843     0.2436289127
1   -15.8878510000    15.2373630000     2.9611420000     0.1391415014     0.0044125186     0.3502122461     0.0449359206    -0.6352115512     0.0260875741     0.0014081230     0.0343548355     0.0849813553    -0.6161869398     0.1356213364     0.1028475636     0.0001869847     0.6254507289     0.0540912685     0.0854715701
1   -16.1447560000    16.5284460000     4.1059040000     0.1732447702     0.0863435116    -0.0693480015    -0.3154010941    -0.5489821970    -0.0442726979    -0.1619076510    -0.5541261337     0.1412424021     0.0116758137     0.1788633959    -0.0339572299    -0.2074663722     0.0916853176     0.0940792442     0.5669665698
1   -16.5590000000    16.7490000000     2.4360000000     0.1768409280     0.2267498620    -0.1400207984     0.2116902364    -0.2883588193    -0.1936222221     0.2799421908    -0.4605260944    -0.1777924056    -0.3149413500     0.4263591924    -0.1559263786     0.2402224424     0.1482429117    -0.1218132705     0.2572535276


---------------
Atomic domain 1
---------------
Domain center:          -13.48100    16.05400     2.66400
Nuclear charge:           7.00000
Electronic charge:       -7.32249
Total charge:            -0.32249
Electronic dipole         0.03368     0.22885    -0.05597
Electronic dipole norm     0.23799
Electronic quadrupole    -2.56801    -0.06965    -0.31842    -2.67996    -0.05351    -4.13522
Isotropic polarizablity (w=0)     0.83829
Electronic polarizability (w=0)     1.53570    -0.24045     0.66018    -0.22488     0.01491     0.31898

---------------
Atomic domain 2
---------------
Domain center:          -12.12900    16.53000     2.34300
Nuclear charge:           6.00000
Electronic charge:       -6.33275
Total charge:            -0.33275
Electronic dipole        -0.23725    -0.05448     0.05814
Electronic dipole norm     0.25027
Electronic quadrupole    -2.81783     0.18208    -0.11369    -3.31053    -0.09125    -3.25654
Isotropic polarizablity (w=0)     0.89643
Electronic polarizability (w=0)     1.33143     0.10982     0.63322    -0.15142    -0.01653     0.72464

---------------
Atomic domain 3
---------------
Domain center:          -13.63700    15.08700     2.70800
Nuclear charge:           1.00000
Electronic charge:       -0.72667
Total charge:             0.27333
Electronic dipole         0.03401     0.23281    -0.01048
Electronic dipole norm     0.23551
Electronic quadrupole    -0.52729     0.06061     0.00191    -0.07051    -0.01958    -0.50707
Isotropic polarizablity (w=0)     0.21619
Electronic polarizability (w=0)     0.10170     0.02781     0.46060    -0.00240    -0.01066     0.08628

---------------
Atomic domain 4
---------------
Domain center:          -12.02800    17.58400     2.60500
Nuclear charge:           1.00000
Electronic charge:       -0.82702
Total charge:             0.17298
Electronic dipole        -0.02917    -0.31167    -0.08139
Electronic dipole norm     0.32344
Electronic quadrupole    -0.52292     0.05477     0.00861     0.03151     0.14560    -0.55478
Isotropic polarizablity (w=0)     0.24328
Electronic polarizability (w=0)     0.12105     0.14214     0.50917     0.02670     0.10318     0.09962

---------------
Atomic domain 5
---------------
Domain center:          -11.91630    16.46450     1.29640
Nuclear charge:           1.00000
Electronic charge:       -0.84733
Total charge:             0.15267
Electronic dipole        -0.06979     0.03153     0.31455
Electronic dipole norm     0.32374
Electronic quadrupole    -0.56417    -0.00253    -0.10923    -0.60239     0.04332    -0.01641
Isotropic polarizablity (w=0)     0.27909
Electronic polarizability (w=0)     0.16141    -0.00882     0.07636    -0.17744     0.04246     0.59949

---------------
Atomic domain 6
---------------
Domain center:          -11.42574    15.98698     2.93920
Nuclear charge:           1.00000
Electronic charge:       -0.84645
Total charge:             0.15355
Electronic dipole        -0.21926     0.17693    -0.17463
Electronic dipole norm     0.33148
Electronic quadrupole    -0.32150    -0.22549     0.22514    -0.43872    -0.18526    -0.40250
Isotropic polarizablity (w=0)     0.28180
Electronic polarizability (w=0)     0.41229    -0.20156     0.20558     0.20490    -0.13880     0.22755

---------------
Atomic domain 7
---------------
Domain center:          -14.50700    16.90000     2.80000
Nuclear charge:           6.00000
Electronic charge:       -5.61063
Total charge:             0.38937
Electronic dipole         0.04682     0.08226    -0.00923
Electronic dipole norm     0.09510
Electronic quadrupole    -2.20151    -0.04610    -0.24576    -1.66090    -0.11152    -3.54136
Isotropic polarizablity (w=0)     1.09207
Electronic polarizability (w=0)     1.54787    -0.15662     1.11078    -0.17479    -0.00547     0.61756

---------------
Atomic domain 8
---------------
Domain center:          -15.86200    16.29800     3.10000
Nuclear charge:           6.00000
Electronic charge:       -6.48660
Total charge:            -0.48660
Electronic dipole         0.12434     0.10975    -0.02975
Electronic dipole norm     0.16850
Electronic quadrupole    -3.25000     0.13540    -0.05885    -3.25880    -0.03128    -3.45713
Isotropic polarizablity (w=0)     0.93220
Electronic polarizability (w=0)     1.30691     0.21996     0.76403    -0.13898    -0.04545     0.72565

---------------
Atomic domain 9
---------------
Domain center:          -14.39400    18.12100     2.70400
Nuclear charge:           8.00000
Electronic charge:       -8.48929
Total charge:            -0.48929
Electronic dipole        -0.04231    -0.53628     0.04127
Electronic dipole norm     0.53953
Electronic quadrupole    -4.10921     0.06252     0.04251    -3.16362    -0.05006    -3.87855
Isotropic polarizablity (w=0)     0.51207
Electronic polarizability (w=0)     0.25988     0.00099     1.03269    -0.00397    -0.04915     0.24363

----------------
Atomic domain 10
----------------
Domain center:          -15.88785    15.23736     2.96114
Nuclear charge:           1.00000
Electronic charge:       -0.86086
Total charge:             0.13914
Electronic dipole         0.00441     0.35021     0.04494
Electronic dipole norm     0.35311
Electronic quadrupole    -0.63521     0.02609     0.00141     0.03435     0.08498    -0.61619
Isotropic polarizablity (w=0)     0.28218
Electronic polarizability (w=0)     0.13562     0.10285     0.62545     0.00019     0.05409     0.08547

----------------
Atomic domain 11
----------------
Domain center:          -16.14476    16.52845     4.10590
Nuclear charge:           1.00000
Electronic charge:       -0.82676
Total charge:             0.17324
Electronic dipole         0.08634    -0.06935    -0.31540
Electronic dipole norm     0.33428
Electronic quadrupole    -0.54898    -0.04427    -0.16191    -0.55413     0.14124     0.01168
Isotropic polarizablity (w=0)     0.27917
Electronic polarizability (w=0)     0.17886    -0.03396     0.09169    -0.20747     0.09408     0.56697

----------------
Atomic domain 12
----------------
Domain center:          -16.55900    16.74900     2.43600
Nuclear charge:           1.00000
Electronic charge:       -0.82316
Total charge:             0.17684
Electronic dipole         0.22675    -0.14002     0.21169
Electronic dipole norm     0.34034
Electronic quadrupole    -0.28836    -0.19362     0.27994    -0.46053    -0.17779    -0.31494
Isotropic polarizablity (w=0)     0.27729
Electronic polarizability (w=0)     0.42636    -0.15593     0.14824     0.24022    -0.12181     0.25725

---------
Molecular
---------
Domain center:          -14.05264    16.73378     2.71974
Nuclear charge:          40.00000
Electronic charge:      -40.00000
Total charge:            -0.00000
Electronic dipole        -0.04144     0.10055    -0.00626
Gauge   dipole            0.33718    -1.53988     0.02675
Total   dipole            0.29574    -1.43933     0.02049
Electronic quadrupole  -291.35069    11.00514    50.14755  -118.93864     3.13326   -43.60828
Nuclear    quadrupole   271.63878   -10.51727   -50.73985    94.74296    -3.11412    21.17340
Total      quadrupole   -19.71191     0.48786    -0.59230   -24.19568     0.01914   -22.43488
Polarizability av (0)        6.13005
Polarizability (0)           7.51908    -0.19376     6.31798    -0.60935    -0.07918     4.55309
Time used in Loprop              :      0.74 (cpu)       0.61 (wall)
