AA
12 2 2 1
1   -12.4780000000    10.0300000000    -2.9720000000    -0.3236994520    -0.1997929511     0.0290365123    -0.1681932453    -2.6762795961     0.2014225505     0.1642100336    -2.9178066612    -0.6770371921    -3.7486660483     0.8025322169     0.4163131725    -0.0967115333     1.1498253257    -0.4069924619     0.4879004941
1   -12.5660000000    11.2430000000    -3.7600000000    -0.3345343754    -0.0101514588    -0.2099706629     0.1439400586    -3.3647851513    -0.0091758522     0.0332978264    -2.8835135269    -0.3071110899    -3.0926887251     0.6274129680     0.0743866357    -0.0729091139     1.1509653784    -0.2905654508     0.8613549716
1   -11.5990000000     9.6980000000    -2.7150000000     0.2753177280    -0.2148817783     0.0758356406    -0.0664974628    -0.1437448969    -0.1346755335     0.1116716662    -0.4839092610    -0.0234124291    -0.4805598896     0.4132092462    -0.0904457692     0.0780057530     0.1180303907    -0.0279201680     0.1083572420
1   -13.5340000000    11.7030000000    -3.6390000000     0.1718681148     0.2980643674    -0.1367689958    -0.0377313910    -0.0542101279    -0.2408168539    -0.0579209235    -0.4360490735     0.0180025380    -0.5683685698     0.4139154168    -0.2425763196    -0.0295307030     0.2442204869     0.0086953159     0.0824037728
1   -12.4099530000    11.1309300000    -4.8126110000     0.1511068201    -0.0544515634     0.0390769993     0.3151268136    -0.5957543905    -0.0142693737    -0.0866188310    -0.5768155400     0.0658790410    -0.0324463675     0.0940743789    -0.0007082567    -0.1135295608     0.0984861468    -0.0137255517     0.6464767178
1   -11.8679420000    11.9538540000    -3.3697410000     0.1524193629    -0.2322073605    -0.2186407116    -0.1204663509    -0.3194364244     0.2976256617     0.1542692360    -0.3244372170     0.1550855588    -0.5107381583     0.3196702387     0.2783950507     0.1074100178     0.3959339617     0.1148253513     0.1357932082
1   -13.5370000000     9.2430000000    -2.7930000000     0.3871025642    -0.0500788072     0.0539270625    -0.0617978043    -1.8876166988     0.2497508070     0.5336966476    -2.6539374336    -0.6393709638    -2.8662666641     1.1642533705     0.2955892212     0.0524020443     1.2054355335    -0.3706127040     0.9135578957
1   -13.3810000000     8.0920000000    -1.8140000000    -0.4856113599    -0.0558396949     0.1174156115    -0.1022715841    -3.3411737998    -0.0553981233     0.0666831069    -3.2889739717    -0.1413433559    -3.3516019346     0.6926261355    -0.0260164869     0.0140778587     1.1279156455    -0.3497117874     0.9884230509
1   -14.6080000000     9.4230000000    -3.3990000000    -0.4850383108     0.4623240233    -0.0771403721     0.2553443753    -3.3813485901    -0.1600383949     0.3427691769    -4.0247564468     0.0592809025    -3.7688806887     0.8916023396    -0.0464475327     0.3307112124     0.2645663830    -0.0379957831     0.4194772780
1   -12.4371790000     7.5973340000    -1.9109930000     0.1490091316    -0.3046920104     0.1544382812     0.0332516296    -0.1078947629    -0.2782371564    -0.0511165738    -0.4840030621     0.0324078921    -0.6087768931     0.4710917503    -0.2636535995    -0.0076732409     0.2767272244    -0.0128294145     0.0955738998
1   -13.4803820000     8.4685310000    -0.8173820000     0.1681313987     0.0257681160    -0.1202694973    -0.3168469234    -0.5828780437    -0.0251866822    -0.0596190916    -0.5109396957     0.2322339258    -0.0092258289     0.0792034899    -0.0170674549    -0.0516728327     0.1200821146     0.1182392807     0.6326874374
1   -14.1880000000     7.4130000000    -1.9940000000     0.1739283778     0.2496763695     0.2227924241     0.0547417757    -0.2068087719     0.3280399982     0.0823527568    -0.3059529982     0.0715505617    -0.5704126217     0.3651189919     0.3002248297     0.0284796977     0.3934095117     0.0152670856     0.0871323341


---------------
Atomic domain 1
---------------
Domain center:          -12.47800    10.03000    -2.97200
Nuclear charge:           7.00000
Electronic charge:       -7.32370
Total charge:            -0.32370
Electronic dipole        -0.19979     0.02904    -0.16819
Electronic dipole norm     0.26277
Electronic quadrupole    -2.67628     0.20142     0.16421    -2.91781    -0.67704    -3.74867
Isotropic polarizablity (w=0)     0.81342
Electronic polarizability (w=0)     0.80253     0.41631     1.14983    -0.09671    -0.40699     0.48790

---------------
Atomic domain 2
---------------
Domain center:          -12.56600    11.24300    -3.76000
Nuclear charge:           6.00000
Electronic charge:       -6.33453
Total charge:            -0.33453
Electronic dipole        -0.01015    -0.20997     0.14394
Electronic dipole norm     0.25477
Electronic quadrupole    -3.36479    -0.00918     0.03330    -2.88351    -0.30711    -3.09269
Isotropic polarizablity (w=0)     0.87991
Electronic polarizability (w=0)     0.62741     0.07439     1.15097    -0.07291    -0.29057     0.86135

---------------
Atomic domain 3
---------------
Domain center:          -11.59900     9.69800    -2.71500
Nuclear charge:           1.00000
Electronic charge:       -0.72468
Total charge:             0.27532
Electronic dipole        -0.21488     0.07584    -0.06650
Electronic dipole norm     0.23738
Electronic quadrupole    -0.14374    -0.13468     0.11167    -0.48391    -0.02341    -0.48056
Isotropic polarizablity (w=0)     0.21320
Electronic polarizability (w=0)     0.41321    -0.09045     0.11803     0.07801    -0.02792     0.10836

---------------
Atomic domain 4
---------------
Domain center:          -13.53400    11.70300    -3.63900
Nuclear charge:           1.00000
Electronic charge:       -0.82813
Total charge:             0.17187
Electronic dipole         0.29806    -0.13677    -0.03773
Electronic dipole norm     0.33011
Electronic quadrupole    -0.05421    -0.24082    -0.05792    -0.43605     0.01800    -0.56837
Isotropic polarizablity (w=0)     0.24685
Electronic polarizability (w=0)     0.41392    -0.24258     0.24422    -0.02953     0.00870     0.08240

---------------
Atomic domain 5
---------------
Domain center:          -12.40995    11.13093    -4.81261
Nuclear charge:           1.00000
Electronic charge:       -0.84889
Total charge:             0.15111
Electronic dipole        -0.05445     0.03908     0.31513
Electronic dipole norm     0.32218
Electronic quadrupole    -0.59575    -0.01427    -0.08662    -0.57682     0.06588    -0.03245
Isotropic polarizablity (w=0)     0.27968
Electronic polarizability (w=0)     0.09407    -0.00071     0.09849    -0.11353    -0.01373     0.64648

---------------
Atomic domain 6
---------------
Domain center:          -11.86794    11.95385    -3.36974
Nuclear charge:           1.00000
Electronic charge:       -0.84758
Total charge:             0.15242
Electronic dipole        -0.23221    -0.21864    -0.12047
Electronic dipole norm     0.34093
Electronic quadrupole    -0.31944     0.29763     0.15427    -0.32444     0.15509    -0.51074
Isotropic polarizablity (w=0)     0.28380
Electronic polarizability (w=0)     0.31967     0.27840     0.39593     0.10741     0.11483     0.13579

---------------
Atomic domain 7
---------------
Domain center:          -13.53700     9.24300    -2.79300
Nuclear charge:           6.00000
Electronic charge:       -5.61290
Total charge:             0.38710
Electronic dipole        -0.05008     0.05393    -0.06180
Electronic dipole norm     0.09610
Electronic quadrupole    -1.88762     0.24975     0.53370    -2.65394    -0.63937    -2.86627
Isotropic polarizablity (w=0)     1.09442
Electronic polarizability (w=0)     1.16425     0.29559     1.20544     0.05240    -0.37061     0.91356

---------------
Atomic domain 8
---------------
Domain center:          -13.38100     8.09200    -1.81400
Nuclear charge:           6.00000
Electronic charge:       -6.48561
Total charge:            -0.48561
Electronic dipole        -0.05584     0.11742    -0.10227
Electronic dipole norm     0.16542
Electronic quadrupole    -3.34117    -0.05540     0.06668    -3.28897    -0.14134    -3.35160
Isotropic polarizablity (w=0)     0.93632
Electronic polarizability (w=0)     0.69263    -0.02602     1.12792     0.01408    -0.34971     0.98842

---------------
Atomic domain 9
---------------
Domain center:          -14.60800     9.42300    -3.39900
Nuclear charge:           8.00000
Electronic charge:       -8.48504
Total charge:            -0.48504
Electronic dipole         0.46232    -0.07714     0.25534
Electronic dipole norm     0.53376
Electronic quadrupole    -3.38135    -0.16004     0.34277    -4.02476     0.05928    -3.76888
Isotropic polarizablity (w=0)     0.52522
Electronic polarizability (w=0)     0.89160    -0.04645     0.26457     0.33071    -0.03800     0.41948

----------------
Atomic domain 10
----------------
Domain center:          -12.43718     7.59733    -1.91099
Nuclear charge:           1.00000
Electronic charge:       -0.85099
Total charge:             0.14901
Electronic dipole        -0.30469     0.15444     0.03325
Electronic dipole norm     0.34321
Electronic quadrupole    -0.10789    -0.27824    -0.05112    -0.48400     0.03241    -0.60878
Isotropic polarizablity (w=0)     0.28113
Electronic polarizability (w=0)     0.47109    -0.26365     0.27673    -0.00767    -0.01283     0.09557

----------------
Atomic domain 11
----------------
Domain center:          -13.48038     8.46853    -0.81738
Nuclear charge:           1.00000
Electronic charge:       -0.83187
Total charge:             0.16813
Electronic dipole         0.02577    -0.12027    -0.31685
Electronic dipole norm     0.33988
Electronic quadrupole    -0.58288    -0.02519    -0.05962    -0.51094     0.23223    -0.00923
Isotropic polarizablity (w=0)     0.27732
Electronic polarizability (w=0)     0.07920    -0.01707     0.12008    -0.05167     0.11824     0.63269

----------------
Atomic domain 12
----------------
Domain center:          -14.18800     7.41300    -1.99400
Nuclear charge:           1.00000
Electronic charge:       -0.82607
Total charge:             0.17393
Electronic dipole         0.24968     0.22279     0.05474
Electronic dipole norm     0.33907
Electronic quadrupole    -0.20681     0.32804     0.08235    -0.30595     0.07155    -0.57041
Isotropic polarizablity (w=0)     0.28189
Electronic polarizability (w=0)     0.36512     0.30022     0.39341     0.02848     0.01527     0.08713

---------
Molecular
---------
Domain center:          -13.26576     9.62567    -2.93642
Nuclear charge:          40.00000
Electronic charge:      -40.00000
Total charge:             0.00000
Electronic dipole        -0.08626    -0.07027    -0.07140
Gauge   dipole            1.50242     0.19015     0.53953
Total   dipole            1.41616     0.11988     0.46813
Electronic quadrupole  -128.40465   -62.78536     5.26730  -215.18215   105.35245  -108.58580
Nuclear    quadrupole   104.75861    62.82850    -6.51549   194.67590  -106.75413    86.25288
Total      quadrupole   -23.64604     0.04314    -1.24819   -20.50625    -1.40168   -22.33292
Polarizability av (0)        6.11315
Polarizability (0)           6.33471     0.67799     6.54560     0.23906    -1.25333     5.45914
Time used in Loprop              :      0.71 (cpu)       0.59 (wall)
