AA
28 2 2 1
1   -12.1160000000     7.4290000000    -1.9440000000    -0.3341543182    -0.1667361958     0.0080099837    -0.2034482500    -2.7956854186    -0.5409956216     0.1897999572    -3.6371299841     0.5255579651    -2.8588432876     0.8329293215    -0.5208077544    -0.3376008409     0.7879266042     0.4440528787     0.9054430843
1   -13.3810000000     8.0920000000    -1.8140000000    -0.0521227076     0.1681236366     0.0622258790     0.0719336928    -2.5900473887    -0.2937275103    -0.0529490684    -2.7927772106     0.0625180349    -2.5879052073     0.9074861782    -0.4001036733    -0.3107920109     1.1902025503    -0.0919806459     1.3662631582
1   -13.5370000000     9.2430000000    -2.7930000000     0.3795505747    -0.0417442495     0.0589314778    -0.0879763519    -1.8756725759     0.2261926149     0.5346052379    -2.6577909506    -0.5751589814    -2.8765450752     1.1002253906     0.2263077735    -0.0142918197     1.2420776024    -0.4320594527     1.0060905142
1   -14.6080000000     9.4230000000    -3.3990000000    -0.4780169902     0.4650848991    -0.0819140586     0.2362423490    -3.3748604631    -0.1563171411     0.3455476059    -4.0309529533     0.0628787269    -3.7947401128     0.8408295377    -0.0749536920     0.3225403538     0.2681265730    -0.0632673669     0.4465888201
1   -13.5230000000     8.6300000000    -0.3900000000    -0.0903699683    -0.2345121072    -0.1125589688    -0.0348430122    -2.7935396022    -0.2169901802    -0.0903880257    -2.4712868281    -0.0565205578    -2.3986355470     0.8376004758    -0.2543540951    -0.2596495146     1.0752576772    -0.0688546394     1.4098982263
1   -14.6750000000     9.6220000000    -0.3080000000    -0.4330524258     0.1708675925    -0.1452861617    -0.0155060824    -3.1314018514    -0.2447541146    -0.0132318019    -3.1508123479     0.0250919694    -3.3346027242     0.9737313533    -0.3393833047    -0.1676390893     0.9607778788     0.0723783886     0.7739265471
1   -13.7480000000     7.4770000000     0.5390000000    -0.4348857030     0.0285289281     0.1956976368    -0.1348365234    -3.2982278199     0.0370226925    -0.0360603992    -3.0319124190    -0.2509718586    -3.2595145905     0.6519791369     0.0357496483    -0.1008670146     1.0090063697    -0.3377369078     1.0794132351
1   -11.4310000000     7.4660000000    -1.2710000000     0.2746766055    -0.1692316252    -0.0160522801    -0.1707128401    -0.2977764382     0.0210852650     0.2176881161    -0.5163084239     0.0119927687    -0.3019519786     0.2556199445    -0.0140026146     0.1328686687     0.1035468360     0.0085928917     0.2701471879
1   -14.1880000000     7.4130000000    -1.9940000000     0.1683780356     0.2328120406     0.1976857180     0.0528301985    -0.2723059692     0.2567472095     0.0655085496    -0.3460935172     0.0541861841    -0.5753561027     0.3673083942     0.2209050740     0.0187609235     0.3078455642     0.0316895267     0.1211716968
1   -12.6240000000     9.1370000000    -0.0900000000     0.1210536369    -0.2892157036    -0.1553911349    -0.0867361902    -0.2533476452     0.2370625467     0.1476653051    -0.5180740871     0.0831458224    -0.5868698466     0.4366108960     0.1909490324     0.1296473697     0.2207646088     0.0868772806     0.1840777176
1   -14.3950000000    10.5850000000    -0.7100000000     0.1468492345    -0.0923542034    -0.2988930769     0.1250308826    -0.5781113619     0.1643864525    -0.0675888155    -0.1009252140    -0.2026151342    -0.5293878008     0.0997787998     0.0590690045    -0.0429278791     0.5658722935    -0.1519837231     0.1600975593
1   -15.5010000000     9.2360000000    -0.8650000000     0.1557381312     0.2645132408     0.1249127054     0.1674629649    -0.2166307634     0.1882745046     0.2498259091    -0.5273593390     0.1186694997    -0.4020233606     0.4513316272     0.0848493775     0.1547618011     0.1270623277     0.0557056574     0.1668926007
1   -14.9430000000     9.7440000000     0.7340000000     0.1376633175     0.0874466032    -0.0399498177    -0.3301335349    -0.5996327476    -0.0091731138    -0.1598392120    -0.6339057113     0.0710350291    -0.0064926186     0.1689450418    -0.0689260036    -0.2064847374     0.1313154480     0.1172365931     0.6326128120
1   -14.7060000000     7.0120000000     0.3550000000     0.1444634702     0.2924876449     0.1515537317     0.0640260875    -0.1089451523     0.2504856621     0.1016473992    -0.5059085270     0.0507601581    -0.6117270253     0.4726484835     0.2369945078     0.0091934203     0.2409880769    -0.0122681764     0.1040004242
1   -12.9410000000     6.7850000000     0.5300000000     0.1385684968    -0.2580836782     0.2275195030     0.0093842074    -0.2685032307    -0.3138697454    -0.0059715923    -0.3683233230     0.0053577106    -0.6141600545     0.3369282100    -0.2664879231     0.0231610874     0.3737757028    -0.0566056174     0.1113960762
1   -13.7920000000     7.9160000000     1.5110000000     0.1465918723     0.0136611875    -0.1375290848    -0.3298354337    -0.6142719202    -0.0143561897    -0.0181058373    -0.5070665240     0.2688192960    -0.0574641465     0.0788020435    -0.0157595709    -0.0368147727     0.1460376729     0.1369295018     0.6800403882
1   -11.8420000000     6.7880000000    -3.0660000000     0.3873311892    -0.0985195793     0.0144547894    -0.0328387271    -2.2312516862    -0.4753694713     0.4312680045    -3.1151136712     0.5046636060    -2.0115350317     1.1296231348    -0.4272227417    -0.1580885749     0.9865025077     0.4058580419     1.1506506936
1   -10.5090000000     6.0810000000    -3.1610000000    -0.4904651348    -0.1577327541     0.0514113697    -0.0297547539    -3.1717168526    -0.0891647426     0.0736667353    -3.4158369817     0.0199156002    -3.4211378026     1.2441477246    -0.3694931658    -0.0980771942     0.9097789822     0.0668777462     0.6906085454
1   -12.6310000000     6.7450000000    -4.0050000000    -0.4680618396     0.3401410137     0.0171815287     0.4054071328    -3.6778092990     0.1233944001     0.4327386057    -3.9189782003    -0.0576525355    -3.4968393800     0.4742256393     0.0223833482     0.3156757292     0.2839950096     0.0979191388     0.7394314814
1   -10.3740000000     5.8530000000    -4.2030000000     0.1762783913    -0.0550230455     0.0700427782     0.3262765046    -0.5727894004    -0.0199027637    -0.0930821198    -0.5558641192     0.1420267355     0.0582608653     0.1332382483    -0.0633697596    -0.1551604858     0.1336303112     0.1731905587     0.5910265575
1    -9.6897120000     6.6559000000    -2.7826400000     0.1479921759    -0.2574597823    -0.1882509333    -0.1250030978    -0.2349175502     0.2732457721     0.1837464831    -0.4288817131     0.1167980113    -0.5484727601     0.5066488285     0.1794781556     0.1319501795     0.1902221693     0.0715648234     0.1257392240
1   -10.5632610000     5.1522230000    -2.6324850000     0.1689077837     0.0157590225     0.2901778603    -0.1748178392    -0.5944148633     0.0416311563    -0.0154991234    -0.0839604120    -0.2934109208    -0.4263230082     0.0976353177    -0.0531650315     0.0175792050     0.5601995598    -0.2247313433     0.1769076361
1   -12.4780000000    10.0300000000    -2.9720000000    -0.3234797873    -0.2007242670     0.0237624230    -0.1812696486    -2.6881052091     0.2088943567     0.1621588611    -2.9108790412    -0.6776086867    -3.7647017513     0.7283803468     0.4042230949    -0.1362827708     1.2106759991    -0.4651949756     0.5194816806
1   -12.5660000000    11.2430000000    -3.7600000000    -0.3327239485    -0.0111973090    -0.2108998430     0.1394666219    -3.3646835501    -0.0056567654     0.0337111206    -2.8842760239    -0.3024971282    -3.1010034299     0.6037934315     0.0691922081    -0.0717292050     1.1894993962    -0.3513775822     0.8707934174
1   -11.5990000000     9.6980000000    -2.7150000000     0.2678574594    -0.2214948832     0.0689224882    -0.0731489505    -0.1547181062    -0.1009688145     0.1033499747    -0.4343299881    -0.0365456772    -0.4907786161     0.3733078848    -0.0642074684     0.0537372576     0.1232162762    -0.0201047595     0.1083004055
1   -13.5340000000    11.7030000000    -3.6390000000     0.1699189572     0.2986974931    -0.1369068997    -0.0392372001    -0.0583563848    -0.2390175312    -0.0576456529    -0.4403158813     0.0195069304    -0.5756645784     0.4035507586    -0.2407763864    -0.0224860989     0.2477831723    -0.0039582917     0.0870648542
1   -12.4099530000    11.1309300000    -4.8126110000     0.1546667437    -0.0542830692     0.0381981997     0.3124271587    -0.5915732567    -0.0145451034    -0.0856377381    -0.5727660452     0.0664031706    -0.0303914031     0.0898710134     0.0026608465    -0.1082741807     0.0956721434    -0.0361258812     0.6458496812
1   -11.8679420000    11.9538540000    -3.3697410000     0.1508467475    -0.2329263470    -0.2194998606    -0.1214612417    -0.3217624948     0.2981616406     0.1542008618    -0.3248603803     0.1552295994    -0.5127942024     0.3063135210     0.2785242176     0.0928076804     0.4082992427     0.1022359534     0.1232022539


---------------
Atomic domain 1
---------------
Domain center:          -12.11600     7.42900    -1.94400
Nuclear charge:           7.00000
Electronic charge:       -7.33415
Total charge:            -0.33415
Electronic dipole        -0.16674     0.00801    -0.20345
Electronic dipole norm     0.26317
Electronic quadrupole    -2.79569    -0.54100     0.18980    -3.63713     0.52556    -2.85884
Isotropic polarizablity (w=0)     0.84210
Electronic polarizability (w=0)     0.83293    -0.52081     0.78793    -0.33760     0.44405     0.90544

---------------
Atomic domain 2
---------------
Domain center:          -13.38100     8.09200    -1.81400
Nuclear charge:           6.00000
Electronic charge:       -6.05212
Total charge:            -0.05212
Electronic dipole         0.16812     0.06223     0.07193
Electronic dipole norm     0.19316
Electronic quadrupole    -2.59005    -0.29373    -0.05295    -2.79278     0.06252    -2.58791
Isotropic polarizablity (w=0)     1.15465
Electronic polarizability (w=0)     0.90749    -0.40010     1.19020    -0.31079    -0.09198     1.36626

---------------
Atomic domain 3
---------------
Domain center:          -13.53700     9.24300    -2.79300
Nuclear charge:           6.00000
Electronic charge:       -5.62045
Total charge:             0.37955
Electronic dipole        -0.04174     0.05893    -0.08798
Electronic dipole norm     0.11382
Electronic quadrupole    -1.87567     0.22619     0.53461    -2.65779    -0.57516    -2.87655
Isotropic polarizablity (w=0)     1.11613
Electronic polarizability (w=0)     1.10023     0.22631     1.24208    -0.01429    -0.43206     1.00609

---------------
Atomic domain 4
---------------
Domain center:          -14.60800     9.42300    -3.39900
Nuclear charge:           8.00000
Electronic charge:       -8.47802
Total charge:            -0.47802
Electronic dipole         0.46508    -0.08191     0.23624
Electronic dipole norm     0.52804
Electronic quadrupole    -3.37486    -0.15632     0.34555    -4.03095     0.06288    -3.79474
Isotropic polarizablity (w=0)     0.51851
Electronic polarizability (w=0)     0.84083    -0.07495     0.26813     0.32254    -0.06327     0.44659

---------------
Atomic domain 5
---------------
Domain center:          -13.52300     8.63000    -0.39000
Nuclear charge:           6.00000
Electronic charge:       -6.09037
Total charge:            -0.09037
Electronic dipole        -0.23451    -0.11256    -0.03484
Electronic dipole norm     0.26245
Electronic quadrupole    -2.79354    -0.21699    -0.09039    -2.47129    -0.05652    -2.39864
Isotropic polarizablity (w=0)     1.10759
Electronic polarizability (w=0)     0.83760    -0.25435     1.07526    -0.25965    -0.06885     1.40990

---------------
Atomic domain 6
---------------
Domain center:          -14.67500     9.62200    -0.30800
Nuclear charge:           6.00000
Electronic charge:       -6.43305
Total charge:            -0.43305
Electronic dipole         0.17087    -0.14529    -0.01551
Electronic dipole norm     0.22482
Electronic quadrupole    -3.13140    -0.24475    -0.01323    -3.15081     0.02509    -3.33460
Isotropic polarizablity (w=0)     0.90281
Electronic polarizability (w=0)     0.97373    -0.33938     0.96078    -0.16764     0.07238     0.77393

---------------
Atomic domain 7
---------------
Domain center:          -13.74800     7.47700     0.53900
Nuclear charge:           6.00000
Electronic charge:       -6.43489
Total charge:            -0.43489
Electronic dipole         0.02853     0.19570    -0.13484
Electronic dipole norm     0.23936
Electronic quadrupole    -3.29823     0.03702    -0.03606    -3.03191    -0.25097    -3.25951
Isotropic polarizablity (w=0)     0.91347
Electronic polarizability (w=0)     0.65198     0.03575     1.00901    -0.10087    -0.33774     1.07941

---------------
Atomic domain 8
---------------
Domain center:          -11.43100     7.46600    -1.27100
Nuclear charge:           1.00000
Electronic charge:       -0.72532
Total charge:             0.27468
Electronic dipole        -0.16923    -0.01605    -0.17071
Electronic dipole norm     0.24091
Electronic quadrupole    -0.29778     0.02109     0.21769    -0.51631     0.01199    -0.30195
Isotropic polarizablity (w=0)     0.20977
Electronic polarizability (w=0)     0.25562    -0.01400     0.10355     0.13287     0.00859     0.27015

---------------
Atomic domain 9
---------------
Domain center:          -14.18800     7.41300    -1.99400
Nuclear charge:           1.00000
Electronic charge:       -0.83162
Total charge:             0.16838
Electronic dipole         0.23281     0.19769     0.05283
Electronic dipole norm     0.30996
Electronic quadrupole    -0.27231     0.25675     0.06551    -0.34609     0.05419    -0.57536
Isotropic polarizablity (w=0)     0.26544
Electronic polarizability (w=0)     0.36731     0.22091     0.30785     0.01876     0.03169     0.12117

----------------
Atomic domain 10
----------------
Domain center:          -12.62400     9.13700    -0.09000
Nuclear charge:           1.00000
Electronic charge:       -0.87895
Total charge:             0.12105
Electronic dipole        -0.28922    -0.15539    -0.08674
Electronic dipole norm     0.33958
Electronic quadrupole    -0.25335     0.23706     0.14767    -0.51807     0.08315    -0.58687
Isotropic polarizablity (w=0)     0.28048
Electronic polarizability (w=0)     0.43661     0.19095     0.22076     0.12965     0.08688     0.18408

----------------
Atomic domain 11
----------------
Domain center:          -14.39500    10.58500    -0.71000
Nuclear charge:           1.00000
Electronic charge:       -0.85315
Total charge:             0.14685
Electronic dipole        -0.09235    -0.29889     0.12503
Electronic dipole norm     0.33690
Electronic quadrupole    -0.57811     0.16439    -0.06759    -0.10093    -0.20262    -0.52939
Isotropic polarizablity (w=0)     0.27525
Electronic polarizability (w=0)     0.09978     0.05907     0.56587    -0.04293    -0.15198     0.16010

----------------
Atomic domain 12
----------------
Domain center:          -15.50100     9.23600    -0.86500
Nuclear charge:           1.00000
Electronic charge:       -0.84426
Total charge:             0.15574
Electronic dipole         0.26451     0.12491     0.16746
Electronic dipole norm     0.33707
Electronic quadrupole    -0.21663     0.18827     0.24983    -0.52736     0.11867    -0.40202
Isotropic polarizablity (w=0)     0.24843
Electronic polarizability (w=0)     0.45133     0.08485     0.12706     0.15476     0.05571     0.16689

----------------
Atomic domain 13
----------------
Domain center:          -14.94300     9.74400     0.73400
Nuclear charge:           1.00000
Electronic charge:       -0.86234
Total charge:             0.13766
Electronic dipole         0.08745    -0.03995    -0.33013
Electronic dipole norm     0.34385
Electronic quadrupole    -0.59963    -0.00917    -0.15984    -0.63391     0.07104    -0.00649
Isotropic polarizablity (w=0)     0.31096
Electronic polarizability (w=0)     0.16895    -0.06893     0.13132    -0.20648     0.11724     0.63261

----------------
Atomic domain 14
----------------
Domain center:          -14.70600     7.01200     0.35500
Nuclear charge:           1.00000
Electronic charge:       -0.85554
Total charge:             0.14446
Electronic dipole         0.29249     0.15155     0.06403
Electronic dipole norm     0.33558
Electronic quadrupole    -0.10895     0.25049     0.10165    -0.50591     0.05076    -0.61173
Isotropic polarizablity (w=0)     0.27255
Electronic polarizability (w=0)     0.47265     0.23699     0.24099     0.00919    -0.01227     0.10400

----------------
Atomic domain 15
----------------
Domain center:          -12.94100     6.78500     0.53000
Nuclear charge:           1.00000
Electronic charge:       -0.86143
Total charge:             0.13857
Electronic dipole        -0.25808     0.22752     0.00938
Electronic dipole norm     0.34418
Electronic quadrupole    -0.26850    -0.31387    -0.00597    -0.36832     0.00536    -0.61416
Isotropic polarizablity (w=0)     0.27403
Electronic polarizability (w=0)     0.33693    -0.26649     0.37378     0.02316    -0.05661     0.11140

----------------
Atomic domain 16
----------------
Domain center:          -13.79200     7.91600     1.51100
Nuclear charge:           1.00000
Electronic charge:       -0.85341
Total charge:             0.14659
Electronic dipole         0.01366    -0.13753    -0.32984
Electronic dipole norm     0.35762
Electronic quadrupole    -0.61427    -0.01436    -0.01811    -0.50707     0.26882    -0.05746
Isotropic polarizablity (w=0)     0.30163
Electronic polarizability (w=0)     0.07880    -0.01576     0.14604    -0.03681     0.13693     0.68004

----------------
Atomic domain 17
----------------
Domain center:          -11.84200     6.78800    -3.06600
Nuclear charge:           6.00000
Electronic charge:       -5.61267
Total charge:             0.38733
Electronic dipole        -0.09852     0.01445    -0.03284
Electronic dipole norm     0.10485
Electronic quadrupole    -2.23125    -0.47537     0.43127    -3.11511     0.50466    -2.01154
Isotropic polarizablity (w=0)     1.08893
Electronic polarizability (w=0)     1.12962    -0.42722     0.98650    -0.15809     0.40586     1.15065

----------------
Atomic domain 18
----------------
Domain center:          -10.50900     6.08100    -3.16100
Nuclear charge:           6.00000
Electronic charge:       -6.49047
Total charge:            -0.49047
Electronic dipole        -0.15773     0.05141    -0.02975
Electronic dipole norm     0.16855
Electronic quadrupole    -3.17172    -0.08916     0.07367    -3.41584     0.01992    -3.42114
Isotropic polarizablity (w=0)     0.94818
Electronic polarizability (w=0)     1.24415    -0.36949     0.90978    -0.09808     0.06688     0.69061

----------------
Atomic domain 19
----------------
Domain center:          -12.63100     6.74500    -4.00500
Nuclear charge:           8.00000
Electronic charge:       -8.46806
Total charge:            -0.46806
Electronic dipole         0.34014     0.01718     0.40541
Electronic dipole norm     0.52948
Electronic quadrupole    -3.67781     0.12339     0.43274    -3.91898    -0.05765    -3.49684
Isotropic polarizablity (w=0)     0.49922
Electronic polarizability (w=0)     0.47423     0.02238     0.28400     0.31568     0.09792     0.73943

----------------
Atomic domain 20
----------------
Domain center:          -10.37400     5.85300    -4.20300
Nuclear charge:           1.00000
Electronic charge:       -0.82372
Total charge:             0.17628
Electronic dipole        -0.05502     0.07004     0.32628
Electronic dipole norm     0.33822
Electronic quadrupole    -0.57279    -0.01990    -0.09308    -0.55586     0.14203     0.05826
Isotropic polarizablity (w=0)     0.28597
Electronic polarizability (w=0)     0.13324    -0.06337     0.13363    -0.15516     0.17319     0.59103

----------------
Atomic domain 21
----------------
Domain center:           -9.68971     6.65590    -2.78264
Nuclear charge:           1.00000
Electronic charge:       -0.85201
Total charge:             0.14799
Electronic dipole        -0.25746    -0.18825    -0.12500
Electronic dipole norm     0.34256
Electronic quadrupole    -0.23492     0.27325     0.18375    -0.42888     0.11680    -0.54847
Isotropic polarizablity (w=0)     0.27420
Electronic polarizability (w=0)     0.50665     0.17948     0.19022     0.13195     0.07156     0.12574

----------------
Atomic domain 22
----------------
Domain center:          -10.56326     5.15222    -2.63248
Nuclear charge:           1.00000
Electronic charge:       -0.83109
Total charge:             0.16891
Electronic dipole         0.01576     0.29018    -0.17482
Electronic dipole norm     0.33914
Electronic quadrupole    -0.59441     0.04163    -0.01550    -0.08396    -0.29341    -0.42632
Isotropic polarizablity (w=0)     0.27825
Electronic polarizability (w=0)     0.09764    -0.05317     0.56020     0.01758    -0.22473     0.17691

----------------
Atomic domain 23
----------------
Domain center:          -12.47800    10.03000    -2.97200
Nuclear charge:           7.00000
Electronic charge:       -7.32348
Total charge:            -0.32348
Electronic dipole        -0.20072     0.02376    -0.18127
Electronic dipole norm     0.27150
Electronic quadrupole    -2.68811     0.20889     0.16216    -2.91088    -0.67761    -3.76470
Isotropic polarizablity (w=0)     0.81951
Electronic polarizability (w=0)     0.72838     0.40422     1.21068    -0.13628    -0.46519     0.51948

----------------
Atomic domain 24
----------------
Domain center:          -12.56600    11.24300    -3.76000
Nuclear charge:           6.00000
Electronic charge:       -6.33272
Total charge:            -0.33272
Electronic dipole        -0.01120    -0.21090     0.13947
Electronic dipole norm     0.25309
Electronic quadrupole    -3.36468    -0.00566     0.03371    -2.88428    -0.30250    -3.10100
Isotropic polarizablity (w=0)     0.88803
Electronic polarizability (w=0)     0.60379     0.06919     1.18950    -0.07173    -0.35138     0.87079

----------------
Atomic domain 25
----------------
Domain center:          -11.59900     9.69800    -2.71500
Nuclear charge:           1.00000
Electronic charge:       -0.73214
Total charge:             0.26786
Electronic dipole        -0.22149     0.06892    -0.07315
Electronic dipole norm     0.24323
Electronic quadrupole    -0.15472    -0.10097     0.10335    -0.43433    -0.03655    -0.49078
Isotropic polarizablity (w=0)     0.20161
Electronic polarizability (w=0)     0.37331    -0.06421     0.12322     0.05374    -0.02010     0.10830

----------------
Atomic domain 26
----------------
Domain center:          -13.53400    11.70300    -3.63900
Nuclear charge:           1.00000
Electronic charge:       -0.83008
Total charge:             0.16992
Electronic dipole         0.29870    -0.13691    -0.03924
Electronic dipole norm     0.33091
Electronic quadrupole    -0.05836    -0.23902    -0.05765    -0.44032     0.01951    -0.57566
Isotropic polarizablity (w=0)     0.24613
Electronic polarizability (w=0)     0.40355    -0.24078     0.24778    -0.02249    -0.00396     0.08706

----------------
Atomic domain 27
----------------
Domain center:          -12.40995    11.13093    -4.81261
Nuclear charge:           1.00000
Electronic charge:       -0.84533
Total charge:             0.15467
Electronic dipole        -0.05428     0.03820     0.31243
Electronic dipole norm     0.31940
Electronic quadrupole    -0.59157    -0.01455    -0.08564    -0.57277     0.06640    -0.03039
Isotropic polarizablity (w=0)     0.27713
Electronic polarizability (w=0)     0.08987     0.00266     0.09567    -0.10827    -0.03613     0.64585

----------------
Atomic domain 28
----------------
Domain center:          -11.86794    11.95385    -3.36974
Nuclear charge:           1.00000
Electronic charge:       -0.84915
Total charge:             0.15085
Electronic dipole        -0.23293    -0.21950    -0.12146
Electronic dipole norm     0.34233
Electronic quadrupole    -0.32176     0.29816     0.15420    -0.32486     0.15523    -0.51279
Isotropic polarizablity (w=0)     0.27927
Electronic polarizability (w=0)     0.30631     0.27852     0.40830     0.09281     0.10224     0.12320

---------
Molecular
---------
Domain center:          -12.95016     8.42611    -2.21401
Nuclear charge:          94.00000
Electronic charge:      -94.00000
Total charge:             0.00000
Electronic dipole        -0.16312    -0.14244    -0.26107
Gauge   dipole            2.07721     0.48447     1.90830
Total   dipole            1.91409     0.34202     1.64723
Electronic quadrupole  -577.50397   312.45692   277.76650  -901.82508    46.27804  -831.67153
Nuclear    quadrupole   524.80148  -311.91918  -281.35254   850.59848   -49.80377   774.06421
Total      quadrupole   -52.70249     0.53773    -3.58604   -51.22659    -3.52573   -57.60733
Polarizability av (0)       15.08022
Polarizability (0)          14.90349    -1.16173    15.09006    -0.82448    -0.44514    15.24712
Time used in Loprop              :      5.31 (cpu)       3.97 (wall)
