AA
12 2 2 1
1   -12.7820000000    15.9780000000     0.0620000000    -0.3171111207     0.2137533556     0.1104253072    -0.0982128714    -2.8241141266     0.5006129138    -0.0075359279    -3.9791448390     0.1450693617    -2.5177922890     0.7113498578     0.2118229346     0.3094151474     0.3791947357     0.2217547972     1.3552324529
1   -12.5640000000    15.9680000000    -1.3820000000    -0.3283607546    -0.0207983414     0.0098886227     0.2534918255    -3.3034973706    -0.0406363832     0.0001265934    -3.3001322647     0.0200775202    -2.7126538266     0.6093930841    -0.0374197613     0.0580491951     0.6784021197     0.0650030026     1.3434033565
1   -13.6380000000    15.7270000000     0.4780000000     0.2718157219     0.2083774565     0.0615304350    -0.0874737537    -0.1652639342     0.1020909412    -0.1588193961    -0.4833878302    -0.0493704043    -0.4668621812     0.3949344047     0.0939288302    -0.1093236799     0.1187077255    -0.0318853339     0.1417934135
1   -11.6100000000    15.4890000000    -1.5520000000     0.1686333121    -0.2816870431     0.1338609930     0.0629193532    -0.0955913358    -0.2312803222    -0.0883335128    -0.4612689636     0.0465667189    -0.5462846248     0.4115670713    -0.2076026324    -0.1389993771     0.1948480907     0.0748865691     0.1462663857
1   -12.6133890000    16.9717740000    -1.7492850000     0.1583981559     0.0027455187    -0.3006866214     0.1177907403    -0.5939047639    -0.0232183741    -0.0036242011    -0.0503064519    -0.1862885021    -0.5178434693     0.0739513801    -0.0439728833     0.0163810829     0.4994133250    -0.2240524486     0.2194543062
1   -13.3238090000    15.4159240000    -1.8946420000     0.1541054983     0.2453165075     0.1783447486     0.1473678162    -0.2707323214     0.2448562968     0.2317345545    -0.4299866045     0.1590551156    -0.4698013588     0.3499593397     0.2039123397     0.2240951183     0.2284881917     0.1657442293     0.2748676317
1   -11.8270000000    16.4370000000     0.8570000000     0.3865350229     0.0560321723     0.0172979624    -0.0800034926    -1.8882887601     0.6081190220    -0.1514050099    -3.3501649794     0.1553476417    -2.1641820843     1.0963498223     0.2030003064     0.1611309314     0.6747153790     0.1886970048     1.4680014611
1   -12.1290000000    16.5300000000     2.3430000000    -0.4790511871     0.0780408752     0.0127853513    -0.1457560388    -3.3459651094     0.0692403226    -0.0925730142    -3.4868992301    -0.0389674479    -3.1595957336     0.6975500223     0.0001357693    -0.0840468931     0.7220366336     0.0582187823     1.4147087684
1   -10.7280000000    16.7850000000     0.4330000000    -0.4941376672    -0.4844078629    -0.1557783796     0.1836109984    -3.3158225809     0.1690573690    -0.2719145183    -3.8290025585    -0.1179207856    -4.0331104967     0.9085455853     0.2168796005    -0.1850057114     0.3096783287    -0.0571766312     0.3260780298
1   -13.1138790000    16.1832530000     2.5768360000     0.1371128289     0.3260226109     0.1115083888    -0.0759517448    -0.0612856646     0.1976209911    -0.1459122218    -0.5611342455    -0.0517783700    -0.5961712973     0.5206895065     0.1466909574    -0.1803552231     0.1265053906    -0.0529607080     0.1975229744
1   -11.4257370000    15.9869830000     2.9391990000     0.1729487908    -0.2191632043     0.1739245024    -0.1794072191    -0.2942995524    -0.2257702491     0.2477021723    -0.4118085358    -0.1868780002    -0.3942634227     0.2973201926    -0.1724208281     0.2368659480     0.2034913738    -0.1757398465     0.3470956530
1   -12.0280000000    17.5840000000     2.6050000000     0.1691113987    -0.0226188694    -0.3238471835    -0.0852474731    -0.5898543366     0.0621211892     0.0202206646     0.0656909782     0.1649554607    -0.5603653453     0.0760642523     0.0448201627     0.0178020021     0.6102563648     0.2126057392     0.1811762252


---------------
Atomic domain 1
---------------
Domain center:          -12.78200    15.97800     0.06200
Nuclear charge:           7.00000
Electronic charge:       -7.31711
Total charge:            -0.31711
Electronic dipole         0.21375     0.11043    -0.09821
Electronic dipole norm     0.25987
Electronic quadrupole    -2.82411     0.50061    -0.00754    -3.97914     0.14507    -2.51779
Isotropic polarizablity (w=0)     0.81526
Electronic polarizability (w=0)     0.71135     0.21182     0.37919     0.30942     0.22175     1.35523

---------------
Atomic domain 2
---------------
Domain center:          -12.56400    15.96800    -1.38200
Nuclear charge:           6.00000
Electronic charge:       -6.32836
Total charge:            -0.32836
Electronic dipole        -0.02080     0.00989     0.25349
Electronic dipole norm     0.25454
Electronic quadrupole    -3.30350    -0.04064     0.00013    -3.30013     0.02008    -2.71265
Isotropic polarizablity (w=0)     0.87707
Electronic polarizability (w=0)     0.60939    -0.03742     0.67840     0.05805     0.06500     1.34340

---------------
Atomic domain 3
---------------
Domain center:          -13.63800    15.72700     0.47800
Nuclear charge:           1.00000
Electronic charge:       -0.72818
Total charge:             0.27182
Electronic dipole         0.20838     0.06153    -0.08747
Electronic dipole norm     0.23422
Electronic quadrupole    -0.16526     0.10209    -0.15882    -0.48339    -0.04937    -0.46686
Isotropic polarizablity (w=0)     0.21848
Electronic polarizability (w=0)     0.39493     0.09393     0.11871    -0.10932    -0.03189     0.14179

---------------
Atomic domain 4
---------------
Domain center:          -11.61000    15.48900    -1.55200
Nuclear charge:           1.00000
Electronic charge:       -0.83137
Total charge:             0.16863
Electronic dipole        -0.28169     0.13386     0.06292
Electronic dipole norm     0.31816
Electronic quadrupole    -0.09559    -0.23128    -0.08833    -0.46127     0.04657    -0.54628
Isotropic polarizablity (w=0)     0.25089
Electronic polarizability (w=0)     0.41157    -0.20760     0.19485    -0.13900     0.07489     0.14627

---------------
Atomic domain 5
---------------
Domain center:          -12.61339    16.97177    -1.74928
Nuclear charge:           1.00000
Electronic charge:       -0.84160
Total charge:             0.15840
Electronic dipole         0.00275    -0.30069     0.11779
Electronic dipole norm     0.32295
Electronic quadrupole    -0.59390    -0.02322    -0.00362    -0.05031    -0.18629    -0.51784
Isotropic polarizablity (w=0)     0.26427
Electronic polarizability (w=0)     0.07395    -0.04397     0.49941     0.01638    -0.22405     0.21945

---------------
Atomic domain 6
---------------
Domain center:          -13.32381    15.41592    -1.89464
Nuclear charge:           1.00000
Electronic charge:       -0.84589
Total charge:             0.15411
Electronic dipole         0.24532     0.17834     0.14737
Electronic dipole norm     0.33720
Electronic quadrupole    -0.27073     0.24486     0.23173    -0.42999     0.15906    -0.46980
Isotropic polarizablity (w=0)     0.28444
Electronic polarizability (w=0)     0.34996     0.20391     0.22849     0.22410     0.16574     0.27487

---------------
Atomic domain 7
---------------
Domain center:          -11.82700    16.43700     0.85700
Nuclear charge:           6.00000
Electronic charge:       -5.61346
Total charge:             0.38654
Electronic dipole         0.05603     0.01730    -0.08000
Electronic dipole norm     0.09919
Electronic quadrupole    -1.88829     0.60812    -0.15141    -3.35016     0.15535    -2.16418
Isotropic polarizablity (w=0)     1.07969
Electronic polarizability (w=0)     1.09635     0.20300     0.67472     0.16113     0.18870     1.46800

---------------
Atomic domain 8
---------------
Domain center:          -12.12900    16.53000     2.34300
Nuclear charge:           6.00000
Electronic charge:       -6.47905
Total charge:            -0.47905
Electronic dipole         0.07804     0.01279    -0.14576
Electronic dipole norm     0.16583
Electronic quadrupole    -3.34597     0.06924    -0.09257    -3.48690    -0.03897    -3.15960
Isotropic polarizablity (w=0)     0.94477
Electronic polarizability (w=0)     0.69755     0.00014     0.72204    -0.08405     0.05822     1.41471

---------------
Atomic domain 9
---------------
Domain center:          -10.72800    16.78500     0.43300
Nuclear charge:           8.00000
Electronic charge:       -8.49414
Total charge:            -0.49414
Electronic dipole        -0.48441    -0.15578     0.18361
Electronic dipole norm     0.54095
Electronic quadrupole    -3.31582     0.16906    -0.27191    -3.82900    -0.11792    -4.03311
Isotropic polarizablity (w=0)     0.51477
Electronic polarizability (w=0)     0.90855     0.21688     0.30968    -0.18501    -0.05718     0.32608

----------------
Atomic domain 10
----------------
Domain center:          -13.11388    16.18325     2.57684
Nuclear charge:           1.00000
Electronic charge:       -0.86289
Total charge:             0.13711
Electronic dipole         0.32602     0.11151    -0.07595
Electronic dipole norm     0.35284
Electronic quadrupole    -0.06129     0.19762    -0.14591    -0.56113    -0.05178    -0.59617
Isotropic polarizablity (w=0)     0.28157
Electronic polarizability (w=0)     0.52069     0.14669     0.12651    -0.18036    -0.05296     0.19752

----------------
Atomic domain 11
----------------
Domain center:          -11.42574    15.98698     2.93920
Nuclear charge:           1.00000
Electronic charge:       -0.82705
Total charge:             0.17295
Electronic dipole        -0.21916     0.17392    -0.17941
Electronic dipole norm     0.33237
Electronic quadrupole    -0.29430    -0.22577     0.24770    -0.41181    -0.18688    -0.39426
Isotropic polarizablity (w=0)     0.28264
Electronic polarizability (w=0)     0.29732    -0.17242     0.20349     0.23687    -0.17574     0.34710

----------------
Atomic domain 12
----------------
Domain center:          -12.02800    17.58400     2.60500
Nuclear charge:           1.00000
Electronic charge:       -0.83089
Total charge:             0.16911
Electronic dipole        -0.02262    -0.32385    -0.08525
Electronic dipole norm     0.33564
Electronic quadrupole    -0.58985     0.06212     0.02022     0.06569     0.16496    -0.56037
Isotropic polarizablity (w=0)     0.28917
Electronic polarizability (w=0)     0.07606     0.04482     0.61026     0.01780     0.21261     0.18118

---------
Molecular
---------
Domain center:          -12.05427    16.32735     0.45523
Nuclear charge:          40.00000
Electronic charge:      -40.00000
Total charge:             0.00000
Electronic dipole         0.10161     0.02925     0.01313
Gauge   dipole           -1.52213    -0.49342     0.05735
Total   dipole           -1.42052    -0.46417     0.07048
Electronic quadrupole  -116.20540   -33.10195   -34.03341   -49.94686   -39.95838  -281.77139
Nuclear    quadrupole    92.24015    32.63932    34.80127    27.31227    40.50182   262.09300
Total      quadrupole   -23.96524    -0.46264     0.76786   -22.63459     0.54345   -19.67839
Polarizability av (0)        6.10300
Polarizability (0)           6.14767     0.65977     4.74574     0.32601     0.44510     7.41560
Time used in Loprop              :      0.90 (cpu)       0.76 (wall)
