AA
33 2 2 1
1   -13.4810000000    16.0540000000     2.6640000000    -0.3280072183     0.0332013648     0.2255569858    -0.0548076540    -2.5526659104    -0.0508005212    -0.3296394401    -2.6891744934    -0.0443225288    -4.0661348314     1.5472494081    -0.2944024917    -0.1481005489     0.5456895530     0.0045793420     0.4392609023
1   -12.1290000000    16.5300000000     2.3430000000    -0.0492173472    -0.0215484043    -0.1768292575     0.0534046396    -2.3802312915     0.0417287850    -0.0081532952    -3.0134242198    -0.1993987839    -2.6876347185     1.3469221221    -0.0996029747     0.1167743188     0.4853959260    -0.1590051160     1.9425226081
1   -11.8270000000    16.4370000000     0.8570000000     0.3725740881     0.0544139179     0.0280033498    -0.1131265313    -1.8821319461     0.6162086606    -0.1527131573    -3.3718347741     0.1481782900    -2.2592488004     1.0517928498     0.1782834839     0.1359224047     0.5978956023     0.1870037832     1.9382061512
1   -10.7280000000    16.7850000000     0.4330000000    -0.4920986443    -0.4871696879    -0.1517144293     0.1719977007    -3.3154394462     0.1719081550    -0.2760219964    -3.8326627592    -0.1129552839    -4.0557458890     0.8804718776     0.1990469683    -0.2395861174     0.2857935031    -0.0738595188     0.4230739110
1   -11.1240000000    15.7540000000     3.1950000000    -0.2806859374    -0.1773609619     0.1899965375     0.0775443090    -3.0172203878    -0.2903124109     0.0954399627    -3.0578103774     0.0120552406    -2.7619263562     0.9238233312    -0.2674857237     0.2749624984     0.6789439826     0.0161772540     1.9265485728
1   -11.3830000000    16.1340000000     4.6270000000    -0.0101976694    -0.0453800467     0.0768158331     0.0021142309    -3.0853956220     0.8650575165    -0.4748222583    -2.9195671550     0.3694166631    -2.4267220841     0.9357227062     0.4015485929    -0.1631889763     1.0013633750     0.2860405749     1.9886199500
1   -12.3910000000    15.5140000000     5.3850000000    -0.1436458297     0.1256522128     0.2297054737     0.1145407825    -3.3052180961     0.5736615291    -0.6945171118    -3.3339219391     0.3314328958    -2.6098783218     0.8637695246     0.1980574322    -0.4567145789     0.8341461629     0.0974961954     1.7745280375
1   -10.7500000000    17.2390000000     5.1630000000    -0.1398566014    -0.2045599594    -0.1192100053     0.1559848265    -3.4552025639     0.5872912885    -0.3524624965    -3.0235287954     0.6762150933    -2.7127401596     0.8064034070     0.2833861871    -0.0176639098     1.0359479269     0.5952140934     1.6543788387
1   -12.7530000000    16.0090000000     6.6300000000    -0.2118689150     0.2106190702     0.1145411833    -0.1532240683    -3.5720885015     0.6395933411    -0.3886345561    -3.1333044962     0.6686452995    -2.7862990961     0.7532001685     0.2633198093    -0.1069806733     1.0675384056     0.4690263074     1.5582043025
1   -11.1090000000    17.7320000000     6.4090000000    -0.1835337195    -0.1265266723    -0.2193113060    -0.1054470400    -3.3255151937     0.5662714948    -0.7126109699    -3.3679968185     0.3663361975    -2.6657952435     0.9606857980     0.2685425933    -0.4234083432     0.8648514016     0.2026043076     1.6404570420
1   -12.1110000000    17.1070000000     7.1240000000     0.2063252898    -0.0044109499     0.0243367036     0.0689102227    -2.8820149053     0.7394151312    -0.5359340787    -2.6248907166     0.5363589391    -2.2242706953     0.9841935703     0.4005316650    -0.2986122067     1.0922405370     0.2681911478     1.4751233323
1   -12.4650000000    17.5910000000     8.3700000000    -0.4652564424    -0.1074898184    -0.2495441976    -0.3316361276    -3.4234070963     0.1448196079    -0.3558673886    -3.8585996292     0.1846371641    -3.3369898245     0.3740844263    -0.0422368497    -0.2482599438     0.3169287612     0.2760401128     1.0781748999
1   -13.6370000000    15.0870000000     2.7080000000     0.2677073290     0.0365444071     0.2354395345    -0.0051591320    -0.5152702212     0.0688583744     0.0003562128    -0.0775009991    -0.0142583958    -0.5061583615     0.1190751803     0.0346559003     0.0157009353     0.3879088505    -0.0056485925     0.1121353978
1   -12.0280000000    17.5840000000     2.6050000000     0.1868915628    -0.0227108517    -0.2892552002    -0.0703123331    -0.4998858528     0.0492637797     0.0164651527    -0.0179033915     0.1260653633    -0.5409199435     0.1024438900     0.0694606386     0.0364469978     0.4409140831     0.0818446829     0.1761152426
1   -11.0930000000    14.6930000000     3.0130000000     0.1410832636     0.0162179363     0.3251975049     0.0553568942    -0.6348676456    -0.0126348180     0.0033371154    -0.0403231901     0.0935916320    -0.6302071681     0.1002664864    -0.1038354563    -0.0016627955     0.6080248039     0.1196005537     0.1718472201
1   -10.1340000000    16.0850000000     2.9740000000     0.1677669970    -0.3061346476    -0.1110389461     0.0726636203    -0.0503742713     0.1894458934    -0.1062311488    -0.5321042042    -0.0547438023    -0.5475821223     0.5700891453     0.0676423531    -0.0974693783     0.0831189084    -0.0081667744     0.1585640241
1   -12.8950000000    14.6460000000     4.9740000000     0.1306536706     0.1427871944     0.2421495249     0.1099196731    -0.5413275927     0.2090825988     0.0992841217    -0.2929769497     0.1434309233    -0.6017117409     0.2222366503     0.2147743390     0.0925823716     0.4947984624     0.1413968983     0.1925971663
1    -9.9660000000    17.7220000000     4.5880000000     0.1473424966    -0.2066602368    -0.1313366242     0.1520127012    -0.3524452237     0.1834979805    -0.2090028016    -0.5279835327    -0.1405837921    -0.5110093635     0.4304633128     0.2063640865    -0.1953652404     0.2234063471    -0.1173819187     0.2468630698
1   -13.5210000000    15.5130000000     7.1800000000     0.1445953487     0.2171413793     0.1322504575    -0.1580841678    -0.3572529054     0.1895754471    -0.1940631395    -0.5136865528    -0.1331870974    -0.5141280853     0.3846448543     0.1947927204    -0.2331352275     0.2346536336    -0.1642166597     0.2971729766
1   -10.6020000000    18.5910000000     6.7980000000     0.1618492421    -0.1334649336    -0.2309783922    -0.1108274215    -0.5035634997     0.2118950482     0.1034784959    -0.2699708988     0.1536667916    -0.5743793811     0.2505527607     0.2464280829     0.1354420922     0.4970002573     0.2106366639     0.2051402166
1   -13.3240000000    17.2000000000     8.5250000000     0.3492959652     0.1861365626     0.0821781865    -0.0434230139    -0.0153437343     0.2050789432    -0.0528883536    -0.3337492342    -0.0359566255    -0.4480109909     0.3079222057     0.0396381904    -0.1510417011     0.1019032346    -0.0345645799     0.1756483915
1   -14.5070000000    16.9000000000     2.8000000000     0.3891071061     0.0513137165     0.0839419457     0.0091152674    -2.1849789491    -0.0443921299    -0.2592571088    -1.6680601277    -0.1137241847    -3.5274459103     1.6015604028    -0.2083770304    -0.1169473372     1.0154612298    -0.0329335880     0.5995457452
1   -15.8620000000    16.2980000000     3.1000000000    -0.4880067979     0.1213813824     0.1116336284    -0.0238502333    -3.2446725765     0.1375152016    -0.0563193439    -3.2601262117    -0.0331539143    -3.4628851320     1.3562340008     0.2057315124    -0.1008497005     0.7073727059    -0.0349616256     0.6636722678
1   -14.3940000000    18.1210000000     2.7040000000    -0.4746249878    -0.0452962776    -0.5278937668     0.0456154684    -4.1093910711     0.0673787484     0.0439797106    -3.1472496292    -0.0503560088    -3.8594767718     0.2576271519    -0.0526626665     0.0031082996     0.9509064740    -0.0667754981     0.2347598018
1   -16.5590000000    16.7490000000     2.4360000000     0.1777118172     0.2255143215    -0.1393512785     0.2123429636    -0.2884050263    -0.1934340075     0.2818358456    -0.4597456165    -0.1783214344    -0.3149322503     0.4492077202    -0.1582135940     0.2492054543     0.1392288070    -0.1164557654     0.2510027185
1   -15.8878510000    15.2373630000     2.9611420000     0.1379301573     0.0026354153     0.3509404114     0.0462555163    -0.6383472424     0.0272925099     0.0015589565     0.0325699780     0.0844538452    -0.6173660217     0.1430495781     0.1037105835     0.0041037419     0.5842181682     0.0512030994     0.0821137835
1   -16.1447560000    16.5284460000     4.1059040000     0.1772986254     0.0858848033    -0.0684868911    -0.3126417019    -0.5363345124    -0.0458998045    -0.1582094055    -0.5493476390     0.1405678245     0.0160234275     0.1903829068    -0.0361700390    -0.1948504878     0.0859475828     0.0869184922     0.5029659250
1   -12.7820000000    15.9780000000     0.0620000000    -0.3132778844     0.2164194010     0.1209667250    -0.0974598066    -2.8358821164     0.4932325129     0.0069581201    -3.9749074352     0.1598083895    -2.4967367839     0.6312365372     0.1911267801     0.3351384497     0.3514183073     0.2797216386     1.6271522703
1   -12.5640000000    15.9680000000    -1.3820000000    -0.3277836892    -0.0227545599     0.0122698263     0.2506103792    -3.3038792893    -0.0428692798    -0.0026183835    -3.3024294129     0.0223240753    -2.7139036754     0.5888203280    -0.0379119531     0.0183439070     0.6461164978     0.0846712442     1.5350215485
1   -13.6380000000    15.7270000000     0.4780000000     0.2658035518     0.2106674531     0.0707518545    -0.0759066860    -0.1868660779     0.1036239727    -0.1396390975    -0.4863371128    -0.0205694816    -0.3749473322     0.3397047492     0.0790987221    -0.0699575892     0.1161330236    -0.0084461539     0.1484185039
1   -11.6100000000    15.4890000000    -1.5520000000     0.1670215099    -0.2824483596     0.1345869196     0.0617135554    -0.0976160070    -0.2325437467    -0.0878100819    -0.4630303819     0.0462163564    -0.5535702513     0.4113396392    -0.2058403039    -0.1596890108     0.1898117094     0.0859009847     0.1670962956
1   -12.6133890000    16.9717740000    -1.7492850000     0.1624708538     0.0022866536    -0.2979513678     0.1163859748    -0.5891414882    -0.0236497382    -0.0036954381    -0.0452320865    -0.1855591384    -0.5165791012     0.0704754313    -0.0338792382     0.0118639245     0.4674424800    -0.2394805821     0.2469078785
1   -13.3238090000    15.4159240000    -1.8946420000     0.1546328087     0.2448890480     0.1788449793     0.1468337530    -0.2704822305     0.2445803990     0.2320041364    -0.4293267336     0.1595934005    -0.4684926360     0.3243300884     0.1940124437     0.2350584988     0.2233187721     0.1807867444     0.3109391662


---------------
Atomic domain 1
---------------
Domain center:          -13.48100    16.05400     2.66400
Nuclear charge:           7.00000
Electronic charge:       -7.32801
Total charge:            -0.32801
Electronic dipole         0.03320     0.22556    -0.05481
Electronic dipole norm     0.23448
Electronic quadrupole    -2.55267    -0.05080    -0.32964    -2.68917    -0.04432    -4.06613
Isotropic polarizablity (w=0)     0.84407
Electronic polarizability (w=0)     1.54725    -0.29440     0.54569    -0.14810     0.00458     0.43926

---------------
Atomic domain 2
---------------
Domain center:          -12.12900    16.53000     2.34300
Nuclear charge:           6.00000
Electronic charge:       -6.04922
Total charge:            -0.04922
Electronic dipole        -0.02155    -0.17683     0.05340
Electronic dipole norm     0.18597
Electronic quadrupole    -2.38023     0.04173    -0.00815    -3.01342    -0.19940    -2.68763
Isotropic polarizablity (w=0)     1.25828
Electronic polarizability (w=0)     1.34692    -0.09960     0.48540     0.11677    -0.15901     1.94252

---------------
Atomic domain 3
---------------
Domain center:          -11.82700    16.43700     0.85700
Nuclear charge:           6.00000
Electronic charge:       -5.62743
Total charge:             0.37257
Electronic dipole         0.05441     0.02800    -0.11313
Electronic dipole norm     0.12862
Electronic quadrupole    -1.88213     0.61621    -0.15271    -3.37183     0.14818    -2.25925
Isotropic polarizablity (w=0)     1.19596
Electronic polarizability (w=0)     1.05179     0.17828     0.59790     0.13592     0.18700     1.93821

---------------
Atomic domain 4
---------------
Domain center:          -10.72800    16.78500     0.43300
Nuclear charge:           8.00000
Electronic charge:       -8.49210
Total charge:            -0.49210
Electronic dipole        -0.48717    -0.15171     0.17200
Electronic dipole norm     0.53846
Electronic quadrupole    -3.31544     0.17191    -0.27602    -3.83266    -0.11296    -4.05575
Isotropic polarizablity (w=0)     0.52978
Electronic polarizability (w=0)     0.88047     0.19905     0.28579    -0.23959    -0.07386     0.42307

---------------
Atomic domain 5
---------------
Domain center:          -11.12400    15.75400     3.19500
Nuclear charge:           6.00000
Electronic charge:       -6.28069
Total charge:            -0.28069
Electronic dipole        -0.17736     0.19000     0.07754
Electronic dipole norm     0.27124
Electronic quadrupole    -3.01722    -0.29031     0.09544    -3.05781     0.01206    -2.76193
Isotropic polarizablity (w=0)     1.17644
Electronic polarizability (w=0)     0.92382    -0.26749     0.67894     0.27496     0.01618     1.92655

---------------
Atomic domain 6
---------------
Domain center:          -11.38300    16.13400     4.62700
Nuclear charge:           6.00000
Electronic charge:       -6.01020
Total charge:            -0.01020
Electronic dipole        -0.04538     0.07682     0.00211
Electronic dipole norm     0.08924
Electronic quadrupole    -3.08540     0.86506    -0.47482    -2.91957     0.36942    -2.42672
Isotropic polarizablity (w=0)     1.30857
Electronic polarizability (w=0)     0.93572     0.40155     1.00136    -0.16319     0.28604     1.98862

---------------
Atomic domain 7
---------------
Domain center:          -12.39100    15.51400     5.38500
Nuclear charge:           6.00000
Electronic charge:       -6.14365
Total charge:            -0.14365
Electronic dipole         0.12565     0.22971     0.11454
Electronic dipole norm     0.28578
Electronic quadrupole    -3.30522     0.57366    -0.69452    -3.33392     0.33143    -2.60988
Isotropic polarizablity (w=0)     1.15748
Electronic polarizability (w=0)     0.86377     0.19806     0.83415    -0.45671     0.09750     1.77453

---------------
Atomic domain 8
---------------
Domain center:          -10.75000    17.23900     5.16300
Nuclear charge:           6.00000
Electronic charge:       -6.13986
Total charge:            -0.13986
Electronic dipole        -0.20456    -0.11921     0.15598
Electronic dipole norm     0.28353
Electronic quadrupole    -3.45520     0.58729    -0.35246    -3.02353     0.67622    -2.71274
Isotropic polarizablity (w=0)     1.16558
Electronic polarizability (w=0)     0.80640     0.28339     1.03595    -0.01766     0.59521     1.65438

---------------
Atomic domain 9
---------------
Domain center:          -12.75300    16.00900     6.63000
Nuclear charge:           6.00000
Electronic charge:       -6.21187
Total charge:            -0.21187
Electronic dipole         0.21062     0.11454    -0.15322
Electronic dipole norm     0.28453
Electronic quadrupole    -3.57209     0.63959    -0.38863    -3.13330     0.66865    -2.78630
Isotropic polarizablity (w=0)     1.12631
Electronic polarizability (w=0)     0.75320     0.26332     1.06754    -0.10698     0.46903     1.55820

----------------
Atomic domain 10
----------------
Domain center:          -11.10900    17.73200     6.40900
Nuclear charge:           6.00000
Electronic charge:       -6.18353
Total charge:            -0.18353
Electronic dipole        -0.12653    -0.21931    -0.10545
Electronic dipole norm     0.27427
Electronic quadrupole    -3.32552     0.56627    -0.71261    -3.36800     0.36634    -2.66580
Isotropic polarizablity (w=0)     1.15533
Electronic polarizability (w=0)     0.96069     0.26854     0.86485    -0.42341     0.20260     1.64046

----------------
Atomic domain 11
----------------
Domain center:          -12.11100    17.10700     7.12400
Nuclear charge:           6.00000
Electronic charge:       -5.79367
Total charge:             0.20633
Electronic dipole        -0.00441     0.02434     0.06891
Electronic dipole norm     0.07321
Electronic quadrupole    -2.88201     0.73942    -0.53593    -2.62489     0.53636    -2.22427
Isotropic polarizablity (w=0)     1.18385
Electronic polarizability (w=0)     0.98419     0.40053     1.09224    -0.29861     0.26819     1.47512

----------------
Atomic domain 12
----------------
Domain center:          -12.46500    17.59100     8.37000
Nuclear charge:           8.00000
Electronic charge:       -8.46526
Total charge:            -0.46526
Electronic dipole        -0.10749    -0.24954    -0.33164
Electronic dipole norm     0.42873
Electronic quadrupole    -3.42341     0.14482    -0.35587    -3.85860     0.18464    -3.33699
Isotropic polarizablity (w=0)     0.58973
Electronic polarizability (w=0)     0.37408    -0.04224     0.31693    -0.24826     0.27604     1.07817

----------------
Atomic domain 13
----------------
Domain center:          -13.63700    15.08700     2.70800
Nuclear charge:           1.00000
Electronic charge:       -0.73229
Total charge:             0.26771
Electronic dipole         0.03654     0.23544    -0.00516
Electronic dipole norm     0.23831
Electronic quadrupole    -0.51527     0.06886     0.00036    -0.07750    -0.01426    -0.50616
Isotropic polarizablity (w=0)     0.20637
Electronic polarizability (w=0)     0.11908     0.03466     0.38791     0.01570    -0.00565     0.11214

----------------
Atomic domain 14
----------------
Domain center:          -12.02800    17.58400     2.60500
Nuclear charge:           1.00000
Electronic charge:       -0.81311
Total charge:             0.18689
Electronic dipole        -0.02271    -0.28926    -0.07031
Electronic dipole norm     0.29854
Electronic quadrupole    -0.49989     0.04926     0.01647    -0.01790     0.12607    -0.54092
Isotropic polarizablity (w=0)     0.23982
Electronic polarizability (w=0)     0.10244     0.06946     0.44091     0.03645     0.08184     0.17612

----------------
Atomic domain 15
----------------
Domain center:          -11.09300    14.69300     3.01300
Nuclear charge:           1.00000
Electronic charge:       -0.85892
Total charge:             0.14108
Electronic dipole         0.01622     0.32520     0.05536
Electronic dipole norm     0.33027
Electronic quadrupole    -0.63487    -0.01263     0.00334    -0.04032     0.09359    -0.63021
Isotropic polarizablity (w=0)     0.29338
Electronic polarizability (w=0)     0.10027    -0.10384     0.60802    -0.00166     0.11960     0.17185

----------------
Atomic domain 16
----------------
Domain center:          -10.13400    16.08500     2.97400
Nuclear charge:           1.00000
Electronic charge:       -0.83223
Total charge:             0.16777
Electronic dipole        -0.30613    -0.11104     0.07266
Electronic dipole norm     0.33366
Electronic quadrupole    -0.05037     0.18945    -0.10623    -0.53210    -0.05474    -0.54758
Isotropic polarizablity (w=0)     0.27059
Electronic polarizability (w=0)     0.57009     0.06764     0.08312    -0.09747    -0.00817     0.15856

----------------
Atomic domain 17
----------------
Domain center:          -12.89500    14.64600     4.97400
Nuclear charge:           1.00000
Electronic charge:       -0.86935
Total charge:             0.13065
Electronic dipole         0.14279     0.24215     0.10992
Electronic dipole norm     0.30184
Electronic quadrupole    -0.54133     0.20908     0.09928    -0.29298     0.14343    -0.60171
Isotropic polarizablity (w=0)     0.30321
Electronic polarizability (w=0)     0.22224     0.21477     0.49480     0.09258     0.14140     0.19260

----------------
Atomic domain 18
----------------
Domain center:           -9.96600    17.72200     4.58800
Nuclear charge:           1.00000
Electronic charge:       -0.85266
Total charge:             0.14734
Electronic dipole        -0.20666    -0.13134     0.15201
Electronic dipole norm     0.28821
Electronic quadrupole    -0.35245     0.18350    -0.20900    -0.52798    -0.14058    -0.51101
Isotropic polarizablity (w=0)     0.30024
Electronic polarizability (w=0)     0.43046     0.20636     0.22341    -0.19537    -0.11738     0.24686

----------------
Atomic domain 19
----------------
Domain center:          -13.52100    15.51300     7.18000
Nuclear charge:           1.00000
Electronic charge:       -0.85540
Total charge:             0.14460
Electronic dipole         0.21714     0.13225    -0.15808
Electronic dipole norm     0.29938
Electronic quadrupole    -0.35725     0.18958    -0.19406    -0.51369    -0.13319    -0.51413
Isotropic polarizablity (w=0)     0.30549
Electronic polarizability (w=0)     0.38464     0.19479     0.23465    -0.23314    -0.16422     0.29717

----------------
Atomic domain 20
----------------
Domain center:          -10.60200    18.59100     6.79800
Nuclear charge:           1.00000
Electronic charge:       -0.83815
Total charge:             0.16185
Electronic dipole        -0.13346    -0.23098    -0.11083
Electronic dipole norm     0.28887
Electronic quadrupole    -0.50356     0.21190     0.10348    -0.26997     0.15367    -0.57438
Isotropic polarizablity (w=0)     0.31756
Electronic polarizability (w=0)     0.25055     0.24643     0.49700     0.13544     0.21064     0.20514

----------------
Atomic domain 21
----------------
Domain center:          -13.32400    17.20000     8.52500
Nuclear charge:           1.00000
Electronic charge:       -0.65070
Total charge:             0.34930
Electronic dipole         0.18614     0.08218    -0.04342
Electronic dipole norm     0.20805
Electronic quadrupole    -0.01534     0.20508    -0.05289    -0.33375    -0.03596    -0.44801
Isotropic polarizablity (w=0)     0.19516
Electronic polarizability (w=0)     0.30792     0.03964     0.10190    -0.15104    -0.03456     0.17565

----------------
Atomic domain 22
----------------
Domain center:          -14.50700    16.90000     2.80000
Nuclear charge:           6.00000
Electronic charge:       -5.61089
Total charge:             0.38911
Electronic dipole         0.05131     0.08394     0.00912
Electronic dipole norm     0.09881
Electronic quadrupole    -2.18498    -0.04439    -0.25926    -1.66806    -0.11372    -3.52745
Isotropic polarizablity (w=0)     1.07219
Electronic polarizability (w=0)     1.60156    -0.20838     1.01546    -0.11695    -0.03293     0.59955

----------------
Atomic domain 23
----------------
Domain center:          -15.86200    16.29800     3.10000
Nuclear charge:           6.00000
Electronic charge:       -6.48801
Total charge:            -0.48801
Electronic dipole         0.12138     0.11163    -0.02385
Electronic dipole norm     0.16663
Electronic quadrupole    -3.24467     0.13752    -0.05632    -3.26013    -0.03315    -3.46289
Isotropic polarizablity (w=0)     0.90909
Electronic polarizability (w=0)     1.35623     0.20573     0.70737    -0.10085    -0.03496     0.66367

----------------
Atomic domain 24
----------------
Domain center:          -14.39400    18.12100     2.70400
Nuclear charge:           8.00000
Electronic charge:       -8.47462
Total charge:            -0.47462
Electronic dipole        -0.04530    -0.52789     0.04562
Electronic dipole norm     0.53179
Electronic quadrupole    -4.10939     0.06738     0.04398    -3.14725    -0.05036    -3.85948
Isotropic polarizablity (w=0)     0.48110
Electronic polarizability (w=0)     0.25763    -0.05266     0.95091     0.00311    -0.06678     0.23476

----------------
Atomic domain 25
----------------
Domain center:          -16.55900    16.74900     2.43600
Nuclear charge:           1.00000
Electronic charge:       -0.82229
Total charge:             0.17771
Electronic dipole         0.22551    -0.13935     0.21234
Electronic dipole norm     0.33965
Electronic quadrupole    -0.28841    -0.19343     0.28184    -0.45975    -0.17832    -0.31493
Isotropic polarizablity (w=0)     0.27981
Electronic polarizability (w=0)     0.44921    -0.15821     0.13923     0.24921    -0.11646     0.25100

----------------
Atomic domain 26
----------------
Domain center:          -15.88785    15.23736     2.96114
Nuclear charge:           1.00000
Electronic charge:       -0.86207
Total charge:             0.13793
Electronic dipole         0.00264     0.35094     0.04626
Electronic dipole norm     0.35399
Electronic quadrupole    -0.63835     0.02729     0.00156     0.03257     0.08445    -0.61737
Isotropic polarizablity (w=0)     0.26979
Electronic polarizability (w=0)     0.14305     0.10371     0.58422     0.00410     0.05120     0.08211

----------------
Atomic domain 27
----------------
Domain center:          -16.14476    16.52845     4.10590
Nuclear charge:           1.00000
Electronic charge:       -0.82270
Total charge:             0.17730
Electronic dipole         0.08588    -0.06849    -0.31264
Electronic dipole norm     0.33138
Electronic quadrupole    -0.53633    -0.04590    -0.15821    -0.54935     0.14057     0.01602
Isotropic polarizablity (w=0)     0.25977
Electronic polarizability (w=0)     0.19038    -0.03617     0.08595    -0.19485     0.08692     0.50297

----------------
Atomic domain 28
----------------
Domain center:          -12.78200    15.97800     0.06200
Nuclear charge:           7.00000
Electronic charge:       -7.31328
Total charge:            -0.31328
Electronic dipole         0.21642     0.12097    -0.09746
Electronic dipole norm     0.26640
Electronic quadrupole    -2.83588     0.49323     0.00696    -3.97491     0.15981    -2.49674
Isotropic polarizablity (w=0)     0.86994
Electronic polarizability (w=0)     0.63124     0.19113     0.35142     0.33514     0.27972     1.62715

----------------
Atomic domain 29
----------------
Domain center:          -12.56400    15.96800    -1.38200
Nuclear charge:           6.00000
Electronic charge:       -6.32778
Total charge:            -0.32778
Electronic dipole        -0.02275     0.01227     0.25061
Electronic dipole norm     0.25194
Electronic quadrupole    -3.30388    -0.04287    -0.00262    -3.30243     0.02232    -2.71390
Isotropic polarizablity (w=0)     0.92332
Electronic polarizability (w=0)     0.58882    -0.03791     0.64612     0.01834     0.08467     1.53502

----------------
Atomic domain 30
----------------
Domain center:          -13.63800    15.72700     0.47800
Nuclear charge:           1.00000
Electronic charge:       -0.73420
Total charge:             0.26580
Electronic dipole         0.21067     0.07075    -0.07591
Electronic dipole norm     0.23484
Electronic quadrupole    -0.18687     0.10362    -0.13964    -0.48634    -0.02057    -0.37495
Isotropic polarizablity (w=0)     0.20142
Electronic polarizability (w=0)     0.33970     0.07910     0.11613    -0.06996    -0.00845     0.14842

----------------
Atomic domain 31
----------------
Domain center:          -11.61000    15.48900    -1.55200
Nuclear charge:           1.00000
Electronic charge:       -0.83298
Total charge:             0.16702
Electronic dipole        -0.28245     0.13459     0.06171
Electronic dipole norm     0.31890
Electronic quadrupole    -0.09762    -0.23254    -0.08781    -0.46303     0.04622    -0.55357
Isotropic polarizablity (w=0)     0.25608
Electronic polarizability (w=0)     0.41134    -0.20584     0.18981    -0.15969     0.08590     0.16710

----------------
Atomic domain 32
----------------
Domain center:          -12.61339    16.97177    -1.74928
Nuclear charge:           1.00000
Electronic charge:       -0.83753
Total charge:             0.16247
Electronic dipole         0.00229    -0.29795     0.11639
Electronic dipole norm     0.31988
Electronic quadrupole    -0.58914    -0.02365    -0.00370    -0.04523    -0.18556    -0.51658
Isotropic polarizablity (w=0)     0.26161
Electronic polarizability (w=0)     0.07048    -0.03388     0.46744     0.01186    -0.23948     0.24691

----------------
Atomic domain 33
----------------
Domain center:          -13.32381    15.41592    -1.89464
Nuclear charge:           1.00000
Electronic charge:       -0.84537
Total charge:             0.15463
Electronic dipole         0.24489     0.17884     0.14683
Electronic dipole norm     0.33692
Electronic quadrupole    -0.27048     0.24458     0.23200    -0.42933     0.15959    -0.46849
Isotropic polarizablity (w=0)     0.28620
Electronic polarizability (w=0)     0.32433     0.19401     0.22332     0.23506     0.18079     0.31094

---------
Molecular
---------
Domain center:          -12.56011    16.58073     3.46662
Nuclear charge:         126.00000
Electronic charge:     -126.00000
Total charge:             0.00000
Electronic dipole        -0.01021     0.25721     0.26742
Gauge   dipole           -1.52536    -2.19501    -0.30814
Total   dipole           -1.53557    -1.93781    -0.04073
Electronic quadrupole -1042.46849   -13.64942  -162.73410  -377.39309  -333.40060 -3416.63820
Nuclear    quadrupole   969.27297    19.69659   164.49845   302.36763   336.92176  3345.77456
Total      quadrupole   -73.19552     6.04717     1.76435   -75.02545     3.52116   -70.86364
Polarizability av (0)       21.19353
Polarizability (0)          20.27998     2.49953    17.35584    -1.75883     2.66316    25.94478
Time used in Loprop              :     11.69 (cpu)       8.03 (wall)
