AA
27 2 2 1
1   -12.4780000000    10.0300000000    -2.9720000000    -0.3321554874    -0.2037798025     0.0276800771    -0.1535445908    -2.6881853248     0.1879753459     0.1741530303    -2.9268595111    -0.6833650992    -3.7148447976     0.7266149234     0.5000437802    -0.1427676188     1.3307981456    -0.3898471811     0.5495454237
1   -12.5660000000    11.2430000000    -3.7600000000    -0.0591027028     0.1625077774    -0.0497871205     0.0722504235    -2.9744633090     0.1368597631     0.0935038653    -2.4766874200    -0.1758407188    -2.5661040786     0.5400490285     0.3334792166    -0.0458838843     1.4944540055     0.2576941866     1.7305224097
1   -12.3460000000    11.0850000000    -5.2440000000     0.3748221397    -0.0267411533     0.0038606256    -0.1200758001    -3.0114835595    -0.8417028381     0.0621257530    -2.3395622381    -0.2595757934    -2.0725149534     0.7662847036    -0.3454013232    -0.2379360599     1.1213826881     0.3119683368     1.6074825509
1   -12.8500000000    11.8930000000    -6.0420000000    -0.4887386862     0.2091497196    -0.3547162834     0.3315559080    -3.8077890878    -0.1472529983     0.2682705055    -3.6322593999    -0.3974481990    -3.7765119448     0.3556521517    -0.2137871162     0.1871557257     0.5739472035    -0.3024442766     0.6257122771
1   -11.5840000000    12.2430000000    -3.2110000000    -0.3593810058    -0.2095588933    -0.1277007025    -0.0035203771    -2.9958090935     0.2439012686    -0.0075855497    -3.1496187813     0.3380993751    -2.5002895889     0.8322410321     0.1518646517    -0.2003000810     1.2177470642     0.7674744695     1.8225644292
1   -11.9600000000    12.6960000000    -1.4750000000     0.0102272794    -0.4475317034     0.0286533988    -0.7599056922    -7.3569819862    -1.2711706777    -0.3986380974    -9.6781263640     0.6395417941    -7.7458181236     2.5632761667    -0.9910793807    -0.2330127174     1.9198615714     0.7335295952     2.3942836169
1   -11.5990000000     9.6980000000    -2.7150000000     0.2651724630    -0.2208345309     0.0792556242    -0.0638162260    -0.1569214935    -0.1413397449     0.1136493072    -0.4683387103    -0.0266302075    -0.4909530764     0.3481401259    -0.0886992126     0.0718628517     0.1644074788    -0.0361374806     0.1207560838
1   -13.5340000000    11.7030000000    -3.6390000000     0.1849021855     0.2750823111    -0.1157909875    -0.0227320160    -0.1327884141    -0.2228086381    -0.0839688718    -0.3826446261     0.0933968984    -0.4682558222     0.3457097561    -0.1407697123    -0.0176195130     0.2106684370     0.0697524212     0.1645162985
1   -10.5830000000    11.9780000000    -3.3650000000     0.1621819881    -0.3116323071     0.0966487549     0.0301337214    -0.0371501437    -0.1505797044    -0.0896949338    -0.5583633567     0.0296914371    -0.5829156250     0.6075151275    -0.1042434085    -0.1102041256     0.1275141977     0.0590969927     0.1275139443
1   -11.7500000000    13.1290000000    -3.7980000000     0.1695904090     0.0494816550    -0.2696562073     0.1687087280    -0.5737375790    -0.0822098532     0.0721772175    -0.1507923617    -0.2497366907    -0.4451828098     0.0707100220     0.0219007727    -0.0262055189     0.4207012964    -0.1793108570     0.2623319890
1   -13.8350000000    13.4490000000    -1.5740000000     0.0455535221     0.6556103206     0.5009865262    -0.2171540424    -7.3175565553    -0.8034552135     0.0719244205    -7.1717475565    -0.8166816462    -9.9502565372     2.5256002243    -0.9763266827    -0.2579454961     2.8576696970    -0.1116568200     1.1122751831
1   -13.6430000000    15.1840000000    -2.1100000000    -0.5109239642    -0.0185900305    -0.0901564728     0.0223778480    -3.4348045923     0.1700076197    -0.0798342543    -2.7400962449    -0.2197573730    -3.4761645749     0.6445403949    -0.0801176850     0.0055513149     2.0714433766    -0.2182640778     0.6701674241
1   -14.5900000000    15.6970000000    -1.9850000000     0.1710759299     0.2847188883    -0.1453256038    -0.0343572225    -0.0662123536    -0.2947647749    -0.0583322322    -0.4382735852     0.0275777272    -0.5837317741     0.5125079287    -0.3488021194    -0.0556819665     0.3603192835     0.0350780836     0.0770048238
1   -13.3490000000    15.1880000000    -3.1570000000     0.1592934237    -0.0839116828     0.0007071944     0.3083839144    -0.5623641171     0.0000673003    -0.1547846037    -0.6187859406     0.0353272760    -0.0191104003     0.0839662624     0.0088847234    -0.0925455444     0.1411738647    -0.1012153790     0.5187540987
1   -12.8831910000    15.7360760000    -1.5973580000     0.1658837990    -0.2284870779    -0.1549778516    -0.1613100183    -0.2800352791     0.2081179954     0.2213127232    -0.4722406013     0.1428234585    -0.4361722097     0.2465731347     0.2458088698     0.1523489796     0.3988213917     0.1792472822     0.1833247594
1   -13.5370000000     9.2430000000    -2.7930000000     0.3890401860    -0.0545895881     0.0608818287    -0.0491544293    -1.8929271305     0.2493378946     0.5313440011    -2.6448766611    -0.6431178218    -2.8498527602     1.0982630112     0.3877900658     0.0116468009     1.3318504552    -0.4042468702     0.8875977327
1   -13.3810000000     8.0920000000    -1.8140000000    -0.4858884526    -0.0579521625     0.1168198884    -0.0986712954    -3.3422482412    -0.0580545739     0.0678630753    -3.2852141839    -0.1480224782    -3.3511973406     0.6580148223     0.0014590974     0.0011986611     1.2057635285    -0.4027811325     0.9641119031
1   -14.6080000000     9.4230000000    -3.3990000000    -0.4705402974     0.4531395817    -0.0781492056     0.2568494976    -3.3692996544    -0.1686533695     0.3472357843    -4.0184199147     0.0638525120    -3.7516925872     0.8455342290     0.0113674012     0.2923741228     0.2703547360    -0.0219089145     0.3871769186
1   -14.1880000000     7.4130000000    -1.9940000000     0.1756263673     0.2484354375     0.2216812282     0.0552743675    -0.2044373191     0.3278183727     0.0822930664    -0.3045485403     0.0721105390    -0.5685766357     0.3600799642     0.3137339816     0.0199042277     0.4198016038     0.0080143509     0.0821228456
1   -12.4371790000     7.5973340000    -1.9109930000     0.1468621425    -0.3065664638     0.1540025398     0.0349814328    -0.1117926187    -0.2796052097    -0.0503919119    -0.4880610241     0.0323747806    -0.6117205002     0.4423309587    -0.2594357732    -0.0011076120     0.2901175834    -0.0198213228     0.0926384394
1   -13.4803820000     8.4685310000    -0.8173820000     0.1738417038     0.0255655662    -0.1183536455    -0.3128521848    -0.5742155922    -0.0219201061    -0.0602376208    -0.4962597298     0.2305337569    -0.0048299532     0.0749419137    -0.0124734278    -0.0529922932     0.1158879888     0.0921710108     0.6018197557
1   -11.6100000000    10.0660000000    -5.6270000000    -0.3030729412    -0.1065472571     0.1582037331    -0.1746117645    -3.5918823741    -0.7530377661    -0.1272697626    -3.0742717156     0.0145904915    -2.5640479443     0.5667499470    -0.4165324388    -0.3863455636     0.8214965514     0.4437241192     1.1762043310
1   -11.3720000000     9.8690000000    -7.0430000000    -0.3294441041    -0.0501573975     0.0577289506     0.2452997563    -3.2133638939    -0.0331818366    -0.1220300017    -3.3747868873     0.0775719806    -2.7101422667     0.7056200898    -0.0360346703    -0.2389584745     0.6674222135     0.2299083583     1.3395600346
1   -11.2150000000     9.4550000000    -4.9580000000     0.2639117071    -0.1044238370     0.1457761623    -0.1513889365    -0.4276881903    -0.1260671633     0.0983717044    -0.3523977761    -0.1721326836    -0.3270896023     0.1628270313    -0.1060377948     0.0711886986     0.2484643397    -0.1164356531     0.2065323731
1   -10.5880000000     9.1410000000    -7.1280000000     0.1514727799    -0.2382892140     0.2445255492     0.0211021577    -0.2552954071    -0.3366594809    -0.0365333983    -0.2918863260     0.0407590122    -0.6239728146     0.3826319924    -0.2964388047    -0.0985939478     0.3585188766     0.0983379294     0.1199283855
1   -12.2790000000     9.5770000000    -7.5430000000     0.1642539486     0.2582402624     0.0910064622     0.1505041895    -0.1572749674     0.1418099401     0.2291502313    -0.5504483705     0.0656647068    -0.4487277284     0.3521300660     0.1415385950     0.2247536010     0.1365196632     0.1172028946     0.2902146074
1   -10.9654340000    10.7266000000    -7.5370910000     0.1655356671    -0.1172033937    -0.2697737028     0.1447230134    -0.4967159265     0.1832833892    -0.1013860109    -0.1826524104    -0.2241376618    -0.4422057400     0.1720664730     0.1688630981    -0.1419682847     0.3210372311    -0.2106995561     0.2819195220


---------------
Atomic domain 1
---------------
Domain center:          -12.47800    10.03000    -2.97200
Nuclear charge:           7.00000
Electronic charge:       -7.33216
Total charge:            -0.33216
Electronic dipole        -0.20378     0.02768    -0.15354
Electronic dipole norm     0.25665
Electronic quadrupole    -2.68819     0.18798     0.17415    -2.92686    -0.68337    -3.71484
Isotropic polarizablity (w=0)     0.86899
Electronic polarizability (w=0)     0.72661     0.50004     1.33080    -0.14277    -0.38985     0.54955

---------------
Atomic domain 2
---------------
Domain center:          -12.56600    11.24300    -3.76000
Nuclear charge:           6.00000
Electronic charge:       -6.05910
Total charge:            -0.05910
Electronic dipole         0.16251    -0.04979     0.07225
Electronic dipole norm     0.18468
Electronic quadrupole    -2.97446     0.13686     0.09350    -2.47669    -0.17584    -2.56610
Isotropic polarizablity (w=0)     1.25501
Electronic polarizability (w=0)     0.54005     0.33348     1.49445    -0.04588     0.25769     1.73052

---------------
Atomic domain 3
---------------
Domain center:          -12.34600    11.08500    -5.24400
Nuclear charge:           6.00000
Electronic charge:       -5.62518
Total charge:             0.37482
Electronic dipole        -0.02674     0.00386    -0.12008
Electronic dipole norm     0.12308
Electronic quadrupole    -3.01148    -0.84170     0.06213    -2.33956    -0.25958    -2.07251
Isotropic polarizablity (w=0)     1.16505
Electronic polarizability (w=0)     0.76628    -0.34540     1.12138    -0.23794     0.31197     1.60748

---------------
Atomic domain 4
---------------
Domain center:          -12.85000    11.89300    -6.04200
Nuclear charge:           8.00000
Electronic charge:       -8.48874
Total charge:            -0.48874
Electronic dipole         0.20915    -0.35472     0.33156
Electronic dipole norm     0.52867
Electronic quadrupole    -3.80779    -0.14725     0.26827    -3.63226    -0.39745    -3.77651
Isotropic polarizablity (w=0)     0.51844
Electronic polarizability (w=0)     0.35565    -0.21379     0.57395     0.18716    -0.30244     0.62571

---------------
Atomic domain 5
---------------
Domain center:          -11.58400    12.24300    -3.21100
Nuclear charge:           6.00000
Electronic charge:       -6.35938
Total charge:            -0.35938
Electronic dipole        -0.20956    -0.12770    -0.00352
Electronic dipole norm     0.24543
Electronic quadrupole    -2.99581     0.24390    -0.00759    -3.14962     0.33810    -2.50029
Isotropic polarizablity (w=0)     1.29085
Electronic polarizability (w=0)     0.83224     0.15186     1.21775    -0.20030     0.76747     1.82256

---------------
Atomic domain 6
---------------
Domain center:          -11.96000    12.69600    -1.47500
Nuclear charge:          16.00000
Electronic charge:      -15.98977
Total charge:             0.01023
Electronic dipole        -0.44753     0.02865    -0.75991
Electronic dipole norm     0.88236
Electronic quadrupole    -7.35698    -1.27117    -0.39864    -9.67813     0.63954    -7.74582
Isotropic polarizablity (w=0)     2.29247
Electronic polarizability (w=0)     2.56328    -0.99108     1.91986    -0.23301     0.73353     2.39428

---------------
Atomic domain 7
---------------
Domain center:          -11.59900     9.69800    -2.71500
Nuclear charge:           1.00000
Electronic charge:       -0.73483
Total charge:             0.26517
Electronic dipole        -0.22083     0.07926    -0.06382
Electronic dipole norm     0.24315
Electronic quadrupole    -0.15692    -0.14134     0.11365    -0.46834    -0.02663    -0.49095
Isotropic polarizablity (w=0)     0.21110
Electronic polarizability (w=0)     0.34814    -0.08870     0.16441     0.07186    -0.03614     0.12076

---------------
Atomic domain 8
---------------
Domain center:          -13.53400    11.70300    -3.63900
Nuclear charge:           1.00000
Electronic charge:       -0.81510
Total charge:             0.18490
Electronic dipole         0.27508    -0.11579    -0.02273
Electronic dipole norm     0.29932
Electronic quadrupole    -0.13279    -0.22281    -0.08397    -0.38264     0.09340    -0.46826
Isotropic polarizablity (w=0)     0.24030
Electronic polarizability (w=0)     0.34571    -0.14077     0.21067    -0.01762     0.06975     0.16452

---------------
Atomic domain 9
---------------
Domain center:          -10.58300    11.97800    -3.36500
Nuclear charge:           1.00000
Electronic charge:       -0.83782
Total charge:             0.16218
Electronic dipole        -0.31163     0.09665     0.03013
Electronic dipole norm     0.32766
Electronic quadrupole    -0.03715    -0.15058    -0.08969    -0.55836     0.02969    -0.58292
Isotropic polarizablity (w=0)     0.28751
Electronic polarizability (w=0)     0.60752    -0.10424     0.12751    -0.11020     0.05910     0.12751

----------------
Atomic domain 10
----------------
Domain center:          -11.75000    13.12900    -3.79800
Nuclear charge:           1.00000
Electronic charge:       -0.83041
Total charge:             0.16959
Electronic dipole         0.04948    -0.26966     0.16871
Electronic dipole norm     0.32191
Electronic quadrupole    -0.57374    -0.08221     0.07218    -0.15079    -0.24974    -0.44518
Isotropic polarizablity (w=0)     0.25125
Electronic polarizability (w=0)     0.07071     0.02190     0.42070    -0.02621    -0.17931     0.26233

----------------
Atomic domain 11
----------------
Domain center:          -13.83500    13.44900    -1.57400
Nuclear charge:          16.00000
Electronic charge:      -15.95445
Total charge:             0.04555
Electronic dipole         0.65561     0.50099    -0.21715
Electronic dipole norm     0.85321
Electronic quadrupole    -7.31756    -0.80346     0.07192    -7.17175    -0.81668    -9.95026
Isotropic polarizablity (w=0)     2.16518
Electronic polarizability (w=0)     2.52560    -0.97633     2.85767    -0.25795    -0.11166     1.11228

----------------
Atomic domain 12
----------------
Domain center:          -13.64300    15.18400    -2.11000
Nuclear charge:           6.00000
Electronic charge:       -6.51092
Total charge:            -0.51092
Electronic dipole        -0.01859    -0.09016     0.02238
Electronic dipole norm     0.09473
Electronic quadrupole    -3.43480     0.17001    -0.07983    -2.74010    -0.21976    -3.47616
Isotropic polarizablity (w=0)     1.12872
Electronic polarizability (w=0)     0.64454    -0.08012     2.07144     0.00555    -0.21826     0.67017

----------------
Atomic domain 13
----------------
Domain center:          -14.59000    15.69700    -1.98500
Nuclear charge:           1.00000
Electronic charge:       -0.82892
Total charge:             0.17108
Electronic dipole         0.28472    -0.14533    -0.03436
Electronic dipole norm     0.32150
Electronic quadrupole    -0.06621    -0.29476    -0.05833    -0.43827     0.02758    -0.58373
Isotropic polarizablity (w=0)     0.31661
Electronic polarizability (w=0)     0.51251    -0.34880     0.36032    -0.05568     0.03508     0.07700

----------------
Atomic domain 14
----------------
Domain center:          -13.34900    15.18800    -3.15700
Nuclear charge:           1.00000
Electronic charge:       -0.84071
Total charge:             0.15929
Electronic dipole        -0.08391     0.00071     0.30838
Electronic dipole norm     0.31960
Electronic quadrupole    -0.56236     0.00007    -0.15478    -0.61879     0.03533    -0.01911
Isotropic polarizablity (w=0)     0.24796
Electronic polarizability (w=0)     0.08397     0.00888     0.14117    -0.09255    -0.10122     0.51875

----------------
Atomic domain 15
----------------
Domain center:          -12.88319    15.73608    -1.59736
Nuclear charge:           1.00000
Electronic charge:       -0.83412
Total charge:             0.16588
Electronic dipole        -0.22849    -0.15498    -0.16131
Electronic dipole norm     0.31976
Electronic quadrupole    -0.28004     0.20812     0.22131    -0.47224     0.14282    -0.43617
Isotropic polarizablity (w=0)     0.27624
Electronic polarizability (w=0)     0.24657     0.24581     0.39882     0.15235     0.17925     0.18332

----------------
Atomic domain 16
----------------
Domain center:          -13.53700     9.24300    -2.79300
Nuclear charge:           6.00000
Electronic charge:       -5.61096
Total charge:             0.38904
Electronic dipole        -0.05459     0.06088    -0.04915
Electronic dipole norm     0.09541
Electronic quadrupole    -1.89293     0.24934     0.53134    -2.64488    -0.64312    -2.84985
Isotropic polarizablity (w=0)     1.10590
Electronic polarizability (w=0)     1.09826     0.38779     1.33185     0.01165    -0.40425     0.88760

----------------
Atomic domain 17
----------------
Domain center:          -13.38100     8.09200    -1.81400
Nuclear charge:           6.00000
Electronic charge:       -6.48589
Total charge:            -0.48589
Electronic dipole        -0.05795     0.11682    -0.09867
Electronic dipole norm     0.16353
Electronic quadrupole    -3.34225    -0.05805     0.06786    -3.28521    -0.14802    -3.35120
Isotropic polarizablity (w=0)     0.94263
Electronic polarizability (w=0)     0.65801     0.00146     1.20576     0.00120    -0.40278     0.96411

----------------
Atomic domain 18
----------------
Domain center:          -14.60800     9.42300    -3.39900
Nuclear charge:           8.00000
Electronic charge:       -8.47054
Total charge:            -0.47054
Electronic dipole         0.45314    -0.07815     0.25685
Electronic dipole norm     0.52670
Electronic quadrupole    -3.36930    -0.16865     0.34724    -4.01842     0.06385    -3.75169
Isotropic polarizablity (w=0)     0.50102
Electronic polarizability (w=0)     0.84553     0.01137     0.27035     0.29237    -0.02191     0.38718

----------------
Atomic domain 19
----------------
Domain center:          -14.18800     7.41300    -1.99400
Nuclear charge:           1.00000
Electronic charge:       -0.82437
Total charge:             0.17563
Electronic dipole         0.24844     0.22168     0.05527
Electronic dipole norm     0.33752
Electronic quadrupole    -0.20444     0.32782     0.08229    -0.30455     0.07211    -0.56858
Isotropic polarizablity (w=0)     0.28733
Electronic polarizability (w=0)     0.36008     0.31373     0.41980     0.01990     0.00801     0.08212

----------------
Atomic domain 20
----------------
Domain center:          -12.43718     7.59733    -1.91099
Nuclear charge:           1.00000
Electronic charge:       -0.85314
Total charge:             0.14686
Electronic dipole        -0.30657     0.15400     0.03498
Electronic dipole norm     0.34485
Electronic quadrupole    -0.11179    -0.27961    -0.05039    -0.48806     0.03237    -0.61172
Isotropic polarizablity (w=0)     0.27503
Electronic polarizability (w=0)     0.44233    -0.25944     0.29012    -0.00111    -0.01982     0.09264

----------------
Atomic domain 21
----------------
Domain center:          -13.48038     8.46853    -0.81738
Nuclear charge:           1.00000
Electronic charge:       -0.82616
Total charge:             0.17384
Electronic dipole         0.02557    -0.11835    -0.31285
Electronic dipole norm     0.33547
Electronic quadrupole    -0.57422    -0.02192    -0.06024    -0.49626     0.23053    -0.00483
Isotropic polarizablity (w=0)     0.26422
Electronic polarizability (w=0)     0.07494    -0.01247     0.11589    -0.05299     0.09217     0.60182

----------------
Atomic domain 22
----------------
Domain center:          -11.61000    10.06600    -5.62700
Nuclear charge:           7.00000
Electronic charge:       -7.30307
Total charge:            -0.30307
Electronic dipole        -0.10655     0.15820    -0.17461
Electronic dipole norm     0.25859
Electronic quadrupole    -3.59188    -0.75304    -0.12727    -3.07427     0.01459    -2.56405
Isotropic polarizablity (w=0)     0.85482
Electronic polarizability (w=0)     0.56675    -0.41653     0.82150    -0.38635     0.44372     1.17620

----------------
Atomic domain 23
----------------
Domain center:          -11.37200     9.86900    -7.04300
Nuclear charge:           6.00000
Electronic charge:       -6.32944
Total charge:            -0.32944
Electronic dipole        -0.05016     0.05773     0.24530
Electronic dipole norm     0.25694
Electronic quadrupole    -3.21336    -0.03318    -0.12203    -3.37479     0.07757    -2.71014
Isotropic polarizablity (w=0)     0.90420
Electronic polarizability (w=0)     0.70562    -0.03603     0.66742    -0.23896     0.22991     1.33956

----------------
Atomic domain 24
----------------
Domain center:          -11.21500     9.45500    -4.95800
Nuclear charge:           1.00000
Electronic charge:       -0.73609
Total charge:             0.26391
Electronic dipole        -0.10442     0.14578    -0.15139
Electronic dipole norm     0.23468
Electronic quadrupole    -0.42769    -0.12607     0.09837    -0.35240    -0.17213    -0.32709
Isotropic polarizablity (w=0)     0.20594
Electronic polarizability (w=0)     0.16283    -0.10604     0.24846     0.07119    -0.11644     0.20653

----------------
Atomic domain 25
----------------
Domain center:          -10.58800     9.14100    -7.12800
Nuclear charge:           1.00000
Electronic charge:       -0.84853
Total charge:             0.15147
Electronic dipole        -0.23829     0.24453     0.02110
Electronic dipole norm     0.34208
Electronic quadrupole    -0.25530    -0.33666    -0.03653    -0.29189     0.04076    -0.62397
Isotropic polarizablity (w=0)     0.28703
Electronic polarizability (w=0)     0.38263    -0.29644     0.35852    -0.09859     0.09834     0.11993

----------------
Atomic domain 26
----------------
Domain center:          -12.27900     9.57700    -7.54300
Nuclear charge:           1.00000
Electronic charge:       -0.83575
Total charge:             0.16425
Electronic dipole         0.25824     0.09101     0.15050
Electronic dipole norm     0.31244
Electronic quadrupole    -0.15727     0.14181     0.22915    -0.55045     0.06566    -0.44873
Isotropic polarizablity (w=0)     0.25962
Electronic polarizability (w=0)     0.35213     0.14154     0.13652     0.22475     0.11720     0.29021

----------------
Atomic domain 27
----------------
Domain center:          -10.96543    10.72660    -7.53709
Nuclear charge:           1.00000
Electronic charge:       -0.83446
Total charge:             0.16554
Electronic dipole        -0.11720    -0.26977     0.14472
Electronic dipole norm     0.32781
Electronic quadrupole    -0.49672     0.18328    -0.10139    -0.18265    -0.22414    -0.44221
Isotropic polarizablity (w=0)     0.25834
Electronic polarizability (w=0)     0.17207     0.16886     0.32104    -0.14197    -0.21070     0.28192

---------
Molecular
---------
Domain center:          -12.75437    11.41340    -3.32627
Nuclear charge:         118.00000
Electronic charge:     -118.00000
Total charge:             0.00000
Electronic dipole        -0.16486     0.21403    -0.48095
Gauge   dipole            2.25055    -0.76065     0.80128
Total   dipole            2.08568    -0.54662     0.32033
Electronic quadrupole  -505.32501    69.76005   341.57145 -1703.40982  -533.29975 -1499.37197
Nuclear    quadrupole   436.69812   -78.27867  -347.10355  1646.01272   535.58835  1427.04588
Total      quadrupole   -68.62689    -8.51861    -5.53210   -57.39710     2.28861   -72.32609
Polarizability av (0)       18.66177
Polarizability (0)          16.99057    -2.12945    20.59814    -1.30208     0.88843    18.39658
Time used in Loprop              :      6.06 (cpu)       4.44 (wall)
