AA
12 2 2 1
1    -9.9580000000    15.4230000000    11.1620000000    -0.3255253045     0.0189357951    -0.2061882794     0.1371185601    -4.0594588762     0.2297898485     0.3850823535    -2.6514489673     0.0417039764    -2.6287830623     0.3671083072     0.1806070236     0.3007495743     0.8251471760     0.3825182083     1.2136050548
1   -10.2800000000    14.1360000000    10.5720000000    -0.3250313681     0.0524411425     0.2211767432     0.1218201639    -3.2602040151     0.0771465266     0.0796222614    -2.8815699411     0.2529997418    -3.1755221490     0.7362409089     0.1311613571     0.0716382277     1.0370686524     0.3338529347     0.8525602798
1    -9.9520000000    16.2350000000    10.6350000000     0.2766983234     0.0023369831    -0.1968971897     0.1366823424    -0.5048401037    -0.0081978966    -0.0040516308    -0.2187487439    -0.2219429403    -0.3783925838     0.0920141685    -0.0042438526     0.0059890630     0.3104997300    -0.1690770812     0.2327793447
1   -11.1260000000    13.7610000000    11.1520000000     0.1587816915     0.2471814826     0.1285999612    -0.1694147548    -0.2166243348     0.1677664968    -0.2693448478    -0.5047556751    -0.1172723253    -0.4111985109     0.4411505709     0.1972877357    -0.1813652076     0.1972017824    -0.0836009791     0.1607536944
1    -9.4495060000    13.4624720000    10.6112420000     0.1625382813    -0.2420880705     0.2026792700    -0.0079751876    -0.2259291616    -0.2831880460     0.0220341160    -0.3408271333    -0.0140413277    -0.5883267428     0.3534065126    -0.2575107516    -0.0343860215     0.3455382044     0.0428398806     0.0761924502
1   -10.6248950000    14.2610420000     9.5668570000     0.1549733078     0.0983244817    -0.0492189753     0.3150975541    -0.5400986844    -0.0311230103     0.1962552997    -0.6104880062    -0.0775968956    -0.0218032045     0.1383373470    -0.0036896833     0.1821529598     0.0880889835    -0.0098487222     0.6142125302
1    -9.6210000000    15.5360000000    12.4480000000     0.3829399443    -0.0005861714    -0.0753938095     0.0125667699    -3.5091018115     0.0503399408     0.3952600959    -1.9423277592    -0.3204154209    -1.9658797688     0.6474703591     0.0881664885     0.2366037981     1.2246397152     0.1442327972     1.3902723178
1    -9.3820000000    16.9400000000    12.9380000000    -0.4850527960    -0.0148238574    -0.1749925714    -0.0191272467    -3.3724427508     0.0351879000     0.0299985613    -3.1907134220     0.0621652035    -3.3952031628     0.7348543510     0.1194081641     0.0419624560     1.2548706607     0.2518596419     0.7940069665
1    -9.4970000000    14.5630000000    13.2280000000    -0.4902839275    -0.0515240919     0.4116025573    -0.3299152079    -3.8928569329    -0.0972129892     0.0047032403    -3.5896825128    -0.4740623531    -3.7331377017     0.2564789569    -0.0690903846     0.0743778019     0.7025876186    -0.4029547739     0.6426279664
1    -8.9563470000    16.9050640000    13.9190700000     0.1745509668    -0.1279418919     0.0073170888    -0.3122941936    -0.4816715316    -0.0072588554     0.2452539216    -0.5898628204    -0.0160181676    -0.0195668967     0.1644470567     0.0256670476     0.2179615464     0.1002542253     0.0631466059     0.5803248127
1   -10.3030000000    17.4810000000    12.9390000000     0.1623991009     0.2852197248    -0.1765918116     0.0045983359    -0.1074305218    -0.2869847698    -0.0029891187    -0.4344096258    -0.0049247855    -0.6055912662     0.4418144958    -0.2662791376    -0.0306120193     0.3049597075     0.0299445313     0.0802718805
1    -8.6450000000    17.4020000000    12.3070000000     0.1530117801    -0.2270978817    -0.1580342276     0.2113971034    -0.2926828410     0.1977214070    -0.2783047778    -0.4822078210    -0.1760804232    -0.3860012534     0.3565386827     0.2148851076    -0.1994044802     0.2693486957    -0.1436374076     0.2255657615


---------------
Atomic domain 1
---------------
Domain center:           -9.95800    15.42300    11.16200
Nuclear charge:           7.00000
Electronic charge:       -7.32553
Total charge:            -0.32553
Electronic dipole         0.01894    -0.20619     0.13712
Electronic dipole norm     0.24834
Electronic quadrupole    -4.05946     0.22979     0.38508    -2.65145     0.04170    -2.62878
Isotropic polarizablity (w=0)     0.80195
Electronic polarizability (w=0)     0.36711     0.18061     0.82515     0.30075     0.38252     1.21361

---------------
Atomic domain 2
---------------
Domain center:          -10.28000    14.13600    10.57200
Nuclear charge:           6.00000
Electronic charge:       -6.32503
Total charge:            -0.32503
Electronic dipole         0.05244     0.22118     0.12182
Electronic dipole norm     0.25789
Electronic quadrupole    -3.26020     0.07715     0.07962    -2.88157     0.25300    -3.17552
Isotropic polarizablity (w=0)     0.87529
Electronic polarizability (w=0)     0.73624     0.13116     1.03707     0.07164     0.33385     0.85256

---------------
Atomic domain 3
---------------
Domain center:           -9.95200    16.23500    10.63500
Nuclear charge:           1.00000
Electronic charge:       -0.72330
Total charge:             0.27670
Electronic dipole         0.00234    -0.19690     0.13668
Electronic dipole norm     0.23970
Electronic quadrupole    -0.50484    -0.00820    -0.00405    -0.21875    -0.22194    -0.37839
Isotropic polarizablity (w=0)     0.21176
Electronic polarizability (w=0)     0.09201    -0.00424     0.31050     0.00599    -0.16908     0.23278

---------------
Atomic domain 4
---------------
Domain center:          -11.12600    13.76100    11.15200
Nuclear charge:           1.00000
Electronic charge:       -0.84122
Total charge:             0.15878
Electronic dipole         0.24718     0.12860    -0.16941
Electronic dipole norm     0.32610
Electronic quadrupole    -0.21662     0.16777    -0.26934    -0.50476    -0.11727    -0.41120
Isotropic polarizablity (w=0)     0.26637
Electronic polarizability (w=0)     0.44115     0.19729     0.19720    -0.18137    -0.08360     0.16075

---------------
Atomic domain 5
---------------
Domain center:           -9.44951    13.46247    10.61124
Nuclear charge:           1.00000
Electronic charge:       -0.83746
Total charge:             0.16254
Electronic dipole        -0.24209     0.20268    -0.00798
Electronic dipole norm     0.31583
Electronic quadrupole    -0.22593    -0.28319     0.02203    -0.34083    -0.01404    -0.58833
Isotropic polarizablity (w=0)     0.25838
Electronic polarizability (w=0)     0.35341    -0.25751     0.34554    -0.03439     0.04284     0.07619

---------------
Atomic domain 6
---------------
Domain center:          -10.62490    14.26104     9.56686
Nuclear charge:           1.00000
Electronic charge:       -0.84503
Total charge:             0.15497
Electronic dipole         0.09832    -0.04922     0.31510
Electronic dipole norm     0.33373
Electronic quadrupole    -0.54010    -0.03112     0.19626    -0.61049    -0.07760    -0.02180
Isotropic polarizablity (w=0)     0.28021
Electronic polarizability (w=0)     0.13834    -0.00369     0.08809     0.18215    -0.00985     0.61421

---------------
Atomic domain 7
---------------
Domain center:           -9.62100    15.53600    12.44800
Nuclear charge:           6.00000
Electronic charge:       -5.61706
Total charge:             0.38294
Electronic dipole        -0.00059    -0.07539     0.01257
Electronic dipole norm     0.07644
Electronic quadrupole    -3.50910     0.05034     0.39526    -1.94233    -0.32042    -1.96588
Isotropic polarizablity (w=0)     1.08746
Electronic polarizability (w=0)     0.64747     0.08817     1.22464     0.23660     0.14423     1.39027

---------------
Atomic domain 8
---------------
Domain center:           -9.38200    16.94000    12.93800
Nuclear charge:           6.00000
Electronic charge:       -6.48505
Total charge:            -0.48505
Electronic dipole        -0.01482    -0.17499    -0.01913
Electronic dipole norm     0.17666
Electronic quadrupole    -3.37244     0.03519     0.03000    -3.19071     0.06217    -3.39520
Isotropic polarizablity (w=0)     0.92791
Electronic polarizability (w=0)     0.73485     0.11941     1.25487     0.04196     0.25186     0.79401

---------------
Atomic domain 9
---------------
Domain center:           -9.49700    14.56300    13.22800
Nuclear charge:           8.00000
Electronic charge:       -8.49028
Total charge:            -0.49028
Electronic dipole        -0.05152     0.41160    -0.32992
Electronic dipole norm     0.53001
Electronic quadrupole    -3.89286    -0.09721     0.00470    -3.58968    -0.47406    -3.73314
Isotropic polarizablity (w=0)     0.53390
Electronic polarizability (w=0)     0.25648    -0.06909     0.70259     0.07438    -0.40295     0.64263

----------------
Atomic domain 10
----------------
Domain center:           -8.95635    16.90506    13.91907
Nuclear charge:           1.00000
Electronic charge:       -0.82545
Total charge:             0.17455
Electronic dipole        -0.12794     0.00732    -0.31229
Electronic dipole norm     0.33757
Electronic quadrupole    -0.48167    -0.00726     0.24525    -0.58986    -0.01602    -0.01957
Isotropic polarizablity (w=0)     0.28168
Electronic polarizability (w=0)     0.16445     0.02567     0.10025     0.21796     0.06315     0.58032

----------------
Atomic domain 11
----------------
Domain center:          -10.30300    17.48100    12.93900
Nuclear charge:           1.00000
Electronic charge:       -0.83760
Total charge:             0.16240
Electronic dipole         0.28522    -0.17659     0.00460
Electronic dipole norm     0.33549
Electronic quadrupole    -0.10743    -0.28698    -0.00299    -0.43441    -0.00492    -0.60559
Isotropic polarizablity (w=0)     0.27568
Electronic polarizability (w=0)     0.44181    -0.26628     0.30496    -0.03061     0.02994     0.08027

----------------
Atomic domain 12
----------------
Domain center:           -8.64500    17.40200    12.30700
Nuclear charge:           1.00000
Electronic charge:       -0.84699
Total charge:             0.15301
Electronic dipole        -0.22710    -0.15803     0.21140
Electronic dipole norm     0.34819
Electronic quadrupole    -0.29268     0.19772    -0.27830    -0.48221    -0.17608    -0.38600
Isotropic polarizablity (w=0)     0.28382
Electronic polarizability (w=0)     0.35654     0.21489     0.26935    -0.19940    -0.14364     0.22557

---------
Molecular
---------
Domain center:           -9.76092    15.34111    12.02090
Nuclear charge:          40.00000
Electronic charge:      -40.00000
Total charge:            -0.00000
Electronic dipole         0.04038    -0.06594     0.10055
Gauge   dipole           -0.29571     0.95465    -1.37809
Total   dipole           -0.25533     0.88871    -1.27753
Electronic quadrupole   -52.18750   -36.86742   -53.96774  -194.81241   -78.92056  -203.77388
Nuclear    quadrupole    29.83474    37.59822    54.17548   172.96408    81.14663   181.30459
Total      quadrupole   -22.35276     0.73080     0.20774   -21.84833     2.22607   -22.46930
Polarizability av (0)        6.08441
Polarizability (0)           4.72986     0.35637     6.66021     0.68567     0.43928     6.86317
Time used in Loprop              :      0.73 (cpu)       0.61 (wall)
