AA
15 2 2 1
1    -8.7850000000    16.8910000000    14.3140000000    -0.2931557794    -0.0811689331    -0.0077889906    -0.1798196558    -2.8005738568     0.0022971874     0.1636691493    -2.8303289955    -0.0077762100    -2.6587323525     0.5349940696     0.0409278051     0.2437247040     0.4292220358     0.0997573312     0.9617202720
1    -9.3820000000    16.9400000000    12.9380000000    -0.2140593003     0.0634005304    -0.1915194990     0.1741075837    -3.1086096741     0.0203730624     0.2593479259    -3.0469181005     0.0271583489    -2.6410766685     0.6604424679     0.1542323666     0.2526095532     1.1401998943     0.3372635255     1.1377281211
1    -9.6210000000    15.5360000000    12.4480000000     0.3612243029    -0.0156908881    -0.1064129842    -0.0139379125    -3.5448306456     0.0511039801     0.4065857042    -1.9769567601    -0.3403308331    -1.9730320843     0.6513307748     0.1308882474     0.2778681817     1.2433383504     0.2426214548     1.4829559683
1    -9.4970000000    14.5630000000    13.2280000000    -0.4711001081    -0.0626695131     0.3715268520    -0.3464126194    -3.8714281030    -0.0970074612     0.0055004236    -3.5544677121    -0.4718888920    -3.7055404396     0.2477177720    -0.0536495041     0.0605982770     0.7176758302    -0.3739475570     0.5875198032
1    -8.5620000000    17.8710000000    14.5590000000     0.3331968583    -0.0460071555    -0.1988079759    -0.0528778403    -0.4210189433     0.1055056502     0.0148220284     0.0323383971     0.1144809322    -0.4407919911     0.0833784218     0.0990570061     0.0477657345     0.3936387847     0.1466647271     0.1293144453
1    -9.5440000000    16.5340000000    14.9110000000     0.3398642717     0.1541062550     0.0739508179    -0.1294937418    -0.1567489845     0.1287255262    -0.2347247309    -0.3655834674    -0.0763402269    -0.2844686952     0.1891202798     0.0489249699    -0.1681969567     0.0590615796    -0.0659210228     0.2746268005
1    -7.9390000000    16.2940000000    14.4000000000     0.3411438697    -0.1628376851     0.1170323794    -0.0073305564    -0.1033003707    -0.2157941626     0.0246200543    -0.2752733125    -0.0027313974    -0.4578333062     0.3294404511    -0.1458972465     0.0879399895     0.1150631361    -0.0470847061     0.0852296636
1   -10.3030000000    17.4810000000    12.9390000000     0.2047827541     0.2398745365    -0.1541523575    -0.0115318343    -0.0922000146    -0.2578428488     0.0021809601    -0.3917699506    -0.0067235017    -0.5429502225     0.3823930061    -0.2201835686    -0.0000279681     0.2602583719     0.0143145656     0.0885208442
1    -8.6450000000    17.4020000000    12.3070000000     0.1937331289    -0.2013563759    -0.1392604175     0.1706538422    -0.2626662884     0.1777705863    -0.2538701067    -0.4326356264    -0.1631235402    -0.3363457329     0.2847953182     0.1705516742    -0.1637608630     0.2318153756    -0.1259626053     0.2296253274
1    -9.9580000000    15.4230000000    11.1620000000    -0.2940412141     0.0106129997    -0.2235764668     0.1207314630    -3.9685270933     0.2227768389     0.3766387819    -2.6232198925     0.0415581467    -2.5794112232     0.3787876997     0.1790887318     0.3303842058     0.7763680351     0.3945380367     1.3132906805
1   -10.2800000000    14.1360000000    10.5720000000    -0.3264425536     0.0446486696     0.1993916443     0.0987664923    -3.2567950240     0.0823434122     0.0700014864    -2.8627275549     0.2497191311    -3.2049046184     0.7103075575     0.1383736747     0.0795850479     1.0071444259     0.3464387764     0.8418897692
1    -9.9520000000    16.2350000000    10.6350000000     0.2892788563    -0.0008754516    -0.1967425816     0.1201434245    -0.4903189732    -0.0118104992    -0.0071769187    -0.2122387506    -0.2280987060    -0.3705200953     0.0868890556    -0.0052393662     0.0056937235     0.2943172798    -0.1601937484     0.2211638850
1   -11.1260000000    13.7610000000    11.1520000000     0.1749787652     0.2365928115     0.1170733720    -0.1691552733    -0.1954759243     0.1657369997    -0.2762591813    -0.4882063365    -0.1230321250    -0.3946262116     0.4202819919     0.1874608767    -0.1640153655     0.1879961440    -0.0731210460     0.1499868825
1    -9.4495060000    13.4624720000    10.6112420000     0.1804597086    -0.2359358334     0.1891675242    -0.0125651436    -0.2003771065    -0.2865187477     0.0213116939    -0.3218546164    -0.0184449372    -0.5719385014     0.3278837872    -0.2390712809    -0.0370796086     0.3269670005     0.0474469323     0.0763368858
1   -10.6248950000    14.2610420000     9.5668570000     0.1801364399     0.0920460497    -0.0518994139     0.2966928110    -0.5091405843    -0.0319900520     0.1931680799    -0.5808583852    -0.0792952804     0.0022779628     0.1324696992    -0.0024504718     0.1744737471     0.0832412331    -0.0065528567     0.5859057972


---------------
Atomic domain 1
---------------
Domain center:           -8.78500    16.89100    14.31400
Nuclear charge:           7.00000
Electronic charge:       -7.29316
Total charge:            -0.29316
Electronic dipole        -0.08117    -0.00779    -0.17982
Electronic dipole norm     0.19744
Electronic quadrupole    -2.80057     0.00230     0.16367    -2.83033    -0.00778    -2.65873
Isotropic polarizablity (w=0)     0.64198
Electronic polarizability (w=0)     0.53499     0.04093     0.42922     0.24372     0.09976     0.96172

---------------
Atomic domain 2
---------------
Domain center:           -9.38200    16.94000    12.93800
Nuclear charge:           6.00000
Electronic charge:       -6.21406
Total charge:            -0.21406
Electronic dipole         0.06340    -0.19152     0.17411
Electronic dipole norm     0.26648
Electronic quadrupole    -3.10861     0.02037     0.25935    -3.04692     0.02716    -2.64108
Isotropic polarizablity (w=0)     0.97946
Electronic polarizability (w=0)     0.66044     0.15423     1.14020     0.25261     0.33726     1.13773

---------------
Atomic domain 3
---------------
Domain center:           -9.62100    15.53600    12.44800
Nuclear charge:           6.00000
Electronic charge:       -5.63878
Total charge:             0.36122
Electronic dipole        -0.01569    -0.10641    -0.01394
Electronic dipole norm     0.10846
Electronic quadrupole    -3.54483     0.05110     0.40659    -1.97696    -0.34033    -1.97303
Isotropic polarizablity (w=0)     1.12588
Electronic polarizability (w=0)     0.65133     0.13089     1.24334     0.27787     0.24262     1.48296

---------------
Atomic domain 4
---------------
Domain center:           -9.49700    14.56300    13.22800
Nuclear charge:           8.00000
Electronic charge:       -8.47110
Total charge:            -0.47110
Electronic dipole        -0.06267     0.37153    -0.34641
Electronic dipole norm     0.51182
Electronic quadrupole    -3.87143    -0.09701     0.00550    -3.55447    -0.47189    -3.70554
Isotropic polarizablity (w=0)     0.51764
Electronic polarizability (w=0)     0.24772    -0.05365     0.71768     0.06060    -0.37395     0.58752

---------------
Atomic domain 5
---------------
Domain center:           -8.56200    17.87100    14.55900
Nuclear charge:           1.00000
Electronic charge:       -0.66680
Total charge:             0.33320
Electronic dipole        -0.04601    -0.19881    -0.05288
Electronic dipole norm     0.21080
Electronic quadrupole    -0.42102     0.10551     0.01482     0.03234     0.11448    -0.44079
Isotropic polarizablity (w=0)     0.20211
Electronic polarizability (w=0)     0.08338     0.09906     0.39364     0.04777     0.14666     0.12931

---------------
Atomic domain 6
---------------
Domain center:           -9.54400    16.53400    14.91100
Nuclear charge:           1.00000
Electronic charge:       -0.66014
Total charge:             0.33986
Electronic dipole         0.15411     0.07395    -0.12949
Electronic dipole norm     0.21444
Electronic quadrupole    -0.15675     0.12873    -0.23472    -0.36558    -0.07634    -0.28447
Isotropic polarizablity (w=0)     0.17427
Electronic polarizability (w=0)     0.18912     0.04892     0.05906    -0.16820    -0.06592     0.27463

---------------
Atomic domain 7
---------------
Domain center:           -7.93900    16.29400    14.40000
Nuclear charge:           1.00000
Electronic charge:       -0.65886
Total charge:             0.34114
Electronic dipole        -0.16284     0.11703    -0.00733
Electronic dipole norm     0.20066
Electronic quadrupole    -0.10330    -0.21579     0.02462    -0.27527    -0.00273    -0.45783
Isotropic polarizablity (w=0)     0.17658
Electronic polarizability (w=0)     0.32944    -0.14590     0.11506     0.08794    -0.04708     0.08523

---------------
Atomic domain 8
---------------
Domain center:          -10.30300    17.48100    12.93900
Nuclear charge:           1.00000
Electronic charge:       -0.79522
Total charge:             0.20478
Electronic dipole         0.23987    -0.15415    -0.01153
Electronic dipole norm     0.28537
Electronic quadrupole    -0.09220    -0.25784     0.00218    -0.39177    -0.00672    -0.54295
Isotropic polarizablity (w=0)     0.24372
Electronic polarizability (w=0)     0.38239    -0.22018     0.26026    -0.00003     0.01431     0.08852

---------------
Atomic domain 9
---------------
Domain center:           -8.64500    17.40200    12.30700
Nuclear charge:           1.00000
Electronic charge:       -0.80627
Total charge:             0.19373
Electronic dipole        -0.20136    -0.13926     0.17065
Electronic dipole norm     0.29843
Electronic quadrupole    -0.26267     0.17777    -0.25387    -0.43264    -0.16312    -0.33635
Isotropic polarizablity (w=0)     0.24875
Electronic polarizability (w=0)     0.28480     0.17055     0.23182    -0.16376    -0.12596     0.22963

----------------
Atomic domain 10
----------------
Domain center:           -9.95800    15.42300    11.16200
Nuclear charge:           7.00000
Electronic charge:       -7.29404
Total charge:            -0.29404
Electronic dipole         0.01061    -0.22358     0.12073
Electronic dipole norm     0.25431
Electronic quadrupole    -3.96853     0.22278     0.37664    -2.62322     0.04156    -2.57941
Isotropic polarizablity (w=0)     0.82282
Electronic polarizability (w=0)     0.37879     0.17909     0.77637     0.33038     0.39454     1.31329

----------------
Atomic domain 11
----------------
Domain center:          -10.28000    14.13600    10.57200
Nuclear charge:           6.00000
Electronic charge:       -6.32644
Total charge:            -0.32644
Electronic dipole         0.04465     0.19939     0.09877
Electronic dipole norm     0.22695
Electronic quadrupole    -3.25680     0.08234     0.07000    -2.86273     0.24972    -3.20490
Isotropic polarizablity (w=0)     0.85311
Electronic polarizability (w=0)     0.71031     0.13837     1.00714     0.07959     0.34644     0.84189

----------------
Atomic domain 12
----------------
Domain center:           -9.95200    16.23500    10.63500
Nuclear charge:           1.00000
Electronic charge:       -0.71072
Total charge:             0.28928
Electronic dipole        -0.00088    -0.19674     0.12014
Electronic dipole norm     0.23053
Electronic quadrupole    -0.49032    -0.01181    -0.00718    -0.21224    -0.22810    -0.37052
Isotropic polarizablity (w=0)     0.20079
Electronic polarizability (w=0)     0.08689    -0.00524     0.29432     0.00569    -0.16019     0.22116

----------------
Atomic domain 13
----------------
Domain center:          -11.12600    13.76100    11.15200
Nuclear charge:           1.00000
Electronic charge:       -0.82502
Total charge:             0.17498
Electronic dipole         0.23659     0.11707    -0.16916
Electronic dipole norm     0.31352
Electronic quadrupole    -0.19548     0.16574    -0.27626    -0.48821    -0.12303    -0.39463
Isotropic polarizablity (w=0)     0.25276
Electronic polarizability (w=0)     0.42028     0.18746     0.18800    -0.16402    -0.07312     0.14999

----------------
Atomic domain 14
----------------
Domain center:           -9.44951    13.46247    10.61124
Nuclear charge:           1.00000
Electronic charge:       -0.81954
Total charge:             0.18046
Electronic dipole        -0.23594     0.18917    -0.01257
Electronic dipole norm     0.30267
Electronic quadrupole    -0.20038    -0.28652     0.02131    -0.32185    -0.01844    -0.57194
Isotropic polarizablity (w=0)     0.24373
Electronic polarizability (w=0)     0.32788    -0.23907     0.32697    -0.03708     0.04745     0.07634

----------------
Atomic domain 15
----------------
Domain center:          -10.62490    14.26104     9.56686
Nuclear charge:           1.00000
Electronic charge:       -0.81986
Total charge:             0.18014
Electronic dipole         0.09205    -0.05190     0.29669
Electronic dipole norm     0.31495
Electronic quadrupole    -0.50914    -0.03199     0.19317    -0.58086    -0.07930     0.00228
Isotropic polarizablity (w=0)     0.26721
Electronic polarizability (w=0)     0.13247    -0.00245     0.08324     0.17447    -0.00655     0.58591

---------
Molecular
---------
Domain center:           -9.57184    15.62603    12.46908
Nuclear charge:          49.00000
Electronic charge:      -48.00000
Total charge:             1.00000
Electronic dipole         0.03474    -0.20202     0.05797
Gauge   dipole            0.76283     2.99368     1.18674
Total   dipole            0.79757     2.79167     1.24472
Electronic quadrupole   -83.54853   -75.60266  -112.55916  -258.79543  -170.23980  -347.46107
Nuclear    quadrupole    62.23050    79.44378   118.41933   241.25239   180.38037   337.77897
Total      quadrupole   -21.31803     3.84112     5.86016   -17.54304    10.14057    -9.68210
Polarizability av (0)        6.95078
Polarizability (0)           5.42023     0.48301     7.26631     1.02756     0.77626     8.16582
Time used in Loprop              :      1.25 (cpu)       0.97 (wall)
