AA
12 2 2 1
1   -11.9300000000    17.6710000000    -3.0060000000    -0.3241478119    -0.1865579375     0.1626946123     0.0774392496    -3.6549711838    -0.2576054584    -0.6915817247    -2.7089634282    -0.2669702802    -2.9737903709     0.5096608217     0.1159116268    -0.3810336301     0.9167255857    -0.4809468942     1.0284859352
1   -11.9910000000    19.0050000000    -3.6260000000    -0.3352615051    -0.0030048366    -0.2160738597     0.1216547323    -3.3216066852    -0.0085164934    -0.0175733651    -2.8569355613    -0.2766521514    -3.1619994728     0.6510621537     0.0733749355     0.0057685209     1.1125786919    -0.3475210180     0.8765771080
1   -11.4890000000    16.9570000000    -3.4760000000     0.2802434970    -0.1090312173     0.1770888720     0.1188592393    -0.4081671718    -0.1515259398    -0.0967176802    -0.2850717845     0.1750887576    -0.4017877627     0.1676743485    -0.1164126004    -0.0934038939     0.2576335588     0.1311869992     0.2018898389
1   -11.9490000000    19.7270000000    -2.8390000000     0.1741013156    -0.0161393272    -0.2255386041    -0.2353304360    -0.5638000835     0.0191566326     0.0066482954    -0.2683473542     0.2974500387    -0.2290767982     0.0747237373     0.0412177021     0.0395026554     0.3937200254     0.2293722263     0.2544479479
1   -12.9113670000    19.1353800000    -4.1559300000     0.1552514569     0.2803350164    -0.0410886435     0.1643009557    -0.1350794036    -0.0546786109     0.2617007385    -0.5750891795    -0.0336843175    -0.4583527323     0.4241971494    -0.0901441859     0.2599024449     0.1194838255    -0.0785625948     0.2640358825
1   -11.1858710000    19.1770780000    -4.3094150000     0.1542915739    -0.2543218083    -0.0392389686     0.2099132954    -0.2364694833     0.0746055633    -0.3132056967    -0.6047703427    -0.0671393948    -0.3348781434     0.3894533621     0.1007250974    -0.2818716593     0.1201587741    -0.1000626848     0.3395330370
1   -12.6350000000    17.4110000000    -1.9100000000     0.3835678838    -0.0264007742     0.0971490974     0.0028063033    -2.9008029251    -0.4479829700    -0.8216389913    -2.0822894833    -0.0045421817    -2.4661762800     0.8374420717    -0.0072253613    -0.3579473386     1.2684708468    -0.2725290979     1.2134091757
1   -12.5640000000    15.9680000000    -1.3820000000    -0.4825991807    -0.0343171382     0.1529034334    -0.0234291625    -3.4393555531    -0.0990345240     0.0240635486    -3.1908116738    -0.0597869894    -3.3877182305     0.7101062239    -0.0208190190     0.0211703977     1.3269293144    -0.2769612064     0.8159644021
1   -13.3110000000    18.2750000000    -1.3120000000    -0.4904610253     0.2887010895    -0.3655348015    -0.2551129193    -3.6877028445    -0.3094820280    -0.1528590421    -3.6811559601     0.3637087467    -3.8388782832     0.5046841083    -0.2926309882    -0.2522235166     0.5909331867     0.2671240670     0.4896865164
1   -12.7237240000    15.9753270000    -0.3240140000     0.1740026386     0.0561669168     0.0014450155    -0.3299830247    -0.5713644759     0.0002816925    -0.1009216630    -0.5919430983     0.0003783451     0.0736937594     0.0843831936     0.0145424462    -0.0883576391     0.1039180624    -0.0810140126     0.6573457652
1   -13.3238090000    15.4159240000    -1.8946420000     0.1667737920     0.2386735065     0.1790935170     0.1585614806    -0.2450053941     0.2475241661     0.2320700354    -0.4220767930     0.1721816300    -0.4413514657     0.3503513865     0.2438363581     0.1557889549     0.3114045693     0.1284258315     0.1644776889
1   -11.6100000000    15.4890000000    -1.5520000000     0.1442373651    -0.3066142569     0.1483214491     0.0651736278    -0.0936163288    -0.2653836633    -0.0922576397    -0.4891983433     0.0523218229    -0.6203968440     0.4999260844    -0.2662403158    -0.0391547049     0.2820160459     0.0121771565     0.0878075594


---------------
Atomic domain 1
---------------
Domain center:          -11.93000    17.67100    -3.00600
Nuclear charge:           7.00000
Electronic charge:       -7.32415
Total charge:            -0.32415
Electronic dipole        -0.18656     0.16269     0.07744
Electronic dipole norm     0.25937
Electronic quadrupole    -3.65497    -0.25761    -0.69158    -2.70896    -0.26697    -2.97379
Isotropic polarizablity (w=0)     0.81829
Electronic polarizability (w=0)     0.50966     0.11591     0.91673    -0.38103    -0.48095     1.02849

---------------
Atomic domain 2
---------------
Domain center:          -11.99100    19.00500    -3.62600
Nuclear charge:           6.00000
Electronic charge:       -6.33526
Total charge:            -0.33526
Electronic dipole        -0.00300    -0.21607     0.12165
Electronic dipole norm     0.24799
Electronic quadrupole    -3.32161    -0.00852    -0.01757    -2.85694    -0.27665    -3.16200
Isotropic polarizablity (w=0)     0.88007
Electronic polarizability (w=0)     0.65106     0.07337     1.11258     0.00577    -0.34752     0.87658

---------------
Atomic domain 3
---------------
Domain center:          -11.48900    16.95700    -3.47600
Nuclear charge:           1.00000
Electronic charge:       -0.71976
Total charge:             0.28024
Electronic dipole        -0.10903     0.17709     0.11886
Electronic dipole norm     0.23953
Electronic quadrupole    -0.40817    -0.15153    -0.09672    -0.28507     0.17509    -0.40179
Isotropic polarizablity (w=0)     0.20907
Electronic polarizability (w=0)     0.16767    -0.11641     0.25763    -0.09340     0.13119     0.20189

---------------
Atomic domain 4
---------------
Domain center:          -11.94900    19.72700    -2.83900
Nuclear charge:           1.00000
Electronic charge:       -0.82590
Total charge:             0.17410
Electronic dipole        -0.01614    -0.22554    -0.23533
Electronic dipole norm     0.32636
Electronic quadrupole    -0.56380     0.01916     0.00665    -0.26835     0.29745    -0.22908
Isotropic polarizablity (w=0)     0.24096
Electronic polarizability (w=0)     0.07472     0.04122     0.39372     0.03950     0.22937     0.25445

---------------
Atomic domain 5
---------------
Domain center:          -12.91137    19.13538    -4.15593
Nuclear charge:           1.00000
Electronic charge:       -0.84475
Total charge:             0.15525
Electronic dipole         0.28034    -0.04109     0.16430
Electronic dipole norm     0.32752
Electronic quadrupole    -0.13508    -0.05468     0.26170    -0.57509    -0.03368    -0.45835
Isotropic polarizablity (w=0)     0.26924
Electronic polarizability (w=0)     0.42420    -0.09014     0.11948     0.25990    -0.07856     0.26404

---------------
Atomic domain 6
---------------
Domain center:          -11.18587    19.17708    -4.30942
Nuclear charge:           1.00000
Electronic charge:       -0.84571
Total charge:             0.15429
Electronic dipole        -0.25432    -0.03924     0.20991
Electronic dipole norm     0.33209
Electronic quadrupole    -0.23647     0.07461    -0.31321    -0.60477    -0.06714    -0.33488
Isotropic polarizablity (w=0)     0.28305
Electronic polarizability (w=0)     0.38945     0.10073     0.12016    -0.28187    -0.10006     0.33953

---------------
Atomic domain 7
---------------
Domain center:          -12.63500    17.41100    -1.91000
Nuclear charge:           6.00000
Electronic charge:       -5.61643
Total charge:             0.38357
Electronic dipole        -0.02640     0.09715     0.00281
Electronic dipole norm     0.10071
Electronic quadrupole    -2.90080    -0.44798    -0.82164    -2.08229    -0.00454    -2.46618
Isotropic polarizablity (w=0)     1.10644
Electronic polarizability (w=0)     0.83744    -0.00723     1.26847    -0.35795    -0.27253     1.21341

---------------
Atomic domain 8
---------------
Domain center:          -12.56400    15.96800    -1.38200
Nuclear charge:           6.00000
Electronic charge:       -6.48260
Total charge:            -0.48260
Electronic dipole        -0.03432     0.15290    -0.02343
Electronic dipole norm     0.15845
Electronic quadrupole    -3.43936    -0.09903     0.02406    -3.19081    -0.05979    -3.38772
Isotropic polarizablity (w=0)     0.95100
Electronic polarizability (w=0)     0.71011    -0.02082     1.32693     0.02117    -0.27696     0.81596

---------------
Atomic domain 9
---------------
Domain center:          -13.31100    18.27500    -1.31200
Nuclear charge:           8.00000
Electronic charge:       -8.49046
Total charge:            -0.49046
Electronic dipole         0.28870    -0.36553    -0.25511
Electronic dipole norm     0.53108
Electronic quadrupole    -3.68770    -0.30948    -0.15286    -3.68116     0.36371    -3.83888
Isotropic polarizablity (w=0)     0.52843
Electronic polarizability (w=0)     0.50468    -0.29263     0.59093    -0.25222     0.26712     0.48969

----------------
Atomic domain 10
----------------
Domain center:          -12.72372    15.97533    -0.32401
Nuclear charge:           1.00000
Electronic charge:       -0.82600
Total charge:             0.17400
Electronic dipole         0.05617     0.00145    -0.32998
Electronic dipole norm     0.33473
Electronic quadrupole    -0.57136     0.00028    -0.10092    -0.59194     0.00038     0.07369
Isotropic polarizablity (w=0)     0.28188
Electronic polarizability (w=0)     0.08438     0.01454     0.10392    -0.08836    -0.08101     0.65735

----------------
Atomic domain 11
----------------
Domain center:          -13.32381    15.41592    -1.89464
Nuclear charge:           1.00000
Electronic charge:       -0.83323
Total charge:             0.16677
Electronic dipole         0.23867     0.17909     0.15856
Electronic dipole norm     0.33791
Electronic quadrupole    -0.24501     0.24752     0.23207    -0.42208     0.17218    -0.44135
Isotropic polarizablity (w=0)     0.27541
Electronic polarizability (w=0)     0.35035     0.24384     0.31140     0.15579     0.12843     0.16448

----------------
Atomic domain 12
----------------
Domain center:          -11.61000    15.48900    -1.55200
Nuclear charge:           1.00000
Electronic charge:       -0.85576
Total charge:             0.14424
Electronic dipole        -0.30661     0.14832     0.06517
Electronic dipole norm     0.34678
Electronic quadrupole    -0.09362    -0.26538    -0.09226    -0.48920     0.05232    -0.62040
Isotropic polarizablity (w=0)     0.28992
Electronic polarizability (w=0)     0.49993    -0.26624     0.28202    -0.03915     0.01218     0.08781

---------
Molecular
---------
Domain center:          -12.45827    17.65194    -2.28993
Nuclear charge:          40.00000
Electronic charge:      -40.00000
Total charge:            -0.00000
Electronic dipole        -0.07251     0.03122     0.07485
Gauge   dipole            0.92910    -0.73628    -1.14681
Total   dipole            0.85659    -0.70506    -1.07195
Electronic quadrupole   -72.98404   -10.23310    62.62640  -211.27491    97.12964  -170.54805
Nuclear    quadrupole    49.62893    11.19374   -62.26258   190.19349   -99.02438   148.54489
Total      quadrupole   -23.35511     0.96064     0.36382   -21.08142    -1.89473   -22.00316
Polarizability av (0)        6.13377
Polarizability (0)           5.20366    -0.20386     6.80397    -1.01186    -0.86931     6.39366
Time used in Loprop              :      0.72 (cpu)       0.60 (wall)
