AA
27 2 2 1
1   -12.7820000000    15.9780000000     0.0620000000    -0.3118336403     0.2039528428     0.1315361422    -0.0861116940    -2.8318879853     0.4991885491    -0.0007125256    -3.9405420627     0.1249840056    -2.5131122834     0.6164050956     0.2322028697     0.3697799740     0.4611046910     0.3054518038     1.5956876364
1   -12.5640000000    15.9680000000    -1.3820000000    -0.0490487306    -0.2211939672     0.0409853393     0.1348120829    -2.8861309534     0.0716113929     0.1288368064    -2.7678303514     0.0754883999    -2.4050327673     0.6214002713     0.3596855409     0.2218524756     1.7669375091     0.0565160206     1.4689353942
1   -12.6350000000    17.4110000000    -1.9100000000     0.3720331239    -0.0062899811     0.1275692197     0.0218054419    -2.9041963384    -0.4328649238    -0.8096039431    -2.1296649344     0.0094890829    -2.4360072073     0.7325622260     0.0699136370    -0.3389979132     1.5364339342    -0.3827539383     1.2778617486
1   -13.3110000000    18.2750000000    -1.3120000000    -0.4856511341     0.2958227239    -0.3576423534    -0.2554104360    -3.6898118178    -0.3120195265    -0.1569147016    -3.6868359273     0.3762259178    -3.8412348790     0.4463708415    -0.2979340095    -0.2081276797     0.6712939449     0.2382162203     0.4621773676
1   -13.6430000000    15.1840000000    -2.1100000000    -0.3442757720     0.1632545440     0.0358225781     0.1450018330    -3.0377209844     0.3613823903     0.1213243900    -2.4532443536    -0.0754873025    -3.1989367941     0.8189073474     0.3463699349     0.2221015307     2.4096465307    -0.0360696983     0.7772059005
1   -13.8350000000    13.4490000000    -1.5740000000     0.0161147290     0.6755992671     0.5036088873    -0.1792925510    -7.4049897129    -0.8048822978     0.0844295242    -7.2617917502    -0.8470219620   -10.0583525676     2.5840155353    -0.6186084330    -0.0970035997     3.2668822398    -0.1529513010     1.0297909148
1   -13.6380000000    15.7270000000     0.4780000000     0.2751690657     0.2070987180     0.0599372129    -0.0874658788    -0.1749295669     0.0984223025    -0.1624361859    -0.4516492527    -0.0218689099    -0.4293676425     0.3285088181     0.0705079376    -0.1175796141     0.1178543618    -0.0056627505     0.2010685391
1   -11.6100000000    15.4890000000    -1.5520000000     0.1600807869    -0.2746942888     0.1156837856     0.0679387335    -0.1850969232    -0.1843391877    -0.0745997764    -0.3555949426     0.0364298714    -0.5700684771     0.3634553603    -0.1052474304    -0.0740999069     0.2545657675     0.0356085058     0.1310371847
1   -14.5900000000    15.6970000000    -1.9850000000     0.1692499996     0.2798324209    -0.1353381724    -0.0346406404    -0.0935661017    -0.2638463447    -0.0538881814    -0.4468135870     0.0249896514    -0.5863387704     0.5383610569    -0.2312008598     0.0043258452     0.2654734986     0.0059405046     0.0750431969
1   -13.3490000000    15.1880000000    -3.1570000000     0.1473495299    -0.0824082658    -0.0022848970     0.3039055523    -0.5809792896    -0.0037817935    -0.1498822567    -0.6149594705     0.0395847783    -0.0770059741     0.0820658968     0.0214899400    -0.0330930043     0.1562076589    -0.0374218239     0.5638670686
1   -11.8270000000    16.4370000000     0.8570000000     0.3984293110     0.0478374124     0.0304842435    -0.0813601673    -1.8748080099     0.5866350866    -0.1382084783    -3.3115696058     0.1332545940    -2.1224170274     0.9992956927     0.2329876246     0.2479618888     0.6516153986     0.2570025165     1.6239815117
1   -12.1290000000    16.5300000000     2.3430000000    -0.4774385577     0.0737065507     0.0150398454    -0.1459909474    -3.3443694543     0.0658659747    -0.0918405776    -3.4834135043    -0.0429348670    -3.1545753415     0.6600214255     0.0051727309    -0.0735245752     0.6909099856     0.0969748636     1.5253849024
1   -10.7280000000    16.7850000000     0.4330000000    -0.4953077736    -0.4839259481    -0.1521371895     0.1938880525    -3.3203993174     0.1693920156    -0.2816467972    -3.8321320588    -0.1201369357    -4.0527063869     0.8391185456     0.2246026927    -0.1107913852     0.3070761124    -0.0410422245     0.3204259967
1   -12.0280000000    17.5840000000     2.6050000000     0.1724116651    -0.0233805320    -0.3214688934    -0.0847896847    -0.5856087949     0.0617647111     0.0199549747     0.0694140905     0.1639953593    -0.5591383349     0.0734795805     0.0473361013     0.0203286029     0.5942195467     0.2320808830     0.1976408652
1   -13.1138790000    16.1832530000     2.5768360000     0.1399416593     0.3236397664     0.1115392147    -0.0745547685    -0.0577755859     0.1969649985    -0.1467804102    -0.5573472264    -0.0530834732    -0.5965093103     0.4898121055     0.1367593262    -0.1808577505     0.1191401987    -0.0489002804     0.2085749569
1   -11.4257370000    15.9869830000     2.9391990000     0.1721886733    -0.2201590242     0.1744205342    -0.1793784506    -0.2951110484    -0.2258530585     0.2485537351    -0.4128867073    -0.1876211091    -0.3953854515     0.2872982596    -0.1588210750     0.2466711130     0.1855950384    -0.1746102572     0.3741485112
1   -11.9300000000    17.6710000000    -3.0060000000    -0.3145699604    -0.1728786547     0.1714288544     0.0825206076    -3.6336803618    -0.2593057897    -0.6826234667    -2.7138239048    -0.2608258214    -2.9612966771     0.4693232615     0.1654671814    -0.3787257648     1.0280689172    -0.5924807800     1.0683614079
1   -11.9910000000    19.0050000000    -3.6260000000    -0.3340595088     0.0018149832    -0.2118393506     0.1223162656    -3.3181745639    -0.0113544677    -0.0121168457    -2.8645176590    -0.2760407740    -3.1620494707     0.6180450412     0.0709023022     0.0005845161     1.2158740560    -0.4237953980     0.8930984841
1   -11.4890000000    16.9570000000    -3.4760000000     0.2794361421    -0.1063635086     0.1791306101     0.1179313797    -0.4043401509    -0.1495257293    -0.1006161583    -0.2915026251     0.1727129482    -0.3976664621     0.1597344295    -0.0916942576    -0.0889965435     0.2463250135     0.1059615643     0.1902604685
1   -11.9490000000    19.7270000000    -2.8390000000     0.1784155957    -0.0149228648    -0.2225883721    -0.2333130733    -0.5585179182     0.0183047125     0.0080089846    -0.2654554123     0.3002560958    -0.2246759431     0.0701086946     0.0383585701     0.0342489253     0.4075201956     0.2171570629     0.2327481771
1   -12.9113670000    19.1353800000    -4.1559300000     0.1550283871     0.2811693032    -0.0403117485     0.1643761940    -0.1343483223    -0.0554872707     0.2631119630    -0.5749940892    -0.0338868923    -0.4582360348     0.4045978819    -0.1051574201     0.2591678985     0.1324439553    -0.0949458750     0.2700858037
1   -11.1858710000    19.1770780000    -4.3094150000     0.1575073751    -0.2521851553    -0.0384290443     0.2088679946    -0.2324368629     0.0746912720    -0.3125052504    -0.6009179012    -0.0669492243    -0.3317128404     0.3740643565     0.1169845868    -0.2828687276     0.1308495136    -0.1201773063     0.3490931114
1   -11.9600000000    12.6960000000    -1.4750000000     0.0386686716    -0.4162816347     0.0391357007    -0.7560205133    -7.2803429624    -1.2755918562    -0.3832956432    -9.5883634798     0.6352155023    -7.6720978961     2.4658074111    -1.1193957739    -0.3090903412     1.9475679021     0.3922017722     2.0205659354
1   -11.5840000000    12.2430000000    -3.2110000000    -0.5224422587    -0.0254858848     0.0401967508     0.0879848667    -3.3853588777    -0.0203668495    -0.1286502340    -3.5153846068     0.2228270878    -2.6992184855     0.7512073208    -0.1788156500    -0.3698503418     0.8814380430     0.5014686424     1.6499506249
1   -10.5830000000    11.9780000000    -3.3650000000     0.1801978570    -0.3085700146     0.0931309600     0.0343953391     0.0203651190    -0.1648774764    -0.0984286497    -0.5292281405     0.0321146104    -0.5631027699     0.5782718170    -0.2090905207    -0.1583843611     0.1500160410     0.0707882256     0.1270811369
1   -11.7500000000    13.1290000000    -3.7980000000     0.1551156896     0.0551643614    -0.2863256404     0.1811133741    -0.5936343320    -0.0848175668     0.0705719207    -0.1393815695    -0.2852567447    -0.4646795541     0.0668127464    -0.0288720557    -0.0025212438     0.3363306924    -0.2119482086     0.3295703280
1   -12.2820580000    11.5321460000    -3.6012590000     0.1672890744     0.1995287964     0.2183897876     0.1098721042    -0.3216466095     0.2717323554     0.1259435198    -0.3288000236     0.1193664266    -0.5371503305     0.1936264918     0.2162363937     0.1305626170     0.4098846478     0.2334726305     0.2331330315


---------------
Atomic domain 1
---------------
Domain center:          -12.78200    15.97800     0.06200
Nuclear charge:           7.00000
Electronic charge:       -7.31183
Total charge:            -0.31183
Electronic dipole         0.20395     0.13154    -0.08611
Electronic dipole norm     0.25751
Electronic quadrupole    -2.83189     0.49919    -0.00071    -3.94054     0.12498    -2.51311
Isotropic polarizablity (w=0)     0.89107
Electronic polarizability (w=0)     0.61641     0.23220     0.46110     0.36978     0.30545     1.59569

---------------
Atomic domain 2
---------------
Domain center:          -12.56400    15.96800    -1.38200
Nuclear charge:           6.00000
Electronic charge:       -6.04905
Total charge:            -0.04905
Electronic dipole        -0.22119     0.04099     0.13481
Electronic dipole norm     0.26226
Electronic quadrupole    -2.88613     0.07161     0.12884    -2.76783     0.07549    -2.40503
Isotropic polarizablity (w=0)     1.28576
Electronic polarizability (w=0)     0.62140     0.35969     1.76694     0.22185     0.05652     1.46894

---------------
Atomic domain 3
---------------
Domain center:          -12.63500    17.41100    -1.91000
Nuclear charge:           6.00000
Electronic charge:       -5.62797
Total charge:             0.37203
Electronic dipole        -0.00629     0.12757     0.02181
Electronic dipole norm     0.12957
Electronic quadrupole    -2.90420    -0.43286    -0.80960    -2.12966     0.00949    -2.43601
Isotropic polarizablity (w=0)     1.18229
Electronic polarizability (w=0)     0.73256     0.06991     1.53643    -0.33900    -0.38275     1.27786

---------------
Atomic domain 4
---------------
Domain center:          -13.31100    18.27500    -1.31200
Nuclear charge:           8.00000
Electronic charge:       -8.48565
Total charge:            -0.48565
Electronic dipole         0.29582    -0.35764    -0.25541
Electronic dipole norm     0.52977
Electronic quadrupole    -3.68981    -0.31202    -0.15691    -3.68684     0.37623    -3.84123
Isotropic polarizablity (w=0)     0.52661
Electronic polarizability (w=0)     0.44637    -0.29793     0.67129    -0.20813     0.23822     0.46218

---------------
Atomic domain 5
---------------
Domain center:          -13.64300    15.18400    -2.11000
Nuclear charge:           6.00000
Electronic charge:       -6.34428
Total charge:            -0.34428
Electronic dipole         0.16325     0.03582     0.14500
Electronic dipole norm     0.22127
Electronic quadrupole    -3.03772     0.36138     0.12132    -2.45324    -0.07549    -3.19894
Isotropic polarizablity (w=0)     1.33525
Electronic polarizability (w=0)     0.81891     0.34637     2.40965     0.22210    -0.03607     0.77721

---------------
Atomic domain 6
---------------
Domain center:          -13.83500    13.44900    -1.57400
Nuclear charge:          16.00000
Electronic charge:      -15.98389
Total charge:             0.01611
Electronic dipole         0.67560     0.50361    -0.17929
Electronic dipole norm     0.86151
Electronic quadrupole    -7.40499    -0.80488     0.08443    -7.26179    -0.84702   -10.05835
Isotropic polarizablity (w=0)     2.29356
Electronic polarizability (w=0)     2.58402    -0.61861     3.26688    -0.09700    -0.15295     1.02979

---------------
Atomic domain 7
---------------
Domain center:          -13.63800    15.72700     0.47800
Nuclear charge:           1.00000
Electronic charge:       -0.72483
Total charge:             0.27517
Electronic dipole         0.20710     0.05994    -0.08747
Electronic dipole norm     0.23266
Electronic quadrupole    -0.17493     0.09842    -0.16244    -0.45165    -0.02187    -0.42937
Isotropic polarizablity (w=0)     0.21581
Electronic polarizability (w=0)     0.32851     0.07051     0.11785    -0.11758    -0.00566     0.20107

---------------
Atomic domain 8
---------------
Domain center:          -11.61000    15.48900    -1.55200
Nuclear charge:           1.00000
Electronic charge:       -0.83992
Total charge:             0.16008
Electronic dipole        -0.27469     0.11568     0.06794
Electronic dipole norm     0.30570
Electronic quadrupole    -0.18510    -0.18434    -0.07460    -0.35559     0.03643    -0.57007
Isotropic polarizablity (w=0)     0.24969
Electronic polarizability (w=0)     0.36346    -0.10525     0.25457    -0.07410     0.03561     0.13104

---------------
Atomic domain 9
---------------
Domain center:          -14.59000    15.69700    -1.98500
Nuclear charge:           1.00000
Electronic charge:       -0.83075
Total charge:             0.16925
Electronic dipole         0.27983    -0.13534    -0.03464
Electronic dipole norm     0.31277
Electronic quadrupole    -0.09357    -0.26385    -0.05389    -0.44681     0.02499    -0.58634
Isotropic polarizablity (w=0)     0.29296
Electronic polarizability (w=0)     0.53836    -0.23120     0.26547     0.00433     0.00594     0.07504

----------------
Atomic domain 10
----------------
Domain center:          -13.34900    15.18800    -3.15700
Nuclear charge:           1.00000
Electronic charge:       -0.85265
Total charge:             0.14735
Electronic dipole        -0.08241    -0.00228     0.30391
Electronic dipole norm     0.31489
Electronic quadrupole    -0.58098    -0.00378    -0.14988    -0.61496     0.03958    -0.07701
Isotropic polarizablity (w=0)     0.26738
Electronic polarizability (w=0)     0.08207     0.02149     0.15621    -0.03309    -0.03742     0.56387

----------------
Atomic domain 11
----------------
Domain center:          -11.82700    16.43700     0.85700
Nuclear charge:           6.00000
Electronic charge:       -5.60157
Total charge:             0.39843
Electronic dipole         0.04784     0.03048    -0.08136
Electronic dipole norm     0.09918
Electronic quadrupole    -1.87481     0.58664    -0.13821    -3.31157     0.13325    -2.12242
Isotropic polarizablity (w=0)     1.09163
Electronic polarizability (w=0)     0.99930     0.23299     0.65162     0.24796     0.25700     1.62398

----------------
Atomic domain 12
----------------
Domain center:          -12.12900    16.53000     2.34300
Nuclear charge:           6.00000
Electronic charge:       -6.47744
Total charge:            -0.47744
Electronic dipole         0.07371     0.01504    -0.14599
Electronic dipole norm     0.16423
Electronic quadrupole    -3.34437     0.06587    -0.09184    -3.48341    -0.04293    -3.15458
Isotropic polarizablity (w=0)     0.95877
Electronic polarizability (w=0)     0.66002     0.00517     0.69091    -0.07352     0.09697     1.52538

----------------
Atomic domain 13
----------------
Domain center:          -10.72800    16.78500     0.43300
Nuclear charge:           8.00000
Electronic charge:       -8.49531
Total charge:            -0.49531
Electronic dipole        -0.48393    -0.15214     0.19389
Electronic dipole norm     0.54307
Electronic quadrupole    -3.32040     0.16939    -0.28165    -3.83213    -0.12014    -4.05271
Isotropic polarizablity (w=0)     0.48887
Electronic polarizability (w=0)     0.83912     0.22460     0.30708    -0.11079    -0.04104     0.32043

----------------
Atomic domain 14
----------------
Domain center:          -12.02800    17.58400     2.60500
Nuclear charge:           1.00000
Electronic charge:       -0.82759
Total charge:             0.17241
Electronic dipole        -0.02338    -0.32147    -0.08479
Electronic dipole norm     0.33328
Electronic quadrupole    -0.58561     0.06176     0.01995     0.06941     0.16400    -0.55914
Isotropic polarizablity (w=0)     0.28845
Electronic polarizability (w=0)     0.07348     0.04734     0.59422     0.02033     0.23208     0.19764

----------------
Atomic domain 15
----------------
Domain center:          -13.11388    16.18325     2.57684
Nuclear charge:           1.00000
Electronic charge:       -0.86006
Total charge:             0.13994
Electronic dipole         0.32364     0.11154    -0.07455
Electronic dipole norm     0.35035
Electronic quadrupole    -0.05778     0.19696    -0.14678    -0.55735    -0.05308    -0.59651
Isotropic polarizablity (w=0)     0.27251
Electronic polarizability (w=0)     0.48981     0.13676     0.11914    -0.18086    -0.04890     0.20857

----------------
Atomic domain 16
----------------
Domain center:          -11.42574    15.98698     2.93920
Nuclear charge:           1.00000
Electronic charge:       -0.82781
Total charge:             0.17219
Electronic dipole        -0.22016     0.17442    -0.17938
Electronic dipole norm     0.33327
Electronic quadrupole    -0.29511    -0.22585     0.24855    -0.41289    -0.18762    -0.39539
Isotropic polarizablity (w=0)     0.28235
Electronic polarizability (w=0)     0.28730    -0.15882     0.18560     0.24667    -0.17461     0.37415

----------------
Atomic domain 17
----------------
Domain center:          -11.93000    17.67100    -3.00600
Nuclear charge:           7.00000
Electronic charge:       -7.31457
Total charge:            -0.31457
Electronic dipole        -0.17288     0.17143     0.08252
Electronic dipole norm     0.25707
Electronic quadrupole    -3.63368    -0.25931    -0.68262    -2.71382    -0.26083    -2.96130
Isotropic polarizablity (w=0)     0.85525
Electronic polarizability (w=0)     0.46932     0.16547     1.02807    -0.37873    -0.59248     1.06836

----------------
Atomic domain 18
----------------
Domain center:          -11.99100    19.00500    -3.62600
Nuclear charge:           6.00000
Electronic charge:       -6.33406
Total charge:            -0.33406
Electronic dipole         0.00181    -0.21184     0.12232
Electronic dipole norm     0.24462
Electronic quadrupole    -3.31817    -0.01135    -0.01212    -2.86452    -0.27604    -3.16205
Isotropic polarizablity (w=0)     0.90901
Electronic polarizability (w=0)     0.61805     0.07090     1.21587     0.00058    -0.42380     0.89310

----------------
Atomic domain 19
----------------
Domain center:          -11.48900    16.95700    -3.47600
Nuclear charge:           1.00000
Electronic charge:       -0.72056
Total charge:             0.27944
Electronic dipole        -0.10636     0.17913     0.11793
Electronic dipole norm     0.23939
Electronic quadrupole    -0.40434    -0.14953    -0.10062    -0.29150     0.17271    -0.39767
Isotropic polarizablity (w=0)     0.19877
Electronic polarizability (w=0)     0.15973    -0.09169     0.24633    -0.08900     0.10596     0.19026

----------------
Atomic domain 20
----------------
Domain center:          -11.94900    19.72700    -2.83900
Nuclear charge:           1.00000
Electronic charge:       -0.82158
Total charge:             0.17842
Electronic dipole        -0.01492    -0.22259    -0.23331
Electronic dipole norm     0.32281
Electronic quadrupole    -0.55852     0.01830     0.00801    -0.26546     0.30026    -0.22468
Isotropic polarizablity (w=0)     0.23679
Electronic polarizability (w=0)     0.07011     0.03836     0.40752     0.03425     0.21716     0.23275

----------------
Atomic domain 21
----------------
Domain center:          -12.91137    19.13538    -4.15593
Nuclear charge:           1.00000
Electronic charge:       -0.84497
Total charge:             0.15503
Electronic dipole         0.28117    -0.04031     0.16438
Electronic dipole norm     0.32818
Electronic quadrupole    -0.13435    -0.05549     0.26311    -0.57499    -0.03389    -0.45824
Isotropic polarizablity (w=0)     0.26904
Electronic polarizability (w=0)     0.40460    -0.10516     0.13244     0.25917    -0.09495     0.27009

----------------
Atomic domain 22
----------------
Domain center:          -11.18587    19.17708    -4.30942
Nuclear charge:           1.00000
Electronic charge:       -0.84249
Total charge:             0.15751
Electronic dipole        -0.25219    -0.03843     0.20887
Electronic dipole norm     0.32970
Electronic quadrupole    -0.23244     0.07469    -0.31251    -0.60092    -0.06695    -0.33171
Isotropic polarizablity (w=0)     0.28467
Electronic polarizability (w=0)     0.37406     0.11698     0.13085    -0.28287    -0.12018     0.34909

----------------
Atomic domain 23
----------------
Domain center:          -11.96000    12.69600    -1.47500
Nuclear charge:          16.00000
Electronic charge:      -15.96133
Total charge:             0.03867
Electronic dipole        -0.41628     0.03914    -0.75602
Electronic dipole norm     0.86394
Electronic quadrupole    -7.28034    -1.27559    -0.38330    -9.58836     0.63522    -7.67210
Isotropic polarizablity (w=0)     2.14465
Electronic polarizability (w=0)     2.46581    -1.11940     1.94757    -0.30909     0.39220     2.02057

----------------
Atomic domain 24
----------------
Domain center:          -11.58400    12.24300    -3.21100
Nuclear charge:           6.00000
Electronic charge:       -6.52244
Total charge:            -0.52244
Electronic dipole        -0.02549     0.04020     0.08798
Electronic dipole norm     0.10003
Electronic quadrupole    -3.38536    -0.02037    -0.12865    -3.51538     0.22283    -2.69922
Isotropic polarizablity (w=0)     1.09420
Electronic polarizability (w=0)     0.75121    -0.17882     0.88144    -0.36985     0.50147     1.64995

----------------
Atomic domain 25
----------------
Domain center:          -10.58300    11.97800    -3.36500
Nuclear charge:           1.00000
Electronic charge:       -0.81980
Total charge:             0.18020
Electronic dipole        -0.30857     0.09313     0.03440
Electronic dipole norm     0.32415
Electronic quadrupole     0.02037    -0.16488    -0.09843    -0.52923     0.03211    -0.56310
Isotropic polarizablity (w=0)     0.28512
Electronic polarizability (w=0)     0.57827    -0.20909     0.15002    -0.15838     0.07079     0.12708

----------------
Atomic domain 26
----------------
Domain center:          -11.75000    13.12900    -3.79800
Nuclear charge:           1.00000
Electronic charge:       -0.84488
Total charge:             0.15512
Electronic dipole         0.05516    -0.28633     0.18111
Electronic dipole norm     0.34326
Electronic quadrupole    -0.59363    -0.08482     0.07057    -0.13938    -0.28526    -0.46468
Isotropic polarizablity (w=0)     0.24424
Electronic polarizability (w=0)     0.06681    -0.02887     0.33633    -0.00252    -0.21195     0.32957

----------------
Atomic domain 27
----------------
Domain center:          -12.28206    11.53215    -3.60126
Nuclear charge:           1.00000
Electronic charge:       -0.83271
Total charge:             0.16729
Electronic dipole         0.19953     0.21839     0.10987
Electronic dipole norm     0.31556
Electronic quadrupole    -0.32165     0.27173     0.12594    -0.32880     0.11937    -0.53715
Isotropic polarizablity (w=0)     0.27888
Electronic polarizability (w=0)     0.19363     0.21624     0.40988     0.13056     0.23347     0.23313

---------
Molecular
---------
Domain center:          -12.44202    15.54663    -1.30761
Nuclear charge:         118.00000
Electronic charge:     -118.00000
Total charge:             0.00000
Electronic dipole         0.19968     0.31967    -0.22160
Gauge   dipole           -0.44177    -0.98995    -1.39687
Total   dipole           -0.24208    -0.67027    -1.61847
Electronic quadrupole  -430.36917   -90.57462   -68.74060 -2075.23254  -128.37818 -1209.28619
Nuclear    quadrupole   359.02965    89.02914    62.32142  2002.66454   126.23749  1152.40445
Total      quadrupole   -71.33952    -1.54548    -6.41918   -72.56800    -2.14069   -56.88174
Polarizability av (0)       18.72358
Polarizability (0)          16.63268    -0.78986    20.34128    -1.06693     0.42608    19.19678
Time used in Loprop              :      6.28 (cpu)       4.52 (wall)
