AA
21 2 2 1
1   -11.9300000000    17.6710000000    -3.0060000000    -0.3136148261    -0.2296593807     0.1565103465     0.0588294839    -3.5944672994    -0.2765573023    -0.6470286828    -2.7099713537    -0.2725809552    -2.9442251847     0.5691491127     0.1576298907    -0.4424969834     0.9996280706    -0.6498543728     1.1977056522
1   -11.9910000000    19.0050000000    -3.6260000000    -0.0650508684     0.0622233991    -0.1678540400    -0.1137686361    -2.8208086879     0.0297949830    -0.2111091674    -2.6099338714    -0.3058709623    -2.8447322694     1.6907815605     0.0961697991    -0.1005063428     1.0632441645    -0.5387443164     1.1345788982
1   -13.3040000000    19.1910000000    -4.3820000000     0.4038711325    -0.1284462036     0.0278674125    -0.0281841557    -2.6572714556     0.1451756318     0.6710874607    -1.7108257277    -0.0416920699    -3.4357063834     1.5166693671    -0.1048962751     0.4116384505     1.1292378829    -0.1354623005     0.8856751395
1   -13.9770000000    18.1920000000    -4.7140000000    -0.6137978160     0.2677995420     0.4856183163     0.1341703385    -3.9961793392     0.3708726129     0.0255207774    -3.6295942206     0.1959181955    -4.0916605352     0.5846891348     0.3728353879     0.1781048769     0.6279842103     0.1575919231     0.3339915875
1   -10.8400000000    19.2510000000    -4.6030000000    -0.3054367290    -0.0806676290    -0.0137699263     0.2475555163    -2.7077291185     0.0313577787    -0.1176181791    -3.2965520361     0.0394929540    -3.0163569606     1.8701474515     0.1169627655    -0.2279610946     0.6584392556    -0.1650439913     0.9104383589
1    -9.4990000000    19.1170000000    -3.9710000000     0.3950763345     0.0550985050     0.0031831383     0.0543194672    -2.2200922758    -0.3433233098     0.3348146290    -2.7393289695     0.8529663303    -2.2632944821     1.5180244413    -0.1642670278     0.0029905331     0.8423501277     0.2528005866     0.8900353131
1    -8.6710000000    18.2650000000    -4.5480000000    -0.4900560281    -0.1355639260     0.1578337971     0.1322657817    -3.0338691656    -0.4228648481     0.2297314264    -3.5801409789     0.7036417170    -3.3641044457     0.9680983974    -0.3684706255    -0.2129296423     0.6185918143     0.2237552197     0.5232362124
1    -9.1960000000    19.7600000000    -2.9670000000    -0.5010989513    -0.1356273648    -0.2880624144    -0.4440721189    -4.0673391153     0.1564535889     0.1037928966    -3.7149529422     0.3235215034    -3.4099156478     0.3483161777     0.1433419273     0.1795234813     0.4739043055     0.3375559126     0.7222263130
1   -13.6380000000    20.3690000000    -4.6360000000    -0.6156601172     0.1001073866    -0.5444229884     0.1017666458    -4.1927314456    -0.1771435595    -0.0442360810    -3.4299765358    -0.1387286804    -4.1096125637     0.3854982548    -0.3146647980     0.0921633555     0.9653601200    -0.2132118546     0.2973735445
1   -11.4890000000    16.9570000000    -3.4760000000     0.2573539060    -0.1216419751     0.1917588007     0.1228461195    -0.4223353991    -0.1572013696    -0.0910666457    -0.2954911387     0.1690228654    -0.4371582267     0.1683914214    -0.1166851307    -0.0878037319     0.3062713386     0.1050081027     0.1785476992
1   -11.9490000000    19.7270000000    -2.8390000000     0.1675514372    -0.0260830949    -0.2188726659    -0.2382039518    -0.5427380028     0.0174502483     0.0148757239    -0.3199695857     0.2662002028    -0.2675961459     0.0997392548     0.0257445144     0.0203692921     0.3482900628     0.2298857644     0.3196904878
1   -10.9060000000    18.5720000000    -5.4200000000     0.1198938477     0.0152719655     0.2279435285     0.2784724234    -0.6224120399     0.0236609374     0.0300448539    -0.3986623542     0.3049062195    -0.2659798596     0.1312597503     0.0053580625     0.0051106982     0.2219657164     0.2291241494     0.4755604549
1   -10.9360000000    20.2830000000    -4.9770000000     0.1718023397     0.0142405449    -0.3015555563     0.1165799233    -0.5433290783    -0.0442403267     0.0100915532    -0.0369314503    -0.2035898900    -0.5416164403     0.1001420757     0.0170756066    -0.0072389064     0.5942947494    -0.2472961540     0.1971531318
1    -7.7650000000    18.1200000000    -4.1970000000     0.2695114111    -0.2268024410     0.0371828228    -0.0878945078    -0.1391524842    -0.0667530319     0.1577576570    -0.5400492609    -0.0328380671    -0.4947358704     0.6042545424    -0.1146359960     0.1084514809     0.1008320536    -0.0405756490     0.0872537293
1    -9.0260000000    17.7730000000    -5.3290000000     0.2700968006     0.0654174159     0.1343576056     0.1953442997    -0.4422386996     0.0745449979     0.1323476045    -0.3938974758     0.1930521535    -0.2159027481     0.1015181144     0.0248059535     0.0218867441     0.2107293255     0.1671783285     0.3328836507
1   -12.6350000000    17.4110000000    -1.9100000000     0.3856988079    -0.0520067526     0.1048840625    -0.0316840905    -2.9020856255    -0.4650493386    -0.7884574615    -2.0865644570    -0.0369852224    -2.4114323588     0.8195687635     0.0427161455    -0.4471560991     1.3169096831    -0.4226084871     1.3719078631
1   -12.5640000000    15.9680000000    -1.3820000000    -0.4821608116    -0.0371121072     0.1714046932    -0.0378431653    -3.4424889911    -0.1094935513     0.0271808811    -3.2180213587    -0.0553970115    -3.3804472098     0.7016711022     0.0007517405    -0.0023417036     1.4048347076    -0.3571113680     0.8671718349
1   -13.3110000000    18.2750000000    -1.3120000000    -0.5003383201     0.2857336042    -0.3613429204    -0.2741740363    -3.7088565593    -0.3132133501    -0.1493508993    -3.6917302202     0.3587156746    -3.8597549301     0.5045626853    -0.2779049656    -0.2737188582     0.5452331612     0.2473411908     0.5197272280
1   -11.6100000000    15.4890000000    -1.5520000000     0.1290562702    -0.3168038992     0.1591204482     0.0633471029    -0.1132203720    -0.2669064740    -0.0925891640    -0.5074990982     0.0511219373    -0.6405659667     0.4956045988    -0.2771837262    -0.0287798635     0.3045160591     0.0014675038     0.0880637107
1   -12.7237240000    15.9753270000    -0.3240140000     0.1558598423     0.0582702194     0.0065487043    -0.3461234936    -0.5964025778    -0.0001706031    -0.1019297722    -0.6136721849    -0.0026577739     0.0555693229     0.0884283285     0.0196728703    -0.1065076613     0.1100658305    -0.1045714011     0.7214724842
1   -13.3238090000    15.4159240000    -1.8946420000     0.1614423379     0.2413905854     0.1874627076     0.1563196672    -0.2533632784     0.2440516062     0.2332081784    -0.4345003084     0.1698323213    -0.4470207704     0.3514978184     0.2578566400     0.1395402164     0.3303382846     0.1191547384     0.1463262707


---------------
Atomic domain 1
---------------
Domain center:          -11.93000    17.67100    -3.00600
Nuclear charge:           7.00000
Electronic charge:       -7.31361
Total charge:            -0.31361
Electronic dipole        -0.22966     0.15651     0.05883
Electronic dipole norm     0.28408
Electronic quadrupole    -3.59447    -0.27656    -0.64703    -2.70997    -0.27258    -2.94423
Isotropic polarizablity (w=0)     0.92216
Electronic polarizability (w=0)     0.56915     0.15763     0.99963    -0.44250    -0.64985     1.19771

---------------
Atomic domain 2
---------------
Domain center:          -11.99100    19.00500    -3.62600
Nuclear charge:           6.00000
Electronic charge:       -6.06505
Total charge:            -0.06505
Electronic dipole         0.06222    -0.16785    -0.11377
Electronic dipole norm     0.21211
Electronic quadrupole    -2.82081     0.02979    -0.21111    -2.60993    -0.30587    -2.84473
Isotropic polarizablity (w=0)     1.29620
Electronic polarizability (w=0)     1.69078     0.09617     1.06324    -0.10051    -0.53874     1.13458

---------------
Atomic domain 3
---------------
Domain center:          -13.30400    19.19100    -4.38200
Nuclear charge:           6.00000
Electronic charge:       -5.59613
Total charge:             0.40387
Electronic dipole        -0.12845     0.02787    -0.02818
Electronic dipole norm     0.13442
Electronic quadrupole    -2.65727     0.14518     0.67109    -1.71083    -0.04169    -3.43571
Isotropic polarizablity (w=0)     1.17719
Electronic polarizability (w=0)     1.51667    -0.10490     1.12924     0.41164    -0.13546     0.88568

---------------
Atomic domain 4
---------------
Domain center:          -13.97700    18.19200    -4.71400
Nuclear charge:           8.00000
Electronic charge:       -8.61380
Total charge:            -0.61380
Electronic dipole         0.26780     0.48562     0.13417
Electronic dipole norm     0.57056
Electronic quadrupole    -3.99618     0.37087     0.02552    -3.62959     0.19592    -4.09166
Isotropic polarizablity (w=0)     0.51555
Electronic polarizability (w=0)     0.58469     0.37284     0.62798     0.17810     0.15759     0.33399

---------------
Atomic domain 5
---------------
Domain center:          -10.84000    19.25100    -4.60300
Nuclear charge:           6.00000
Electronic charge:       -6.30544
Total charge:            -0.30544
Electronic dipole        -0.08067    -0.01377     0.24756
Electronic dipole norm     0.26073
Electronic quadrupole    -2.70773     0.03136    -0.11762    -3.29655     0.03949    -3.01636
Isotropic polarizablity (w=0)     1.14634
Electronic polarizability (w=0)     1.87015     0.11696     0.65844    -0.22796    -0.16504     0.91044

---------------
Atomic domain 6
---------------
Domain center:           -9.49900    19.11700    -3.97100
Nuclear charge:           6.00000
Electronic charge:       -5.60492
Total charge:             0.39508
Electronic dipole         0.05510     0.00318     0.05432
Electronic dipole norm     0.07744
Electronic quadrupole    -2.22009    -0.34332     0.33481    -2.73933     0.85297    -2.26329
Isotropic polarizablity (w=0)     1.08347
Electronic polarizability (w=0)     1.51802    -0.16427     0.84235     0.00299     0.25280     0.89004

---------------
Atomic domain 7
---------------
Domain center:           -8.67100    18.26500    -4.54800
Nuclear charge:           7.00000
Electronic charge:       -7.49006
Total charge:            -0.49006
Electronic dipole        -0.13556     0.15783     0.13227
Electronic dipole norm     0.24654
Electronic quadrupole    -3.03387    -0.42286     0.22973    -3.58014     0.70364    -3.36410
Isotropic polarizablity (w=0)     0.70331
Electronic polarizability (w=0)     0.96810    -0.36847     0.61859    -0.21293     0.22376     0.52324

---------------
Atomic domain 8
---------------
Domain center:           -9.19600    19.76000    -2.96700
Nuclear charge:           8.00000
Electronic charge:       -8.50110
Total charge:            -0.50110
Electronic dipole        -0.13563    -0.28806    -0.44407
Electronic dipole norm     0.54642
Electronic quadrupole    -4.06734     0.15645     0.10379    -3.71495     0.32352    -3.40992
Isotropic polarizablity (w=0)     0.51482
Electronic polarizability (w=0)     0.34832     0.14334     0.47390     0.17952     0.33756     0.72223

---------------
Atomic domain 9
---------------
Domain center:          -13.63800    20.36900    -4.63600
Nuclear charge:           8.00000
Electronic charge:       -8.61566
Total charge:            -0.61566
Electronic dipole         0.10011    -0.54442     0.10177
Electronic dipole norm     0.56283
Electronic quadrupole    -4.19273    -0.17714    -0.04424    -3.42998    -0.13873    -4.10961
Isotropic polarizablity (w=0)     0.54941
Electronic polarizability (w=0)     0.38550    -0.31466     0.96536     0.09216    -0.21321     0.29737

----------------
Atomic domain 10
----------------
Domain center:          -11.48900    16.95700    -3.47600
Nuclear charge:           1.00000
Electronic charge:       -0.74265
Total charge:             0.25735
Electronic dipole        -0.12164     0.19176     0.12285
Electronic dipole norm     0.25818
Electronic quadrupole    -0.42234    -0.15720    -0.09107    -0.29549     0.16902    -0.43716
Isotropic polarizablity (w=0)     0.21774
Electronic polarizability (w=0)     0.16839    -0.11669     0.30627    -0.08780     0.10501     0.17855

----------------
Atomic domain 11
----------------
Domain center:          -11.94900    19.72700    -2.83900
Nuclear charge:           1.00000
Electronic charge:       -0.83245
Total charge:             0.16755
Electronic dipole        -0.02608    -0.21887    -0.23820
Electronic dipole norm     0.32454
Electronic quadrupole    -0.54274     0.01745     0.01488    -0.31997     0.26620    -0.26760
Isotropic polarizablity (w=0)     0.25591
Electronic polarizability (w=0)     0.09974     0.02574     0.34829     0.02037     0.22989     0.31969

----------------
Atomic domain 12
----------------
Domain center:          -10.90600    18.57200    -5.42000
Nuclear charge:           1.00000
Electronic charge:       -0.88011
Total charge:             0.11989
Electronic dipole         0.01527     0.22794     0.27847
Electronic dipole norm     0.36019
Electronic quadrupole    -0.62241     0.02366     0.03004    -0.39866     0.30491    -0.26598
Isotropic polarizablity (w=0)     0.27626
Electronic polarizability (w=0)     0.13126     0.00536     0.22197     0.00511     0.22912     0.47556

----------------
Atomic domain 13
----------------
Domain center:          -10.93600    20.28300    -4.97700
Nuclear charge:           1.00000
Electronic charge:       -0.82820
Total charge:             0.17180
Electronic dipole         0.01424    -0.30156     0.11658
Electronic dipole norm     0.32362
Electronic quadrupole    -0.54333    -0.04424     0.01009    -0.03693    -0.20359    -0.54162
Isotropic polarizablity (w=0)     0.29720
Electronic polarizability (w=0)     0.10014     0.01708     0.59429    -0.00724    -0.24730     0.19715

----------------
Atomic domain 14
----------------
Domain center:           -7.76500    18.12000    -4.19700
Nuclear charge:           1.00000
Electronic charge:       -0.73049
Total charge:             0.26951
Electronic dipole        -0.22680     0.03718    -0.08789
Electronic dipole norm     0.24606
Electronic quadrupole    -0.13915    -0.06675     0.15776    -0.54005    -0.03284    -0.49474
Isotropic polarizablity (w=0)     0.26411
Electronic polarizability (w=0)     0.60425    -0.11464     0.10083     0.10845    -0.04058     0.08725

----------------
Atomic domain 15
----------------
Domain center:           -9.02600    17.77300    -5.32900
Nuclear charge:           1.00000
Electronic charge:       -0.72990
Total charge:             0.27010
Electronic dipole         0.06542     0.13436     0.19534
Electronic dipole norm     0.24595
Electronic quadrupole    -0.44224     0.07454     0.13235    -0.39390     0.19305    -0.21590
Isotropic polarizablity (w=0)     0.21504
Electronic polarizability (w=0)     0.10152     0.02481     0.21073     0.02189     0.16718     0.33288

----------------
Atomic domain 16
----------------
Domain center:          -12.63500    17.41100    -1.91000
Nuclear charge:           6.00000
Electronic charge:       -5.61430
Total charge:             0.38570
Electronic dipole        -0.05201     0.10488    -0.03168
Electronic dipole norm     0.12128
Electronic quadrupole    -2.90209    -0.46505    -0.78846    -2.08656    -0.03699    -2.41143
Isotropic polarizablity (w=0)     1.16946
Electronic polarizability (w=0)     0.81957     0.04272     1.31691    -0.44716    -0.42261     1.37191

----------------
Atomic domain 17
----------------
Domain center:          -12.56400    15.96800    -1.38200
Nuclear charge:           6.00000
Electronic charge:       -6.48216
Total charge:            -0.48216
Electronic dipole        -0.03711     0.17140    -0.03784
Electronic dipole norm     0.17941
Electronic quadrupole    -3.44249    -0.10949     0.02718    -3.21802    -0.05540    -3.38045
Isotropic polarizablity (w=0)     0.99123
Electronic polarizability (w=0)     0.70167     0.00075     1.40483    -0.00234    -0.35711     0.86717

----------------
Atomic domain 18
----------------
Domain center:          -13.31100    18.27500    -1.31200
Nuclear charge:           8.00000
Electronic charge:       -8.50034
Total charge:            -0.50034
Electronic dipole         0.28573    -0.36134    -0.27417
Electronic dipole norm     0.53608
Electronic quadrupole    -3.70886    -0.31321    -0.14935    -3.69173     0.35872    -3.85975
Isotropic polarizablity (w=0)     0.52317
Electronic polarizability (w=0)     0.50456    -0.27790     0.54523    -0.27372     0.24734     0.51973

----------------
Atomic domain 19
----------------
Domain center:          -11.61000    15.48900    -1.55200
Nuclear charge:           1.00000
Electronic charge:       -0.87094
Total charge:             0.12906
Electronic dipole        -0.31680     0.15912     0.06335
Electronic dipole norm     0.36013
Electronic quadrupole    -0.11322    -0.26691    -0.09259    -0.50750     0.05112    -0.64057
Isotropic polarizablity (w=0)     0.29606
Electronic polarizability (w=0)     0.49560    -0.27718     0.30452    -0.02878     0.00147     0.08806

----------------
Atomic domain 20
----------------
Domain center:          -12.72372    15.97533    -0.32401
Nuclear charge:           1.00000
Electronic charge:       -0.84414
Total charge:             0.15586
Electronic dipole         0.05827     0.00655    -0.34612
Electronic dipole norm     0.35106
Electronic quadrupole    -0.59640    -0.00017    -0.10193    -0.61367    -0.00266     0.05557
Isotropic polarizablity (w=0)     0.30666
Electronic polarizability (w=0)     0.08843     0.01967     0.11007    -0.10651    -0.10457     0.72147

----------------
Atomic domain 21
----------------
Domain center:          -13.32381    15.41592    -1.89464
Nuclear charge:           1.00000
Electronic charge:       -0.83856
Total charge:             0.16144
Electronic dipole         0.24139     0.18746     0.15632
Electronic dipole norm     0.34329
Electronic quadrupole    -0.25336     0.24405     0.23321    -0.43450     0.16983    -0.44702
Isotropic polarizablity (w=0)     0.27605
Electronic polarizability (w=0)     0.35150     0.25786     0.33034     0.13954     0.11915     0.14633

---------
Molecular
---------
Domain center:          -11.75725    18.48671    -3.41937
Nuclear charge:          91.00000
Electronic charge:      -92.00000
Total charge:            -1.00000
Electronic dipole        -0.32486     0.15580     0.05987
Gauge   dipole            4.38083    -2.85817    -0.23896
Total   dipole            4.05597    -2.70237    -0.17909
Electronic quadrupole -1118.52624  -105.87975   130.76931  -542.05120   309.90868  -609.65099
Nuclear    quadrupole  1048.33811   105.18015  -141.49485   483.27658  -307.68693   548.38505
Total      quadrupole   -70.18814    -0.69960   -10.72555   -58.77462     2.22174   -61.26594
Polarizability av (0)       12.99735
Polarizability (0)          13.61801    -0.45779    13.17302    -0.77766    -0.80362    12.20102
Time used in Loprop              :      3.99 (cpu)       2.86 (wall)
