AA
27 2 2 1
1   -11.3250000000    11.3570000000    -8.9330000000    -0.3270311006     0.1504808140     0.1755073017     0.1001298679    -3.2376126341     0.5602327759     0.4254698013    -3.2225657881    -0.5279396156    -2.8250778935     0.3878287545    -0.0025624247     0.2424873951     0.9070366186    -0.6604771903     1.3815383347
1   -10.8340000000    12.4630000000    -9.7350000000    -0.0524994363    -0.1870945185    -0.0404039018    -0.0486193056    -3.0191667430     0.1314549209     0.0559619791    -2.5277275908    -0.1779676928    -2.4223974187     0.6785650819    -0.0718036932     0.2071939651     1.4172665695    -0.1083176201     1.6357472727
1   -11.0550000000    13.8230000000    -9.1090000000     0.3864770943     0.0111101169     0.1160635557     0.0164294168    -2.8462927722     0.3742806769    -0.7756823372    -1.9688404577    -0.0806121244    -2.5684654419     0.7948366272    -0.0089043155    -0.3338922911     1.2733259736     0.2854801642     1.1917223419
1   -10.4690000000    14.8230000000    -9.5570000000    -0.5003928072    -0.2576872805    -0.4313533136     0.1933842818    -3.7919613463     0.3415557928    -0.0551990962    -3.5448376456    -0.3312540794    -3.9223554502     0.4376717322     0.3146087356    -0.1574805333     0.7514613639    -0.2132879589     0.3744059097
1   -11.4330000000    12.4240000000   -11.1370000000    -0.2571682125    -0.1830155545     0.0483946729     0.1606115757    -2.5848342541    -0.0924651134     0.3125481589    -3.2103792214     0.0042360433    -2.7672515799     1.3662603973    -0.1157863334     0.5300530325     0.6245825929     0.0235909250     1.4296348102
1   -12.9190000000    12.5990000000   -11.1730000000    -0.3353112014     0.1719837499     0.0304852050    -0.1579203868    -2.7358770128    -0.1103946463     0.0188805152    -3.3648915870     0.0331980250    -3.3793996252     1.3784690286    -0.1865677591     0.5526487146     0.7310113604    -0.2603246963     1.3556083741
1   -13.4320000000    13.1060000000   -12.5220000000     0.4100215585    -0.0450566222     0.0540339042    -0.1020349696    -1.8036047727     0.2870129419    -0.0456547416    -3.5256742929    -0.5965451242    -2.4652577279     1.2365766394    -0.0654642749     0.3445414707     0.7760523693    -0.3400590022     1.5977110898
1   -12.6160000000    13.5760000000   -13.3390000000    -0.6079275628    -0.4085403637    -0.1987321814     0.3377586695    -3.8207984627     0.2207595267    -0.4040598458    -3.9947434155    -0.1209468165    -3.9134193421     0.4534272901     0.1546420648    -0.2975994123     0.3642025081    -0.2574621624     0.7496334200
1   -14.6580000000    13.0530000000   -12.7550000000    -0.6278962638     0.5634751334     0.0456261158     0.0607824595    -3.3976210825     0.0453925842     0.0958955520    -4.1342176134     0.0716235611    -4.2410002097     1.1067755446    -0.0021956970     0.2912310694     0.2399596245     0.0031796767     0.3349194629
1   -12.1280000000    10.8890000000    -9.1970000000     0.2740407518     0.1941764402     0.1213772703     0.0571557989    -0.2011451276     0.1623889225     0.1210234146    -0.4069593624     0.0434252146    -0.4452277712     0.2502605680     0.1167122889     0.0697251997     0.2123656939     0.0039512085     0.1563226239
1    -9.7710000000    12.2990000000    -9.8410000000     0.1602086842    -0.3137911464     0.0410544318     0.0222184835    -0.0357062919    -0.0866902370    -0.0757105151    -0.5730078925     0.0049973229    -0.6003918585     0.6314611587    -0.0978992967    -0.0802255125     0.1236866790     0.0069154635     0.1273859874
1   -10.9180000000    13.2210000000   -11.6590000000     0.1610218478    -0.1733272508    -0.2402480315     0.1555594414    -0.4222861537     0.2092659784    -0.0892272251    -0.2763234047    -0.2042782320    -0.4179393894     0.2753945447     0.1923418324    -0.1383521430     0.2760043795    -0.1601595871     0.2282931303
1   -11.1360000000    11.4780000000   -11.5560000000     0.1231140134    -0.0949479217     0.3060285081     0.1314067946    -0.6321064133    -0.1459143042    -0.0754825192    -0.1606532358     0.2118592720    -0.5703211324     0.1598099109    -0.1691650040    -0.0777673670     0.5037692318     0.2578352292     0.2555617392
1   -13.3100000000    11.5910000000   -11.0640000000     0.1108425560     0.1383917809     0.3493671942    -0.0668336124    -0.6019934921     0.2250095869    -0.0231674720    -0.0668210861    -0.0637760495    -0.6482054101     0.2114279091     0.2293428637    -0.0068309879     0.5909692526    -0.0934450082     0.1431523617
1   -13.3270000000    13.2070000000   -10.3780000000     0.1228920245     0.1207822387    -0.1869178849    -0.2699916947    -0.5555547794    -0.1256477639    -0.1590865141    -0.4471536198     0.2665235727    -0.3013519881     0.2207868130    -0.1225401751    -0.1316092458     0.2370722585     0.2027431114     0.4098106551
1   -10.7960000000    11.0840000000    -7.7430000000     0.3768396513     0.0446896398     0.0848048986    -0.0196082399    -2.6770483722     0.7706681646     0.6369639190    -2.4198882954    -0.1978858321    -2.3211982052     0.8015043735     0.1059343713     0.2953098962     1.2010633575    -0.4773507819     1.4131387508
1   -11.3720000000     9.8690000000    -7.0430000000    -0.4816488494     0.0963835056     0.1388445588    -0.0551694774    -3.2935600991     0.1404619493    -0.0006031371    -3.3728784079    -0.1142302366    -3.3132677700     0.7339657436     0.1506272160    -0.1059844422     1.2192872357    -0.3985684220     0.9405636168
1    -9.9510000000    11.8090000000    -7.2090000000    -0.4992156466    -0.3684775487    -0.3089441451    -0.2386508441    -3.5777796555     0.2923486227     0.2090363511    -3.7546600312     0.3199602513    -3.9120436951     0.6107724288     0.2478649196     0.2984814976     0.4555150345     0.1649661992     0.4670123870
1   -10.5880000000     9.1410000000    -7.1280000000     0.1684933825    -0.2379180756     0.2480447186     0.0290599573    -0.2263709837    -0.3502017255    -0.0390278142    -0.2754983594     0.0413302157    -0.5824133844     0.3325038665    -0.3085769027     0.0118238192     0.4652356147    -0.0303128069     0.0802227025
1   -12.2790000000     9.5770000000    -7.5430000000     0.1391820127     0.2894277479     0.1067997261     0.1548444405    -0.1476746231     0.1629484618     0.2563022874    -0.5706040923     0.0892135856    -0.4915765893     0.4490372939     0.1883892850     0.1451835623     0.2002311025     0.0435477608     0.1589646990
1   -11.5477110000    10.0144410000    -5.9975950000     0.1622007486     0.0608959041    -0.0530619510    -0.3282270702    -0.5877200778    -0.0204876007    -0.1058946987    -0.5970202815     0.0949560536     0.0295870345     0.0886768732     0.0062186345    -0.1049875833     0.0922206353    -0.0215408598     0.6979466945
1   -11.8670000000    13.8980000000    -8.0690000000    -0.3059153668     0.1238048272     0.2063395909    -0.0893169476    -3.4463514137     0.1806856256    -0.7586443512    -2.6708165399     0.2642449330    -3.0970646935     0.5374142940    -0.1917960679    -0.4364784632     0.8771916317     0.4403678097     0.9972790457
1   -12.0660000000    15.1610000000    -7.4030000000    -0.3275314305     0.0541906345    -0.2301659589    -0.1378161924    -3.2877134798    -0.1042867793    -0.0685596606    -2.8634363030     0.2577806492    -3.1302572843     0.6607059061    -0.1565952748    -0.0694433416     1.1044041246     0.3730181007     0.8897440078
1   -12.3470000000    13.1100000000    -7.7750000000     0.2709715363     0.1344651080     0.1829222170    -0.0781959237    -0.3697370810     0.1435823012    -0.0843609180    -0.2195016531    -0.1016185989    -0.4580921208     0.1890143146     0.1015274223    -0.0621341708     0.2729138086    -0.0807274686     0.1446299261
1   -12.3500000000    15.9260000000    -8.1010000000     0.1617000470     0.0853537447    -0.2358362038     0.2060406768    -0.5437661252    -0.1098144249     0.1007543144    -0.2744601618    -0.2734467128    -0.3262546926     0.1216812921    -0.1382235877     0.0895277963     0.4331465813    -0.1974191411     0.2058730978
1   -11.1712480000    15.4501700000    -6.8924120000     0.1522408527    -0.2753068516    -0.0994706548    -0.1574993838    -0.1690621193     0.1301759709     0.2416323944    -0.5388834793     0.0751318231    -0.4765909058     0.3783853810     0.1512313847     0.2411425687     0.1728702308     0.1333367267     0.2590288040
1   -12.8353080000    15.0724770000    -6.6646040000     0.1422911164     0.2521917329     0.0392148420    -0.2363722791    -0.2763994671     0.0427158063    -0.3320995961    -0.6338257842    -0.0437926625    -0.3029776841     0.3657105060    -0.0167551662    -0.3046152097     0.0869784000     0.0237260840     0.3949725132


---------------
Atomic domain 1
---------------
Domain center:          -11.32500    11.35700    -8.93300
Nuclear charge:           7.00000
Electronic charge:       -7.32703
Total charge:            -0.32703
Electronic dipole         0.15048     0.17551     0.10013
Electronic dipole norm     0.25194
Electronic quadrupole    -3.23761     0.56023     0.42547    -3.22257    -0.52794    -2.82508
Isotropic polarizablity (w=0)     0.89213
Electronic polarizability (w=0)     0.38783    -0.00256     0.90704     0.24249    -0.66048     1.38154

---------------
Atomic domain 2
---------------
Domain center:          -10.83400    12.46300    -9.73500
Nuclear charge:           6.00000
Electronic charge:       -6.05250
Total charge:            -0.05250
Electronic dipole        -0.18709    -0.04040    -0.04862
Electronic dipole norm     0.19749
Electronic quadrupole    -3.01917     0.13145     0.05596    -2.52773    -0.17797    -2.42240
Isotropic polarizablity (w=0)     1.24386
Electronic polarizability (w=0)     0.67857    -0.07180     1.41727     0.20719    -0.10832     1.63575

---------------
Atomic domain 3
---------------
Domain center:          -11.05500    13.82300    -9.10900
Nuclear charge:           6.00000
Electronic charge:       -5.61352
Total charge:             0.38648
Electronic dipole         0.01111     0.11606     0.01643
Electronic dipole norm     0.11775
Electronic quadrupole    -2.84629     0.37428    -0.77568    -1.96884    -0.08061    -2.56847
Isotropic polarizablity (w=0)     1.08663
Electronic polarizability (w=0)     0.79484    -0.00890     1.27333    -0.33389     0.28548     1.19172

---------------
Atomic domain 4
---------------
Domain center:          -10.46900    14.82300    -9.55700
Nuclear charge:           8.00000
Electronic charge:       -8.50039
Total charge:            -0.50039
Electronic dipole        -0.25769    -0.43135     0.19338
Electronic dipole norm     0.53839
Electronic quadrupole    -3.79196     0.34156    -0.05520    -3.54484    -0.33125    -3.92236
Isotropic polarizablity (w=0)     0.52118
Electronic polarizability (w=0)     0.43767     0.31461     0.75146    -0.15748    -0.21329     0.37441

---------------
Atomic domain 5
---------------
Domain center:          -11.43300    12.42400   -11.13700
Nuclear charge:           6.00000
Electronic charge:       -6.25717
Total charge:            -0.25717
Electronic dipole        -0.18302     0.04839     0.16061
Electronic dipole norm     0.24826
Electronic quadrupole    -2.58483    -0.09247     0.31255    -3.21038     0.00424    -2.76725
Isotropic polarizablity (w=0)     1.14016
Electronic polarizability (w=0)     1.36626    -0.11579     0.62458     0.53005     0.02359     1.42963

---------------
Atomic domain 6
---------------
Domain center:          -12.91900    12.59900   -11.17300
Nuclear charge:           6.00000
Electronic charge:       -6.33531
Total charge:            -0.33531
Electronic dipole         0.17198     0.03049    -0.15792
Electronic dipole norm     0.23547
Electronic quadrupole    -2.73588    -0.11039     0.01888    -3.36489     0.03320    -3.37940
Isotropic polarizablity (w=0)     1.15503
Electronic polarizability (w=0)     1.37847    -0.18657     0.73101     0.55265    -0.26032     1.35561

---------------
Atomic domain 7
---------------
Domain center:          -13.43200    13.10600   -12.52200
Nuclear charge:           6.00000
Electronic charge:       -5.58998
Total charge:             0.41002
Electronic dipole        -0.04506     0.05403    -0.10203
Electronic dipole norm     0.12394
Electronic quadrupole    -1.80360     0.28701    -0.04565    -3.52567    -0.59655    -2.46526
Isotropic polarizablity (w=0)     1.20345
Electronic polarizability (w=0)     1.23658    -0.06546     0.77605     0.34454    -0.34006     1.59771

---------------
Atomic domain 8
---------------
Domain center:          -12.61600    13.57600   -13.33900
Nuclear charge:           8.00000
Electronic charge:       -8.60793
Total charge:            -0.60793
Electronic dipole        -0.40854    -0.19873     0.33776
Electronic dipole norm     0.56611
Electronic quadrupole    -3.82080     0.22076    -0.40406    -3.99474    -0.12095    -3.91342
Isotropic polarizablity (w=0)     0.52242
Electronic polarizability (w=0)     0.45343     0.15464     0.36420    -0.29760    -0.25746     0.74963

---------------
Atomic domain 9
---------------
Domain center:          -14.65800    13.05300   -12.75500
Nuclear charge:           8.00000
Electronic charge:       -8.62790
Total charge:            -0.62790
Electronic dipole         0.56348     0.04563     0.06078
Electronic dipole norm     0.56858
Electronic quadrupole    -3.39762     0.04539     0.09590    -4.13422     0.07162    -4.24100
Isotropic polarizablity (w=0)     0.56055
Electronic polarizability (w=0)     1.10678    -0.00220     0.23996     0.29123     0.00318     0.33492

----------------
Atomic domain 10
----------------
Domain center:          -12.12800    10.88900    -9.19700
Nuclear charge:           1.00000
Electronic charge:       -0.72596
Total charge:             0.27404
Electronic dipole         0.19418     0.12138     0.05716
Electronic dipole norm     0.23602
Electronic quadrupole    -0.20115     0.16239     0.12102    -0.40696     0.04343    -0.44523
Isotropic polarizablity (w=0)     0.20632
Electronic polarizability (w=0)     0.25026     0.11671     0.21237     0.06973     0.00395     0.15632

----------------
Atomic domain 11
----------------
Domain center:           -9.77100    12.29900    -9.84100
Nuclear charge:           1.00000
Electronic charge:       -0.83979
Total charge:             0.16021
Electronic dipole        -0.31379     0.04105     0.02222
Electronic dipole norm     0.31724
Electronic quadrupole    -0.03571    -0.08669    -0.07571    -0.57301     0.00500    -0.60039
Isotropic polarizablity (w=0)     0.29418
Electronic polarizability (w=0)     0.63146    -0.09790     0.12369    -0.08023     0.00692     0.12739

----------------
Atomic domain 12
----------------
Domain center:          -10.91800    13.22100   -11.65900
Nuclear charge:           1.00000
Electronic charge:       -0.83898
Total charge:             0.16102
Electronic dipole        -0.17333    -0.24025     0.15556
Electronic dipole norm     0.33460
Electronic quadrupole    -0.42229     0.20927    -0.08923    -0.27632    -0.20428    -0.41794
Isotropic polarizablity (w=0)     0.25990
Electronic polarizability (w=0)     0.27539     0.19234     0.27600    -0.13835    -0.16016     0.22829

----------------
Atomic domain 13
----------------
Domain center:          -11.13600    11.47800   -11.55600
Nuclear charge:           1.00000
Electronic charge:       -0.87689
Total charge:             0.12311
Electronic dipole        -0.09495     0.30603     0.13141
Electronic dipole norm     0.34632
Electronic quadrupole    -0.63211    -0.14591    -0.07548    -0.16065     0.21186    -0.57032
Isotropic polarizablity (w=0)     0.30638
Electronic polarizability (w=0)     0.15981    -0.16917     0.50377    -0.07777     0.25784     0.25556

----------------
Atomic domain 14
----------------
Domain center:          -13.31000    11.59100   -11.06400
Nuclear charge:           1.00000
Electronic charge:       -0.88916
Total charge:             0.11084
Electronic dipole         0.13839     0.34937    -0.06683
Electronic dipole norm     0.38168
Electronic quadrupole    -0.60199     0.22501    -0.02317    -0.06682    -0.06378    -0.64821
Isotropic polarizablity (w=0)     0.31518
Electronic polarizability (w=0)     0.21143     0.22934     0.59097    -0.00683    -0.09345     0.14315

----------------
Atomic domain 15
----------------
Domain center:          -13.32700    13.20700   -10.37800
Nuclear charge:           1.00000
Electronic charge:       -0.87711
Total charge:             0.12289
Electronic dipole         0.12078    -0.18692    -0.26999
Electronic dipole norm     0.34989
Electronic quadrupole    -0.55555    -0.12565    -0.15909    -0.44715     0.26652    -0.30135
Isotropic polarizablity (w=0)     0.28922
Electronic polarizability (w=0)     0.22079    -0.12254     0.23707    -0.13161     0.20274     0.40981

----------------
Atomic domain 16
----------------
Domain center:          -10.79600    11.08400    -7.74300
Nuclear charge:           6.00000
Electronic charge:       -5.62316
Total charge:             0.37684
Electronic dipole         0.04469     0.08480    -0.01961
Electronic dipole norm     0.09784
Electronic quadrupole    -2.67705     0.77067     0.63696    -2.41989    -0.19789    -2.32120
Isotropic polarizablity (w=0)     1.13857
Electronic polarizability (w=0)     0.80150     0.10593     1.20106     0.29531    -0.47735     1.41314

----------------
Atomic domain 17
----------------
Domain center:          -11.37200     9.86900    -7.04300
Nuclear charge:           6.00000
Electronic charge:       -6.48165
Total charge:            -0.48165
Electronic dipole         0.09638     0.13884    -0.05517
Electronic dipole norm     0.17780
Electronic quadrupole    -3.29356     0.14046    -0.00060    -3.37288    -0.11423    -3.31327
Isotropic polarizablity (w=0)     0.96461
Electronic polarizability (w=0)     0.73397     0.15063     1.21929    -0.10598    -0.39857     0.94056

----------------
Atomic domain 18
----------------
Domain center:           -9.95100    11.80900    -7.20900
Nuclear charge:           8.00000
Electronic charge:       -8.49922
Total charge:            -0.49922
Electronic dipole        -0.36848    -0.30894    -0.23865
Electronic dipole norm     0.53682
Electronic quadrupole    -3.57778     0.29235     0.20904    -3.75466     0.31996    -3.91204
Isotropic polarizablity (w=0)     0.51110
Electronic polarizability (w=0)     0.61077     0.24786     0.45552     0.29848     0.16497     0.46701

----------------
Atomic domain 19
----------------
Domain center:          -10.58800     9.14100    -7.12800
Nuclear charge:           1.00000
Electronic charge:       -0.83151
Total charge:             0.16849
Electronic dipole        -0.23792     0.24804     0.02906
Electronic dipole norm     0.34493
Electronic quadrupole    -0.22637    -0.35020    -0.03903    -0.27550     0.04133    -0.58241
Isotropic polarizablity (w=0)     0.29265
Electronic polarizability (w=0)     0.33250    -0.30858     0.46524     0.01182    -0.03031     0.08022

----------------
Atomic domain 20
----------------
Domain center:          -12.27900     9.57700    -7.54300
Nuclear charge:           1.00000
Electronic charge:       -0.86082
Total charge:             0.13918
Electronic dipole         0.28943     0.10680     0.15484
Electronic dipole norm     0.34518
Electronic quadrupole    -0.14767     0.16295     0.25630    -0.57060     0.08921    -0.49158
Isotropic polarizablity (w=0)     0.26941
Electronic polarizability (w=0)     0.44904     0.18839     0.20023     0.14518     0.04355     0.15896

----------------
Atomic domain 21
----------------
Domain center:          -11.54771    10.01444    -5.99759
Nuclear charge:           1.00000
Electronic charge:       -0.83780
Total charge:             0.16220
Electronic dipole         0.06090    -0.05306    -0.32823
Electronic dipole norm     0.33802
Electronic quadrupole    -0.58772    -0.02049    -0.10589    -0.59702     0.09496     0.02959
Isotropic polarizablity (w=0)     0.29295
Electronic polarizability (w=0)     0.08868     0.00622     0.09222    -0.10499    -0.02154     0.69795

----------------
Atomic domain 22
----------------
Domain center:          -11.86700    13.89800    -8.06900
Nuclear charge:           7.00000
Electronic charge:       -7.30592
Total charge:            -0.30592
Electronic dipole         0.12380     0.20634    -0.08932
Electronic dipole norm     0.25667
Electronic quadrupole    -3.44635     0.18069    -0.75864    -2.67082     0.26424    -3.09706
Isotropic polarizablity (w=0)     0.80396
Electronic polarizability (w=0)     0.53741    -0.19180     0.87719    -0.43648     0.44037     0.99728

----------------
Atomic domain 23
----------------
Domain center:          -12.06600    15.16100    -7.40300
Nuclear charge:           6.00000
Electronic charge:       -6.32753
Total charge:            -0.32753
Electronic dipole         0.05419    -0.23017    -0.13782
Electronic dipole norm     0.27369
Electronic quadrupole    -3.28771    -0.10429    -0.06856    -2.86344     0.25778    -3.13026
Isotropic polarizablity (w=0)     0.88495
Electronic polarizability (w=0)     0.66071    -0.15660     1.10440    -0.06944     0.37302     0.88974

----------------
Atomic domain 24
----------------
Domain center:          -12.34700    13.11000    -7.77500
Nuclear charge:           1.00000
Electronic charge:       -0.72903
Total charge:             0.27097
Electronic dipole         0.13447     0.18292    -0.07820
Electronic dipole norm     0.24012
Electronic quadrupole    -0.36974     0.14358    -0.08436    -0.21950    -0.10162    -0.45809
Isotropic polarizablity (w=0)     0.20219
Electronic polarizability (w=0)     0.18901     0.10153     0.27291    -0.06213    -0.08073     0.14463

----------------
Atomic domain 25
----------------
Domain center:          -12.35000    15.92600    -8.10100
Nuclear charge:           1.00000
Electronic charge:       -0.83830
Total charge:             0.16170
Electronic dipole         0.08535    -0.23584     0.20604
Electronic dipole norm     0.32459
Electronic quadrupole    -0.54377    -0.10981     0.10075    -0.27446    -0.27345    -0.32625
Isotropic polarizablity (w=0)     0.25357
Electronic polarizability (w=0)     0.12168    -0.13822     0.43315     0.08953    -0.19742     0.20587

----------------
Atomic domain 26
----------------
Domain center:          -11.17125    15.45017    -6.89241
Nuclear charge:           1.00000
Electronic charge:       -0.84776
Total charge:             0.15224
Electronic dipole        -0.27531    -0.09947    -0.15750
Electronic dipole norm     0.33241
Electronic quadrupole    -0.16906     0.13018     0.24163    -0.53888     0.07513    -0.47659
Isotropic polarizablity (w=0)     0.27009
Electronic polarizability (w=0)     0.37839     0.15123     0.17287     0.24114     0.13334     0.25903

----------------
Atomic domain 27
----------------
Domain center:          -12.83531    15.07248    -6.66460
Nuclear charge:           1.00000
Electronic charge:       -0.85771
Total charge:             0.14229
Electronic dipole         0.25219     0.03921    -0.23637
Electronic dipole norm     0.34787
Electronic quadrupole    -0.27640     0.04272    -0.33210    -0.63383    -0.04379    -0.30298
Isotropic polarizablity (w=0)     0.28255
Electronic polarizability (w=0)     0.36571    -0.01676     0.08698    -0.30462     0.02373     0.39497

---------
Molecular
---------
Domain center:          -11.78548    12.77592    -9.63440
Nuclear charge:         107.00000
Electronic charge:     -108.00000
Total charge:            -1.00000
Electronic dipole        -0.05336     0.26977    -0.36087
Gauge   dipole            1.29078    -2.50469     5.82725
Total   dipole            1.23742    -2.23491     5.46637
Electronic quadrupole  -686.30262   130.27253  -686.91375  -924.83757   282.45646 -1829.58856
Nuclear    quadrupole   601.62360  -130.67324   659.90935   861.32948  -273.83912  1725.47772
Total      quadrupole   -84.67902    -0.40070   -27.00440   -63.50810     8.61734  -104.11084
Polarizability av (0)       16.16319
Polarizability (0)          14.85892     0.30461    15.60982     1.01195    -1.33679    18.02082
Time used in Loprop              :      6.42 (cpu)       4.51 (wall)
