AA
12 2 2 1
1    -4.9410000000    17.1900000000     5.7450000000    -0.3175146988     0.1956800665     0.1457512614    -0.0343599033    -3.1954355429     0.5736512582    -0.4619285915    -3.2902246281     0.5122969382    -2.8597662973     0.5296192859     0.0483866901    -0.2622442597     0.6637205610     0.4892025368     1.2999916828
1    -4.5360000000    18.2160000000     6.6700000000    -0.3418891675    -0.0495862955    -0.1774493004    -0.1883792733    -3.3499925578     0.1008828505     0.1323749130    -3.0044006724     0.2883870995    -3.0022471584     0.6406559491     0.0159049462     0.0885350113     0.9560768013     0.3529249210     1.0635583637
1    -5.7130000000    16.6240000000     5.9730000000     0.2733392137     0.1850226917     0.1318903307    -0.0524227831    -0.2331357855     0.1950039739    -0.0879206007    -0.3771905521    -0.0741967285    -0.4998423005     0.3267842879     0.1606290875    -0.0902014341     0.1938581432    -0.0543451857     0.1293466557
1    -3.5340000000    18.5180000000     6.4250000000     0.1779173666    -0.3088018077    -0.0915887914     0.0674255541    -0.0247514908     0.1746159954    -0.1443427333    -0.5081961435    -0.0092667735    -0.4820550949     0.4701754233     0.1684850766    -0.0067639710     0.1488772561     0.0019147846     0.0709392226
1    -4.5296490000    17.9055020000     7.6939390000     0.1512525693     0.0106085217     0.1031906019    -0.3129551761    -0.6174107064    -0.0062845578    -0.0090881363    -0.5449243401    -0.1733324387    -0.0298863543     0.0755396874    -0.0025751729     0.0057445014     0.1184669010    -0.1116111169     0.6674407997
1    -5.1331900000    19.0965080000     6.5561170000     0.1494034455     0.1919717963    -0.2694985387     0.0256737540    -0.4068592240    -0.2839724816     0.0507592585    -0.1927681884    -0.0502605157    -0.5838498600     0.2464899670    -0.2693611837     0.0024149386     0.5093158385     0.0204502617     0.0939016670
1    -4.2540000000    17.0110000000     4.6070000000     0.3876439814     0.0716244286     0.0616844821     0.0286961265    -2.2041750430     0.7544033138    -0.4580625081    -2.8090054909     0.3879801991    -2.4047955902     0.9821413592     0.1440507891    -0.2130496677     0.9139809934     0.3650756202     1.4148052889
1    -4.8120000000    15.9740000000     3.6400000000    -0.4815156210     0.0852786673     0.1223460041     0.0713454699    -3.3075437730     0.1182309787     0.0209313686    -3.2686580627     0.1137406614    -3.3853303284     0.7528898665     0.1440206293     0.1548053752     1.0245289467     0.3348498427     1.0381580263
1    -3.2090000000    17.6230000000     4.3570000000    -0.4865826023    -0.4528954897    -0.2616218371     0.1207137792    -3.3509086644     0.3045817378    -0.1221744381    -3.7709710890    -0.1800231037    -4.0238547861     0.8209400985     0.3003854436    -0.1953738936     0.4005399402    -0.0920504485     0.3178319970
1    -5.1299620000    16.5192870000     2.7760200000     0.1744657521     0.1007477662    -0.1665433930     0.2769796707    -0.5240738529    -0.1077425556     0.1593139277    -0.4101838390    -0.2873855390    -0.1343439115     0.1279971133    -0.0684758561     0.1619305829     0.1728637488    -0.1879873719     0.5315940427
1    -4.0547990000    15.2650550000     3.3774280000     0.1733154263    -0.2307807988     0.2200510806     0.0806282034    -0.2556540835    -0.3157641125    -0.1187453593    -0.3008498964     0.1039793036    -0.5471657886     0.3106789541    -0.2621632741    -0.1185048013     0.3780170563     0.1504813010     0.1539477265
1    -5.6660000000    15.4810000000     4.0520000000     0.1401643348     0.2794774582     0.1657408789    -0.1376311645    -0.1930328713     0.2540100833    -0.2020691857    -0.4768079291    -0.1218079530    -0.5342503660     0.4329440117     0.2489431385    -0.1060051592     0.2606108534    -0.0551812183     0.1402897426


---------------
Atomic domain 1
---------------
Domain center:           -4.94100    17.19000     5.74500
Nuclear charge:           7.00000
Electronic charge:       -7.31751
Total charge:            -0.31751
Electronic dipole         0.19568     0.14575    -0.03436
Electronic dipole norm     0.24640
Electronic quadrupole    -3.19544     0.57365    -0.46193    -3.29022     0.51230    -2.85977
Isotropic polarizablity (w=0)     0.83111
Electronic polarizability (w=0)     0.52962     0.04839     0.66372    -0.26224     0.48920     1.29999

---------------
Atomic domain 2
---------------
Domain center:           -4.53600    18.21600     6.67000
Nuclear charge:           6.00000
Electronic charge:       -6.34189
Total charge:            -0.34189
Electronic dipole        -0.04959    -0.17745    -0.18838
Electronic dipole norm     0.26350
Electronic quadrupole    -3.34999     0.10088     0.13237    -3.00440     0.28839    -3.00225
Isotropic polarizablity (w=0)     0.88676
Electronic polarizability (w=0)     0.64066     0.01590     0.95608     0.08854     0.35292     1.06356

---------------
Atomic domain 3
---------------
Domain center:           -5.71300    16.62400     5.97300
Nuclear charge:           1.00000
Electronic charge:       -0.72666
Total charge:             0.27334
Electronic dipole         0.18502     0.13189    -0.05242
Electronic dipole norm     0.23319
Electronic quadrupole    -0.23314     0.19500    -0.08792    -0.37719    -0.07420    -0.49984
Isotropic polarizablity (w=0)     0.21666
Electronic polarizability (w=0)     0.32678     0.16063     0.19386    -0.09020    -0.05435     0.12935

---------------
Atomic domain 4
---------------
Domain center:           -3.53400    18.51800     6.42500
Nuclear charge:           1.00000
Electronic charge:       -0.82208
Total charge:             0.17792
Electronic dipole        -0.30880    -0.09159     0.06743
Electronic dipole norm     0.32908
Electronic quadrupole    -0.02475     0.17462    -0.14434    -0.50820    -0.00927    -0.48206
Isotropic polarizablity (w=0)     0.23000
Electronic polarizability (w=0)     0.47018     0.16849     0.14888    -0.00676     0.00191     0.07094

---------------
Atomic domain 5
---------------
Domain center:           -4.52965    17.90550     7.69394
Nuclear charge:           1.00000
Electronic charge:       -0.84875
Total charge:             0.15125
Electronic dipole         0.01061     0.10319    -0.31296
Electronic dipole norm     0.32970
Electronic quadrupole    -0.61741    -0.00628    -0.00909    -0.54492    -0.17333    -0.02989
Isotropic polarizablity (w=0)     0.28715
Electronic polarizability (w=0)     0.07554    -0.00258     0.11847     0.00574    -0.11161     0.66744

---------------
Atomic domain 6
---------------
Domain center:           -5.13319    19.09651     6.55612
Nuclear charge:           1.00000
Electronic charge:       -0.85060
Total charge:             0.14940
Electronic dipole         0.19197    -0.26950     0.02567
Electronic dipole norm     0.33188
Electronic quadrupole    -0.40686    -0.28397     0.05076    -0.19277    -0.05026    -0.58385
Isotropic polarizablity (w=0)     0.28324
Electronic polarizability (w=0)     0.24649    -0.26936     0.50932     0.00241     0.02045     0.09390

---------------
Atomic domain 7
---------------
Domain center:           -4.25400    17.01100     4.60700
Nuclear charge:           6.00000
Electronic charge:       -5.61236
Total charge:             0.38764
Electronic dipole         0.07162     0.06168     0.02870
Electronic dipole norm     0.09879
Electronic quadrupole    -2.20418     0.75440    -0.45806    -2.80901     0.38798    -2.40480
Isotropic polarizablity (w=0)     1.10364
Electronic polarizability (w=0)     0.98214     0.14405     0.91398    -0.21305     0.36508     1.41481

---------------
Atomic domain 8
---------------
Domain center:           -4.81200    15.97400     3.64000
Nuclear charge:           6.00000
Electronic charge:       -6.48152
Total charge:            -0.48152
Electronic dipole         0.08528     0.12235     0.07135
Electronic dipole norm     0.16532
Electronic quadrupole    -3.30754     0.11823     0.02093    -3.26866     0.11374    -3.38533
Isotropic polarizablity (w=0)     0.93853
Electronic polarizability (w=0)     0.75289     0.14402     1.02453     0.15481     0.33485     1.03816

---------------
Atomic domain 9
---------------
Domain center:           -3.20900    17.62300     4.35700
Nuclear charge:           8.00000
Electronic charge:       -8.48658
Total charge:            -0.48658
Electronic dipole        -0.45290    -0.26162     0.12071
Electronic dipole norm     0.53678
Electronic quadrupole    -3.35091     0.30458    -0.12217    -3.77097    -0.18002    -4.02385
Isotropic polarizablity (w=0)     0.51310
Electronic polarizability (w=0)     0.82094     0.30039     0.40054    -0.19537    -0.09205     0.31783

----------------
Atomic domain 10
----------------
Domain center:           -5.12996    16.51929     2.77602
Nuclear charge:           1.00000
Electronic charge:       -0.82553
Total charge:             0.17447
Electronic dipole         0.10075    -0.16654     0.27698
Electronic dipole norm     0.33853
Electronic quadrupole    -0.52407    -0.10774     0.15931    -0.41018    -0.28739    -0.13434
Isotropic polarizablity (w=0)     0.27748
Electronic polarizability (w=0)     0.12800    -0.06848     0.17286     0.16193    -0.18799     0.53159

----------------
Atomic domain 11
----------------
Domain center:           -4.05480    15.26506     3.37743
Nuclear charge:           1.00000
Electronic charge:       -0.82668
Total charge:             0.17332
Electronic dipole        -0.23078     0.22005     0.08063
Electronic dipole norm     0.32891
Electronic quadrupole    -0.25565    -0.31576    -0.11875    -0.30085     0.10398    -0.54717
Isotropic polarizablity (w=0)     0.28088
Electronic polarizability (w=0)     0.31068    -0.26216     0.37802    -0.11850     0.15048     0.15395

----------------
Atomic domain 12
----------------
Domain center:           -5.66600    15.48100     4.05200
Nuclear charge:           1.00000
Electronic charge:       -0.85984
Total charge:             0.14016
Electronic dipole         0.27948     0.16574    -0.13763
Electronic dipole norm     0.35287
Electronic quadrupole    -0.19303     0.25401    -0.20207    -0.47681    -0.12181    -0.53425
Isotropic polarizablity (w=0)     0.27795
Electronic polarizability (w=0)     0.43294     0.24894     0.26061    -0.10601    -0.05518     0.14029

---------
Molecular
---------
Domain center:           -4.39079    17.19823     5.03566
Nuclear charge:          40.00000
Electronic charge:      -40.00000
Total charge:            -0.00000
Electronic dipole         0.07835    -0.01605    -0.05429
Gauge   dipole           -1.29486    -0.49301     0.69019
Total   dipole           -1.21651    -0.50906     0.63590
Electronic quadrupole   -95.11218   -30.71063    24.23795  -129.52644  -108.73623  -224.55796
Nuclear    quadrupole    71.18426    30.44628   -23.48420   107.78918   110.19292   203.66954
Total      quadrupole   -23.92792    -0.26434     0.75375   -21.73726     1.45669   -20.88842
Polarizability av (0)        6.12651
Polarizability (0)           5.71686     0.62823     5.74086    -0.57871     1.21372     6.92181
Time used in Loprop              :      0.82 (cpu)       0.69 (wall)
