AA
29 2 2 1
1    -4.9410000000    17.1900000000     5.7450000000    -0.3123846744     0.1860224610     0.1599694943    -0.0447880197    -3.1991199722     0.5669862027    -0.4530758228    -3.2514873804     0.5137792591    -2.8183277220     0.4776473292     0.0304228040    -0.1905945368     0.7675013690     0.6315554010     1.5240052389
1    -4.5360000000    18.2160000000     6.6700000000    -0.0693388621    -0.2002886263    -0.0430527978    -0.0758999154    -2.9530278465    -0.1032739547     0.1263843121    -2.5475298037     0.1277939356    -2.5813114047     0.6235778381    -0.2859941758     0.2809197759     1.4616152113     0.1732297836     1.5897474933
1    -4.5270000000    17.7760000000     8.1210000000     0.3549927577    -0.0271752769    -0.0049224129     0.1084522358    -2.0410071910    -0.5201955664    -0.3894949158    -3.3737958668    -0.2844445015    -2.1669563695     1.3252091788    -0.4039016013     0.2234729537     0.8724802157    -0.3200304447     1.3800713624
1    -5.5070000000    17.9220000000     8.8610000000    -0.5007256299     0.4293158040    -0.0711875201    -0.3105668274    -3.4988965411    -0.0157981331    -0.4270654303    -3.9635613168     0.1532820015    -3.8219546132     0.7987820592    -0.1207968667    -0.3578867397     0.2804356374     0.0388415713     0.5292237912
1    -5.3960000000    19.4840000000     6.5060000000     0.0836066991     0.2186525630     0.1075419235    -0.1395447330    -2.8162957953    -0.0637841400     0.1305397495    -2.3204826151    -0.0179243482    -2.0970369343     0.7138460441    -0.2331314276     0.1538126202     1.5144482248     0.0996013699     0.9922802317
1    -4.8540000000    20.6020000000     7.3830000000    -0.4429444743    -0.0824833769    -0.1600618739    -0.1522161073    -3.3322138468     0.1176625589     0.1041673799    -3.1867032725     0.1708491944    -3.1435768417     0.6591236999     0.0489555239     0.0915876322     1.2613843180     0.2961475728     0.8654707735
1    -5.2890000000    19.9220000000     5.1300000000    -0.5421614902     0.2225450761    -0.0601781394     0.3398361994    -3.5582843651     0.1831616471    -0.2382412520    -4.1039038645    -0.2874751839    -3.4040349392     0.3187549149     0.0115793203     0.0015959625     0.3524776965    -0.2240418351     0.7809639176
1    -5.7130000000    16.6240000000     5.9730000000     0.2796509289     0.1810293465     0.1304975099    -0.0541047541    -0.2303684005     0.2020687844    -0.0785192875    -0.3721078032    -0.0662383383    -0.4978256849     0.2986775743     0.1606656149    -0.0489151840     0.2089945795    -0.0264098151     0.1132619988
1    -3.5340000000    18.5180000000     6.4250000000     0.1535966001    -0.3035114027    -0.0891928245     0.0635431373    -0.1029034584     0.1591000209    -0.1373994995    -0.5224506845     0.0034038281    -0.4822233252     0.3827066726     0.0863190483    -0.0093035057     0.1807054342    -0.0167567170     0.1069512062
1    -6.4130000000    19.2830000000     6.7160000000     0.1581503056     0.3007050177     0.0640484739    -0.0616522096    -0.0663092975     0.0922487512    -0.1173624370    -0.5837998703    -0.0454564785    -0.5342246444     0.5832779045     0.0364839266    -0.0544536030     0.1156359855    -0.0007618414     0.0961697241
1    -4.3640000000    20.1130000000     4.9810000000     0.3342295826    -0.2090964005    -0.0446746966     0.0309658212     0.0560264334     0.0891366784    -0.0637179397    -0.4084049718     0.0022338549    -0.4765548597     0.2577001834     0.0720961791    -0.0823181944     0.1548857392    -0.0423082230     0.1393810605
1    -3.7770000000    20.4970000000     7.4210000000     0.1258429843    -0.3526298146     0.0326871245    -0.0155359833     0.0276595807    -0.0628400294     0.0232644480    -0.6466334063    -0.0045558688    -0.6439482263     0.5624563142     0.0147145571     0.0663968355     0.1406849895     0.0233291008     0.0938692268
1    -5.0930000000    21.5320000000     6.8850000000     0.1515444021     0.0755962029    -0.3011757330     0.1455115787    -0.5922614182    -0.1315775936     0.0666087789    -0.1127903653    -0.2570884655    -0.4770783714     0.1060124245    -0.1317386524     0.0519986978     0.6769073053    -0.1861053597     0.1452426524
1    -5.2730000000    20.5320000000     8.3780000000     0.1565584528     0.1238764373     0.0129116872    -0.3023689377    -0.5150875283     0.0143768014    -0.2368474212    -0.5919051682    -0.0501484435    -0.0693490301     0.1419051414    -0.0238600261    -0.1708064453     0.1132106262     0.0581946916     0.5512101725
1    -4.2540000000    17.0110000000     4.6070000000     0.3947836600     0.0537662383     0.0822982255     0.0204949119    -2.1994468594     0.7096730525    -0.4607797412    -2.7385004686     0.4155673618    -2.3833520980     0.8694147170     0.1171159847    -0.1891319945     0.8981104907     0.4790168080     1.6132105579
1    -4.8120000000    15.9740000000     3.6400000000    -0.4806646601     0.0788725762     0.1225005398     0.0696966610    -3.3050461062     0.1177053640     0.0228532902    -3.2575773581     0.1225734229    -3.3828265193     0.7261769245     0.1636278930     0.1839839096     1.0357289730     0.4152412423     1.1205806573
1    -3.2090000000    17.6230000000     4.3570000000    -0.4959715111    -0.4593178441    -0.2622866239     0.1077356439    -3.3603819780     0.3067796447    -0.1262966229    -3.7821112012    -0.1820059252    -4.0561668006     0.7321825664     0.2460175550    -0.2042743281     0.3638291983    -0.0802973088     0.3619999625
1    -5.6660000000    15.4810000000     4.0520000000     0.1440910950     0.2759473140     0.1639232946    -0.1377580943    -0.1880728562     0.2529379291    -0.2019922265    -0.4725112893    -0.1225134737    -0.5295843315     0.4162380945     0.2458578562    -0.0855647188     0.2595230501    -0.0408401063     0.1312287629
1    -5.1299620000    16.5192870000     2.7760200000     0.1799798475     0.0983138895    -0.1650415818     0.2736568298    -0.5168796610    -0.1078762883     0.1581886635    -0.4050675575    -0.2874474595    -0.1300616322     0.1247778865    -0.0611867577     0.1656461490     0.1553132336    -0.1741066378     0.5528677152
1    -4.0547990000    15.2650550000     3.3774280000     0.1725302548    -0.2321664349     0.2199334179     0.0798170456    -0.2568571365    -0.3163285578    -0.1192889951    -0.3014279400     0.1038022643    -0.5489451746     0.2925376647    -0.2551986094    -0.1295079310     0.3828248705     0.1699331801     0.1695326594
1    -3.4090000000    17.2240000000     8.5330000000    -0.1456028557    -0.0382163438    -0.0453789968     0.0428241531    -2.4746698054    -0.6533793178    -0.1520216563    -3.6377737902    -0.2819218437    -2.5235133811     1.3065445963    -0.5370940474     0.2580452460     0.5201275853    -0.3273705857     1.1362350563
1    -3.2570000000    16.7830000000     9.9160000000    -0.3235766687    -0.0223151677     0.0772789997    -0.2424750996    -3.2575058517     0.0111941423     0.0872943619    -3.2257714782    -0.1599133847    -2.7784843919     0.6256739905    -0.0254040701     0.1400901653     0.7014796248    -0.2367499235     1.3344313038
1    -2.2390000000    16.8380000000     7.7270000000    -0.3141626321    -0.1818121716     0.0497235363     0.1441552056    -3.0013745527    -0.0888124765    -0.2294685773    -3.2685668440     0.0837808315    -3.0572498431     1.0793550908    -0.1569031695    -0.1582060273     0.6910374215     0.0291133880     0.7442848404
1    -4.0610000000    16.1190000000    10.1740000000     0.1630606304     0.2351388820     0.1921394972    -0.0851235380    -0.2550170702     0.2759379078    -0.1059033967    -0.3652669949    -0.0842136439    -0.5518915626     0.2754595566     0.2272768780    -0.1346301377     0.3090739539    -0.1468047624     0.1873648697
1    -1.5520000000    17.7000000000     7.7450000000     0.1472365618    -0.2071176621    -0.2406314699     0.0049196631    -0.3652820027     0.3101073471     0.0001250957    -0.2141794861     0.0234225035    -0.6219382396     0.4124079581     0.2663717394    -0.0045925018     0.3325712865    -0.0012629470     0.0878498063
1    -2.5230000000    16.5690000000     6.7270000000     0.1649074202     0.0725648375     0.0801120248     0.2767525716    -0.5239967268     0.0449604870     0.1716972814    -0.5496407575     0.1209822024    -0.0175945847     0.1290627040    -0.0107907144     0.0768559437     0.1304953991     0.1133061081     0.4635933670
1    -3.1643610000    17.6365490000    10.5545710000     0.1609236584    -0.0192633681    -0.2490749284    -0.1981739528    -0.5985124251     0.0449924285     0.0225778513    -0.1995365841     0.2817557546    -0.3787949755     0.0795112850     0.0524184093     0.0553844071     0.3307575003     0.2586367483     0.3851601465
1    -2.3219240000    16.2628900000     9.9202060000     0.1463669531    -0.2859648679     0.1659231980    -0.0265216297    -0.0829764896    -0.2842538781     0.0103769333    -0.4371276080    -0.0030728057    -0.5778041936     0.4267865294    -0.2161537812     0.0924273222     0.2013187215    -0.0637275608     0.1523251295
1    -1.8234860000    16.0255980000     8.2857950000     0.1554806638    -0.1398792722     0.2501487814    -0.1380549586    -0.4758602804    -0.1913765102     0.1236695644    -0.2166674122    -0.2475506350    -0.4092110756     0.2290909050    -0.2170317404     0.0951534380     0.3870660868    -0.1592691291     0.1910741820


---------------
Atomic domain 1
---------------
Domain center:           -4.94100    17.19000     5.74500
Nuclear charge:           7.00000
Electronic charge:       -7.31238
Total charge:            -0.31238
Electronic dipole         0.18602     0.15997    -0.04479
Electronic dipole norm     0.24940
Electronic quadrupole    -3.19912     0.56699    -0.45308    -3.25149     0.51378    -2.81833
Isotropic polarizablity (w=0)     0.92305
Electronic polarizability (w=0)     0.47765     0.03042     0.76750    -0.19059     0.63156     1.52401

---------------
Atomic domain 2
---------------
Domain center:           -4.53600    18.21600     6.67000
Nuclear charge:           6.00000
Electronic charge:       -6.06934
Total charge:            -0.06934
Electronic dipole        -0.20029    -0.04305    -0.07590
Electronic dipole norm     0.21847
Electronic quadrupole    -2.95303    -0.10327     0.12638    -2.54753     0.12779    -2.58131
Isotropic polarizablity (w=0)     1.22498
Electronic polarizability (w=0)     0.62358    -0.28599     1.46162     0.28092     0.17323     1.58975

---------------
Atomic domain 3
---------------
Domain center:           -4.52700    17.77600     8.12100
Nuclear charge:           6.00000
Electronic charge:       -5.64501
Total charge:             0.35499
Electronic dipole        -0.02718    -0.00492     0.10845
Electronic dipole norm     0.11191
Electronic quadrupole    -2.04101    -0.52020    -0.38949    -3.37380    -0.28444    -2.16696
Isotropic polarizablity (w=0)     1.19259
Electronic polarizability (w=0)     1.32521    -0.40390     0.87248     0.22347    -0.32003     1.38007

---------------
Atomic domain 4
---------------
Domain center:           -5.50700    17.92200     8.86100
Nuclear charge:           8.00000
Electronic charge:       -8.50073
Total charge:            -0.50073
Electronic dipole         0.42932    -0.07119    -0.31057
Electronic dipole norm     0.53463
Electronic quadrupole    -3.49890    -0.01580    -0.42707    -3.96356     0.15328    -3.82195
Isotropic polarizablity (w=0)     0.53615
Electronic polarizability (w=0)     0.79878    -0.12080     0.28044    -0.35789     0.03884     0.52922

---------------
Atomic domain 5
---------------
Domain center:           -5.39600    19.48400     6.50600
Nuclear charge:           6.00000
Electronic charge:       -5.91639
Total charge:             0.08361
Electronic dipole         0.21865     0.10754    -0.13954
Electronic dipole norm     0.28080
Electronic quadrupole    -2.81630    -0.06378     0.13054    -2.32048    -0.01792    -2.09704
Isotropic polarizablity (w=0)     1.07352
Electronic polarizability (w=0)     0.71385    -0.23313     1.51445     0.15381     0.09960     0.99228

---------------
Atomic domain 6
---------------
Domain center:           -4.85400    20.60200     7.38300
Nuclear charge:           6.00000
Electronic charge:       -6.44294
Total charge:            -0.44294
Electronic dipole        -0.08248    -0.16006    -0.15222
Electronic dipole norm     0.23578
Electronic quadrupole    -3.33221     0.11766     0.10417    -3.18670     0.17085    -3.14358
Isotropic polarizablity (w=0)     0.92866
Electronic polarizability (w=0)     0.65912     0.04896     1.26138     0.09159     0.29615     0.86547

---------------
Atomic domain 7
---------------
Domain center:           -5.28900    19.92200     5.13000
Nuclear charge:           8.00000
Electronic charge:       -8.54216
Total charge:            -0.54216
Electronic dipole         0.22255    -0.06018     0.33984
Electronic dipole norm     0.41065
Electronic quadrupole    -3.55828     0.18316    -0.23824    -4.10390    -0.28748    -3.40403
Isotropic polarizablity (w=0)     0.48407
Electronic polarizability (w=0)     0.31875     0.01158     0.35248     0.00160    -0.22404     0.78096

---------------
Atomic domain 8
---------------
Domain center:           -5.71300    16.62400     5.97300
Nuclear charge:           1.00000
Electronic charge:       -0.72035
Total charge:             0.27965
Electronic dipole         0.18103     0.13050    -0.05410
Electronic dipole norm     0.22963
Electronic quadrupole    -0.23037     0.20207    -0.07852    -0.37211    -0.06624    -0.49783
Isotropic polarizablity (w=0)     0.20698
Electronic polarizability (w=0)     0.29868     0.16067     0.20899    -0.04892    -0.02641     0.11326

---------------
Atomic domain 9
---------------
Domain center:           -3.53400    18.51800     6.42500
Nuclear charge:           1.00000
Electronic charge:       -0.84640
Total charge:             0.15360
Electronic dipole        -0.30351    -0.08919     0.06354
Electronic dipole norm     0.32266
Electronic quadrupole    -0.10290     0.15910    -0.13740    -0.52245     0.00340    -0.48222
Isotropic polarizablity (w=0)     0.22345
Electronic polarizability (w=0)     0.38271     0.08632     0.18071    -0.00930    -0.01676     0.10695

----------------
Atomic domain 10
----------------
Domain center:           -6.41300    19.28300     6.71600
Nuclear charge:           1.00000
Electronic charge:       -0.84185
Total charge:             0.15815
Electronic dipole         0.30071     0.06405    -0.06165
Electronic dipole norm     0.31357
Electronic quadrupole    -0.06631     0.09225    -0.11736    -0.58380    -0.04546    -0.53422
Isotropic polarizablity (w=0)     0.26503
Electronic polarizability (w=0)     0.58328     0.03648     0.11564    -0.05445    -0.00076     0.09617

----------------
Atomic domain 11
----------------
Domain center:           -4.36400    20.11300     4.98100
Nuclear charge:           1.00000
Electronic charge:       -0.66577
Total charge:             0.33423
Electronic dipole        -0.20910    -0.04467     0.03097
Electronic dipole norm     0.21605
Electronic quadrupole     0.05603     0.08914    -0.06372    -0.40840     0.00223    -0.47655
Isotropic polarizablity (w=0)     0.18399
Electronic polarizability (w=0)     0.25770     0.07210     0.15489    -0.08232    -0.04231     0.13938

----------------
Atomic domain 12
----------------
Domain center:           -3.77700    20.49700     7.42100
Nuclear charge:           1.00000
Electronic charge:       -0.87416
Total charge:             0.12584
Electronic dipole        -0.35263     0.03269    -0.01554
Electronic dipole norm     0.35448
Electronic quadrupole     0.02766    -0.06284     0.02326    -0.64663    -0.00456    -0.64395
Isotropic polarizablity (w=0)     0.26567
Electronic polarizability (w=0)     0.56246     0.01471     0.14068     0.06640     0.02333     0.09387

----------------
Atomic domain 13
----------------
Domain center:           -5.09300    21.53200     6.88500
Nuclear charge:           1.00000
Electronic charge:       -0.84846
Total charge:             0.15154
Electronic dipole         0.07560    -0.30118     0.14551
Electronic dipole norm     0.34292
Electronic quadrupole    -0.59226    -0.13158     0.06661    -0.11279    -0.25709    -0.47708
Isotropic polarizablity (w=0)     0.30939
Electronic polarizability (w=0)     0.10601    -0.13174     0.67691     0.05200    -0.18611     0.14524

----------------
Atomic domain 14
----------------
Domain center:           -5.27300    20.53200     8.37800
Nuclear charge:           1.00000
Electronic charge:       -0.84344
Total charge:             0.15656
Electronic dipole         0.12388     0.01291    -0.30237
Electronic dipole norm     0.32702
Electronic quadrupole    -0.51509     0.01438    -0.23685    -0.59191    -0.05015    -0.06935
Isotropic polarizablity (w=0)     0.26878
Electronic polarizability (w=0)     0.14191    -0.02386     0.11321    -0.17081     0.05819     0.55121

----------------
Atomic domain 15
----------------
Domain center:           -4.25400    17.01100     4.60700
Nuclear charge:           6.00000
Electronic charge:       -5.60522
Total charge:             0.39478
Electronic dipole         0.05377     0.08230     0.02049
Electronic dipole norm     0.10042
Electronic quadrupole    -2.19945     0.70967    -0.46078    -2.73850     0.41557    -2.38335
Isotropic polarizablity (w=0)     1.12691
Electronic polarizability (w=0)     0.86941     0.11712     0.89811    -0.18913     0.47902     1.61321

----------------
Atomic domain 16
----------------
Domain center:           -4.81200    15.97400     3.64000
Nuclear charge:           6.00000
Electronic charge:       -6.48066
Total charge:            -0.48066
Electronic dipole         0.07887     0.12250     0.06970
Electronic dipole norm     0.16151
Electronic quadrupole    -3.30505     0.11771     0.02285    -3.25758     0.12257    -3.38283
Isotropic polarizablity (w=0)     0.96083
Electronic polarizability (w=0)     0.72618     0.16363     1.03573     0.18398     0.41524     1.12058

----------------
Atomic domain 17
----------------
Domain center:           -3.20900    17.62300     4.35700
Nuclear charge:           8.00000
Electronic charge:       -8.49597
Total charge:            -0.49597
Electronic dipole        -0.45932    -0.26229     0.10774
Electronic dipole norm     0.53979
Electronic quadrupole    -3.36038     0.30678    -0.12630    -3.78211    -0.18201    -4.05617
Isotropic polarizablity (w=0)     0.48600
Electronic polarizability (w=0)     0.73218     0.24602     0.36383    -0.20427    -0.08030     0.36200

----------------
Atomic domain 18
----------------
Domain center:           -5.66600    15.48100     4.05200
Nuclear charge:           1.00000
Electronic charge:       -0.85591
Total charge:             0.14409
Electronic dipole         0.27595     0.16392    -0.13776
Electronic dipole norm     0.34928
Electronic quadrupole    -0.18807     0.25294    -0.20199    -0.47251    -0.12251    -0.52958
Isotropic polarizablity (w=0)     0.26900
Electronic polarizability (w=0)     0.41624     0.24586     0.25952    -0.08556    -0.04084     0.13123

----------------
Atomic domain 19
----------------
Domain center:           -5.12996    16.51929     2.77602
Nuclear charge:           1.00000
Electronic charge:       -0.82002
Total charge:             0.17998
Electronic dipole         0.09831    -0.16504     0.27366
Electronic dipole norm     0.33435
Electronic quadrupole    -0.51688    -0.10788     0.15819    -0.40507    -0.28745    -0.13006
Isotropic polarizablity (w=0)     0.27765
Electronic polarizability (w=0)     0.12478    -0.06119     0.15531     0.16565    -0.17411     0.55287

----------------
Atomic domain 20
----------------
Domain center:           -4.05480    15.26506     3.37743
Nuclear charge:           1.00000
Electronic charge:       -0.82747
Total charge:             0.17253
Electronic dipole        -0.23217     0.21993     0.07982
Electronic dipole norm     0.32961
Electronic quadrupole    -0.25686    -0.31633    -0.11929    -0.30143     0.10380    -0.54895
Isotropic polarizablity (w=0)     0.28163
Electronic polarizability (w=0)     0.29254    -0.25520     0.38282    -0.12951     0.16993     0.16953

----------------
Atomic domain 21
----------------
Domain center:           -3.40900    17.22400     8.53300
Nuclear charge:           7.00000
Electronic charge:       -7.14560
Total charge:            -0.14560
Electronic dipole        -0.03822    -0.04538     0.04282
Electronic dipole norm     0.07317
Electronic quadrupole    -2.47467    -0.65338    -0.15202    -3.63777    -0.28192    -2.52351
Isotropic polarizablity (w=0)     0.98764
Electronic polarizability (w=0)     1.30654    -0.53709     0.52013     0.25805    -0.32737     1.13624

----------------
Atomic domain 22
----------------
Domain center:           -3.25700    16.78300     9.91600
Nuclear charge:           6.00000
Electronic charge:       -6.32358
Total charge:            -0.32358
Electronic dipole        -0.02232     0.07728    -0.24248
Electronic dipole norm     0.25547
Electronic quadrupole    -3.25751     0.01119     0.08729    -3.22577    -0.15991    -2.77848
Isotropic polarizablity (w=0)     0.88719
Electronic polarizability (w=0)     0.62567    -0.02540     0.70148     0.14009    -0.23675     1.33443

----------------
Atomic domain 23
----------------
Domain center:           -2.23900    16.83800     7.72700
Nuclear charge:           6.00000
Electronic charge:       -6.31416
Total charge:            -0.31416
Electronic dipole        -0.18181     0.04972     0.14416
Electronic dipole norm     0.23729
Electronic quadrupole    -3.00137    -0.08881    -0.22947    -3.26857     0.08378    -3.05725
Isotropic polarizablity (w=0)     0.83823
Electronic polarizability (w=0)     1.07936    -0.15690     0.69104    -0.15821     0.02911     0.74428

----------------
Atomic domain 24
----------------
Domain center:           -4.06100    16.11900    10.17400
Nuclear charge:           1.00000
Electronic charge:       -0.83694
Total charge:             0.16306
Electronic dipole         0.23514     0.19214    -0.08512
Electronic dipole norm     0.31536
Electronic quadrupole    -0.25502     0.27594    -0.10590    -0.36527    -0.08421    -0.55189
Isotropic polarizablity (w=0)     0.25730
Electronic polarizability (w=0)     0.27546     0.22728     0.30907    -0.13463    -0.14680     0.18736

----------------
Atomic domain 25
----------------
Domain center:           -1.55200    17.70000     7.74500
Nuclear charge:           1.00000
Electronic charge:       -0.85276
Total charge:             0.14724
Electronic dipole        -0.20712    -0.24063     0.00492
Electronic dipole norm     0.31753
Electronic quadrupole    -0.36528     0.31011     0.00013    -0.21418     0.02342    -0.62194
Isotropic polarizablity (w=0)     0.27761
Electronic polarizability (w=0)     0.41241     0.26637     0.33257    -0.00459    -0.00126     0.08785

----------------
Atomic domain 26
----------------
Domain center:           -2.52300    16.56900     6.72700
Nuclear charge:           1.00000
Electronic charge:       -0.83509
Total charge:             0.16491
Electronic dipole         0.07256     0.08011     0.27675
Electronic dipole norm     0.29711
Electronic quadrupole    -0.52400     0.04496     0.17170    -0.54964     0.12098    -0.01759
Isotropic polarizablity (w=0)     0.24105
Electronic polarizability (w=0)     0.12906    -0.01079     0.13050     0.07686     0.11331     0.46359

----------------
Atomic domain 27
----------------
Domain center:           -3.16436    17.63655    10.55457
Nuclear charge:           1.00000
Electronic charge:       -0.83908
Total charge:             0.16092
Electronic dipole        -0.01926    -0.24907    -0.19817
Electronic dipole norm     0.31888
Electronic quadrupole    -0.59851     0.04499     0.02258    -0.19954     0.28176    -0.37879
Isotropic polarizablity (w=0)     0.26514
Electronic polarizability (w=0)     0.07951     0.05242     0.33076     0.05538     0.25864     0.38516

----------------
Atomic domain 28
----------------
Domain center:           -2.32192    16.26289     9.92021
Nuclear charge:           1.00000
Electronic charge:       -0.85363
Total charge:             0.14637
Electronic dipole        -0.28596     0.16592    -0.02652
Electronic dipole norm     0.33168
Electronic quadrupole    -0.08298    -0.28425     0.01038    -0.43713    -0.00307    -0.57780
Isotropic polarizablity (w=0)     0.26014
Electronic polarizability (w=0)     0.42679    -0.21615     0.20132     0.09243    -0.06373     0.15233

----------------
Atomic domain 29
----------------
Domain center:           -1.82349    16.02560     8.28580
Nuclear charge:           1.00000
Electronic charge:       -0.84452
Total charge:             0.15548
Electronic dipole        -0.13988     0.25015    -0.13805
Electronic dipole norm     0.31812
Electronic quadrupole    -0.47586    -0.19138     0.12367    -0.21667    -0.24755    -0.40921
Isotropic polarizablity (w=0)     0.26908
Electronic polarizability (w=0)     0.22909    -0.21703     0.38707     0.09515    -0.15927     0.19107

---------
Molecular
---------
Domain center:           -4.29611    17.89623     6.71119
Nuclear charge:         102.00000
Electronic charge:     -102.00000
Total charge:             0.00000
Electronic dipole        -0.20889     0.17478    -0.27642
Gauge   dipole            0.92425    -1.30172     0.75124
Total   dipole            0.71536    -1.12694     0.47481
Electronic quadrupole  -466.66124   239.14821  -168.57695  -776.84936   -39.94199 -1412.12496
Nuclear    quadrupole   408.32652  -237.01595   176.95870   723.08674    41.49051  1350.44653
Total      quadrupole   -58.33471     2.13227     8.38174   -53.76262     1.54851   -61.67843
Polarizability av (0)       15.77170
Polarizability (0)          14.97490    -0.89926    14.80062     0.11719     0.73930    17.53959
Time used in Loprop              :      6.46 (cpu)       4.71 (wall)
