AA
26 2 2 1
1    -3.4090000000    17.2240000000     8.5330000000    -0.1596354872    -0.0404015791    -0.0152896179     0.0458940111    -2.5209894612    -0.6546840292    -0.1352112134    -3.6444416322    -0.2734545848    -2.5492049816     1.3216797286    -0.5564570036     0.2548680762     0.4970483849    -0.2192829408     1.1586016804
1    -3.2570000000    16.7830000000     9.9160000000    -0.0617888640     0.2088427791     0.1233950426    -0.1905321288    -2.7294081467    -0.1471279030     0.0646413714    -2.7626531059    -0.0772829792    -2.5099733256     0.8384027991    -0.2247603168     0.0650912241     1.0013749571     0.2532474174     1.4549942712
1    -3.1260000000    17.9900000000    10.8190000000     0.3778540742     0.0136384728     0.1071435633     0.0164883280    -3.4425197497     0.4339218862    -0.2799000510    -1.9408364568    -0.2262299046    -2.0885919604     0.5478265295     0.0205563882    -0.1354957983     1.0704899281     0.2418505904     1.7546012993
1    -2.7740000000    19.1010000000    10.3640000000    -0.4905395482    -0.1612812687    -0.4633225823     0.1996731491    -3.8520324412     0.1797262884    -0.0754076229    -3.3831715987    -0.3564225129    -4.0238074315     0.2667966292     0.1693152261    -0.0629077448     0.8173424365    -0.2116218294     0.4139607568
1    -1.9230000000    16.0410000000     9.9220000000    -0.2691226042    -0.1653539580     0.0598518842    -0.2757035528    -2.7999655675    -0.2474960336    -0.0325759153    -2.9984644593     0.0674718565    -2.7777011833     0.9209372619    -0.3194894336    -0.0433546325     0.7979872817     0.0864073622     1.1028649595
1    -1.6590000000    15.7040000000     8.5070000000    -0.2640747127    -0.1530018013     0.2599345313     0.1407934683    -3.0364649001    -0.2127445940    -0.0253209211    -2.8634381333    -0.0590103963    -2.6697603922     0.7979716985    -0.2997870329    -0.0530487008     0.9613846178     0.0147929573     1.1017889739
1    -2.2390000000    16.8380000000     7.7270000000    -0.1606145653    -0.1052424220    -0.1340696213     0.2866281299    -2.8352220724    -0.2077397948    -0.1353303796    -2.8607392793    -0.1047694807    -2.7898684404     1.0078840512    -0.2702756109    -0.1076295973     0.8472323846    -0.1399242381     0.9640280406
1    -4.0610000000    16.1190000000    10.1740000000     0.1490378306     0.2294535109     0.1890873500    -0.0881884090    -0.3289281579     0.2486508828    -0.0865850266    -0.3975063531    -0.0791643120    -0.5772496357     0.3336589460     0.2349473076    -0.0918878039     0.3200892234    -0.0740703827     0.1731618965
1    -1.1440000000    16.6890000000    10.2420000000     0.1508505280    -0.2443924888    -0.1980697655    -0.1086934808    -0.2576854919     0.2673395807     0.1283754631    -0.3752911808     0.1022345730    -0.5773576195     0.4048081157     0.1655630549     0.1404225126     0.1981906479     0.1006173444     0.1706407757
1    -1.9640000000    15.1390000000    10.5130000000     0.1448837131     0.0122953261     0.2646392205    -0.1888274573    -0.6380357931     0.0370899290    -0.0120644180    -0.1836130951    -0.2855875138    -0.4731824778     0.0896414303    -0.0492786958     0.0240297864     0.4850548782    -0.2757043154     0.2939669605
1    -0.6110000000    15.5480000000     8.3000000000     0.1474640498    -0.3121187392     0.0485284380     0.0638202578    -0.0361394130    -0.0734902598    -0.1073461654    -0.6199106902     0.0160328079    -0.6266770034     0.6725205799    -0.1703399090    -0.1419018283     0.1297566365     0.0377816232     0.1321416869
1    -2.2220000000    14.8170000000     8.3050000000     0.1403670531     0.1751570422     0.2794475554     0.0719392457    -0.4455928156     0.2838062127     0.0632533467    -0.2090814762     0.0975182085    -0.6326527091     0.1616919902     0.1880990397     0.0550036036     0.5326470886     0.1203019739     0.1314527505
1    -1.5520000000    17.7000000000     7.7450000000     0.1387772342    -0.2044049165    -0.2365857173     0.0129398005    -0.3953082956     0.2822700799    -0.0114348362    -0.2630508655     0.0360699597    -0.6103359258     0.3724638813     0.2511322169    -0.0503691763     0.3720049415    -0.0573193886     0.1070717174
1    -2.5230000000    16.5690000000     6.7270000000     0.1523257382     0.0747674315     0.0765179163     0.2875663477    -0.5642054597     0.0588319060     0.1326986492    -0.5804971533     0.1503307869    -0.0934080329     0.1253214090    -0.0099845734     0.0729283225     0.1265203609     0.1176557701     0.5818563664
1    -4.5270000000    17.7760000000     8.1210000000     0.3842417546    -0.0234373437     0.0146582791     0.0970330553    -1.9911308588    -0.4719959222    -0.3551238194    -3.3094445820    -0.2813468003    -2.1395641175     1.4097813562    -0.3687650380     0.2019816604     0.7103915409    -0.2704849733     1.2756913818
1    -4.5360000000    18.2160000000     6.6700000000    -0.4827516856    -0.0211260209    -0.0211790962     0.1628579038    -3.4258073392    -0.0003706934    -0.0011770023    -3.4175836901    -0.0509643589    -3.1370216270     0.7203396013    -0.0671113024     0.1615601353     0.7410199329    -0.2389869972     1.3316945540
1    -5.5070000000    17.9220000000     8.8610000000    -0.4974810153     0.4246834976    -0.0563900747    -0.3267462528    -3.5034626292    -0.0068207527    -0.4345923270    -3.9283022723     0.1329469239    -3.8074164626     0.8908902088    -0.1344705500    -0.3281916215     0.2543359354     0.0651522819     0.4588632704
1    -3.5340000000    18.5180000000     6.4250000000     0.1488371655    -0.3276270843    -0.0951353819     0.0881465870    -0.0103827052     0.1923981092    -0.1559514476    -0.5529395748    -0.0398630624    -0.5658903400     0.4573008640     0.1301990305    -0.1285034673     0.1571679251    -0.0926351944     0.1880245932
1    -4.8370300000    17.4533910000     5.9824620000     0.1615233218     0.0929981284     0.2421778767     0.2069541536    -0.5574315937     0.1429730302     0.1193212358    -0.2697197996     0.3007516891    -0.3513783844     0.1506205179     0.1119135343     0.1510813076     0.2868290553     0.2463349339     0.4093697837
1    -5.1331900000    19.0965080000     6.5561170000     0.1731960608     0.1954641005    -0.2701567439     0.0375711115    -0.3829465723    -0.3093130573     0.0439675745    -0.1381153788    -0.0557561677    -0.5917370574     0.2755644988    -0.2887017506     0.0961202232     0.4687010648    -0.1327068254     0.1332292693
1    -3.3770000000    17.7710000000    12.1100000000    -0.3193658170     0.0419508254     0.2462177055    -0.0794784815    -3.9464237103     0.5196372377    -0.1908848454    -2.8887705558     0.1210216768    -2.5218741784     0.3009303922     0.0815996302    -0.0992260839     0.6217708992     0.2999891248     1.6783861429
1    -3.1410000000    18.8190000000    13.1080000000    -0.3288003620    -0.0337609941    -0.1765515651    -0.1802347246    -3.2703654777    -0.0050629980     0.1003441165    -3.1116915586     0.2594464447    -2.9445763355     0.6464528285     0.0023906797     0.0717844115     0.8226656244     0.3991041293     1.2135870889
1    -3.8110000000    16.9340000000    12.3650000000     0.2749514837     0.0970246371     0.2054188538    -0.0644586895    -0.4237397885     0.1656819088    -0.0529704643    -0.1947487886    -0.1244095530    -0.4929836261     0.1542896205     0.1233876928    -0.0631286954     0.3235800735    -0.0995520751     0.1590499255
1    -3.6640000000    19.6730000000    12.7140000000     0.1721867334     0.1385446092    -0.2627608259     0.0996269624    -0.4357801922    -0.2261932054     0.1024736226    -0.1876805778    -0.1734194013    -0.4845511302     0.1867820177    -0.1994416192     0.0424313314     0.4418031288    -0.0450836563     0.0928319935
1    -2.0800360000    18.9171200000    13.2061200000     0.1614489713    -0.3188220918    -0.0507889522    -0.0288374169     0.0218636616     0.0603956950     0.0467401988    -0.5700011141     0.0119543466    -0.5902944036     0.5473387862     0.0795122309     0.1297960697     0.0986051181     0.0403923334     0.1185799602
1    -3.5105290000    18.5500610000    14.0754810000     0.1562289493     0.1250629737     0.0947798693    -0.2926629348    -0.5241355327     0.0566716829    -0.2070393852    -0.5732249410    -0.1603427709    -0.0754026225     0.1370202439     0.0338508847    -0.1836934069     0.0968021543    -0.0873771165     0.6429488468


---------------
Atomic domain 1
---------------
Domain center:           -3.40900    17.22400     8.53300
Nuclear charge:           7.00000
Electronic charge:       -7.15964
Total charge:            -0.15964
Electronic dipole        -0.04040    -0.01529     0.04589
Electronic dipole norm     0.06303
Electronic quadrupole    -2.52099    -0.65468    -0.13521    -3.64444    -0.27345    -2.54920
Isotropic polarizablity (w=0)     0.99244
Electronic polarizability (w=0)     1.32168    -0.55646     0.49705     0.25487    -0.21928     1.15860

---------------
Atomic domain 2
---------------
Domain center:           -3.25700    16.78300     9.91600
Nuclear charge:           6.00000
Electronic charge:       -6.06179
Total charge:            -0.06179
Electronic dipole         0.20884     0.12340    -0.19053
Electronic dipole norm     0.30845
Electronic quadrupole    -2.72941    -0.14713     0.06464    -2.76265    -0.07728    -2.50997
Isotropic polarizablity (w=0)     1.09826
Electronic polarizability (w=0)     0.83840    -0.22476     1.00137     0.06509     0.25325     1.45499

---------------
Atomic domain 3
---------------
Domain center:           -3.12600    17.99000    10.81900
Nuclear charge:           6.00000
Electronic charge:       -5.62215
Total charge:             0.37785
Electronic dipole         0.01364     0.10714     0.01649
Electronic dipole norm     0.10926
Electronic quadrupole    -3.44252     0.43392    -0.27990    -1.94084    -0.22623    -2.08859
Isotropic polarizablity (w=0)     1.12431
Electronic polarizability (w=0)     0.54783     0.02056     1.07049    -0.13550     0.24185     1.75460

---------------
Atomic domain 4
---------------
Domain center:           -2.77400    19.10100    10.36400
Nuclear charge:           8.00000
Electronic charge:       -8.49054
Total charge:            -0.49054
Electronic dipole        -0.16128    -0.46332     0.19967
Electronic dipole norm     0.52967
Electronic quadrupole    -3.85203     0.17973    -0.07541    -3.38317    -0.35642    -4.02381
Isotropic polarizablity (w=0)     0.49937
Electronic polarizability (w=0)     0.26680     0.16932     0.81734    -0.06291    -0.21162     0.41396

---------------
Atomic domain 5
---------------
Domain center:           -1.92300    16.04100     9.92200
Nuclear charge:           6.00000
Electronic charge:       -6.26912
Total charge:            -0.26912
Electronic dipole        -0.16535     0.05985    -0.27570
Electronic dipole norm     0.32701
Electronic quadrupole    -2.79997    -0.24750    -0.03258    -2.99846     0.06747    -2.77770
Isotropic polarizablity (w=0)     0.94060
Electronic polarizability (w=0)     0.92094    -0.31949     0.79799    -0.04335     0.08641     1.10286

---------------
Atomic domain 6
---------------
Domain center:           -1.65900    15.70400     8.50700
Nuclear charge:           6.00000
Electronic charge:       -6.26407
Total charge:            -0.26407
Electronic dipole        -0.15300     0.25993     0.14079
Electronic dipole norm     0.33286
Electronic quadrupole    -3.03646    -0.21274    -0.02532    -2.86344    -0.05901    -2.66976
Isotropic polarizablity (w=0)     0.95372
Electronic polarizability (w=0)     0.79797    -0.29979     0.96138    -0.05305     0.01479     1.10179

---------------
Atomic domain 7
---------------
Domain center:           -2.23900    16.83800     7.72700
Nuclear charge:           6.00000
Electronic charge:       -6.16061
Total charge:            -0.16061
Electronic dipole        -0.10524    -0.13407     0.28663
Electronic dipole norm     0.33348
Electronic quadrupole    -2.83522    -0.20774    -0.13533    -2.86074    -0.10477    -2.78987
Isotropic polarizablity (w=0)     0.93971
Electronic polarizability (w=0)     1.00788    -0.27028     0.84723    -0.10763    -0.13992     0.96403

---------------
Atomic domain 8
---------------
Domain center:           -4.06100    16.11900    10.17400
Nuclear charge:           1.00000
Electronic charge:       -0.85096
Total charge:             0.14904
Electronic dipole         0.22945     0.18909    -0.08819
Electronic dipole norm     0.31013
Electronic quadrupole    -0.32893     0.24865    -0.08659    -0.39751    -0.07916    -0.57725
Isotropic polarizablity (w=0)     0.27564
Electronic polarizability (w=0)     0.33366     0.23495     0.32009    -0.09189    -0.07407     0.17316

---------------
Atomic domain 9
---------------
Domain center:           -1.14400    16.68900    10.24200
Nuclear charge:           1.00000
Electronic charge:       -0.84915
Total charge:             0.15085
Electronic dipole        -0.24439    -0.19807    -0.10869
Electronic dipole norm     0.33283
Electronic quadrupole    -0.25769     0.26734     0.12838    -0.37529     0.10223    -0.57736
Isotropic polarizablity (w=0)     0.25788
Electronic polarizability (w=0)     0.40481     0.16556     0.19819     0.14042     0.10062     0.17064

----------------
Atomic domain 10
----------------
Domain center:           -1.96400    15.13900    10.51300
Nuclear charge:           1.00000
Electronic charge:       -0.85512
Total charge:             0.14488
Electronic dipole         0.01230     0.26464    -0.18883
Electronic dipole norm     0.32533
Electronic quadrupole    -0.63804     0.03709    -0.01206    -0.18361    -0.28559    -0.47318
Isotropic polarizablity (w=0)     0.28955
Electronic polarizability (w=0)     0.08964    -0.04928     0.48505     0.02403    -0.27570     0.29397

----------------
Atomic domain 11
----------------
Domain center:           -0.61100    15.54800     8.30000
Nuclear charge:           1.00000
Electronic charge:       -0.85254
Total charge:             0.14746
Electronic dipole        -0.31212     0.04853     0.06382
Electronic dipole norm     0.32225
Electronic quadrupole    -0.03614    -0.07349    -0.10735    -0.61991     0.01603    -0.62668
Isotropic polarizablity (w=0)     0.31147
Electronic polarizability (w=0)     0.67252    -0.17034     0.12976    -0.14190     0.03778     0.13214

----------------
Atomic domain 12
----------------
Domain center:           -2.22200    14.81700     8.30500
Nuclear charge:           1.00000
Electronic charge:       -0.85963
Total charge:             0.14037
Electronic dipole         0.17516     0.27945     0.07194
Electronic dipole norm     0.33756
Electronic quadrupole    -0.44559     0.28381     0.06325    -0.20908     0.09752    -0.63265
Isotropic polarizablity (w=0)     0.27526
Electronic polarizability (w=0)     0.16169     0.18810     0.53265     0.05500     0.12030     0.13145

----------------
Atomic domain 13
----------------
Domain center:           -1.55200    17.70000     7.74500
Nuclear charge:           1.00000
Electronic charge:       -0.86122
Total charge:             0.13878
Electronic dipole        -0.20440    -0.23659     0.01294
Electronic dipole norm     0.31292
Electronic quadrupole    -0.39531     0.28227    -0.01143    -0.26305     0.03607    -0.61034
Isotropic polarizablity (w=0)     0.28385
Electronic polarizability (w=0)     0.37246     0.25113     0.37200    -0.05037    -0.05732     0.10707

----------------
Atomic domain 14
----------------
Domain center:           -2.52300    16.56900     6.72700
Nuclear charge:           1.00000
Electronic charge:       -0.84767
Total charge:             0.15233
Electronic dipole         0.07477     0.07652     0.28757
Electronic dipole norm     0.30682
Electronic quadrupole    -0.56421     0.05883     0.13270    -0.58050     0.15033    -0.09341
Isotropic polarizablity (w=0)     0.27790
Electronic polarizability (w=0)     0.12532    -0.00998     0.12652     0.07293     0.11766     0.58186

----------------
Atomic domain 15
----------------
Domain center:           -4.52700    17.77600     8.12100
Nuclear charge:           6.00000
Electronic charge:       -5.61576
Total charge:             0.38424
Electronic dipole        -0.02344     0.01466     0.09703
Electronic dipole norm     0.10089
Electronic quadrupole    -1.99113    -0.47200    -0.35512    -3.30944    -0.28135    -2.13956
Isotropic polarizablity (w=0)     1.13195
Electronic polarizability (w=0)     1.40978    -0.36877     0.71039     0.20198    -0.27048     1.27569

----------------
Atomic domain 16
----------------
Domain center:           -4.53600    18.21600     6.67000
Nuclear charge:           6.00000
Electronic charge:       -6.48275
Total charge:            -0.48275
Electronic dipole        -0.02113    -0.02118     0.16286
Electronic dipole norm     0.16558
Electronic quadrupole    -3.42581    -0.00037    -0.00118    -3.41758    -0.05096    -3.13702
Isotropic polarizablity (w=0)     0.93102
Electronic polarizability (w=0)     0.72034    -0.06711     0.74102     0.16156    -0.23899     1.33169

----------------
Atomic domain 17
----------------
Domain center:           -5.50700    17.92200     8.86100
Nuclear charge:           8.00000
Electronic charge:       -8.49748
Total charge:            -0.49748
Electronic dipole         0.42468    -0.05639    -0.32675
Electronic dipole norm     0.53879
Electronic quadrupole    -3.50346    -0.00682    -0.43459    -3.92830     0.13295    -3.80742
Isotropic polarizablity (w=0)     0.53470
Electronic polarizability (w=0)     0.89089    -0.13447     0.25434    -0.32819     0.06515     0.45886

----------------
Atomic domain 18
----------------
Domain center:           -3.53400    18.51800     6.42500
Nuclear charge:           1.00000
Electronic charge:       -0.85116
Total charge:             0.14884
Electronic dipole        -0.32763    -0.09514     0.08815
Electronic dipole norm     0.35236
Electronic quadrupole    -0.01038     0.19240    -0.15595    -0.55294    -0.03986    -0.56589
Isotropic polarizablity (w=0)     0.26750
Electronic polarizability (w=0)     0.45730     0.13020     0.15717    -0.12850    -0.09264     0.18802

----------------
Atomic domain 19
----------------
Domain center:           -4.83703    17.45339     5.98246
Nuclear charge:           1.00000
Electronic charge:       -0.83848
Total charge:             0.16152
Electronic dipole         0.09300     0.24218     0.20695
Electronic dipole norm     0.33186
Electronic quadrupole    -0.55743     0.14297     0.11932    -0.26972     0.30075    -0.35138
Isotropic polarizablity (w=0)     0.28227
Electronic polarizability (w=0)     0.15062     0.11191     0.28683     0.15108     0.24633     0.40937

----------------
Atomic domain 20
----------------
Domain center:           -5.13319    19.09651     6.55612
Nuclear charge:           1.00000
Electronic charge:       -0.82680
Total charge:             0.17320
Electronic dipole         0.19546    -0.27016     0.03757
Electronic dipole norm     0.33556
Electronic quadrupole    -0.38295    -0.30931     0.04397    -0.13812    -0.05576    -0.59174
Isotropic polarizablity (w=0)     0.29250
Electronic polarizability (w=0)     0.27556    -0.28870     0.46870     0.09612    -0.13271     0.13323

----------------
Atomic domain 21
----------------
Domain center:           -3.37700    17.77100    12.11000
Nuclear charge:           7.00000
Electronic charge:       -7.31937
Total charge:            -0.31937
Electronic dipole         0.04195     0.24622    -0.07948
Electronic dipole norm     0.26211
Electronic quadrupole    -3.94642     0.51964    -0.19088    -2.88877     0.12102    -2.52187
Isotropic polarizablity (w=0)     0.86703
Electronic polarizability (w=0)     0.30093     0.08160     0.62177    -0.09923     0.29999     1.67839

----------------
Atomic domain 22
----------------
Domain center:           -3.14100    18.81900    13.10800
Nuclear charge:           6.00000
Electronic charge:       -6.32880
Total charge:            -0.32880
Electronic dipole        -0.03376    -0.17655    -0.18023
Electronic dipole norm     0.25455
Electronic quadrupole    -3.27037    -0.00506     0.10034    -3.11169     0.25945    -2.94458
Isotropic polarizablity (w=0)     0.89424
Electronic polarizability (w=0)     0.64645     0.00239     0.82267     0.07178     0.39910     1.21359

----------------
Atomic domain 23
----------------
Domain center:           -3.81100    16.93400    12.36500
Nuclear charge:           1.00000
Electronic charge:       -0.72505
Total charge:             0.27495
Electronic dipole         0.09702     0.20542    -0.06446
Electronic dipole norm     0.23615
Electronic quadrupole    -0.42374     0.16568    -0.05297    -0.19475    -0.12441    -0.49298
Isotropic polarizablity (w=0)     0.21231
Electronic polarizability (w=0)     0.15429     0.12339     0.32358    -0.06313    -0.09955     0.15905

----------------
Atomic domain 24
----------------
Domain center:           -3.66400    19.67300    12.71400
Nuclear charge:           1.00000
Electronic charge:       -0.82781
Total charge:             0.17219
Electronic dipole         0.13854    -0.26276     0.09963
Electronic dipole norm     0.31331
Electronic quadrupole    -0.43578    -0.22619     0.10247    -0.18768    -0.17342    -0.48455
Isotropic polarizablity (w=0)     0.24047
Electronic polarizability (w=0)     0.18678    -0.19944     0.44180     0.04243    -0.04508     0.09283

----------------
Atomic domain 25
----------------
Domain center:           -2.08004    18.91712    13.20612
Nuclear charge:           1.00000
Electronic charge:       -0.83855
Total charge:             0.16145
Electronic dipole        -0.31882    -0.05079    -0.02884
Electronic dipole norm     0.32413
Electronic quadrupole     0.02186     0.06040     0.04674    -0.57000     0.01195    -0.59029
Isotropic polarizablity (w=0)     0.25484
Electronic polarizability (w=0)     0.54734     0.07951     0.09861     0.12980     0.04039     0.11858

----------------
Atomic domain 26
----------------
Domain center:           -3.51053    18.55006    14.07548
Nuclear charge:           1.00000
Electronic charge:       -0.84377
Total charge:             0.15623
Electronic dipole         0.12506     0.09478    -0.29266
Electronic dipole norm     0.33208
Electronic quadrupole    -0.52414     0.05667    -0.20704    -0.57322    -0.16034    -0.07540
Isotropic polarizablity (w=0)     0.29226
Electronic polarizability (w=0)     0.13702     0.03385     0.09680    -0.18369    -0.08738     0.64295

---------
Molecular
---------
Domain center:           -3.27005    17.52037     9.56925
Nuclear charge:          92.00000
Electronic charge:      -92.00000
Total charge:             0.00000
Electronic dipole        -0.28109     0.23150    -0.00643
Gauge   dipole            1.35694    -1.74843     0.44997
Total   dipole            1.07585    -1.51693     0.44354
Electronic quadrupole  -489.56792   195.38343  -136.68408  -439.49583  -205.58735 -1244.37159
Nuclear    quadrupole   431.46667  -195.93853   134.61614   385.62713   205.17731  1204.49107
Total      quadrupole   -58.10124    -0.55511    -2.06793   -53.86870    -0.41004   -39.88052
Polarizability av (0)       14.72103
Polarizability (0)          13.73892    -1.36640    13.18080    -0.02224     0.07888    17.24339
Time used in Loprop              :      4.98 (cpu)       3.51 (wall)
