AA
12 2 2 1
1    -3.3770000000    17.7710000000    12.1100000000    -0.3239459837     0.0536009843     0.2371219047    -0.0812947384    -3.9556890833     0.5197667156    -0.1974533875    -2.8814577497     0.1299770485    -2.5229169866     0.3134835427     0.0971825976    -0.0790447938     0.6354202750     0.2480529532     1.5020445294
1    -3.1410000000    18.8190000000    13.1080000000    -0.3296681803    -0.0301074135    -0.1786382525    -0.1823567968    -3.2752264447    -0.0072429626     0.0980442754    -3.1067526819     0.2628557191    -2.9372499190     0.6797936998    -0.0022681128     0.0731768285     0.8274146808     0.3474213693     1.1190566933
1    -3.8110000000    16.9340000000    12.3650000000     0.2737947405     0.1010219255     0.2039205593    -0.0668650580    -0.4236053324     0.1666548083    -0.0543505711    -0.1908579734    -0.1217280215    -0.4964276694     0.1597573088     0.1321579734    -0.0562984433     0.3454563774    -0.1021591352     0.1413269230
1    -3.6640000000    19.6730000000    12.7140000000     0.1680608181     0.1406782491    -0.2657239305     0.0999878303    -0.4414375422    -0.2262151668     0.1018030827    -0.1918332160    -0.1709549263    -0.4862711465     0.1989656388    -0.2092496936     0.0519715612     0.4525822784    -0.0634831802     0.0957421599
1    -2.0800360000    18.9171200000    13.2061200000     0.1628039948    -0.3173417672    -0.0510864125    -0.0290956665     0.0219948889     0.0596970213     0.0454865755    -0.5684417371     0.0119655403    -0.5883666454     0.5738739415     0.0762737101     0.1174488047     0.0972353483     0.0329574853     0.1077879862
1    -3.5105290000    18.5500610000    14.0754810000     0.1548929850     0.1259358048     0.0947540251    -0.2935173216    -0.5259764355     0.0566649329    -0.2071678394    -0.5749035865    -0.1605090745    -0.0760103092     0.1395258488     0.0358599583    -0.1774349395     0.1012700507    -0.0915747177     0.6062925483
1    -3.1260000000    17.9900000000    10.8190000000     0.3820986270     0.0334933303     0.0804438414     0.0167619992    -3.4575783541     0.4517950484    -0.2969505246    -1.8878903981    -0.1916238214    -2.1056871781     0.6152316569     0.0967713575    -0.1159456887     1.1429404763     0.1137604415     1.5352312454
1    -3.2570000000    16.7830000000     9.9160000000    -0.4867320106     0.0399823027     0.1497274435     0.0627067256    -3.4346322112     0.1150267555    -0.0165444544    -3.2119413671     0.1297408738    -3.3339862444     0.7121675327     0.0378177952     0.0318405488     1.0861431443     0.3597592169     1.0066908545
1    -2.7740000000    19.1010000000    10.3640000000    -0.4916398186    -0.1511543436    -0.4697004745     0.1941356183    -3.8356557427     0.1823417162    -0.0700544304    -3.3798744441    -0.3419966130    -4.0009043145     0.3061121177     0.2001928502    -0.1003741292     0.8652408419    -0.3027084625     0.4244471899
1    -3.3684320000    17.1062990000     8.9021160000     0.1736576619     0.0466389188    -0.1038264708     0.3237243751    -0.5804241263    -0.0225597331     0.0718022305    -0.5295307639    -0.1949208831     0.0297403775     0.0784256187    -0.0137769739     0.0703841466     0.1071840946    -0.0965192038     0.6718291973
1    -2.3219240000    16.2628900000     9.9202060000     0.1707719975    -0.2949353328     0.1748301926    -0.0129594207    -0.0586661250    -0.2902235284     0.0067274585    -0.4330865577    -0.0096035512    -0.5924671557     0.4749339197    -0.2688168164    -0.0397010831     0.2724119752     0.0401433958     0.0838303476
1    -4.0610000000    16.1190000000    10.1740000000     0.1459051683     0.2526535110     0.2095701638    -0.0901797462    -0.2523628776     0.3039323274    -0.1177571279    -0.3670904493    -0.0969236302    -0.5985930520     0.3846138655     0.2814796994    -0.0513791508     0.3607059083    -0.0295740163     0.1054259197


---------------
Atomic domain 1
---------------
Domain center:           -3.37700    17.77100    12.11000
Nuclear charge:           7.00000
Electronic charge:       -7.32395
Total charge:            -0.32395
Electronic dipole         0.05360     0.23712    -0.08129
Electronic dipole norm     0.25634
Electronic quadrupole    -3.95569     0.51977    -0.19745    -2.88146     0.12998    -2.52292
Isotropic polarizablity (w=0)     0.81698
Electronic polarizability (w=0)     0.31348     0.09718     0.63542    -0.07904     0.24805     1.50204

---------------
Atomic domain 2
---------------
Domain center:           -3.14100    18.81900    13.10800
Nuclear charge:           6.00000
Electronic charge:       -6.32967
Total charge:            -0.32967
Electronic dipole        -0.03011    -0.17864    -0.18236
Electronic dipole norm     0.25704
Electronic quadrupole    -3.27523    -0.00724     0.09804    -3.10675     0.26286    -2.93725
Isotropic polarizablity (w=0)     0.87542
Electronic polarizability (w=0)     0.67979    -0.00227     0.82741     0.07318     0.34742     1.11906

---------------
Atomic domain 3
---------------
Domain center:           -3.81100    16.93400    12.36500
Nuclear charge:           1.00000
Electronic charge:       -0.72621
Total charge:             0.27379
Electronic dipole         0.10102     0.20392    -0.06687
Electronic dipole norm     0.23719
Electronic quadrupole    -0.42361     0.16665    -0.05435    -0.19086    -0.12173    -0.49643
Isotropic polarizablity (w=0)     0.21551
Electronic polarizability (w=0)     0.15976     0.13216     0.34546    -0.05630    -0.10216     0.14133

---------------
Atomic domain 4
---------------
Domain center:           -3.66400    19.67300    12.71400
Nuclear charge:           1.00000
Electronic charge:       -0.83194
Total charge:             0.16806
Electronic dipole         0.14068    -0.26572     0.09999
Electronic dipole norm     0.31686
Electronic quadrupole    -0.44144    -0.22622     0.10180    -0.19183    -0.17095    -0.48627
Isotropic polarizablity (w=0)     0.24910
Electronic polarizability (w=0)     0.19897    -0.20925     0.45258     0.05197    -0.06348     0.09574

---------------
Atomic domain 5
---------------
Domain center:           -2.08004    18.91712    13.20612
Nuclear charge:           1.00000
Electronic charge:       -0.83720
Total charge:             0.16280
Electronic dipole        -0.31734    -0.05109    -0.02910
Electronic dipole norm     0.32274
Electronic quadrupole     0.02199     0.05970     0.04549    -0.56844     0.01197    -0.58837
Isotropic polarizablity (w=0)     0.25963
Electronic polarizability (w=0)     0.57387     0.07627     0.09724     0.11745     0.03296     0.10779

---------------
Atomic domain 6
---------------
Domain center:           -3.51053    18.55006    14.07548
Nuclear charge:           1.00000
Electronic charge:       -0.84511
Total charge:             0.15489
Electronic dipole         0.12594     0.09475    -0.29352
Electronic dipole norm     0.33315
Electronic quadrupole    -0.52598     0.05666    -0.20717    -0.57490    -0.16051    -0.07601
Isotropic polarizablity (w=0)     0.28236
Electronic polarizability (w=0)     0.13953     0.03586     0.10127    -0.17743    -0.09157     0.60629

---------------
Atomic domain 7
---------------
Domain center:           -3.12600    17.99000    10.81900
Nuclear charge:           6.00000
Electronic charge:       -5.61790
Total charge:             0.38210
Electronic dipole         0.03349     0.08044     0.01676
Electronic dipole norm     0.08874
Electronic quadrupole    -3.45758     0.45180    -0.29695    -1.88789    -0.19162    -2.10569
Isotropic polarizablity (w=0)     1.09780
Electronic polarizability (w=0)     0.61523     0.09677     1.14294    -0.11595     0.11376     1.53523

---------------
Atomic domain 8
---------------
Domain center:           -3.25700    16.78300     9.91600
Nuclear charge:           6.00000
Electronic charge:       -6.48673
Total charge:            -0.48673
Electronic dipole         0.03998     0.14973     0.06271
Electronic dipole norm     0.16718
Electronic quadrupole    -3.43463     0.11503    -0.01654    -3.21194     0.12974    -3.33399
Isotropic polarizablity (w=0)     0.93500
Electronic polarizability (w=0)     0.71217     0.03782     1.08614     0.03184     0.35976     1.00669

---------------
Atomic domain 9
---------------
Domain center:           -2.77400    19.10100    10.36400
Nuclear charge:           8.00000
Electronic charge:       -8.49164
Total charge:            -0.49164
Electronic dipole        -0.15115    -0.46970     0.19414
Electronic dipole norm     0.53024
Electronic quadrupole    -3.83566     0.18234    -0.07005    -3.37987    -0.34200    -4.00090
Isotropic polarizablity (w=0)     0.53193
Electronic polarizability (w=0)     0.30611     0.20019     0.86524    -0.10037    -0.30271     0.42445

----------------
Atomic domain 10
----------------
Domain center:           -3.36843    17.10630     8.90212
Nuclear charge:           1.00000
Electronic charge:       -0.82634
Total charge:             0.17366
Electronic dipole         0.04664    -0.10383     0.32372
Electronic dipole norm     0.34315
Electronic quadrupole    -0.58042    -0.02256     0.07180    -0.52953    -0.19492     0.02974
Isotropic polarizablity (w=0)     0.28581
Electronic polarizability (w=0)     0.07843    -0.01378     0.10718     0.07038    -0.09652     0.67183

----------------
Atomic domain 11
----------------
Domain center:           -2.32192    16.26289     9.92021
Nuclear charge:           1.00000
Electronic charge:       -0.82923
Total charge:             0.17077
Electronic dipole        -0.29494     0.17483    -0.01296
Electronic dipole norm     0.34310
Electronic quadrupole    -0.05867    -0.29022     0.00673    -0.43309    -0.00960    -0.59247
Isotropic polarizablity (w=0)     0.27706
Electronic polarizability (w=0)     0.47493    -0.26882     0.27241    -0.03970     0.04014     0.08383

----------------
Atomic domain 12
----------------
Domain center:           -4.06100    16.11900    10.17400
Nuclear charge:           1.00000
Electronic charge:       -0.85409
Total charge:             0.14591
Electronic dipole         0.25265     0.20957    -0.09018
Electronic dipole norm     0.34042
Electronic quadrupole    -0.25236     0.30393    -0.11776    -0.36709    -0.09692    -0.59859
Isotropic polarizablity (w=0)     0.28358
Electronic polarizability (w=0)     0.38461     0.28148     0.36071    -0.05138    -0.02957     0.10543

---------
Molecular
---------
Domain center:           -3.14480    18.05798    11.30242
Nuclear charge:          40.00000
Electronic charge:      -40.00000
Total charge:             0.00000
Electronic dipole         0.00047     0.08139    -0.05895
Gauge   dipole           -0.43745    -1.23033     1.02936
Total   dipole           -0.43698    -1.14894     0.97040
Electronic quadrupole   -40.64271   -20.16749    11.40381  -149.14196   -71.49116  -261.85433
Nuclear    quadrupole    18.22146    19.94706   -11.32428   125.97032    73.68539   241.00075
Total      quadrupole   -22.42124    -0.22043     0.07953   -23.17164     2.19422   -20.85358
Polarizability av (0)        6.11020
Polarizability (0)           4.63688     0.46362     6.29401    -0.27536     0.45608     7.39971
Time used in Loprop              :      0.76 (cpu)       0.61 (wall)
