AA
34 2 2 1
1    -3.3770000000    17.7710000000    12.1100000000    -0.3225066844     0.0846360589     0.2146046597    -0.0932560838    -3.9244125647     0.5333712953    -0.1789725530    -2.8931340184     0.1312789718    -2.5311905639     0.3406567664     0.1294762661    -0.0340696826     0.6086684104     0.3882583233     1.7784563752
1    -3.1410000000    18.8190000000    13.1080000000    -0.0553708571     0.0642805396    -0.2733491078     0.0106438589    -2.8453489966     0.0203654471    -0.0267224966    -2.8514204714     0.1544174454    -2.4034068341     1.3178535878     0.1836126160    -0.1894100557     0.6993308919     0.3210786486     1.6336820718
1    -1.6380000000    18.9580000000    13.2470000000     0.3712975484     0.1216712211    -0.0400775538    -0.0417156639    -2.1268451141    -0.2303375663     0.0983801670    -1.8362647868     0.3776721845    -3.5124552371     1.4633870568     0.3353587925     0.0443793849     1.2475400003     0.2157894708     0.6767342992
1    -0.9010000000    17.9750000000    13.1060000000    -0.4698364712    -0.2970663245     0.4321384165     0.0501938296    -3.7916225638    -0.4506305195    -0.0952102193    -3.4621388160     0.0386619785    -3.8658645161     0.5266860614    -0.3286553017    -0.0522632289     0.7220956300     0.1081929170     0.2636306358
1    -3.6700000000    18.4340000000    14.4930000000    -0.2585035621    -0.1160863497     0.1333703802    -0.1800106422    -2.6733346871    -0.0575675438    -0.2831196268    -3.1586959203    -0.1666478426    -2.8480057403     1.2452225690    -0.0377255238    -0.5661978098     0.5587932597    -0.0329319958     1.3558862724
1    -5.0790000000    18.8440000000    14.7400000000    -0.2547432998     0.1512410905    -0.1469982510     0.1447507300    -2.6898942464    -0.0760187572    -0.2289284180    -3.1239220118    -0.1026988041    -2.8648158446     1.2023725148    -0.0741183864    -0.4442926867     0.5892162118    -0.0596402887     1.2640794178
1    -5.5770000000    18.3580000000    16.0990000000    -0.2675102534     0.1911452380     0.1186632790    -0.0575331791    -3.0521264125     0.1395702773     0.0718057695    -3.1663956212    -0.0228757270    -2.5112258877     0.8916681403     0.1561624327    -0.1053520145     0.6510730237     0.0237944716     1.5149162988
1    -4.7120000000    18.8160000000    17.2560000000    -0.1739165886    -0.1186975852     0.1354312847    -0.1941014015    -2.9730642532     0.2096649968     0.2495436006    -2.5484082586     0.1319294458    -2.9615776841     0.6640861132     0.1580141090     0.1642438093     0.9506058017     0.1938704442     1.0971022138
1    -4.4420000000    20.2790000000    17.2910000000    -0.2892100418    -0.0281229383    -0.1830152687    -0.0100616624    -2.8752815556     0.0299033693     0.0071021960    -2.5660275780     0.0192850252    -2.8674338067     0.3977834751     0.0700223830     0.0160204698     0.8394887468     0.1382560680     0.4821140718
1    -3.8110000000    16.9340000000    12.3650000000     0.2749749312     0.1066735132     0.1965177906    -0.0743285562    -0.4204925266     0.1702402941    -0.0457291141    -0.1877430238    -0.1168496497    -0.5062956659     0.1629574799     0.1301878483    -0.0481226227     0.3252027166    -0.0593960052     0.1545319526
1    -3.6640000000    19.6730000000    12.7140000000     0.1558687181     0.1412756362    -0.2657312367     0.0843268550    -0.4771174426    -0.2084123447     0.0988560624    -0.2591883945    -0.1503662182    -0.5160495224     0.2534193880    -0.1770211251     0.0574722598     0.3791887335    -0.0885578791     0.1639622576
1    -3.5280000000    17.4020000000    14.7710000000     0.1541815568    -0.0388725220     0.3056891322    -0.0786077608    -0.6043445882    -0.0760651934     0.0239922028    -0.0470098441    -0.1526246376    -0.5860283883     0.1195817135    -0.0655383901    -0.0164052428     0.4982257970    -0.1328734848     0.1763767859
1    -3.0650000000    19.0170000000    15.1660000000     0.1070625990    -0.1927531780    -0.1960555277    -0.2487767843    -0.4289389564     0.1975418304     0.2099717914    -0.4611872584     0.2205530890    -0.3796401041     0.2647749462     0.1142174060     0.1331103776     0.1793575759     0.1633233246     0.4068658665
1    -5.1170000000    19.9330000000    14.7770000000     0.1064334201     0.0150920979    -0.3450098167    -0.0118810424    -0.6602507489    -0.0246736679     0.0004628099    -0.0197783384     0.0206749417    -0.6673214543     0.1281161517    -0.0818573601    -0.0186920998     0.5715000750    -0.0071608453     0.1350060650
1    -5.7460000000    18.4680000000    13.9750000000     0.1667183820     0.1899056682     0.1035422569     0.2151491170    -0.3639568639     0.1271208963     0.2700091085    -0.5261604028     0.1581060855    -0.3109714691     0.3371618834     0.0992181535     0.2171797398     0.1159664592     0.1100542235     0.3675969629
1    -6.5830000000    18.7690000000    16.2670000000     0.1482126401     0.2866794882    -0.1266196193    -0.0553506939    -0.0833060581    -0.2292344150    -0.0858143611    -0.5265852209     0.0367937852    -0.6305620971     0.6451955943    -0.1546628874    -0.1217972514     0.1244609622     0.0362609973     0.1422658991
1    -5.6440000000    17.2830000000    16.0930000000     0.1792263957     0.0091372898     0.3042050510    -0.0122185973    -0.5813932925     0.0374028350    -0.0060647308     0.0419369192     0.0037311163    -0.5985402489     0.1009763311     0.0937059774    -0.0138586905     0.5750927117    -0.0203202428     0.1124113398
1    -5.2850000000    18.5710000000    18.1430000000     0.1859655425     0.1504976554     0.0514441138    -0.2549036699    -0.3819008888     0.0777586708    -0.2906282776    -0.5250154568    -0.1247531525    -0.1586006932     0.1943571541     0.0623439127    -0.2229577283     0.1105716544    -0.1022218623     0.5267449154
1    -3.7760000000    18.2680000000    17.3010000000     0.1831611375    -0.2578089613     0.1262577007    -0.0087585606    -0.1245213745    -0.2689464280     0.0210643756    -0.4007996020    -0.0116848083    -0.5787095906     0.3965546272    -0.1865186388     0.0455652855     0.1972095867    -0.0265759604     0.1362137453
1    -3.9810000000    20.5300000000    16.4010000000     0.3236225986    -0.0981226455    -0.0667023491     0.1734827998    -0.3346060792     0.0473597603    -0.1905119549    -0.4140506313    -0.0792627659    -0.0407870350     0.1237919525     0.0551516261    -0.1136356470     0.1273741890    -0.0549532488     0.2796172955
1    -5.3030000000    20.8410000000    17.4030000000     0.3330528359     0.1734183254    -0.1076713378    -0.0194615139    -0.0849277974    -0.2223405039    -0.0448620028    -0.3290648310     0.0311502453    -0.4393414582     0.2560909690    -0.1740406977    -0.0553900151     0.2219133472     0.0538926729     0.0724165911
1    -3.7950000000    20.4810000000    18.0850000000     0.3370660418    -0.1266888844    -0.0412758276    -0.1533050132    -0.2426427114     0.0505208908     0.2442982889    -0.4542221037     0.0658263986    -0.1427824920     0.1761305084     0.0784561810     0.1748986259     0.1083998502     0.1059211124     0.2994417547
1    -3.1260000000    17.9900000000    10.8190000000     0.3952463693     0.0547302286     0.0676951069     0.0134017531    -3.4005895508     0.4483540933    -0.2633239503    -1.8684667129    -0.1818798082    -2.0745133690     0.5650888470     0.1001911912    -0.0875691277     1.0656142538     0.1882141699     1.7667167595
1    -3.2570000000    16.7830000000     9.9160000000    -0.4871333193     0.0430598113     0.1420386691     0.0543547761    -3.4381532392     0.1237145982    -0.0119440263    -3.2011267891     0.1411379547    -3.3323639121     0.6744615897     0.0555156363     0.0443164669     1.0854199670     0.4318551134     1.0915152484
1    -2.7740000000    19.1010000000    10.3640000000    -0.4813665149    -0.1459388952    -0.4758891917     0.1741632185    -3.8223807398     0.1829905759    -0.0716971170    -3.3677265493    -0.3515781005    -4.0111094149     0.2921853958     0.1805171262    -0.0964318171     0.7692209757    -0.3064924969     0.4904480829
1    -4.0610000000    16.1190000000    10.1740000000     0.1487413126     0.2516835128     0.2049753965    -0.0937464941    -0.2487030018     0.3046292846    -0.1164338712    -0.3638794532    -0.0980587007    -0.6005600342     0.3707799476     0.2767229712    -0.0367480263     0.3553264819    -0.0154498413     0.1055497321
1    -3.3684320000    17.1062990000     8.9021160000     0.1823181831     0.0463843183    -0.1045804910     0.3156535410    -0.5689553131    -0.0224910316     0.0714497201    -0.5201217724    -0.1965476464     0.0373071006     0.0759111997    -0.0112507884     0.0740182282     0.0974900734    -0.0845162927     0.6968302713
1    -2.3219240000    16.2628900000     9.9202060000     0.1842840582    -0.2870691209     0.1685763574    -0.0143049957    -0.0451695607    -0.2882318700     0.0067909578    -0.4179302943    -0.0106800308    -0.5764398656     0.4320169532    -0.2522011603    -0.0547442744     0.2651545530     0.0536228033     0.0864963052
1    -1.1800000000    20.1650000000    13.5520000000    -0.3140984122     0.1731883459    -0.1762535614    -0.0494475538    -2.6002559927     0.0401086435     0.2053259170    -2.6627179127     0.3230451920    -4.0779002682     1.1786716913     0.5226408204     0.1832244483     1.0155156946     0.2079529408     0.3317305535
1     0.2400000000    20.3930000000    13.7650000000    -0.3322932433    -0.2310607715    -0.0590513498    -0.0485361245    -2.7856840674     0.1242607047     0.0813821247    -3.3004414584     0.0058766676    -3.2807474440     1.3121486661     0.2941053032     0.1203022362     0.6902355533     0.0459668325     0.6659315192
1    -1.8370000000    20.8890000000    13.6230000000     0.2654985537     0.1590425568    -0.1783160823    -0.0315829063    -0.3524598256    -0.2288840165    -0.0242831379    -0.2685263281     0.0297796794    -0.5159129239     0.2263466344    -0.1511788538    -0.0281837461     0.3217596786     0.0308293962     0.0950557078
1     0.7830000000    19.4850000000    13.5240000000     0.1875768353    -0.1569284938     0.2563547300     0.0689671639    -0.3575560154    -0.2403176556    -0.0611437933    -0.1006458676     0.1242901449    -0.5418509765     0.3023022214    -0.2135942022    -0.0544899252     0.2783905166     0.0571716456     0.0843534832
1     0.3884840000    20.6160740000    14.8009010000     0.1482007420    -0.0489557448    -0.0756283236    -0.3236551227    -0.5813827696     0.0282831179     0.0773981007    -0.5781084528     0.1294461226    -0.0067294092     0.1428321705     0.0551161313     0.1462192311     0.1182442726     0.1457648171     0.5653788145
1     0.6011050000    21.2018470000    13.1647760000     0.1677788464    -0.1018455293    -0.2430263098     0.1754845942    -0.5153217020     0.1636591093    -0.1059326006    -0.2211640278    -0.2656242699    -0.3822318002     0.2076691213     0.2044574271    -0.1193471551     0.4072023998    -0.2124031067     0.2141594084


---------------
Atomic domain 1
---------------
Domain center:           -3.37700    17.77100    12.11000
Nuclear charge:           7.00000
Electronic charge:       -7.32251
Total charge:            -0.32251
Electronic dipole         0.08464     0.21460    -0.09326
Electronic dipole norm     0.24883
Electronic quadrupole    -3.92441     0.53337    -0.17897    -2.89313     0.13128    -2.53119
Isotropic polarizablity (w=0)     0.90926
Electronic polarizability (w=0)     0.34066     0.12948     0.60867    -0.03407     0.38826     1.77846

---------------
Atomic domain 2
---------------
Domain center:           -3.14100    18.81900    13.10800
Nuclear charge:           6.00000
Electronic charge:       -6.05537
Total charge:            -0.05537
Electronic dipole         0.06428    -0.27335     0.01064
Electronic dipole norm     0.28101
Electronic quadrupole    -2.84535     0.02037    -0.02672    -2.85142     0.15442    -2.40341
Isotropic polarizablity (w=0)     1.21696
Electronic polarizability (w=0)     1.31785     0.18361     0.69933    -0.18941     0.32108     1.63368

---------------
Atomic domain 3
---------------
Domain center:           -1.63800    18.95800    13.24700
Nuclear charge:           6.00000
Electronic charge:       -5.62870
Total charge:             0.37130
Electronic dipole         0.12167    -0.04008    -0.04172
Electronic dipole norm     0.13472
Electronic quadrupole    -2.12685    -0.23034     0.09838    -1.83626     0.37767    -3.51246
Isotropic polarizablity (w=0)     1.12922
Electronic polarizability (w=0)     1.46339     0.33536     1.24754     0.04438     0.21579     0.67673

---------------
Atomic domain 4
---------------
Domain center:           -0.90100    17.97500    13.10600
Nuclear charge:           8.00000
Electronic charge:       -8.46984
Total charge:            -0.46984
Electronic dipole        -0.29707     0.43214     0.05019
Electronic dipole norm     0.52679
Electronic quadrupole    -3.79162    -0.45063    -0.09521    -3.46214     0.03866    -3.86586
Isotropic polarizablity (w=0)     0.50414
Electronic polarizability (w=0)     0.52669    -0.32866     0.72210    -0.05226     0.10819     0.26363

---------------
Atomic domain 5
---------------
Domain center:           -3.67000    18.43400    14.49300
Nuclear charge:           6.00000
Electronic charge:       -6.25850
Total charge:            -0.25850
Electronic dipole        -0.11609     0.13337    -0.18001
Electronic dipole norm     0.25232
Electronic quadrupole    -2.67333    -0.05757    -0.28312    -3.15870    -0.16665    -2.84801
Isotropic polarizablity (w=0)     1.05330
Electronic polarizability (w=0)     1.24522    -0.03773     0.55879    -0.56620    -0.03293     1.35589

---------------
Atomic domain 6
---------------
Domain center:           -5.07900    18.84400    14.74000
Nuclear charge:           6.00000
Electronic charge:       -6.25474
Total charge:            -0.25474
Electronic dipole         0.15124    -0.14700     0.14475
Electronic dipole norm     0.25580
Electronic quadrupole    -2.68989    -0.07602    -0.22893    -3.12392    -0.10270    -2.86482
Isotropic polarizablity (w=0)     1.01856
Electronic polarizability (w=0)     1.20237    -0.07412     0.58922    -0.44429    -0.05964     1.26408

---------------
Atomic domain 7
---------------
Domain center:           -5.57700    18.35800    16.09900
Nuclear charge:           6.00000
Electronic charge:       -6.26751
Total charge:            -0.26751
Electronic dipole         0.19115     0.11866    -0.05753
Electronic dipole norm     0.23222
Electronic quadrupole    -3.05213     0.13957     0.07181    -3.16640    -0.02288    -2.51123
Isotropic polarizablity (w=0)     1.01922
Electronic polarizability (w=0)     0.89167     0.15616     0.65107    -0.10535     0.02379     1.51492

---------------
Atomic domain 8
---------------
Domain center:           -4.71200    18.81600    17.25600
Nuclear charge:           6.00000
Electronic charge:       -6.17392
Total charge:            -0.17392
Electronic dipole        -0.11870     0.13543    -0.19410
Electronic dipole norm     0.26478
Electronic quadrupole    -2.97306     0.20966     0.24954    -2.54841     0.13193    -2.96158
Isotropic polarizablity (w=0)     0.90393
Electronic polarizability (w=0)     0.66409     0.15801     0.95061     0.16424     0.19387     1.09710

---------------
Atomic domain 9
---------------
Domain center:           -4.44200    20.27900    17.29100
Nuclear charge:           7.00000
Electronic charge:       -7.28921
Total charge:            -0.28921
Electronic dipole        -0.02812    -0.18302    -0.01006
Electronic dipole norm     0.18544
Electronic quadrupole    -2.87528     0.02990     0.00710    -2.56603     0.01929    -2.86743
Isotropic polarizablity (w=0)     0.57313
Electronic polarizability (w=0)     0.39778     0.07002     0.83949     0.01602     0.13826     0.48211

----------------
Atomic domain 10
----------------
Domain center:           -3.81100    16.93400    12.36500
Nuclear charge:           1.00000
Electronic charge:       -0.72503
Total charge:             0.27497
Electronic dipole         0.10667     0.19652    -0.07433
Electronic dipole norm     0.23563
Electronic quadrupole    -0.42049     0.17024    -0.04573    -0.18774    -0.11685    -0.50630
Isotropic polarizablity (w=0)     0.21423
Electronic polarizability (w=0)     0.16296     0.13019     0.32520    -0.04812    -0.05940     0.15453

----------------
Atomic domain 11
----------------
Domain center:           -3.66400    19.67300    12.71400
Nuclear charge:           1.00000
Electronic charge:       -0.84413
Total charge:             0.15587
Electronic dipole         0.14128    -0.26573     0.08433
Electronic dipole norm     0.31254
Electronic quadrupole    -0.47712    -0.20841     0.09886    -0.25919    -0.15037    -0.51605
Isotropic polarizablity (w=0)     0.26552
Electronic polarizability (w=0)     0.25342    -0.17702     0.37919     0.05747    -0.08856     0.16396

----------------
Atomic domain 12
----------------
Domain center:           -3.52800    17.40200    14.77100
Nuclear charge:           1.00000
Electronic charge:       -0.84582
Total charge:             0.15418
Electronic dipole        -0.03887     0.30569    -0.07861
Electronic dipole norm     0.31802
Electronic quadrupole    -0.60434    -0.07607     0.02399    -0.04701    -0.15262    -0.58603
Isotropic polarizablity (w=0)     0.26473
Electronic polarizability (w=0)     0.11958    -0.06554     0.49823    -0.01641    -0.13287     0.17638

----------------
Atomic domain 13
----------------
Domain center:           -3.06500    19.01700    15.16600
Nuclear charge:           1.00000
Electronic charge:       -0.89294
Total charge:             0.10706
Electronic dipole        -0.19275    -0.19606    -0.24878
Electronic dipole norm     0.37078
Electronic quadrupole    -0.42894     0.19754     0.20997    -0.46119     0.22055    -0.37964
Isotropic polarizablity (w=0)     0.28367
Electronic polarizability (w=0)     0.26477     0.11422     0.17936     0.13311     0.16332     0.40687

----------------
Atomic domain 14
----------------
Domain center:           -5.11700    19.93300    14.77700
Nuclear charge:           1.00000
Electronic charge:       -0.89357
Total charge:             0.10643
Electronic dipole         0.01509    -0.34501    -0.01188
Electronic dipole norm     0.34554
Electronic quadrupole    -0.66025    -0.02467     0.00046    -0.01978     0.02067    -0.66732
Isotropic polarizablity (w=0)     0.27821
Electronic polarizability (w=0)     0.12812    -0.08186     0.57150    -0.01869    -0.00716     0.13501

----------------
Atomic domain 15
----------------
Domain center:           -5.74600    18.46800    13.97500
Nuclear charge:           1.00000
Electronic charge:       -0.83328
Total charge:             0.16672
Electronic dipole         0.18991     0.10354     0.21515
Electronic dipole norm     0.30508
Electronic quadrupole    -0.36396     0.12712     0.27001    -0.52616     0.15811    -0.31097
Isotropic polarizablity (w=0)     0.27358
Electronic polarizability (w=0)     0.33716     0.09922     0.11597     0.21718     0.11005     0.36760

----------------
Atomic domain 16
----------------
Domain center:           -6.58300    18.76900    16.26700
Nuclear charge:           1.00000
Electronic charge:       -0.85179
Total charge:             0.14821
Electronic dipole         0.28668    -0.12662    -0.05535
Electronic dipole norm     0.31825
Electronic quadrupole    -0.08331    -0.22923    -0.08581    -0.52659     0.03679    -0.63056
Isotropic polarizablity (w=0)     0.30397
Electronic polarizability (w=0)     0.64520    -0.15466     0.12446    -0.12180     0.03626     0.14227

----------------
Atomic domain 17
----------------
Domain center:           -5.64400    17.28300    16.09300
Nuclear charge:           1.00000
Electronic charge:       -0.82077
Total charge:             0.17923
Electronic dipole         0.00914     0.30421    -0.01222
Electronic dipole norm     0.30459
Electronic quadrupole    -0.58139     0.03740    -0.00606     0.04194     0.00373    -0.59854
Isotropic polarizablity (w=0)     0.26283
Electronic polarizability (w=0)     0.10098     0.09371     0.57509    -0.01386    -0.02032     0.11241

----------------
Atomic domain 18
----------------
Domain center:           -5.28500    18.57100    18.14300
Nuclear charge:           1.00000
Electronic charge:       -0.81403
Total charge:             0.18597
Electronic dipole         0.15050     0.05144    -0.25490
Electronic dipole norm     0.30045
Electronic quadrupole    -0.38190     0.07776    -0.29063    -0.52502    -0.12475    -0.15860
Isotropic polarizablity (w=0)     0.27722
Electronic polarizability (w=0)     0.19436     0.06234     0.11057    -0.22296    -0.10222     0.52674

----------------
Atomic domain 19
----------------
Domain center:           -3.77600    18.26800    17.30100
Nuclear charge:           1.00000
Electronic charge:       -0.81684
Total charge:             0.18316
Electronic dipole        -0.25781     0.12626    -0.00876
Electronic dipole norm     0.28720
Electronic quadrupole    -0.12452    -0.26895     0.02106    -0.40080    -0.01168    -0.57871
Isotropic polarizablity (w=0)     0.24333
Electronic polarizability (w=0)     0.39655    -0.18652     0.19721     0.04557    -0.02658     0.13621

----------------
Atomic domain 20
----------------
Domain center:           -3.98100    20.53000    16.40100
Nuclear charge:           1.00000
Electronic charge:       -0.67638
Total charge:             0.32362
Electronic dipole        -0.09812    -0.06670     0.17348
Electronic dipole norm     0.21018
Electronic quadrupole    -0.33461     0.04736    -0.19051    -0.41405    -0.07926    -0.04079
Isotropic polarizablity (w=0)     0.17693
Electronic polarizability (w=0)     0.12379     0.05515     0.12737    -0.11364    -0.05495     0.27962

----------------
Atomic domain 21
----------------
Domain center:           -5.30300    20.84100    17.40300
Nuclear charge:           1.00000
Electronic charge:       -0.66695
Total charge:             0.33305
Electronic dipole         0.17342    -0.10767    -0.01946
Electronic dipole norm     0.20505
Electronic quadrupole    -0.08493    -0.22234    -0.04486    -0.32906     0.03115    -0.43934
Isotropic polarizablity (w=0)     0.18347
Electronic polarizability (w=0)     0.25609    -0.17404     0.22191    -0.05539     0.05389     0.07242

----------------
Atomic domain 22
----------------
Domain center:           -3.79500    20.48100    18.08500
Nuclear charge:           1.00000
Electronic charge:       -0.66293
Total charge:             0.33707
Electronic dipole        -0.12669    -0.04128    -0.15331
Electronic dipole norm     0.20312
Electronic quadrupole    -0.24264     0.05052     0.24430    -0.45422     0.06583    -0.14278
Isotropic polarizablity (w=0)     0.19466
Electronic polarizability (w=0)     0.17613     0.07846     0.10840     0.17490     0.10592     0.29944

----------------
Atomic domain 23
----------------
Domain center:           -3.12600    17.99000    10.81900
Nuclear charge:           6.00000
Electronic charge:       -5.60475
Total charge:             0.39525
Electronic dipole         0.05473     0.06770     0.01340
Electronic dipole norm     0.08808
Electronic quadrupole    -3.40059     0.44835    -0.26332    -1.86847    -0.18188    -2.07451
Isotropic polarizablity (w=0)     1.13247
Electronic polarizability (w=0)     0.56509     0.10019     1.06561    -0.08757     0.18821     1.76672

----------------
Atomic domain 24
----------------
Domain center:           -3.25700    16.78300     9.91600
Nuclear charge:           6.00000
Electronic charge:       -6.48713
Total charge:            -0.48713
Electronic dipole         0.04306     0.14204     0.05435
Electronic dipole norm     0.15806
Electronic quadrupole    -3.43815     0.12371    -0.01194    -3.20113     0.14114    -3.33236
Isotropic polarizablity (w=0)     0.95047
Electronic polarizability (w=0)     0.67446     0.05552     1.08542     0.04432     0.43186     1.09152

----------------
Atomic domain 25
----------------
Domain center:           -2.77400    19.10100    10.36400
Nuclear charge:           8.00000
Electronic charge:       -8.48137
Total charge:            -0.48137
Electronic dipole        -0.14594    -0.47589     0.17416
Electronic dipole norm     0.52735
Electronic quadrupole    -3.82238     0.18299    -0.07170    -3.36773    -0.35158    -4.01111
Isotropic polarizablity (w=0)     0.51728
Electronic polarizability (w=0)     0.29219     0.18052     0.76922    -0.09643    -0.30649     0.49045

----------------
Atomic domain 26
----------------
Domain center:           -4.06100    16.11900    10.17400
Nuclear charge:           1.00000
Electronic charge:       -0.85126
Total charge:             0.14874
Electronic dipole         0.25168     0.20498    -0.09375
Electronic dipole norm     0.33786
Electronic quadrupole    -0.24870     0.30463    -0.11643    -0.36388    -0.09806    -0.60056
Isotropic polarizablity (w=0)     0.27722
Electronic polarizability (w=0)     0.37078     0.27672     0.35533    -0.03675    -0.01545     0.10555

----------------
Atomic domain 27
----------------
Domain center:           -3.36843    17.10630     8.90212
Nuclear charge:           1.00000
Electronic charge:       -0.81768
Total charge:             0.18232
Electronic dipole         0.04638    -0.10458     0.31565
Electronic dipole norm     0.33575
Electronic quadrupole    -0.56896    -0.02249     0.07145    -0.52012    -0.19655     0.03731
Isotropic polarizablity (w=0)     0.29008
Electronic polarizability (w=0)     0.07591    -0.01125     0.09749     0.07402    -0.08452     0.69683

----------------
Atomic domain 28
----------------
Domain center:           -2.32192    16.26289     9.92021
Nuclear charge:           1.00000
Electronic charge:       -0.81572
Total charge:             0.18428
Electronic dipole        -0.28707     0.16858    -0.01430
Electronic dipole norm     0.33321
Electronic quadrupole    -0.04517    -0.28823     0.00679    -0.41793    -0.01068    -0.57644
Isotropic polarizablity (w=0)     0.26122
Electronic polarizability (w=0)     0.43202    -0.25220     0.26515    -0.05474     0.05362     0.08650

----------------
Atomic domain 29
----------------
Domain center:           -1.18000    20.16500    13.55200
Nuclear charge:           7.00000
Electronic charge:       -7.31410
Total charge:            -0.31410
Electronic dipole         0.17319    -0.17625    -0.04945
Electronic dipole norm     0.25200
Electronic quadrupole    -2.60026     0.04011     0.20533    -2.66272     0.32305    -4.07790
Isotropic polarizablity (w=0)     0.84197
Electronic polarizability (w=0)     1.17867     0.52264     1.01552     0.18322     0.20795     0.33173

----------------
Atomic domain 30
----------------
Domain center:            0.24000    20.39300    13.76500
Nuclear charge:           6.00000
Electronic charge:       -6.33229
Total charge:            -0.33229
Electronic dipole        -0.23106    -0.05905    -0.04854
Electronic dipole norm     0.24338
Electronic quadrupole    -2.78568     0.12426     0.08138    -3.30044     0.00588    -3.28075
Isotropic polarizablity (w=0)     0.88944
Electronic polarizability (w=0)     1.31215     0.29411     0.69024     0.12030     0.04597     0.66593

----------------
Atomic domain 31
----------------
Domain center:           -1.83700    20.88900    13.62300
Nuclear charge:           1.00000
Electronic charge:       -0.73450
Total charge:             0.26550
Electronic dipole         0.15904    -0.17832    -0.03158
Electronic dipole norm     0.24102
Electronic quadrupole    -0.35246    -0.22888    -0.02428    -0.26853     0.02978    -0.51591
Isotropic polarizablity (w=0)     0.21439
Electronic polarizability (w=0)     0.22635    -0.15118     0.32176    -0.02818     0.03083     0.09506

----------------
Atomic domain 32
----------------
Domain center:            0.78300    19.48500    13.52400
Nuclear charge:           1.00000
Electronic charge:       -0.81242
Total charge:             0.18758
Electronic dipole        -0.15693     0.25635     0.06897
Electronic dipole norm     0.30838
Electronic quadrupole    -0.35756    -0.24032    -0.06114    -0.10065     0.12429    -0.54185
Isotropic polarizablity (w=0)     0.22168
Electronic polarizability (w=0)     0.30230    -0.21359     0.27839    -0.05449     0.05717     0.08435

----------------
Atomic domain 33
----------------
Domain center:            0.38848    20.61607    14.80090
Nuclear charge:           1.00000
Electronic charge:       -0.85180
Total charge:             0.14820
Electronic dipole        -0.04896    -0.07563    -0.32366
Electronic dipole norm     0.33596
Electronic quadrupole    -0.58138     0.02828     0.07740    -0.57811     0.12945    -0.00673
Isotropic polarizablity (w=0)     0.27549
Electronic polarizability (w=0)     0.14283     0.05512     0.11824     0.14622     0.14576     0.56538

----------------
Atomic domain 34
----------------
Domain center:            0.60111    21.20185    13.16478
Nuclear charge:           1.00000
Electronic charge:       -0.83222
Total charge:             0.16778
Electronic dipole        -0.10185    -0.24303     0.17548
Electronic dipole norm     0.31659
Electronic quadrupole    -0.51532     0.16366    -0.10593    -0.22116    -0.26562    -0.38223
Isotropic polarizablity (w=0)     0.27634
Electronic polarizability (w=0)     0.20767     0.20446     0.40720    -0.11935    -0.21240     0.21416

---------
Molecular
---------
Domain center:           -3.07448    18.79579    13.66359
Nuclear charge:         111.00000
Electronic charge:     -110.00000
Total charge:             1.00000
Electronic dipole         0.16772    -0.14375    -0.57497
Gauge   dipole           -3.49421     2.22530     7.60807
Total   dipole           -3.32649     2.08155     7.03310
Electronic quadrupole -1201.25105  -192.51337   610.44308  -540.61407  -470.22817 -2175.63386
Nuclear    quadrupole  1151.13318   194.47173  -625.11504   493.88770   491.59046  2154.71160
Total      quadrupole   -50.11787     1.95836   -14.67196   -46.72637    21.36229   -20.92226
Polarizability av (0)       17.69810
Polarizability (0)          16.98924     1.44683    16.87085    -1.05901     1.81658    19.23422
Time used in Loprop              :      9.34 (cpu)       6.48 (wall)
