AA
31 2 2 1
1    -9.9580000000    15.4230000000    11.1620000000    -0.3362267982     0.0172565249    -0.1987593734     0.1480395284    -4.0602319583     0.2154013287     0.3870881361    -2.6406812867     0.0406670224    -2.6686118374     0.3386973790     0.1203059316     0.2982659956     0.8913824569     0.5628359268     1.3889632173
1   -10.2800000000    14.1360000000    10.5720000000    -0.0492981399     0.0992991463     0.1248148678    -0.0741287870    -2.8761925988    -0.0405071626     0.2022388234    -2.5525112511     0.1669179081    -2.6244734321     1.0805257231    -0.1792705926     0.3724732882     1.1218301701     0.3513622645     1.3656368614
1    -9.1160000000    13.1920000000    10.6270000000     0.3792158475     0.0643797589    -0.0909930282     0.0368628661    -2.1758276182     0.1572329758    -0.1365285018    -1.7339516776    -0.2568193648    -3.4720533357     1.5622069908    -0.0976330707     0.0233653548     1.0559325946    -0.0640062134     0.5904440658
1    -9.3020000000    11.9820000000    10.8310000000    -0.4860211851     0.0890534940     0.5192838803    -0.0729270909    -4.1298829431     0.1721604920    -0.0138611488    -3.2193875635    -0.1149403504    -3.8662263065     0.3161739419     0.1337511238    -0.0080934583     0.9575838836    -0.1335174656     0.2577419351
1   -10.7820000000    14.3180000000     9.1090000000    -0.0897241638     0.1518483691    -0.1437100109    -0.0363066277    -2.7163955433     0.2759139927    -0.0040012632    -2.7050579258    -0.0423707445    -2.3991068925     1.0745229658     0.3367579040     0.2002163042     0.9871348644     0.0316635464     1.4554488469
1   -11.3610000000    13.0090000000     8.5670000000    -0.2602930765    -0.1394036670     0.1207950010     0.1788442537    -2.8055284690     0.3025437383    -0.1021756369    -2.8097047483     0.0683894071    -3.1205659358     1.2224019070     0.4684318860    -0.0038574861     1.0208888434     0.1703376983     0.8229156558
1    -9.6800000000    14.8310000000     8.2030000000    -0.4145126924    -0.1917323280    -0.0784515645     0.1359546799    -3.1004721767     0.0266387172    -0.2195197711    -3.3586238321    -0.0553005324    -3.1889136685     0.9110982643     0.1699354018    -0.2219063165     0.7615692712    -0.1636955062     1.0865869441
1   -12.6740000000    12.5840000000     9.2270000000    -0.4280140672     0.1977243738     0.0486886873    -0.1078415043    -3.0412435217     0.1056849708    -0.1879316300    -3.3579119878    -0.0751948553    -3.2444581200     1.2620928219     0.2734857108    -0.1323101200     0.7783435598    -0.0434031279     0.6952007976
1    -9.9520000000    16.2350000000    10.6350000000     0.2688342360     0.0027353759    -0.2019325261     0.1294921011    -0.5110685979    -0.0036133411    -0.0065081579    -0.2102544072    -0.2077838474    -0.3740229683     0.0922523892    -0.0213271907     0.0163376944     0.3207678807    -0.1092545861     0.2202182211
1   -11.1260000000    13.7610000000    11.1520000000     0.1653914899     0.2216644657     0.1129457063    -0.1619771243    -0.2394892568     0.1558406433    -0.2380702284    -0.5078698841    -0.0924816318    -0.4289050468     0.4304321596     0.1434948069    -0.1702736976     0.1620245486    -0.0468596225     0.2235891876
1   -11.5830000000    15.0610000000     9.1030000000     0.1248055100     0.2349342481    -0.2277379879    -0.0086307294    -0.3317278285    -0.3014393233     0.0081170373    -0.3760446369     0.0013302221    -0.6626737951     0.4422409291    -0.2738212732     0.0366576289     0.3769242778    -0.0143514271     0.1160884235
1   -11.5620000000    13.1600000000     7.5170000000     0.1310241563     0.0614362639    -0.0488583111     0.3333248133    -0.6232189211    -0.0292799467     0.1298679526    -0.6335578863    -0.0905636113    -0.0368640250     0.1346279910     0.0275859607     0.1284830989     0.1027283369    -0.0120664232     0.6763898186
1   -10.6540000000    12.1890000000     8.6510000000     0.1446161524    -0.2185672649     0.2388751752    -0.0197797206    -0.3655247563    -0.3143757098     0.0627691795    -0.2634659408    -0.0382429115    -0.5805311405     0.2961660256    -0.2033030789    -0.0006550157     0.3957502840     0.0389308743     0.0943356438
1   -10.1130000000    14.9660000000     7.1970000000     0.1403166613     0.1216770776    -0.0430962762     0.3036469093    -0.5383118077    -0.0388771560     0.2508872625    -0.6248446382    -0.0786161113    -0.0809675993     0.1551841747    -0.0180891145     0.1739275728     0.1137524818    -0.1233568802     0.6904254376
1    -9.4760000000    15.8070000000     8.6350000000     0.1175041495    -0.0906253630    -0.3202578940    -0.1246179005    -0.6421476311     0.1074291262     0.0559655953    -0.0923312440     0.2429025910    -0.5371326884     0.1405586208     0.1514033897     0.0285242964     0.5561660932     0.1215989999     0.1663616184
1    -8.7860000000    14.1950000000     8.1660000000     0.1388087223    -0.2606180586     0.1833843695     0.0157724682    -0.2181857880    -0.3052227217    -0.0096825465    -0.4236906520     0.0040867618    -0.5795365207     0.4425870963    -0.2034588753    -0.0783074771     0.2125492702     0.0263178305     0.1367280432
1   -13.4170000000    13.3320000000     8.9830000000     0.1316614627     0.2421176782    -0.2463082508     0.0730444535    -0.3344993957    -0.3289215783     0.1129747392    -0.3160825074    -0.1090972980    -0.6029615831     0.4726188050    -0.2498733013     0.0877745554     0.2804886899    -0.0665378653     0.0990180054
1   -12.5870000000    12.5060000000    10.2860000000     0.1462799298    -0.0234381616     0.0263862747    -0.3317268838    -0.5918270321    -0.0021259478     0.0553311142    -0.6013077785    -0.0526304541     0.0195031589     0.1279159904     0.0391025067    -0.0057251232     0.0992786370    -0.0539093565     0.5384787071
1   -13.0000000000    11.6470000000     8.8040000000     0.1478271398     0.1004498329     0.2959377576     0.1304895585    -0.5825713383     0.1610345970     0.0848698656    -0.1164544346     0.2325288148    -0.5193934234     0.2078903597     0.2418619726     0.0885374398     0.5535383378     0.1929435448     0.1581669524
1    -9.6210000000    15.5360000000    12.4480000000     0.3817222463    -0.0088975373    -0.0775736300     0.0157486805    -3.5082847021     0.0433613403     0.3875017532    -1.9117379621    -0.3034587360    -1.9825202484     0.5777074113     0.0894125273     0.2228988832     1.2288034782     0.3018286911     1.5552418857
1    -9.3820000000    16.9400000000    12.9380000000    -0.4847163208    -0.0154972182    -0.1739563689    -0.0153392380    -3.3744745864     0.0352726433     0.0259112142    -3.1776498210     0.0670239646    -3.4010612232     0.6903324244     0.1102447061     0.0506968369     1.3053742228     0.3366843675     0.8368453666
1    -9.4970000000    14.5630000000    13.2280000000    -0.4739947037    -0.0522023335     0.4059692709    -0.3226863461    -3.8753098143    -0.0980254675     0.0039186911    -3.5714906731    -0.4810131211    -3.7306819325     0.2405624246    -0.0620058018     0.0642483383     0.6159071889    -0.3565392123     0.6874603805
1   -10.3030000000    17.4810000000    12.9390000000     0.1651563794     0.2834319081    -0.1751166325     0.0055958406    -0.1052241162    -0.2866712233    -0.0038070608    -0.4318861709    -0.0054815225    -0.6037116136     0.4241630628    -0.2697967714    -0.0436007531     0.3156817845     0.0443796324     0.0835710386
1    -8.6450000000    17.4020000000    12.3070000000     0.1507220146    -0.2280447459    -0.1573198909     0.2136366271    -0.2968978993     0.1987741847    -0.2781102608    -0.4845819684    -0.1766576596    -0.3918524313     0.3323009681     0.2085744889    -0.1768577965     0.2752857655    -0.1274350497     0.2085863379
1    -8.9563470000    16.9050640000    13.9190700000     0.1766952912    -0.1275772131     0.0075850407    -0.3105218415    -0.4788319659    -0.0073642489     0.2450835123    -0.5879982190    -0.0164742890    -0.0163277239     0.1551086274     0.0325928557     0.2165952060     0.1022544921     0.0847569888     0.6070052668
1    -7.9030000000    13.6900000000    10.4680000000    -0.3060282252    -0.0361119038    -0.2522575460     0.0387880384    -2.4769778146    -0.0262624923    -0.1291286702    -2.6883169909    -0.2287132236    -4.0998046550     1.5748338443    -0.1438107606    -0.0473658570     0.5777126745    -0.0285899564     0.2890534468
1    -6.7490000000    12.7940000000    10.5140000000    -0.3327335073    -0.2160457479     0.1295113041     0.0013520158    -2.8799703445    -0.2750833684    -0.0181487669    -3.0497712456    -0.0452808282    -3.3932150876     1.2324963529    -0.3563306862     0.0255471818     0.7695577879     0.0048833367     0.6316102767
1    -7.7790000000    14.6460000000    10.2870000000     0.2688366090    -0.0386100813    -0.2295312163     0.0449859812    -0.4755115740     0.0694807544    -0.0366528218    -0.1161926960    -0.0772427642    -0.4886292522     0.1343823134     0.0674467746    -0.0008309173     0.3644501212    -0.0444453549     0.1153117210
1    -6.8690000000    11.9750000000     9.8350000000     0.1621905754     0.0353945570     0.2470708087     0.2198716896    -0.5697855106     0.0507373672     0.0473821536    -0.2243346983     0.2954183010    -0.3363543633     0.0869587632    -0.0471368087    -0.0180776627     0.3920634721     0.2554964106     0.2771015718
1    -6.6519340000    12.3200070000    11.4683630000     0.1679102371    -0.0354757846     0.1328416403    -0.2920879062    -0.5781949749    -0.0311531846     0.0410202269    -0.4550840698    -0.2345228169    -0.0914259339     0.1207136777    -0.0814069742     0.1253678336     0.1840927650    -0.2049811929     0.4574097065
1    -5.8642940000    13.3396150000    10.2600310000     0.1520440696    -0.2708704096    -0.1776294801     0.0769984351    -0.1647959170     0.2857489620    -0.1275824511    -0.4507820905    -0.0783437766    -0.5738814879     0.5571298004     0.2025037383    -0.1077893633     0.1710143421    -0.0490326255     0.0994874955


---------------
Atomic domain 1
---------------
Domain center:           -9.95800    15.42300    11.16200
Nuclear charge:           7.00000
Electronic charge:       -7.33623
Total charge:            -0.33623
Electronic dipole         0.01726    -0.19876     0.14804
Electronic dipole norm     0.24843
Electronic quadrupole    -4.06023     0.21540     0.38709    -2.64068     0.04067    -2.66861
Isotropic polarizablity (w=0)     0.87301
Electronic polarizability (w=0)     0.33870     0.12031     0.89138     0.29827     0.56284     1.38896

---------------
Atomic domain 2
---------------
Domain center:          -10.28000    14.13600    10.57200
Nuclear charge:           6.00000
Electronic charge:       -6.04930
Total charge:            -0.04930
Electronic dipole         0.09930     0.12481    -0.07413
Electronic dipole norm     0.17588
Electronic quadrupole    -2.87619    -0.04051     0.20224    -2.55251     0.16692    -2.62447
Isotropic polarizablity (w=0)     1.18933
Electronic polarizability (w=0)     1.08053    -0.17927     1.12183     0.37247     0.35136     1.36564

---------------
Atomic domain 3
---------------
Domain center:           -9.11600    13.19200    10.62700
Nuclear charge:           6.00000
Electronic charge:       -5.62078
Total charge:             0.37922
Electronic dipole         0.06438    -0.09099     0.03686
Electronic dipole norm     0.11740
Electronic quadrupole    -2.17583     0.15723    -0.13653    -1.73395    -0.25682    -3.47205
Isotropic polarizablity (w=0)     1.06953
Electronic polarizability (w=0)     1.56221    -0.09763     1.05593     0.02337    -0.06401     0.59044

---------------
Atomic domain 4
---------------
Domain center:           -9.30200    11.98200    10.83100
Nuclear charge:           8.00000
Electronic charge:       -8.48602
Total charge:            -0.48602
Electronic dipole         0.08905     0.51928    -0.07293
Electronic dipole norm     0.53189
Electronic quadrupole    -4.12988     0.17216    -0.01386    -3.21939    -0.11494    -3.86623
Isotropic polarizablity (w=0)     0.51050
Electronic polarizability (w=0)     0.31617     0.13375     0.95758    -0.00809    -0.13352     0.25774

---------------
Atomic domain 5
---------------
Domain center:          -10.78200    14.31800     9.10900
Nuclear charge:           6.00000
Electronic charge:       -6.08972
Total charge:            -0.08972
Electronic dipole         0.15185    -0.14371    -0.03631
Electronic dipole norm     0.21220
Electronic quadrupole    -2.71640     0.27591    -0.00400    -2.70506    -0.04237    -2.39911
Isotropic polarizablity (w=0)     1.17237
Electronic polarizability (w=0)     1.07452     0.33676     0.98713     0.20022     0.03166     1.45545

---------------
Atomic domain 6
---------------
Domain center:          -11.36100    13.00900     8.56700
Nuclear charge:           6.00000
Electronic charge:       -6.26029
Total charge:            -0.26029
Electronic dipole        -0.13940     0.12080     0.17884
Electronic dipole norm     0.25692
Electronic quadrupole    -2.80553     0.30254    -0.10218    -2.80970     0.06839    -3.12057
Isotropic polarizablity (w=0)     1.02207
Electronic polarizability (w=0)     1.22240     0.46843     1.02089    -0.00386     0.17034     0.82292

---------------
Atomic domain 7
---------------
Domain center:           -9.68000    14.83100     8.20300
Nuclear charge:           6.00000
Electronic charge:       -6.41451
Total charge:            -0.41451
Electronic dipole        -0.19173    -0.07845     0.13595
Electronic dipole norm     0.24779
Electronic quadrupole    -3.10047     0.02664    -0.21952    -3.35862    -0.05530    -3.18891
Isotropic polarizablity (w=0)     0.91975
Electronic polarizability (w=0)     0.91110     0.16994     0.76157    -0.22191    -0.16370     1.08659

---------------
Atomic domain 8
---------------
Domain center:          -12.67400    12.58400     9.22700
Nuclear charge:           6.00000
Electronic charge:       -6.42801
Total charge:            -0.42801
Electronic dipole         0.19772     0.04869    -0.10784
Electronic dipole norm     0.23042
Electronic quadrupole    -3.04124     0.10568    -0.18793    -3.35791    -0.07519    -3.24446
Isotropic polarizablity (w=0)     0.91188
Electronic polarizability (w=0)     1.26209     0.27349     0.77834    -0.13231    -0.04340     0.69520

---------------
Atomic domain 9
---------------
Domain center:           -9.95200    16.23500    10.63500
Nuclear charge:           1.00000
Electronic charge:       -0.73117
Total charge:             0.26883
Electronic dipole         0.00274    -0.20193     0.12949
Electronic dipole norm     0.23990
Electronic quadrupole    -0.51107    -0.00361    -0.00651    -0.21025    -0.20778    -0.37402
Isotropic polarizablity (w=0)     0.21108
Electronic polarizability (w=0)     0.09225    -0.02133     0.32077     0.01634    -0.10925     0.22022

----------------
Atomic domain 10
----------------
Domain center:          -11.12600    13.76100    11.15200
Nuclear charge:           1.00000
Electronic charge:       -0.83461
Total charge:             0.16539
Electronic dipole         0.22166     0.11295    -0.16198
Electronic dipole norm     0.29686
Electronic quadrupole    -0.23949     0.15584    -0.23807    -0.50787    -0.09248    -0.42891
Isotropic polarizablity (w=0)     0.27202
Electronic polarizability (w=0)     0.43043     0.14349     0.16202    -0.17027    -0.04686     0.22359

----------------
Atomic domain 11
----------------
Domain center:          -11.58300    15.06100     9.10300
Nuclear charge:           1.00000
Electronic charge:       -0.87519
Total charge:             0.12481
Electronic dipole         0.23493    -0.22774    -0.00863
Electronic dipole norm     0.32731
Electronic quadrupole    -0.33173    -0.30144     0.00812    -0.37604     0.00133    -0.66267
Isotropic polarizablity (w=0)     0.31175
Electronic polarizability (w=0)     0.44224    -0.27382     0.37692     0.03666    -0.01435     0.11609

----------------
Atomic domain 12
----------------
Domain center:          -11.56200    13.16000     7.51700
Nuclear charge:           1.00000
Electronic charge:       -0.86898
Total charge:             0.13102
Electronic dipole         0.06144    -0.04886     0.33332
Electronic dipole norm     0.34244
Electronic quadrupole    -0.62322    -0.02928     0.12987    -0.63356    -0.09056    -0.03686
Isotropic polarizablity (w=0)     0.30458
Electronic polarizability (w=0)     0.13463     0.02759     0.10273     0.12848    -0.01207     0.67639

----------------
Atomic domain 13
----------------
Domain center:          -10.65400    12.18900     8.65100
Nuclear charge:           1.00000
Electronic charge:       -0.85538
Total charge:             0.14462
Electronic dipole        -0.21857     0.23888    -0.01978
Electronic dipole norm     0.32438
Electronic quadrupole    -0.36552    -0.31438     0.06277    -0.26347    -0.03824    -0.58053
Isotropic polarizablity (w=0)     0.26208
Electronic polarizability (w=0)     0.29617    -0.20330     0.39575    -0.00066     0.03893     0.09434

----------------
Atomic domain 14
----------------
Domain center:          -10.11300    14.96600     7.19700
Nuclear charge:           1.00000
Electronic charge:       -0.85968
Total charge:             0.14032
Electronic dipole         0.12168    -0.04310     0.30365
Electronic dipole norm     0.32995
Electronic quadrupole    -0.53831    -0.03888     0.25089    -0.62484    -0.07862    -0.08097
Isotropic polarizablity (w=0)     0.31979
Electronic polarizability (w=0)     0.15518    -0.01809     0.11375     0.17393    -0.12336     0.69043

----------------
Atomic domain 15
----------------
Domain center:           -9.47600    15.80700     8.63500
Nuclear charge:           1.00000
Electronic charge:       -0.88250
Total charge:             0.11750
Electronic dipole        -0.09063    -0.32026    -0.12462
Electronic dipole norm     0.35540
Electronic quadrupole    -0.64215     0.10743     0.05597    -0.09233     0.24290    -0.53713
Isotropic polarizablity (w=0)     0.28770
Electronic polarizability (w=0)     0.14056     0.15140     0.55617     0.02852     0.12160     0.16636

----------------
Atomic domain 16
----------------
Domain center:           -8.78600    14.19500     8.16600
Nuclear charge:           1.00000
Electronic charge:       -0.86119
Total charge:             0.13881
Electronic dipole        -0.26062     0.18338     0.01577
Electronic dipole norm     0.31906
Electronic quadrupole    -0.21819    -0.30522    -0.00968    -0.42369     0.00409    -0.57954
Isotropic polarizablity (w=0)     0.26395
Electronic polarizability (w=0)     0.44259    -0.20346     0.21255    -0.07831     0.02632     0.13673

----------------
Atomic domain 17
----------------
Domain center:          -13.41700    13.33200     8.98300
Nuclear charge:           1.00000
Electronic charge:       -0.86834
Total charge:             0.13166
Electronic dipole         0.24212    -0.24631     0.07304
Electronic dipole norm     0.35302
Electronic quadrupole    -0.33450    -0.32892     0.11297    -0.31608    -0.10910    -0.60296
Isotropic polarizablity (w=0)     0.28404
Electronic polarizability (w=0)     0.47262    -0.24987     0.28049     0.08777    -0.06654     0.09902

----------------
Atomic domain 18
----------------
Domain center:          -12.58700    12.50600    10.28600
Nuclear charge:           1.00000
Electronic charge:       -0.85372
Total charge:             0.14628
Electronic dipole        -0.02344     0.02639    -0.33173
Electronic dipole norm     0.33360
Electronic quadrupole    -0.59183    -0.00213     0.05533    -0.60131    -0.05263     0.01950
Isotropic polarizablity (w=0)     0.25522
Electronic polarizability (w=0)     0.12792     0.03910     0.09928    -0.00573    -0.05391     0.53848

----------------
Atomic domain 19
----------------
Domain center:          -13.00000    11.64700     8.80400
Nuclear charge:           1.00000
Electronic charge:       -0.85217
Total charge:             0.14783
Electronic dipole         0.10045     0.29594     0.13049
Electronic dipole norm     0.33867
Electronic quadrupole    -0.58257     0.16103     0.08487    -0.11645     0.23253    -0.51939
Isotropic polarizablity (w=0)     0.30653
Electronic polarizability (w=0)     0.20789     0.24186     0.55354     0.08854     0.19294     0.15817

----------------
Atomic domain 20
----------------
Domain center:           -9.62100    15.53600    12.44800
Nuclear charge:           6.00000
Electronic charge:       -5.61828
Total charge:             0.38172
Electronic dipole        -0.00890    -0.07757     0.01575
Electronic dipole norm     0.07965
Electronic quadrupole    -3.50828     0.04336     0.38750    -1.91174    -0.30346    -1.98252
Isotropic polarizablity (w=0)     1.12058
Electronic polarizability (w=0)     0.57771     0.08941     1.22880     0.22290     0.30183     1.55524

----------------
Atomic domain 21
----------------
Domain center:           -9.38200    16.94000    12.93800
Nuclear charge:           6.00000
Electronic charge:       -6.48472
Total charge:            -0.48472
Electronic dipole        -0.01550    -0.17396    -0.01534
Electronic dipole norm     0.17532
Electronic quadrupole    -3.37447     0.03527     0.02591    -3.17765     0.06702    -3.40106
Isotropic polarizablity (w=0)     0.94418
Electronic polarizability (w=0)     0.69033     0.11024     1.30537     0.05070     0.33668     0.83685

----------------
Atomic domain 22
----------------
Domain center:           -9.49700    14.56300    13.22800
Nuclear charge:           8.00000
Electronic charge:       -8.47399
Total charge:            -0.47399
Electronic dipole        -0.05220     0.40597    -0.32269
Electronic dipole norm     0.52121
Electronic quadrupole    -3.87531    -0.09803     0.00392    -3.57149    -0.48101    -3.73068
Isotropic polarizablity (w=0)     0.51464
Electronic polarizability (w=0)     0.24056    -0.06201     0.61591     0.06425    -0.35654     0.68746

----------------
Atomic domain 23
----------------
Domain center:          -10.30300    17.48100    12.93900
Nuclear charge:           1.00000
Electronic charge:       -0.83484
Total charge:             0.16516
Electronic dipole         0.28343    -0.17512     0.00560
Electronic dipole norm     0.33321
Electronic quadrupole    -0.10522    -0.28667    -0.00381    -0.43189    -0.00548    -0.60371
Isotropic polarizablity (w=0)     0.27447
Electronic polarizability (w=0)     0.42416    -0.26980     0.31568    -0.04360     0.04438     0.08357

----------------
Atomic domain 24
----------------
Domain center:           -8.64500    17.40200    12.30700
Nuclear charge:           1.00000
Electronic charge:       -0.84928
Total charge:             0.15072
Electronic dipole        -0.22804    -0.15732     0.21364
Electronic dipole norm     0.34985
Electronic quadrupole    -0.29690     0.19877    -0.27811    -0.48458    -0.17666    -0.39185
Isotropic polarizablity (w=0)     0.27206
Electronic polarizability (w=0)     0.33230     0.20857     0.27529    -0.17686    -0.12744     0.20859

----------------
Atomic domain 25
----------------
Domain center:           -8.95635    16.90506    13.91907
Nuclear charge:           1.00000
Electronic charge:       -0.82330
Total charge:             0.17670
Electronic dipole        -0.12758     0.00759    -0.31052
Electronic dipole norm     0.33579
Electronic quadrupole    -0.47883    -0.00736     0.24508    -0.58800    -0.01647    -0.01633
Isotropic polarizablity (w=0)     0.28812
Electronic polarizability (w=0)     0.15511     0.03259     0.10225     0.21660     0.08476     0.60701

----------------
Atomic domain 26
----------------
Domain center:           -7.90300    13.69000    10.46800
Nuclear charge:           7.00000
Electronic charge:       -7.30603
Total charge:            -0.30603
Electronic dipole        -0.03611    -0.25226     0.03879
Electronic dipole norm     0.25776
Electronic quadrupole    -2.47698    -0.02626    -0.12913    -2.68832    -0.22871    -4.09980
Isotropic polarizablity (w=0)     0.81387
Electronic polarizability (w=0)     1.57483    -0.14381     0.57771    -0.04737    -0.02859     0.28905

----------------
Atomic domain 27
----------------
Domain center:           -6.74900    12.79400    10.51400
Nuclear charge:           6.00000
Electronic charge:       -6.33273
Total charge:            -0.33273
Electronic dipole        -0.21605     0.12951     0.00135
Electronic dipole norm     0.25189
Electronic quadrupole    -2.87997    -0.27508    -0.01815    -3.04977    -0.04528    -3.39322
Isotropic polarizablity (w=0)     0.87789
Electronic polarizability (w=0)     1.23250    -0.35633     0.76956     0.02555     0.00488     0.63161

----------------
Atomic domain 28
----------------
Domain center:           -7.77900    14.64600    10.28700
Nuclear charge:           1.00000
Electronic charge:       -0.73116
Total charge:             0.26884
Electronic dipole        -0.03861    -0.22953     0.04499
Electronic dipole norm     0.23706
Electronic quadrupole    -0.47551     0.06948    -0.03665    -0.11619    -0.07724    -0.48863
Isotropic polarizablity (w=0)     0.20471
Electronic polarizability (w=0)     0.13438     0.06745     0.36445    -0.00083    -0.04445     0.11531

----------------
Atomic domain 29
----------------
Domain center:           -6.86900    11.97500     9.83500
Nuclear charge:           1.00000
Electronic charge:       -0.83781
Total charge:             0.16219
Electronic dipole         0.03539     0.24707     0.21987
Electronic dipole norm     0.33263
Electronic quadrupole    -0.56979     0.05074     0.04738    -0.22433     0.29542    -0.33635
Isotropic polarizablity (w=0)     0.25204
Electronic polarizability (w=0)     0.08696    -0.04714     0.39206    -0.01808     0.25550     0.27710

----------------
Atomic domain 30
----------------
Domain center:           -6.65193    12.32001    11.46836
Nuclear charge:           1.00000
Electronic charge:       -0.83209
Total charge:             0.16791
Electronic dipole        -0.03548     0.13284    -0.29209
Electronic dipole norm     0.32283
Electronic quadrupole    -0.57819    -0.03115     0.04102    -0.45508    -0.23452    -0.09143
Isotropic polarizablity (w=0)     0.25407
Electronic polarizability (w=0)     0.12071    -0.08141     0.18409     0.12537    -0.20498     0.45741

----------------
Atomic domain 31
----------------
Domain center:           -5.86429    13.33962    10.26003
Nuclear charge:           1.00000
Electronic charge:       -0.84796
Total charge:             0.15204
Electronic dipole        -0.27087    -0.17763     0.07700
Electronic dipole norm     0.33294
Electronic quadrupole    -0.16480     0.28575    -0.12758    -0.45078    -0.07834    -0.57388
Isotropic polarizablity (w=0)     0.27588
Electronic polarizability (w=0)     0.55713     0.20250     0.17101    -0.10779    -0.04903     0.09949

---------
Molecular
---------
Domain center:           -9.71190    14.08940    10.56134
Nuclear charge:         102.00000
Electronic charge:     -102.00000
Total charge:             0.00000
Electronic dipole        -0.03031    -0.24940     0.22388
Gauge   dipole            0.41948     2.22402    -1.65628
Total   dipole            0.38917     1.97462    -1.43241
Electronic quadrupole  -910.56878   -36.99577  -296.78762  -819.54842  -385.00604  -990.44249
Nuclear    quadrupole   857.46682    36.80982   296.68932   761.04000   388.12906   925.72893
Total      quadrupole   -53.10196    -0.18596    -0.09831   -58.50842     3.12303   -64.71356
Polarizability av (0)       16.83971
Polarizability (0)          16.83688     0.60963    17.05083     1.14427     0.88204    16.63142
Time used in Loprop              :      7.23 (cpu)       5.24 (wall)
