AA
12 2 2 1
1   -17.6990000000     1.7340000000     8.9520000000    -0.3210360983     0.1562449930     0.1382449359    -0.1411031146    -3.3894731596     0.7838863763    -0.0145726709    -3.3937923276     0.1134990269    -2.5514154977     0.5464845390     0.2987226673     0.2533514484     0.5890071215     0.3274503755     1.2573987509
1   -16.7870000000     2.6840000000     9.5430000000    -0.3340426362    -0.1530332538    -0.1634127518    -0.1349679622    -3.0733243980     0.2731988373     0.1133068447    -3.0857727171     0.2085859142    -3.1578370293     0.8708700551     0.1985648539     0.2353397451     0.9018172562     0.2456627882     0.8418599213
1   -18.3060000000     1.1850000000     9.5020000000     0.2717292030     0.1374518534     0.1293042504    -0.1367951873    -0.3560503310     0.1395055567    -0.1649803711    -0.3876889206    -0.1556512185    -0.3761924277     0.2094585296     0.1132026980    -0.1285525700     0.1958858443    -0.1231378974     0.2465007235
1   -16.7370000000     3.5780000000     8.9500000000     0.1700629726    -0.0061202203    -0.2776262807     0.1755625594    -0.5707539060     0.0340503801    -0.0125171029    -0.1438630349    -0.2717452733    -0.3686448539     0.0858293617     0.0498714743    -0.0111204324     0.5103002035    -0.1812682225     0.1457116287
1   -15.7935410000     2.2880260000     9.5091800000     0.1550384409    -0.3066081384     0.1214661160    -0.0049462502    -0.0715973746    -0.2102343864    -0.0230346358    -0.4910596643     0.0136134468    -0.6061444718     0.5935604812    -0.1516660393     0.0582818787     0.1358976697    -0.0061148343     0.0797907951
1   -17.0917530000     2.9299290000    10.5387630000     0.1536470745     0.0950748964    -0.0665616270    -0.3079366705    -0.5575770193    -0.0478843847    -0.1686302449    -0.5875050993     0.1336527928    -0.0427185377     0.1121684329    -0.0291750428    -0.1080704710     0.1271985101     0.1582711642     0.6004420374
1   -17.7320000000     1.5870000000     7.6350000000     0.3893935846     0.0411059477     0.0679739893    -0.0107883015    -2.8278237199     0.8258518721    -0.2399132067    -2.6633656033    -0.1412262416    -1.8606865035     0.8517232818     0.3162038750     0.1102644912     0.9282089567     0.1565747907     1.4111691302
1   -18.6550000000     0.5300000000     7.1080000000    -0.4767732851     0.1208133349     0.1352732154     0.0311211452    -3.3516910875     0.1084571230     0.0210457439    -3.2904501918     0.0515363466    -3.2845888847     0.9502093399     0.2733234065     0.1618286395     1.0300657438     0.2139704420     0.8162927679
1   -17.0790000000     2.2780000000     6.8540000000    -0.4882964929    -0.2871619758    -0.3015967766     0.3441423470    -3.7164530951     0.1415894192    -0.3178017444    -3.7222652219    -0.3533588842    -3.7125565468     0.4452157126     0.2130819913    -0.2666832554     0.4647009442    -0.2790948277     0.6443325142
1   -18.8542680000     0.6902970000     6.0690110000     0.1731112219     0.0673531815    -0.0455385379     0.3167521539    -0.5697192220    -0.0219618718     0.1236827370    -0.5779153734    -0.0919210662     0.0264888861     0.1216217543     0.0038117231     0.1549640525     0.0890884233    -0.0177406777     0.6313293532
1   -18.2163160000    -0.4323410000     7.2703480000     0.1644640646    -0.1343364537     0.3055216655    -0.0514691949    -0.4817934645    -0.2530574898     0.0382309572    -0.0622368111    -0.0952970703    -0.5845720281     0.1470706692    -0.1633870949     0.0188237199     0.6046985645    -0.0331519594     0.0803769095
1   -19.5430000000     0.6250000000     7.7220000000     0.1427019502     0.2962107469    -0.0168968024    -0.1896292241    -0.1488002161    -0.0448323869    -0.3231964397    -0.6112098823     0.0298759628    -0.4186566393     0.5545238715     0.0163774673    -0.2263458996     0.0984373973     0.0094123918     0.2088355868


---------------
Atomic domain 1
---------------
Domain center:          -17.69900     1.73400     8.95200
Nuclear charge:           7.00000
Electronic charge:       -7.32104
Total charge:            -0.32104
Electronic dipole         0.15624     0.13824    -0.14110
Electronic dipole norm     0.25186
Electronic quadrupole    -3.38947     0.78389    -0.01457    -3.39379     0.11350    -2.55142
Isotropic polarizablity (w=0)     0.79763
Electronic polarizability (w=0)     0.54648     0.29872     0.58901     0.25335     0.32745     1.25740

---------------
Atomic domain 2
---------------
Domain center:          -16.78700     2.68400     9.54300
Nuclear charge:           6.00000
Electronic charge:       -6.33404
Total charge:            -0.33404
Electronic dipole        -0.15303    -0.16341    -0.13497
Electronic dipole norm     0.26142
Electronic quadrupole    -3.07332     0.27320     0.11331    -3.08577     0.20859    -3.15784
Isotropic polarizablity (w=0)     0.87152
Electronic polarizability (w=0)     0.87087     0.19856     0.90182     0.23534     0.24566     0.84186

---------------
Atomic domain 3
---------------
Domain center:          -18.30600     1.18500     9.50200
Nuclear charge:           1.00000
Electronic charge:       -0.72827
Total charge:             0.27173
Electronic dipole         0.13745     0.12930    -0.13680
Electronic dipole norm     0.23308
Electronic quadrupole    -0.35605     0.13951    -0.16498    -0.38769    -0.15565    -0.37619
Isotropic polarizablity (w=0)     0.21728
Electronic polarizability (w=0)     0.20946     0.11320     0.19589    -0.12855    -0.12314     0.24650

---------------
Atomic domain 4
---------------
Domain center:          -16.73700     3.57800     8.95000
Nuclear charge:           1.00000
Electronic charge:       -0.82994
Total charge:             0.17006
Electronic dipole        -0.00612    -0.27763     0.17556
Electronic dipole norm     0.32854
Electronic quadrupole    -0.57075     0.03405    -0.01252    -0.14386    -0.27175    -0.36864
Isotropic polarizablity (w=0)     0.24728
Electronic polarizability (w=0)     0.08583     0.04987     0.51030    -0.01112    -0.18127     0.14571

---------------
Atomic domain 5
---------------
Domain center:          -15.79354     2.28803     9.50918
Nuclear charge:           1.00000
Electronic charge:       -0.84496
Total charge:             0.15504
Electronic dipole        -0.30661     0.12147    -0.00495
Electronic dipole norm     0.32983
Electronic quadrupole    -0.07160    -0.21023    -0.02303    -0.49106     0.01361    -0.60614
Isotropic polarizablity (w=0)     0.26975
Electronic polarizability (w=0)     0.59356    -0.15167     0.13590     0.05828    -0.00611     0.07979

---------------
Atomic domain 6
---------------
Domain center:          -17.09175     2.92993    10.53876
Nuclear charge:           1.00000
Electronic charge:       -0.84635
Total charge:             0.15365
Electronic dipole         0.09507    -0.06656    -0.30794
Electronic dipole norm     0.32908
Electronic quadrupole    -0.55758    -0.04788    -0.16863    -0.58751     0.13365    -0.04272
Isotropic polarizablity (w=0)     0.27994
Electronic polarizability (w=0)     0.11217    -0.02918     0.12720    -0.10807     0.15827     0.60044

---------------
Atomic domain 7
---------------
Domain center:          -17.73200     1.58700     7.63500
Nuclear charge:           6.00000
Electronic charge:       -5.61061
Total charge:             0.38939
Electronic dipole         0.04111     0.06797    -0.01079
Electronic dipole norm     0.08017
Electronic quadrupole    -2.82782     0.82585    -0.23991    -2.66337    -0.14123    -1.86069
Isotropic polarizablity (w=0)     1.06370
Electronic polarizability (w=0)     0.85172     0.31620     0.92821     0.11026     0.15657     1.41117

---------------
Atomic domain 8
---------------
Domain center:          -18.65500     0.53000     7.10800
Nuclear charge:           6.00000
Electronic charge:       -6.47677
Total charge:            -0.47677
Electronic dipole         0.12081     0.13527     0.03112
Electronic dipole norm     0.18402
Electronic quadrupole    -3.35169     0.10846     0.02105    -3.29045     0.05154    -3.28459
Isotropic polarizablity (w=0)     0.93219
Electronic polarizability (w=0)     0.95021     0.27332     1.03007     0.16183     0.21397     0.81629

---------------
Atomic domain 9
---------------
Domain center:          -17.07900     2.27800     6.85400
Nuclear charge:           8.00000
Electronic charge:       -8.48830
Total charge:            -0.48830
Electronic dipole        -0.28716    -0.30160     0.34414
Electronic dipole norm     0.54024
Electronic quadrupole    -3.71645     0.14159    -0.31780    -3.72227    -0.35336    -3.71256
Isotropic polarizablity (w=0)     0.51808
Electronic polarizability (w=0)     0.44522     0.21308     0.46470    -0.26668    -0.27909     0.64433

----------------
Atomic domain 10
----------------
Domain center:          -18.85427     0.69030     6.06901
Nuclear charge:           1.00000
Electronic charge:       -0.82689
Total charge:             0.17311
Electronic dipole         0.06735    -0.04554     0.31675
Electronic dipole norm     0.32702
Electronic quadrupole    -0.56972    -0.02196     0.12368    -0.57792    -0.09192     0.02649
Isotropic polarizablity (w=0)     0.28068
Electronic polarizability (w=0)     0.12162     0.00381     0.08909     0.15496    -0.01774     0.63133

----------------
Atomic domain 11
----------------
Domain center:          -18.21632    -0.43234     7.27035
Nuclear charge:           1.00000
Electronic charge:       -0.83554
Total charge:             0.16446
Electronic dipole        -0.13434     0.30552    -0.05147
Electronic dipole norm     0.33770
Electronic quadrupole    -0.48179    -0.25306     0.03823    -0.06224    -0.09530    -0.58457
Isotropic polarizablity (w=0)     0.27738
Electronic polarizability (w=0)     0.14707    -0.16339     0.60470     0.01882    -0.03315     0.08038

----------------
Atomic domain 12
----------------
Domain center:          -19.54300     0.62500     7.72200
Nuclear charge:           1.00000
Electronic charge:       -0.85730
Total charge:             0.14270
Electronic dipole         0.29621    -0.01690    -0.18963
Electronic dipole norm     0.35212
Electronic quadrupole    -0.14880    -0.04483    -0.32320    -0.61121     0.02988    -0.41866
Isotropic polarizablity (w=0)     0.28727
Electronic polarizability (w=0)     0.55452     0.01638     0.09844    -0.22635     0.00941     0.20884

---------
Molecular
---------
Domain center:          -17.60277     1.75080     8.06933
Nuclear charge:          40.00000
Electronic charge:      -40.00000
Total charge:            -0.00000
Electronic dipole         0.02699     0.02615    -0.11006
Gauge   dipole           -0.61468    -0.61857     1.36342
Total   dipole           -0.58769    -0.59242     1.25336
Electronic quadrupole  -106.19023   -81.76986   -53.17169  -125.74079   -67.00673  -210.71374
Nuclear    quadrupole    83.85372    82.23355    54.35687   103.73840    68.67416   188.32598
Total      quadrupole   -22.33651     0.46368     1.18518   -22.00240     1.66743   -22.38776
Polarizability av (0)        6.04269
Polarizability (0)           5.48874     1.13893     5.67531     0.25208     0.47083     6.96404
Time used in Loprop              :      0.77 (cpu)       0.65 (wall)
