AA
28 2 2 1
1   -18.9260000000     0.7480000000     5.6950000000    -0.3095942235    -0.1649010754     0.0471347013     0.1521690383    -2.6106164575    -0.2847378857     0.0732239902    -4.0337575819    -0.1748265311    -2.5889946892     1.0760092287    -0.2592689893     0.6260900774     0.3963768307    -0.2307306656     1.1481110848
1   -18.6550000000     0.5300000000     7.1080000000    -0.0592811133     0.1409196324    -0.0311652393    -0.2042546146    -2.9550742091    -0.0963700227     0.1525920001    -2.6445450806    -0.0853475170    -2.4951187188     0.8755018534    -0.0267613565     0.4756220887     1.4617984953     0.0543985379     1.2160647673
1   -17.7320000000     1.5870000000     7.6350000000     0.3780085966     0.0480771749     0.0902577694    -0.0068245906    -2.8505241640     0.8090202254    -0.2256000419    -2.7003300556    -0.1665894137    -1.8553137628     0.7686940191     0.2995473645     0.2025798119     1.0870884933     0.2864380338     1.4524069381
1   -17.0790000000     2.2780000000     6.8540000000    -0.4926502939    -0.2907562416    -0.2936608950     0.3511612356    -3.7324200284     0.1459768696    -0.3271004698    -3.7511151013    -0.3644662127    -3.7207352282     0.4214499859     0.2222056586    -0.2026540860     0.5023975882    -0.2378160214     0.5695967028
1   -18.0200000000    -0.8630000000     7.3430000000    -0.0884133704    -0.0215711174    -0.0219235292    -0.2495642216    -2.4010630840     0.0281992686    -0.1097451189    -2.4001770608    -0.0258977138    -2.9186387371     1.1712236255    -0.0199414505    -0.0354362592     1.5130718955     0.0285939079     0.7058915504
1   -19.0050000000    -1.9630000000     6.9440000000    -0.4232959237     0.1497280138     0.1638860352     0.0636645447    -3.1363361014     0.2122089918     0.0870352900    -3.1584747363     0.0619183936    -3.3336327932     0.9223050517     0.3196407707     0.0733607854     1.2003961451     0.0842415363     0.6533893216
1   -16.7340000000    -0.9930000000     6.5820000000    -0.4256113652    -0.2053200157     0.0112248161     0.1141368929    -2.9955252362    -0.0454739215    -0.1729556494    -3.3595920895     0.0400217963    -3.2246118017     1.1675657183    -0.1416793801    -0.1964013984     0.7559007663     0.0758001620     0.7080436408
1   -18.1920000000     0.6790000000     5.0620000000     0.2779476126    -0.1684585884     0.0091239704     0.1568145036    -0.2496209440    -0.0217741979    -0.2095637626    -0.4788198155     0.0310072800    -0.3117710017     0.2549536423    -0.0303008402    -0.1226464524     0.0922567913    -0.0016276683     0.2318367480
1   -19.5430000000     0.6250000000     7.7220000000     0.1633274970     0.2590940578    -0.0163113255    -0.1746185269    -0.1826788663    -0.0400709769    -0.2375830938    -0.6130650817     0.0074136941    -0.3663711695     0.3495976517    -0.0209536320    -0.1994900395     0.1231814889     0.0306996222     0.2681944997
1   -17.8250000000    -1.0570000000     8.3990000000     0.1238666046    -0.0591531019     0.0404175444    -0.3243317497    -0.6451490987    -0.0209136359     0.1121574556    -0.6165776477    -0.1179319974    -0.0843254814     0.1277536637    -0.0313910662     0.1207026971     0.1546420764    -0.1201700484     0.6275231437
1   -19.3700000000    -1.7710000000     5.9500000000     0.1404022107     0.1140763898    -0.0509610279     0.3159049314    -0.5553169064    -0.0372242384     0.2044957559    -0.5662505787    -0.1053723302    -0.0750332014     0.1683852048     0.0050399284     0.1917256625     0.1331118766    -0.0188276374     0.4903217810
1   -18.4420000000    -2.8890000000     6.9720000000     0.1368105296    -0.1690503159     0.3004887229    -0.0063817666    -0.4534045504    -0.3080710226     0.0055150419    -0.1439662732    -0.0210611652    -0.6306648318     0.1934062434    -0.1962086167     0.0052230467     0.6460545713    -0.0101366050     0.0761961154
1   -19.8270000000    -2.0110000000     7.6490000000     0.1424160073     0.2538267655     0.0120019979    -0.2182268109    -0.2638318196     0.0095701699    -0.3322891481    -0.6410973152    -0.0229175604    -0.3399442735     0.4383668298     0.0918168177    -0.2617362114     0.1200008770    -0.0568154823     0.2755914850
1   -16.4630000000    -2.0340000000     6.5110000000     0.1433636631    -0.0908852592     0.3282340331     0.0232848589    -0.5894271287    -0.1568286392    -0.0057774834    -0.0002211046     0.0424401540    -0.6255797457     0.2041006027    -0.2154614046    -0.0363905758     0.6124964185     0.0579939688     0.0820583758
1   -16.9120000000    -0.6160000000     5.5970000000     0.1292504515     0.0370014779    -0.1138471693     0.3196298290    -0.5919534502    -0.0506617589     0.0955782612    -0.5401131001    -0.2112862239    -0.0661701223     0.1230310732    -0.0293342814     0.0027025500     0.1286543659    -0.1214436586     0.5006453351
1   -15.9460000000    -0.4520000000     7.0910000000     0.1480194520    -0.2418763061    -0.1696955448    -0.1515372645    -0.2834881425     0.2287483823     0.2362812687    -0.4519689175     0.1537983709    -0.4745516645     0.4692886735     0.1805176224     0.1689098257     0.1984848905     0.1040736144     0.1681649394
1   -20.1360000000     1.0540000000     5.2670000000     0.3930310298    -0.0249629159    -0.0135366206     0.0806712960    -1.8192653659    -0.3072303849    -0.2699980382    -3.5238959243    -0.0944055894    -2.0497931783     1.3789403313    -0.2350215923     0.3224326006     0.6341414917    -0.1526850680     1.3458786715
1   -20.2670000000     1.2080000000     3.7650000000    -0.4813763672    -0.0176810514    -0.0112964010     0.1649506452    -3.3574953525    -0.0160163970    -0.0016414137    -3.4503208847    -0.0359971279    -3.1535807366     0.7120182184    -0.0429419087     0.1795252840     0.6982410317    -0.1188450414     1.4301150822
1   -21.1220000000     1.1530000000     6.0110000000    -0.4937176023     0.4258614637    -0.0409863023    -0.3240535429    -3.5101801525    -0.0157657545    -0.4625045988    -3.8926412117     0.0781929387    -3.8137767754     0.8497911573    -0.0989970305    -0.3023034320     0.2488073578     0.0415995086     0.4320616887
1   -19.6720000000     0.4380000000     3.3050000000     0.1472438721    -0.1944406925     0.2495591852     0.1547256994    -0.4197380841    -0.2701813322    -0.1707447596    -0.2614260097     0.2110509358    -0.4845395257     0.2023278126    -0.1778477131    -0.1337074907     0.3300314321     0.2001705902     0.2913040934
1   -21.2895720000     1.1025880000     3.4681240000     0.1723092676     0.3171556905     0.0324429133     0.0948452055     0.0167425958     0.0638393692     0.1815949400    -0.5838445730     0.0183514538    -0.5432594547     0.5974494321     0.0306906771     0.2433736318     0.0730889737     0.0095977283     0.2038949377
1   -19.8830870000     2.1547980000     3.4470610000     0.1690333253    -0.1206253584    -0.2961027983     0.0975880643    -0.5085637819     0.2131913238    -0.0740741078    -0.0628725877    -0.1687518998    -0.5460991011     0.1140489917     0.1312503596    -0.0612816096     0.5004934333    -0.2139071671     0.2045930053
1   -17.6990000000     1.7340000000     8.9520000000    -0.3153358174     0.1545295488     0.1453440065    -0.1390411006    -3.3854334560     0.7740020207    -0.0219183340    -3.3984545374     0.1108185087    -2.5455600937     0.5351095602     0.3207882079     0.2995230557     0.6455449220     0.4308333889     1.3214616219
1   -16.7870000000     2.6840000000     9.5430000000    -0.3336162846    -0.1535821810    -0.1594302980    -0.1319813049    -3.0706149911     0.2686945426     0.1128922340    -3.0922163623     0.2033850148    -3.1640529233     0.8616856382     0.2412810093     0.2726456381     0.9391753526     0.3038491138     0.8766862376
1   -18.3060000000     1.1850000000     9.5020000000     0.2741656635     0.1375531785     0.1277540886    -0.1345991169    -0.3532099093     0.1347247573    -0.1666262609    -0.3882333183    -0.1520648545    -0.3643821603     0.1940631322     0.0970439879    -0.1193015575     0.1892262271    -0.0902679104     0.2443151678
1   -16.7370000000     3.5780000000     8.9500000000     0.1717398449    -0.0058515695    -0.2753034156     0.1760441157    -0.5687038828     0.0327563126    -0.0135916194    -0.1423891810    -0.2742106713    -0.3693716179     0.0850077738     0.0587847159    -0.0110658810     0.5184872419    -0.1658362324     0.1318036175
1   -15.7935410000     2.2880260000     9.5091800000     0.1552557200    -0.3064931527     0.1221233563    -0.0042843072    -0.0693037905    -0.2100271529    -0.0225701769    -0.4909631498     0.0128418883    -0.6061442939     0.5783038066    -0.1313962580     0.0707126585     0.1299389959    -0.0024591607     0.0837025036
1   -17.0917530000     2.9299290000    10.5387630000     0.1567010132     0.0945722810    -0.0657661640    -0.3058208640    -0.5538883748    -0.0480012997    -0.1686947218    -0.5836456832     0.1334917360    -0.0402384043     0.1044120252    -0.0278798361    -0.0981301551     0.1338331528     0.1760979224     0.6202441385


---------------
Atomic domain 1
---------------
Domain center:          -18.92600     0.74800     5.69500
Nuclear charge:           7.00000
Electronic charge:       -7.30959
Total charge:            -0.30959
Electronic dipole        -0.16490     0.04713     0.15217
Electronic dipole norm     0.22928
Electronic quadrupole    -2.61062    -0.28474     0.07322    -4.03376    -0.17483    -2.58899
Isotropic polarizablity (w=0)     0.87350
Electronic polarizability (w=0)     1.07601    -0.25927     0.39638     0.62609    -0.23073     1.14811

---------------
Atomic domain 2
---------------
Domain center:          -18.65500     0.53000     7.10800
Nuclear charge:           6.00000
Electronic charge:       -6.05928
Total charge:            -0.05928
Electronic dipole         0.14092    -0.03117    -0.20425
Electronic dipole norm     0.25010
Electronic quadrupole    -2.95507    -0.09637     0.15259    -2.64455    -0.08535    -2.49512
Isotropic polarizablity (w=0)     1.18446
Electronic polarizability (w=0)     0.87550    -0.02676     1.46180     0.47562     0.05440     1.21606

---------------
Atomic domain 3
---------------
Domain center:          -17.73200     1.58700     7.63500
Nuclear charge:           6.00000
Electronic charge:       -5.62199
Total charge:             0.37801
Electronic dipole         0.04808     0.09026    -0.00682
Electronic dipole norm     0.10249
Electronic quadrupole    -2.85052     0.80902    -0.22560    -2.70033    -0.16659    -1.85531
Isotropic polarizablity (w=0)     1.10273
Electronic polarizability (w=0)     0.76869     0.29955     1.08709     0.20258     0.28644     1.45241

---------------
Atomic domain 4
---------------
Domain center:          -17.07900     2.27800     6.85400
Nuclear charge:           8.00000
Electronic charge:       -8.49265
Total charge:            -0.49265
Electronic dipole        -0.29076    -0.29366     0.35116
Electronic dipole norm     0.54230
Electronic quadrupole    -3.73242     0.14598    -0.32710    -3.75112    -0.36447    -3.72074
Isotropic polarizablity (w=0)     0.49781
Electronic polarizability (w=0)     0.42145     0.22221     0.50240    -0.20265    -0.23782     0.56960

---------------
Atomic domain 5
---------------
Domain center:          -18.02000    -0.86300     7.34300
Nuclear charge:           6.00000
Electronic charge:       -6.08841
Total charge:            -0.08841
Electronic dipole        -0.02157    -0.02192    -0.24956
Electronic dipole norm     0.25145
Electronic quadrupole    -2.40106     0.02820    -0.10975    -2.40018    -0.02590    -2.91864
Isotropic polarizablity (w=0)     1.13006
Electronic polarizability (w=0)     1.17122    -0.01994     1.51307    -0.03544     0.02859     0.70589

---------------
Atomic domain 6
---------------
Domain center:          -19.00500    -1.96300     6.94400
Nuclear charge:           6.00000
Electronic charge:       -6.42330
Total charge:            -0.42330
Electronic dipole         0.14973     0.16389     0.06366
Electronic dipole norm     0.23093
Electronic quadrupole    -3.13634     0.21221     0.08704    -3.15847     0.06192    -3.33363
Isotropic polarizablity (w=0)     0.92536
Electronic polarizability (w=0)     0.92231     0.31964     1.20040     0.07336     0.08424     0.65339

---------------
Atomic domain 7
---------------
Domain center:          -16.73400    -0.99300     6.58200
Nuclear charge:           6.00000
Electronic charge:       -6.42561
Total charge:            -0.42561
Electronic dipole        -0.20532     0.01122     0.11414
Electronic dipole norm     0.23518
Electronic quadrupole    -2.99553    -0.04547    -0.17296    -3.35959     0.04002    -3.22461
Isotropic polarizablity (w=0)     0.87717
Electronic polarizability (w=0)     1.16757    -0.14168     0.75590    -0.19640     0.07580     0.70804

---------------
Atomic domain 8
---------------
Domain center:          -18.19200     0.67900     5.06200
Nuclear charge:           1.00000
Electronic charge:       -0.72205
Total charge:             0.27795
Electronic dipole        -0.16846     0.00912     0.15681
Electronic dipole norm     0.23033
Electronic quadrupole    -0.24962    -0.02177    -0.20956    -0.47882     0.03101    -0.31177
Isotropic polarizablity (w=0)     0.19302
Electronic polarizability (w=0)     0.25495    -0.03030     0.09226    -0.12265    -0.00163     0.23184

---------------
Atomic domain 9
---------------
Domain center:          -19.54300     0.62500     7.72200
Nuclear charge:           1.00000
Electronic charge:       -0.83667
Total charge:             0.16333
Electronic dipole         0.25909    -0.01631    -0.17462
Electronic dipole norm     0.31287
Electronic quadrupole    -0.18268    -0.04007    -0.23758    -0.61307     0.00741    -0.36637
Isotropic polarizablity (w=0)     0.24699
Electronic polarizability (w=0)     0.34960    -0.02095     0.12318    -0.19949     0.03070     0.26819

----------------
Atomic domain 10
----------------
Domain center:          -17.82500    -1.05700     8.39900
Nuclear charge:           1.00000
Electronic charge:       -0.87613
Total charge:             0.12387
Electronic dipole        -0.05915     0.04042    -0.32433
Electronic dipole norm     0.33215
Electronic quadrupole    -0.64515    -0.02091     0.11216    -0.61658    -0.11793    -0.08433
Isotropic polarizablity (w=0)     0.30331
Electronic polarizability (w=0)     0.12775    -0.03139     0.15464     0.12070    -0.12017     0.62752

----------------
Atomic domain 11
----------------
Domain center:          -19.37000    -1.77100     5.95000
Nuclear charge:           1.00000
Electronic charge:       -0.85960
Total charge:             0.14040
Electronic dipole         0.11408    -0.05096     0.31590
Electronic dipole norm     0.33972
Electronic quadrupole    -0.55532    -0.03722     0.20450    -0.56625    -0.10537    -0.07503
Isotropic polarizablity (w=0)     0.26394
Electronic polarizability (w=0)     0.16839     0.00504     0.13311     0.19173    -0.01883     0.49032

----------------
Atomic domain 12
----------------
Domain center:          -18.44200    -2.88900     6.97200
Nuclear charge:           1.00000
Electronic charge:       -0.86319
Total charge:             0.13681
Electronic dipole        -0.16905     0.30049    -0.00638
Electronic dipole norm     0.34484
Electronic quadrupole    -0.45340    -0.30807     0.00552    -0.14397    -0.02106    -0.63066
Isotropic polarizablity (w=0)     0.30522
Electronic polarizability (w=0)     0.19341    -0.19621     0.64605     0.00522    -0.01014     0.07620

----------------
Atomic domain 13
----------------
Domain center:          -19.82700    -2.01100     7.64900
Nuclear charge:           1.00000
Electronic charge:       -0.85758
Total charge:             0.14242
Electronic dipole         0.25383     0.01200    -0.21823
Electronic dipole norm     0.33496
Electronic quadrupole    -0.26383     0.00957    -0.33229    -0.64110    -0.02292    -0.33994
Isotropic polarizablity (w=0)     0.27799
Electronic polarizability (w=0)     0.43837     0.09182     0.12000    -0.26174    -0.05682     0.27559

----------------
Atomic domain 14
----------------
Domain center:          -16.46300    -2.03400     6.51100
Nuclear charge:           1.00000
Electronic charge:       -0.85664
Total charge:             0.14336
Electronic dipole        -0.09089     0.32823     0.02328
Electronic dipole norm     0.34138
Electronic quadrupole    -0.58943    -0.15683    -0.00578    -0.00022     0.04244    -0.62558
Isotropic polarizablity (w=0)     0.29955
Electronic polarizability (w=0)     0.20410    -0.21546     0.61250    -0.03639     0.05799     0.08206

----------------
Atomic domain 15
----------------
Domain center:          -16.91200    -0.61600     5.59700
Nuclear charge:           1.00000
Electronic charge:       -0.87075
Total charge:             0.12925
Electronic dipole         0.03700    -0.11385     0.31963
Electronic dipole norm     0.34131
Electronic quadrupole    -0.59195    -0.05066     0.09558    -0.54011    -0.21129    -0.06617
Isotropic polarizablity (w=0)     0.25078
Electronic polarizability (w=0)     0.12303    -0.02933     0.12865     0.00270    -0.12144     0.50065

----------------
Atomic domain 16
----------------
Domain center:          -15.94600    -0.45200     7.09100
Nuclear charge:           1.00000
Electronic charge:       -0.85198
Total charge:             0.14802
Electronic dipole        -0.24188    -0.16970    -0.15154
Electronic dipole norm     0.33206
Electronic quadrupole    -0.28349     0.22875     0.23628    -0.45197     0.15380    -0.47455
Isotropic polarizablity (w=0)     0.27865
Electronic polarizability (w=0)     0.46929     0.18052     0.19848     0.16891     0.10407     0.16816

----------------
Atomic domain 17
----------------
Domain center:          -20.13600     1.05400     5.26700
Nuclear charge:           6.00000
Electronic charge:       -5.60697
Total charge:             0.39303
Electronic dipole        -0.02496    -0.01354     0.08067
Electronic dipole norm     0.08552
Electronic quadrupole    -1.81927    -0.30723    -0.27000    -3.52390    -0.09441    -2.04979
Isotropic polarizablity (w=0)     1.11965
Electronic polarizability (w=0)     1.37894    -0.23502     0.63414     0.32243    -0.15269     1.34588

----------------
Atomic domain 18
----------------
Domain center:          -20.26700     1.20800     3.76500
Nuclear charge:           6.00000
Electronic charge:       -6.48138
Total charge:            -0.48138
Electronic dipole        -0.01768    -0.01130     0.16495
Electronic dipole norm     0.16628
Electronic quadrupole    -3.35750    -0.01602    -0.00164    -3.45032    -0.03600    -3.15358
Isotropic polarizablity (w=0)     0.94679
Electronic polarizability (w=0)     0.71202    -0.04294     0.69824     0.17953    -0.11885     1.43012

----------------
Atomic domain 19
----------------
Domain center:          -21.12200     1.15300     6.01100
Nuclear charge:           8.00000
Electronic charge:       -8.49372
Total charge:            -0.49372
Electronic dipole         0.42586    -0.04099    -0.32405
Electronic dipole norm     0.53670
Electronic quadrupole    -3.51018    -0.01577    -0.46250    -3.89264     0.07819    -3.81378
Isotropic polarizablity (w=0)     0.51022
Electronic polarizability (w=0)     0.84979    -0.09900     0.24881    -0.30230     0.04160     0.43206

----------------
Atomic domain 20
----------------
Domain center:          -19.67200     0.43800     3.30500
Nuclear charge:           1.00000
Electronic charge:       -0.85276
Total charge:             0.14724
Electronic dipole        -0.19444     0.24956     0.15473
Electronic dipole norm     0.35217
Electronic quadrupole    -0.41974    -0.27018    -0.17074    -0.26143     0.21105    -0.48454
Isotropic polarizablity (w=0)     0.27455
Electronic polarizability (w=0)     0.20233    -0.17785     0.33003    -0.13371     0.20017     0.29130

----------------
Atomic domain 21
----------------
Domain center:          -21.28957     1.10259     3.46812
Nuclear charge:           1.00000
Electronic charge:       -0.82769
Total charge:             0.17231
Electronic dipole         0.31716     0.03244     0.09485
Electronic dipole norm     0.33262
Electronic quadrupole     0.01674     0.06384     0.18159    -0.58384     0.01835    -0.54326
Isotropic polarizablity (w=0)     0.29148
Electronic polarizability (w=0)     0.59745     0.03069     0.07309     0.24337     0.00960     0.20389

----------------
Atomic domain 22
----------------
Domain center:          -19.88309     2.15480     3.44706
Nuclear charge:           1.00000
Electronic charge:       -0.83097
Total charge:             0.16903
Electronic dipole        -0.12063    -0.29610     0.09759
Electronic dipole norm     0.33429
Electronic quadrupole    -0.50856     0.21319    -0.07407    -0.06287    -0.16875    -0.54610
Isotropic polarizablity (w=0)     0.27305
Electronic polarizability (w=0)     0.11405     0.13125     0.50049    -0.06128    -0.21391     0.20459

----------------
Atomic domain 23
----------------
Domain center:          -17.69900     1.73400     8.95200
Nuclear charge:           7.00000
Electronic charge:       -7.31534
Total charge:            -0.31534
Electronic dipole         0.15453     0.14534    -0.13904
Electronic dipole norm     0.25365
Electronic quadrupole    -3.38543     0.77400    -0.02192    -3.39845     0.11082    -2.54556
Isotropic polarizablity (w=0)     0.83404
Electronic polarizability (w=0)     0.53511     0.32079     0.64554     0.29952     0.43083     1.32146

----------------
Atomic domain 24
----------------
Domain center:          -16.78700     2.68400     9.54300
Nuclear charge:           6.00000
Electronic charge:       -6.33362
Total charge:            -0.33362
Electronic dipole        -0.15358    -0.15943    -0.13198
Electronic dipole norm     0.25773
Electronic quadrupole    -3.07061     0.26869     0.11289    -3.09222     0.20339    -3.16405
Isotropic polarizablity (w=0)     0.89252
Electronic polarizability (w=0)     0.86169     0.24128     0.93918     0.27265     0.30385     0.87669

----------------
Atomic domain 25
----------------
Domain center:          -18.30600     1.18500     9.50200
Nuclear charge:           1.00000
Electronic charge:       -0.72583
Total charge:             0.27417
Electronic dipole         0.13755     0.12775    -0.13460
Electronic dipole norm     0.23100
Electronic quadrupole    -0.35321     0.13472    -0.16663    -0.38823    -0.15206    -0.36438
Isotropic polarizablity (w=0)     0.20920
Electronic polarizability (w=0)     0.19406     0.09704     0.18923    -0.11930    -0.09027     0.24432

----------------
Atomic domain 26
----------------
Domain center:          -16.73700     3.57800     8.95000
Nuclear charge:           1.00000
Electronic charge:       -0.82826
Total charge:             0.17174
Electronic dipole        -0.00585    -0.27530     0.17604
Electronic dipole norm     0.32683
Electronic quadrupole    -0.56870     0.03276    -0.01359    -0.14239    -0.27421    -0.36937
Isotropic polarizablity (w=0)     0.24510
Electronic polarizability (w=0)     0.08501     0.05878     0.51849    -0.01107    -0.16584     0.13180

----------------
Atomic domain 27
----------------
Domain center:          -15.79354     2.28803     9.50918
Nuclear charge:           1.00000
Electronic charge:       -0.84474
Total charge:             0.15526
Electronic dipole        -0.30649     0.12212    -0.00428
Electronic dipole norm     0.32996
Electronic quadrupole    -0.06930    -0.21003    -0.02257    -0.49096     0.01284    -0.60614
Isotropic polarizablity (w=0)     0.26398
Electronic polarizability (w=0)     0.57830    -0.13140     0.12994     0.07071    -0.00246     0.08370

----------------
Atomic domain 28
----------------
Domain center:          -17.09175     2.92993    10.53876
Nuclear charge:           1.00000
Electronic charge:       -0.84330
Total charge:             0.15670
Electronic dipole         0.09457    -0.06577    -0.30582
Electronic dipole norm     0.32680
Electronic quadrupole    -0.55389    -0.04800    -0.16869    -0.58365     0.13349    -0.04024
Isotropic polarizablity (w=0)     0.28616
Electronic polarizability (w=0)     0.10441    -0.02788     0.13383    -0.09813     0.17610     0.62024

---------
Molecular
---------
Domain center:          -18.48183     0.72805     6.81111
Nuclear charge:          94.00000
Electronic charge:      -94.00000
Total charge:             0.00000
Electronic dipole        -0.10321     0.12001    -0.10993
Gauge   dipole            0.96352    -0.88878     0.84821
Total   dipole            0.86031    -0.76877     0.73828
Electronic quadrupole  -761.26254   -68.71379  -507.76546  -742.65477  -159.62542  -916.15889
Nuclear    quadrupole   698.02275    68.02772   509.56304   687.52985   161.79192   873.89643
Total      quadrupole   -63.23980    -0.68607     1.79759   -55.12492     2.16650   -42.26246
Polarizability av (0)       15.15727
Polarizability (0)          14.94479     0.31322    14.16692     1.47458     0.34282    16.36010
Time used in Loprop              :      5.36 (cpu)       3.96 (wall)
