AA
21 2 2 1
1    -1.1800000000    20.1650000000    13.5520000000    -0.2875887984     0.1651472481    -0.1747179007     0.0373703926    -2.5478039611     0.0837331952     0.2422203621    -2.6162466479     0.3486548048    -3.9245121523     1.3317175765     0.6816569870     0.2712766059     1.1690185318     0.2335522854     0.3821951062
1     0.2400000000    20.3930000000    13.7650000000    -0.0804723896    -0.1610854845     0.1471847338    -0.0154311551    -2.5285084498     0.1839101358     0.0105652096    -2.8506701776    -0.1734639203    -3.0361283357     1.3548044497     0.5214769235     0.0867481576     0.9527029517    -0.1281210411     1.5734886497
1     0.4530000000    20.7130000000    15.2510000000     0.4051436981     0.0090753335     0.0266110853     0.1204904241    -1.7069576864    -0.2170602911     0.0027687784    -3.7036081140     0.3449898965    -2.3419333899     1.1319979703     0.0270714038     0.1655093689     0.7059480939     0.1527086617     1.6878201807
1     1.6160000000    20.7000000000    15.6930000000    -0.6172066801    -0.5494162700     0.0152632407    -0.1526316353    -3.4346432260    -0.0085005253     0.2422325747    -4.1014368753    -0.0451633070    -4.1799696894     0.9466624572     0.0154918607     0.3805617656     0.2394888456    -0.0009722162     0.4595088019
1     0.7610000000    21.5600000000    12.8990000000     0.0930085278    -0.2948703478     0.0038536062    -0.0237137981    -2.6552064528    -0.2616382910    -0.1633884773    -2.3113914417     0.0431228919    -2.3156696193     0.7694825630     0.1430347551    -0.2293718126     1.1548973963    -0.1688546876     1.4287898679
1     0.7570000000    21.1670000000    11.4160000000    -0.4411059882    -0.0149595677     0.0520083023     0.2365394176    -3.3646139720    -0.0174188515    -0.0813986408    -3.3580846993     0.1034548769    -3.0069158740     0.7300543957     0.0200683728    -0.1173572072     0.7282684957     0.0323812315     1.4364125989
1    -0.5490000000    20.9880000000    15.9490000000    -0.6154551771     0.4806581839    -0.1178427206    -0.2808321499    -3.6297623006    -0.1492166961    -0.3830174085    -4.0547316074     0.0521873485    -4.0303537412     0.6250587233    -0.1124202861    -0.3810566268     0.2802127115     0.1327123064     0.6378248423
1    -0.0710000000    22.7070000000    13.0960000000    -0.5404139719     0.3307781335    -0.1290154993    -0.2043152460    -3.8781148573    -0.2348441356    -0.1565127139    -3.1739261743    -0.2309392597    -3.9516060979     0.3270802592    -0.1939140906    -0.0740402889     0.8516531050    -0.0333436820     0.2955049810
1    -1.8370000000    20.8890000000    13.6230000000     0.2692614097     0.1613498344    -0.1853800828    -0.0095295845    -0.3262792610    -0.2142874865     0.0036536682    -0.2921049365     0.0184329751    -0.4977352022     0.2838284410    -0.1763231747    -0.0055440444     0.2675184138     0.0014989368     0.0693528308
1     0.7830000000    19.4850000000    13.5240000000     0.1584751399    -0.1688602277     0.2580529515     0.0874712167    -0.4067965619    -0.2134601354    -0.0532687371    -0.1782804385     0.1341863405    -0.5890865761     0.2698052089    -0.2164151050    -0.0596360866     0.3559932666     0.0577151014     0.1394889347
1     1.7760000000    21.7720000000    13.2030000000     0.1302179351    -0.3052028280    -0.0645327624    -0.0746798244    -0.1660033112     0.1141604984     0.1192218562    -0.6029452750     0.0129193482    -0.5518921038     0.6259164001     0.1603001752     0.0949462186     0.1574223662     0.0274382801     0.1282518132
1     0.1990000000    23.4510000000    12.5550000000     0.3234984739    -0.0669022936    -0.1618114992     0.1304723433    -0.4246033052     0.1449755344    -0.0917691642    -0.1972157010    -0.2349083441    -0.2830647338     0.0966268448     0.0699667065    -0.0277724390     0.4242091234    -0.1618128615     0.1792277493
1     1.0520000000    20.1260000000    11.3310000000     0.1444247719    -0.0964532698     0.3242765396     0.0426544294    -0.5706895809    -0.1737649813    -0.0223610058    -0.0008279353     0.0468161303    -0.6204871664     0.1293569286    -0.1498492072    -0.0537294919     0.5396664832     0.1069791999     0.1608802080
1    -0.2580000000    21.3030000000    11.0610000000     0.1296597078     0.3331386608    -0.0437227065     0.1361101673    -0.0575925963    -0.0714580921     0.2088778366    -0.6320628282    -0.0303486577    -0.5441674560     0.5173410890    -0.0450351383     0.2381739313     0.0816566153    -0.0322272356     0.2497530438
1     1.4410000000    21.7930000000    10.8520000000     0.1144844285    -0.2210901746    -0.2092698558     0.1908804053    -0.3920124087     0.2482883234    -0.2206029956    -0.4402077902    -0.2056884922    -0.5143121528     0.3454120437     0.2312729408    -0.2718518446     0.2829503236    -0.2323110102     0.3870664785
1    -1.6380000000    18.9580000000    13.2470000000     0.3771183071     0.0952174334    -0.0448214307     0.0502887905    -2.0843182394    -0.2271074039     0.0974309091    -1.8428665455     0.3842013370    -3.5542468435     1.4532351514     0.4352723179     0.1549869924     1.4644179869     0.2196265480     0.6305397353
1    -3.1410000000    18.8190000000    13.1080000000    -0.4861814486     0.1856151855    -0.0189591981     0.0166593601    -3.1665636603    -0.0874520339     0.0817515395    -3.4707731545     0.0019754273    -3.3823904018     1.5045094115     0.1808882274     0.1177639314     0.7234820159     0.0180870368     0.7086770792
1    -0.9010000000    17.9750000000    13.1060000000    -0.5295787882    -0.3117435998     0.4470091743     0.0748069168    -3.8446869801    -0.4433603660    -0.0828643286    -3.5459999290     0.0450683469    -3.9478189322     0.4188304029    -0.2981117339    -0.0425765576     0.8485145534     0.0890649250     0.2435189012
1    -3.6640000000    19.6730000000    12.7140000000     0.1344649635     0.1680214664    -0.2899623043     0.1179416358    -0.4774305705    -0.2600937261     0.1142242669    -0.2197589048    -0.1970437254    -0.5512936616     0.3450008735    -0.2423463728     0.1360905445     0.3717893696    -0.1550558965     0.1592644562
1    -3.3132170000    18.0542400000    12.3797260000     0.1539941113     0.0687932404     0.2652504258     0.2350374652    -0.5927182618     0.0854012728     0.0829016574    -0.2569627514     0.3364990950    -0.2967122980     0.1660917275     0.1608227549     0.1316562308     0.4177575799     0.3029131328     0.3361715232
1    -3.5105290000    18.5500610000    14.0754810000     0.1642517673     0.1318106245     0.0866906214    -0.2986187951    -0.5323016348     0.0551306170    -0.2058658780    -0.5525765164    -0.1532619526    -0.0483720297     0.2430839868     0.0973072088    -0.2334210060     0.1321986999    -0.1492372396     0.4645367737


---------------
Atomic domain 1
---------------
Domain center:           -1.18000    20.16500    13.55200
Nuclear charge:           7.00000
Electronic charge:       -7.28759
Total charge:            -0.28759
Electronic dipole         0.16515    -0.17472     0.03737
Electronic dipole norm     0.24330
Electronic quadrupole    -2.54780     0.08373     0.24222    -2.61625     0.34865    -3.92451
Isotropic polarizablity (w=0)     0.96098
Electronic polarizability (w=0)     1.33172     0.68166     1.16902     0.27128     0.23355     0.38220

---------------
Atomic domain 2
---------------
Domain center:            0.24000    20.39300    13.76500
Nuclear charge:           6.00000
Electronic charge:       -6.08047
Total charge:            -0.08047
Electronic dipole        -0.16109     0.14718    -0.01543
Electronic dipole norm     0.21875
Electronic quadrupole    -2.52851     0.18391     0.01057    -2.85067    -0.17346    -3.03613
Isotropic polarizablity (w=0)     1.29367
Electronic polarizability (w=0)     1.35480     0.52148     0.95270     0.08675    -0.12812     1.57349

---------------
Atomic domain 3
---------------
Domain center:            0.45300    20.71300    15.25100
Nuclear charge:           6.00000
Electronic charge:       -5.59486
Total charge:             0.40514
Electronic dipole         0.00908     0.02661     0.12049
Electronic dipole norm     0.12373
Electronic quadrupole    -1.70696    -0.21706     0.00277    -3.70361     0.34499    -2.34193
Isotropic polarizablity (w=0)     1.17526
Electronic polarizability (w=0)     1.13200     0.02707     0.70595     0.16551     0.15271     1.68782

---------------
Atomic domain 4
---------------
Domain center:            1.61600    20.70000    15.69300
Nuclear charge:           8.00000
Electronic charge:       -8.61721
Total charge:            -0.61721
Electronic dipole        -0.54942     0.01526    -0.15263
Electronic dipole norm     0.57043
Electronic quadrupole    -3.43464    -0.00850     0.24223    -4.10144    -0.04516    -4.17997
Isotropic polarizablity (w=0)     0.54855
Electronic polarizability (w=0)     0.94666     0.01549     0.23949     0.38056    -0.00097     0.45951

---------------
Atomic domain 5
---------------
Domain center:            0.76100    21.56000    12.89900
Nuclear charge:           6.00000
Electronic charge:       -5.90699
Total charge:             0.09301
Electronic dipole        -0.29487     0.00385    -0.02371
Electronic dipole norm     0.29585
Electronic quadrupole    -2.65521    -0.26164    -0.16339    -2.31139     0.04312    -2.31567
Isotropic polarizablity (w=0)     1.11772
Electronic polarizability (w=0)     0.76948     0.14303     1.15490    -0.22937    -0.16885     1.42879

---------------
Atomic domain 6
---------------
Domain center:            0.75700    21.16700    11.41600
Nuclear charge:           6.00000
Electronic charge:       -6.44111
Total charge:            -0.44111
Electronic dipole        -0.01496     0.05201     0.23654
Electronic dipole norm     0.24265
Electronic quadrupole    -3.36461    -0.01742    -0.08140    -3.35808     0.10345    -3.00692
Isotropic polarizablity (w=0)     0.96491
Electronic polarizability (w=0)     0.73005     0.02007     0.72827    -0.11736     0.03238     1.43641

---------------
Atomic domain 7
---------------
Domain center:           -0.54900    20.98800    15.94900
Nuclear charge:           8.00000
Electronic charge:       -8.61546
Total charge:            -0.61546
Electronic dipole         0.48066    -0.11784    -0.28083
Electronic dipole norm     0.56902
Electronic quadrupole    -3.62976    -0.14922    -0.38302    -4.05473     0.05219    -4.03035
Isotropic polarizablity (w=0)     0.51437
Electronic polarizability (w=0)     0.62506    -0.11242     0.28021    -0.38106     0.13271     0.63782

---------------
Atomic domain 8
---------------
Domain center:           -0.07100    22.70700    13.09600
Nuclear charge:           8.00000
Electronic charge:       -8.54041
Total charge:            -0.54041
Electronic dipole         0.33078    -0.12902    -0.20432
Electronic dipole norm     0.40964
Electronic quadrupole    -3.87811    -0.23484    -0.15651    -3.17393    -0.23094    -3.95161
Isotropic polarizablity (w=0)     0.49141
Electronic polarizability (w=0)     0.32708    -0.19391     0.85165    -0.07404    -0.03334     0.29550

---------------
Atomic domain 9
---------------
Domain center:           -1.83700    20.88900    13.62300
Nuclear charge:           1.00000
Electronic charge:       -0.73074
Total charge:             0.26926
Electronic dipole         0.16135    -0.18538    -0.00953
Electronic dipole norm     0.24595
Electronic quadrupole    -0.32628    -0.21429     0.00365    -0.29210     0.01843    -0.49774
Isotropic polarizablity (w=0)     0.20690
Electronic polarizability (w=0)     0.28383    -0.17632     0.26752    -0.00554     0.00150     0.06935

----------------
Atomic domain 10
----------------
Domain center:            0.78300    19.48500    13.52400
Nuclear charge:           1.00000
Electronic charge:       -0.84152
Total charge:             0.15848
Electronic dipole        -0.16886     0.25805     0.08747
Electronic dipole norm     0.32056
Electronic quadrupole    -0.40680    -0.21346    -0.05327    -0.17828     0.13419    -0.58909
Isotropic polarizablity (w=0)     0.25510
Electronic polarizability (w=0)     0.26981    -0.21642     0.35599    -0.05964     0.05772     0.13949

----------------
Atomic domain 11
----------------
Domain center:            1.77600    21.77200    13.20300
Nuclear charge:           1.00000
Electronic charge:       -0.86978
Total charge:             0.13022
Electronic dipole        -0.30520    -0.06453    -0.07468
Electronic dipole norm     0.32077
Electronic quadrupole    -0.16600     0.11416     0.11922    -0.60295     0.01292    -0.55189
Isotropic polarizablity (w=0)     0.30386
Electronic polarizability (w=0)     0.62592     0.16030     0.15742     0.09495     0.02744     0.12825

----------------
Atomic domain 12
----------------
Domain center:            0.19900    23.45100    12.55500
Nuclear charge:           1.00000
Electronic charge:       -0.67650
Total charge:             0.32350
Electronic dipole        -0.06690    -0.16181     0.13047
Electronic dipole norm     0.21836
Electronic quadrupole    -0.42460     0.14498    -0.09177    -0.19722    -0.23491    -0.28306
Isotropic polarizablity (w=0)     0.23335
Electronic polarizability (w=0)     0.09663     0.06997     0.42421    -0.02777    -0.16181     0.17923

----------------
Atomic domain 13
----------------
Domain center:            1.05200    20.12600    11.33100
Nuclear charge:           1.00000
Electronic charge:       -0.85558
Total charge:             0.14442
Electronic dipole        -0.09645     0.32428     0.04265
Electronic dipole norm     0.34100
Electronic quadrupole    -0.57069    -0.17376    -0.02236    -0.00083     0.04682    -0.62049
Isotropic polarizablity (w=0)     0.27663
Electronic polarizability (w=0)     0.12936    -0.14985     0.53967    -0.05373     0.10698     0.16088

----------------
Atomic domain 14
----------------
Domain center:           -0.25800    21.30300    11.06100
Nuclear charge:           1.00000
Electronic charge:       -0.87034
Total charge:             0.12966
Electronic dipole         0.33314    -0.04372     0.13611
Electronic dipole norm     0.36252
Electronic quadrupole    -0.05759    -0.07146     0.20888    -0.63206    -0.03035    -0.54417
Isotropic polarizablity (w=0)     0.28292
Electronic polarizability (w=0)     0.51734    -0.04504     0.08166     0.23817    -0.03223     0.24975

----------------
Atomic domain 15
----------------
Domain center:            1.44100    21.79300    10.85200
Nuclear charge:           1.00000
Electronic charge:       -0.88552
Total charge:             0.11448
Electronic dipole        -0.22109    -0.20927     0.19088
Electronic dipole norm     0.35932
Electronic quadrupole    -0.39201     0.24829    -0.22060    -0.44021    -0.20569    -0.51431
Isotropic polarizablity (w=0)     0.33848
Electronic polarizability (w=0)     0.34541     0.23127     0.28295    -0.27185    -0.23231     0.38707

----------------
Atomic domain 16
----------------
Domain center:           -1.63800    18.95800    13.24700
Nuclear charge:           6.00000
Electronic charge:       -5.62288
Total charge:             0.37712
Electronic dipole         0.09522    -0.04482     0.05029
Electronic dipole norm     0.11664
Electronic quadrupole    -2.08432    -0.22711     0.09743    -1.84287     0.38420    -3.55425
Isotropic polarizablity (w=0)     1.18273
Electronic polarizability (w=0)     1.45324     0.43527     1.46442     0.15499     0.21963     0.63054

----------------
Atomic domain 17
----------------
Domain center:           -3.14100    18.81900    13.10800
Nuclear charge:           6.00000
Electronic charge:       -6.48618
Total charge:            -0.48618
Electronic dipole         0.18562    -0.01896     0.01666
Electronic dipole norm     0.18732
Electronic quadrupole    -3.16656    -0.08745     0.08175    -3.47077     0.00198    -3.38239
Isotropic polarizablity (w=0)     0.97889
Electronic polarizability (w=0)     1.50451     0.18089     0.72348     0.11776     0.01809     0.70868

----------------
Atomic domain 18
----------------
Domain center:           -0.90100    17.97500    13.10600
Nuclear charge:           8.00000
Electronic charge:       -8.52958
Total charge:            -0.52958
Electronic dipole        -0.31174     0.44701     0.07481
Electronic dipole norm     0.55009
Electronic quadrupole    -3.84469    -0.44336    -0.08286    -3.54600     0.04507    -3.94782
Isotropic polarizablity (w=0)     0.50362
Electronic polarizability (w=0)     0.41883    -0.29811     0.84851    -0.04258     0.08906     0.24352

----------------
Atomic domain 19
----------------
Domain center:           -3.66400    19.67300    12.71400
Nuclear charge:           1.00000
Electronic charge:       -0.86554
Total charge:             0.13446
Electronic dipole         0.16802    -0.28996     0.11794
Electronic dipole norm     0.35527
Electronic quadrupole    -0.47743    -0.26009     0.11422    -0.21976    -0.19704    -0.55129
Isotropic polarizablity (w=0)     0.29202
Electronic polarizability (w=0)     0.34500    -0.24235     0.37179     0.13609    -0.15506     0.15926

----------------
Atomic domain 20
----------------
Domain center:           -3.31322    18.05424    12.37973
Nuclear charge:           1.00000
Electronic charge:       -0.84601
Total charge:             0.15399
Electronic dipole         0.06879     0.26525     0.23504
Electronic dipole norm     0.36102
Electronic quadrupole    -0.59272     0.08540     0.08290    -0.25696     0.33650    -0.29671
Isotropic polarizablity (w=0)     0.30667
Electronic polarizability (w=0)     0.16609     0.16082     0.41776     0.13166     0.30291     0.33617

----------------
Atomic domain 21
----------------
Domain center:           -3.51053    18.55006    14.07548
Nuclear charge:           1.00000
Electronic charge:       -0.83575
Total charge:             0.16425
Electronic dipole         0.13181     0.08669    -0.29862
Electronic dipole norm     0.33773
Electronic quadrupole    -0.53230     0.05513    -0.20587    -0.55258    -0.15326    -0.04837
Isotropic polarizablity (w=0)     0.27994
Electronic polarizability (w=0)     0.24308     0.09731     0.13220    -0.23342    -0.14924     0.46454

---------
Molecular
---------
Domain center:           -0.35576    20.41025    13.65941
Nuclear charge:          85.00000
Electronic charge:      -86.00000
Total charge:            -1.00000
Electronic dipole        -0.06098     0.18616     0.41697
Gauge   dipole           -1.36232     0.59814    -3.90515
Total   dipole           -1.42330     0.78430    -3.48818
Electronic quadrupole  -624.35944  -332.88967   -99.76328  -618.99826   -27.87669  -624.54291
Nuclear    quadrupole   570.53822   332.64330    92.99509   563.16849    20.50815   557.35858
Total      quadrupole   -53.82122    -0.24636    -6.76819   -55.82977    -7.36854   -67.18433
Polarizability av (0)       12.50798
Polarizability (0)          13.61590     1.31022    12.14977     0.28136     0.31274    11.75827
Time used in Loprop              :      3.36 (cpu)       2.37 (wall)
