AA
12 2 2 1
1    -6.8180000000    12.8950000000    12.9190000000    -0.3178360141     0.0709282068    -0.2382941878     0.0365993192    -4.1072345632    -0.2830815835    -0.0551573213    -2.7171225927     0.0184643563    -2.4668751769     0.2866947417    -0.0821291249    -0.0703526726     0.6110554371     0.1710821692     1.5100250246
1    -6.7370000000    12.3620000000    14.2600000000    -0.3326011393    -0.0045039331     0.0744693420    -0.2492423063    -3.3231498521     0.0287062100     0.0273124007    -3.2119824615    -0.1813304926    -2.7710670046     0.6833672466     0.0161460196     0.0050612025     0.6262513904    -0.1322092570     1.3016385634
1    -6.9760000000    13.8450000000    12.7570000000     0.2734979684     0.0399858200    -0.2324206891     0.0310697883    -0.4960718924    -0.0700783415     0.0084487711    -0.0826554727    -0.0592250479    -0.5357938439     0.1009516296    -0.0618716169     0.0069879903     0.4429636039    -0.0240550239     0.0992950690
1    -5.8580000000    11.7530000000    14.3190000000     0.1679172876    -0.2694277478     0.1904242631    -0.0242417661    -0.1668396093    -0.2888365468     0.0268569764    -0.3668222245    -0.0193636993    -0.5569442430     0.4163183061    -0.2227429923     0.0956354676     0.2166136666    -0.0761684663     0.1154513660
1    -7.5838030000    11.7571410000    14.5089360000     0.1576004272     0.2546828365     0.1755340952    -0.0807459800    -0.2150312611     0.2675578775    -0.0959690833    -0.4020263405    -0.0851884136    -0.5565903334     0.4086719381     0.2240581265    -0.1533370519     0.2243313671    -0.1147676464     0.1700044518
1    -6.6079330000    13.1754730000    14.9430100000     0.1533100427    -0.0296709883    -0.2587893288    -0.2111744690    -0.5992739737     0.0605718871     0.0408175257    -0.2287628353     0.3278522377    -0.3472264154     0.0847339911     0.0464135891     0.0430578426     0.3637528820     0.2884249001     0.3922176092
1    -6.6120000000    12.1250000000    11.8610000000     0.3872043614     0.0140824221    -0.0727430021     0.0502191048    -3.4799851877    -0.4556812718    -0.0203438543    -1.7444114528     0.0354708045    -2.1520714047     0.6092571784    -0.1293987408    -0.0354810910     1.0876915832     0.0850530927     1.5355746727
1    -6.7490000000    12.7940000000    10.5140000000    -0.4902970154     0.0259374191    -0.1094228239     0.1321080779    -3.4375781444    -0.0556121413     0.0063665538    -3.2672369031    -0.1334673313    -3.2912387059     0.7038426955    -0.0195575377     0.0436685258     0.8000629572    -0.2537370351     1.2939216912
1    -6.3200000000    10.9250000000    11.9520000000    -0.4902567775    -0.1259897465     0.5202569897    -0.0365061637    -3.8307088203    -0.1681807502     0.0147344439    -3.2143163883    -0.0489251842    -4.1302565335     0.2876806740    -0.1881266438    -0.0014520071     1.0077071312     0.0052753329     0.2698989176
1    -7.5937400000    13.4498810000    10.4803280000     0.1501732199     0.2698911530    -0.2122717847     0.0093855833    -0.1980911629    -0.3193506510     0.0149442029    -0.3674212228    -0.0216825834    -0.6227948158     0.4209135266    -0.2706073549     0.0735135789     0.2996882469    -0.0705738276     0.1228786537
1    -5.8642940000    13.3396150000    10.2600310000     0.1653734957    -0.2767059115    -0.1748730606     0.0748230672    -0.1323677304     0.2795143129    -0.1269330523    -0.4261952253    -0.0760737384    -0.5749448772     0.4335351016     0.2347003125    -0.1560217117     0.2361577002    -0.1161442597     0.1653802129
1    -6.8690000000    11.9750000000     9.8350000000     0.1759141435     0.0428460238     0.2501089286     0.2290002586    -0.5763268126     0.0611434692     0.0529048086    -0.1969625499     0.3338607300    -0.2972807967     0.0797615296     0.0480281095     0.0546317976     0.3342420773     0.2838609962     0.4288344163


---------------
Atomic domain 1
---------------
Domain center:           -6.81800    12.89500    12.91900
Nuclear charge:           7.00000
Electronic charge:       -7.31784
Total charge:            -0.31784
Electronic dipole         0.07093    -0.23829     0.03660
Electronic dipole norm     0.25131
Electronic quadrupole    -4.10723    -0.28308    -0.05516    -2.71712     0.01846    -2.46688
Isotropic polarizablity (w=0)     0.80259
Electronic polarizability (w=0)     0.28669    -0.08213     0.61106    -0.07035     0.17108     1.51003

---------------
Atomic domain 2
---------------
Domain center:           -6.73700    12.36200    14.26000
Nuclear charge:           6.00000
Electronic charge:       -6.33260
Total charge:            -0.33260
Electronic dipole        -0.00450     0.07447    -0.24924
Electronic dipole norm     0.26017
Electronic quadrupole    -3.32315     0.02871     0.02731    -3.21198    -0.18133    -2.77107
Isotropic polarizablity (w=0)     0.87042
Electronic polarizability (w=0)     0.68337     0.01615     0.62625     0.00506    -0.13221     1.30164

---------------
Atomic domain 3
---------------
Domain center:           -6.97600    13.84500    12.75700
Nuclear charge:           1.00000
Electronic charge:       -0.72650
Total charge:             0.27350
Electronic dipole         0.03999    -0.23242     0.03107
Electronic dipole norm     0.23787
Electronic quadrupole    -0.49607    -0.07008     0.00845    -0.08266    -0.05923    -0.53579
Isotropic polarizablity (w=0)     0.21440
Electronic polarizability (w=0)     0.10095    -0.06187     0.44296     0.00699    -0.02406     0.09930

---------------
Atomic domain 4
---------------
Domain center:           -5.85800    11.75300    14.31900
Nuclear charge:           1.00000
Electronic charge:       -0.83208
Total charge:             0.16792
Electronic dipole        -0.26943     0.19042    -0.02424
Electronic dipole norm     0.33082
Electronic quadrupole    -0.16684    -0.28884     0.02686    -0.36682    -0.01936    -0.55694
Isotropic polarizablity (w=0)     0.24946
Electronic polarizability (w=0)     0.41632    -0.22274     0.21661     0.09564    -0.07617     0.11545

---------------
Atomic domain 5
---------------
Domain center:           -7.58380    11.75714    14.50894
Nuclear charge:           1.00000
Electronic charge:       -0.84240
Total charge:             0.15760
Electronic dipole         0.25468     0.17553    -0.08075
Electronic dipole norm     0.31968
Electronic quadrupole    -0.21503     0.26756    -0.09597    -0.40203    -0.08519    -0.55659
Isotropic polarizablity (w=0)     0.26767
Electronic polarizability (w=0)     0.40867     0.22406     0.22433    -0.15334    -0.11477     0.17000

---------------
Atomic domain 6
---------------
Domain center:           -6.60793    13.17547    14.94301
Nuclear charge:           1.00000
Electronic charge:       -0.84669
Total charge:             0.15331
Electronic dipole        -0.02967    -0.25879    -0.21117
Electronic dipole norm     0.33533
Electronic quadrupole    -0.59927     0.06057     0.04082    -0.22876     0.32785    -0.34723
Isotropic polarizablity (w=0)     0.28023
Electronic polarizability (w=0)     0.08473     0.04641     0.36375     0.04306     0.28842     0.39222

---------------
Atomic domain 7
---------------
Domain center:           -6.61200    12.12500    11.86100
Nuclear charge:           6.00000
Electronic charge:       -5.61280
Total charge:             0.38720
Electronic dipole         0.01408    -0.07274     0.05022
Electronic dipole norm     0.08951
Electronic quadrupole    -3.47999    -0.45568    -0.02034    -1.74441     0.03547    -2.15207
Isotropic polarizablity (w=0)     1.07751
Electronic polarizability (w=0)     0.60926    -0.12940     1.08769    -0.03548     0.08505     1.53557

---------------
Atomic domain 8
---------------
Domain center:           -6.74900    12.79400    10.51400
Nuclear charge:           6.00000
Electronic charge:       -6.49030
Total charge:            -0.49030
Electronic dipole         0.02594    -0.10942     0.13211
Electronic dipole norm     0.17349
Electronic quadrupole    -3.43758    -0.05561     0.00637    -3.26724    -0.13347    -3.29124
Isotropic polarizablity (w=0)     0.93261
Electronic polarizability (w=0)     0.70384    -0.01956     0.80006     0.04367    -0.25374     1.29392

---------------
Atomic domain 9
---------------
Domain center:           -6.32000    10.92500    11.95200
Nuclear charge:           8.00000
Electronic charge:       -8.49026
Total charge:            -0.49026
Electronic dipole        -0.12599     0.52026    -0.03651
Electronic dipole norm     0.53654
Electronic quadrupole    -3.83071    -0.16818     0.01473    -3.21432    -0.04893    -4.13026
Isotropic polarizablity (w=0)     0.52176
Electronic polarizability (w=0)     0.28768    -0.18813     1.00771    -0.00145     0.00528     0.26990

----------------
Atomic domain 10
----------------
Domain center:           -7.59374    13.44988    10.48033
Nuclear charge:           1.00000
Electronic charge:       -0.84983
Total charge:             0.15017
Electronic dipole         0.26989    -0.21227     0.00939
Electronic dipole norm     0.34349
Electronic quadrupole    -0.19809    -0.31935     0.01494    -0.36742    -0.02168    -0.62279
Isotropic polarizablity (w=0)     0.28116
Electronic polarizability (w=0)     0.42091    -0.27061     0.29969     0.07351    -0.07057     0.12288

----------------
Atomic domain 11
----------------
Domain center:           -5.86429    13.33962    10.26003
Nuclear charge:           1.00000
Electronic charge:       -0.83463
Total charge:             0.16537
Electronic dipole        -0.27671    -0.17487     0.07482
Electronic dipole norm     0.33578
Electronic quadrupole    -0.13237     0.27951    -0.12693    -0.42620    -0.07607    -0.57494
Isotropic polarizablity (w=0)     0.27836
Electronic polarizability (w=0)     0.43354     0.23470     0.23616    -0.15602    -0.11614     0.16538

----------------
Atomic domain 12
----------------
Domain center:           -6.86900    11.97500     9.83500
Nuclear charge:           1.00000
Electronic charge:       -0.82409
Total charge:             0.17591
Electronic dipole         0.04285     0.25011     0.22900
Electronic dipole norm     0.34181
Electronic quadrupole    -0.57633     0.06114     0.05290    -0.19696     0.33386    -0.29728
Isotropic polarizablity (w=0)     0.28095
Electronic polarizability (w=0)     0.07976     0.04803     0.33424     0.05463     0.28386     0.42883

---------
Molecular
---------
Domain center:           -6.65567    12.26615    12.32406
Nuclear charge:          40.00000
Electronic charge:      -40.00000
Total charge:            -0.00000
Electronic dipole         0.01206    -0.08802    -0.03871
Gauge   dipole           -0.30878     1.55185     0.37936
Total   dipole           -0.29673     1.46383     0.34066
Electronic quadrupole   -38.27065    19.49005     5.63032  -114.89885     0.71131  -293.76945
Nuclear    quadrupole    15.51129   -18.90314    -5.53758    91.00649    -1.28764   273.79899
Total      quadrupole   -22.75936     0.58690     0.09273   -23.89236    -0.57633   -19.97046
Polarizability av (0)        6.05712
Polarizability (0)           4.51573    -0.40509     6.25052    -0.09409     0.04604     7.40512
Time used in Loprop              :      0.72 (cpu)       0.60 (wall)
