AA
26 2 2 1
1   -17.6990000000     1.7340000000     8.9520000000    -0.3160692310     0.1687827551     0.1143333712    -0.1495181831    -3.3392244136     0.7732729753    -0.0100557809    -3.3882587035     0.1123916896    -2.5605270800     0.6384982016     0.3145130809     0.3309947808     0.5773157017     0.4289838830     1.3437681701
1   -16.7870000000     2.6840000000     9.5430000000    -0.0419528786    -0.1098025955    -0.2105696230     0.1000428836    -2.6261176241     0.1220553476    -0.0393245702    -2.7354129368     0.3103123989    -2.5475711692     1.4864891173    -0.0492915453    -0.0496713896     0.8018770749     0.4693261427     1.2308961652
1   -15.3770000000     2.1220000000     9.4950000000     0.3705774597     0.1010527867    -0.0862300173    -0.0637555891    -2.1546587968     0.0025521662     0.0071419774    -1.7206043677     0.1016701688    -3.5982076202     1.7875559933     0.1151017332    -0.0231420774     1.0242328288     0.0761432534     0.5870841517
1   -15.1720000000     0.9050000000     9.4180000000    -0.4915695518    -0.0718784131     0.5369232803     0.0277173990    -4.1426285561    -0.1558190714    -0.0089709479    -3.1889296324     0.0397421125    -3.8779206315     0.3222717443    -0.0960554113     0.0083382950     0.9457677081     0.0592733291     0.2365324162
1   -17.2170000000     3.0310000000    10.9480000000    -0.3153830546    -0.0461308863     0.0478918365    -0.2608017407    -3.0841620571    -0.1821350384    -0.1365863783    -3.1427771567     0.0625644268    -2.8664698799     1.2482523058    -0.3679816651    -0.3174541097     0.7886349661     0.3009923537     1.1912511768
1   -18.5360000000     3.7910000000    10.9690000000     0.3900697814    -0.0750775303     0.0712942062    -0.0112705031    -2.3422078102    -0.3723315964    -0.3977466298    -2.4926708233    -0.8641214435    -2.4798963845     1.3027905163    -0.2310373272    -0.3894936616     0.9340517296    -0.1179242587     1.0275488110
1   -19.4340000000     3.4180000000    11.8730000000    -0.4806259792     0.1334486138     0.0897776001    -0.1727088607    -3.0359936448    -0.3014581083    -0.4132749979    -3.5083001684    -0.6651613221    -3.3846575677     0.8918725728     0.0506970981    -0.4634355679     0.4073523089    -0.1250948374     0.7896226577
1   -18.7320000000     4.7140000000    10.1770000000    -0.4733464343     0.0703023576    -0.3955947922     0.3491468762    -4.0514333461    -0.0085007847     0.1415785919    -3.4754775447    -0.3737787716    -3.5750579004     0.2840097463    -0.1369616162     0.0700012449     0.7253824918    -0.3396383581     0.5288700522
1   -18.3060000000     1.1850000000     9.5020000000     0.2677428070     0.1393990565     0.1270985193    -0.1420847133    -0.3505854081     0.1436164770    -0.1601950986    -0.3832606374    -0.1524904317    -0.3907049310     0.2194223836     0.1208375548    -0.1042624617     0.2001181338    -0.0881688541     0.2211520523
1   -16.7370000000     3.5780000000     8.9500000000     0.1715646925    -0.0139780549    -0.2656749862     0.1691348113    -0.5474924088     0.0102881857    -0.0306824335    -0.1912185200    -0.2250864352    -0.3800435993     0.1215252368     0.0287513963    -0.0137942964     0.3999960739    -0.1717469019     0.1995713666
1   -17.2520000000     2.1160000000    11.4790000000     0.1425007522     0.0205513226     0.2928638131    -0.1831826411    -0.6115056065     0.0137638639    -0.0040811463    -0.1515033442    -0.2732860412    -0.4602481163     0.1110752828    -0.0223831616    -0.0127038645     0.3984525860    -0.2176778077     0.2814974953
1   -16.4300000000     3.6550000000    11.3710000000     0.1633255371    -0.2300178762    -0.1877700510    -0.1337026388    -0.2638458077     0.2654214240     0.1783112038    -0.3772724306     0.1543686779    -0.5105577919     0.3832605515     0.1919549437     0.1685381718     0.2393894694     0.1610100900     0.2401159765
1   -19.1280000000     2.6830000000    12.4490000000     0.2803310950    -0.0545553247     0.1809067429    -0.1523305617    -0.4628661180    -0.1056684098     0.0818830505    -0.2378048507    -0.2134645500    -0.3328250786     0.0902918772    -0.0200814780     0.0157918439     0.2579286366    -0.1677184241     0.2795047125
1   -20.3170000000     3.8450000000    11.9150000000     0.2935494340     0.2034108012    -0.0982511161    -0.0106177836    -0.1413655200    -0.1818374224    -0.0157161664    -0.4346699722     0.0173947387    -0.5242787213     0.5015890570    -0.1647578373    -0.0925065923     0.1357029458     0.0542557495     0.0853764876
1   -17.7320000000     1.5870000000     7.6350000000     0.4022278946     0.0501587608     0.0584694932    -0.0068441393    -2.7676375837     0.8092319624    -0.2081196389    -2.6375391117    -0.1455704076    -1.8437911164     0.8500034268     0.3436515093     0.1949488147     0.8818582984     0.2317296447     1.4975857887
1   -18.6550000000     0.5300000000     7.1080000000    -0.4757918308     0.1230771620     0.1349059267     0.0300057448    -3.3401392073     0.1125807544     0.0245895269    -3.2913450575     0.0527225571    -3.2851770498     0.9596747162     0.3093254431     0.2044220553     1.0223213310     0.2579940472     0.8448105748
1   -17.0790000000     2.2780000000     6.8540000000    -0.4828904171    -0.2898280459    -0.3061478758     0.3362013134    -3.7135626394     0.1391943999    -0.3270998369    -3.7170795255    -0.3614267657    -3.7278112451     0.4239609159     0.1891427893    -0.2349353384     0.4195161621    -0.2528483304     0.6726093014
1   -19.5430000000     0.6250000000     7.7220000000     0.1413156211     0.2962783048    -0.0173649078    -0.1911140098    -0.1503291928    -0.0455901507    -0.3243114348    -0.6144330605     0.0286575453    -0.4235222023     0.5485255299     0.0235137036    -0.2101814666     0.0964355101     0.0100139510     0.1993917350
1   -18.8542680000     0.6902970000     6.0690110000     0.1730318964     0.0673927846    -0.0457770012     0.3167137834    -0.5699359446    -0.0224298753     0.1231913380    -0.5785933706    -0.0923472181     0.0265709855     0.1255799826     0.0064798344     0.1686103334     0.0852335728    -0.0072321335     0.6520159219
1   -18.2163160000    -0.4323410000     7.2703480000     0.1693853595    -0.1322960928     0.3026345205    -0.0508391670    -0.4755142213    -0.2528264209     0.0380212827    -0.0596166850    -0.0956192742    -0.5789131401     0.1355116416    -0.1448962439     0.0148734097     0.5871557103    -0.0172971119     0.0772362182
1   -14.3500000000     2.9620000000     9.4950000000    -0.3179564744     0.0440719127    -0.2514610367     0.0006108135    -2.5320159728     0.0429045289    -0.0598898569    -2.6642471225     0.1405635258    -4.1528605175     1.6632483404     0.2339356153    -0.0328539704     0.6312333303     0.0182412399     0.2617817388
1   -12.9840000000     2.4310000000     9.4180000000    -0.3370867657    -0.2401050591     0.0624452874     0.0103851892    -2.7629489070    -0.1926330635    -0.0148598406    -3.3044285695    -0.0063897091    -3.2931109865     1.4677718251    -0.1134623229    -0.0205800324     0.5836307728    -0.0034002947     0.6576496973
1   -14.5110000000     3.9110000000     9.6290000000     0.2757603097     0.0363175963    -0.2311004888    -0.0344913041    -0.5293595641    -0.0551230628    -0.0063504464    -0.0841146830     0.0594066271    -0.4982576679     0.1119821093    -0.0183357368    -0.0074157783     0.4241110215     0.0439919179     0.0932281005
1   -12.9590000000     1.4160000000     9.7350000000     0.1810077009    -0.0075078481     0.3117543382    -0.0940920335    -0.5103193839    -0.0068782151     0.0124930575     0.0066020073    -0.1658245489    -0.5220186869     0.1123879846    -0.1157806459     0.0310993683     0.4506771757    -0.1278386440     0.1109682465
1   -12.3349950000     2.9430010000    10.0973720000     0.1512953532    -0.1996782284    -0.1769509524    -0.2115227821    -0.3649240178     0.2005221417     0.2422870473    -0.4586411770     0.2065521395    -0.3442491088     0.4015176427     0.1888964850     0.2455910617     0.1918094502     0.1575229839     0.2820104616
1   -12.5845760000     2.5055870000     8.4281530000     0.1589869231    -0.1223460434    -0.0233581002     0.2957808575    -0.4977921334     0.0085356556    -0.2010399687    -0.5921233669    -0.0435350971    -0.0629151889     0.2511846690     0.0144243183    -0.2499674608     0.0741152328    -0.0354893757     0.4976148375


---------------
Atomic domain 1
---------------
Domain center:          -17.69900     1.73400     8.95200
Nuclear charge:           7.00000
Electronic charge:       -7.31607
Total charge:            -0.31607
Electronic dipole         0.16878     0.11433    -0.14952
Electronic dipole norm     0.25282
Electronic quadrupole    -3.33922     0.77327    -0.01006    -3.38826     0.11239    -2.56053
Isotropic polarizablity (w=0)     0.85319
Electronic polarizability (w=0)     0.63850     0.31451     0.57732     0.33099     0.42898     1.34377

---------------
Atomic domain 2
---------------
Domain center:          -16.78700     2.68400     9.54300
Nuclear charge:           6.00000
Electronic charge:       -6.04195
Total charge:            -0.04195
Electronic dipole        -0.10980    -0.21057     0.10004
Electronic dipole norm     0.25769
Electronic quadrupole    -2.62612     0.12206    -0.03932    -2.73541     0.31031    -2.54757
Isotropic polarizablity (w=0)     1.17309
Electronic polarizability (w=0)     1.48649    -0.04929     0.80188    -0.04967     0.46933     1.23090

---------------
Atomic domain 3
---------------
Domain center:          -15.37700     2.12200     9.49500
Nuclear charge:           6.00000
Electronic charge:       -5.62942
Total charge:             0.37058
Electronic dipole         0.10105    -0.08623    -0.06376
Electronic dipole norm     0.14735
Electronic quadrupole    -2.15466     0.00255     0.00714    -1.72060     0.10167    -3.59821
Isotropic polarizablity (w=0)     1.13296
Electronic polarizability (w=0)     1.78756     0.11510     1.02423    -0.02314     0.07614     0.58708

---------------
Atomic domain 4
---------------
Domain center:          -15.17200     0.90500     9.41800
Nuclear charge:           8.00000
Electronic charge:       -8.49157
Total charge:            -0.49157
Electronic dipole        -0.07188     0.53692     0.02772
Electronic dipole norm     0.54242
Electronic quadrupole    -4.14263    -0.15582    -0.00897    -3.18893     0.03974    -3.87792
Isotropic polarizablity (w=0)     0.50152
Electronic polarizability (w=0)     0.32227    -0.09606     0.94577     0.00834     0.05927     0.23653

---------------
Atomic domain 5
---------------
Domain center:          -17.21700     3.03100    10.94800
Nuclear charge:           6.00000
Electronic charge:       -6.31538
Total charge:            -0.31538
Electronic dipole        -0.04613     0.04789    -0.26080
Electronic dipole norm     0.26915
Electronic quadrupole    -3.08416    -0.18214    -0.13659    -3.14278     0.06256    -2.86647
Isotropic polarizablity (w=0)     1.07605
Electronic polarizability (w=0)     1.24825    -0.36798     0.78863    -0.31745     0.30099     1.19125

---------------
Atomic domain 6
---------------
Domain center:          -18.53600     3.79100    10.96900
Nuclear charge:           6.00000
Electronic charge:       -5.60993
Total charge:             0.39007
Electronic dipole        -0.07508     0.07129    -0.01127
Electronic dipole norm     0.10415
Electronic quadrupole    -2.34221    -0.37233    -0.39775    -2.49267    -0.86412    -2.47990
Isotropic polarizablity (w=0)     1.08813
Electronic polarizability (w=0)     1.30279    -0.23104     0.93405    -0.38949    -0.11792     1.02755

---------------
Atomic domain 7
---------------
Domain center:          -19.43400     3.41800    11.87300
Nuclear charge:           7.00000
Electronic charge:       -7.48063
Total charge:            -0.48063
Electronic dipole         0.13345     0.08978    -0.17271
Electronic dipole norm     0.23600
Electronic quadrupole    -3.03599    -0.30146    -0.41327    -3.50830    -0.66516    -3.38466
Isotropic polarizablity (w=0)     0.69628
Electronic polarizability (w=0)     0.89187     0.05070     0.40735    -0.46344    -0.12509     0.78962

---------------
Atomic domain 8
---------------
Domain center:          -18.73200     4.71400    10.17700
Nuclear charge:           8.00000
Electronic charge:       -8.47335
Total charge:            -0.47335
Electronic dipole         0.07030    -0.39559     0.34915
Electronic dipole norm     0.53230
Electronic quadrupole    -4.05143    -0.00850     0.14158    -3.47548    -0.37378    -3.57506
Isotropic polarizablity (w=0)     0.51275
Electronic polarizability (w=0)     0.28401    -0.13696     0.72538     0.07000    -0.33964     0.52887

---------------
Atomic domain 9
---------------
Domain center:          -18.30600     1.18500     9.50200
Nuclear charge:           1.00000
Electronic charge:       -0.73226
Total charge:             0.26774
Electronic dipole         0.13940     0.12710    -0.14208
Electronic dipole norm     0.23617
Electronic quadrupole    -0.35059     0.14362    -0.16020    -0.38326    -0.15249    -0.39070
Isotropic polarizablity (w=0)     0.21356
Electronic polarizability (w=0)     0.21942     0.12084     0.20012    -0.10426    -0.08817     0.22115

----------------
Atomic domain 10
----------------
Domain center:          -16.73700     3.57800     8.95000
Nuclear charge:           1.00000
Electronic charge:       -0.82844
Total charge:             0.17156
Electronic dipole        -0.01398    -0.26567     0.16913
Electronic dipole norm     0.31525
Electronic quadrupole    -0.54749     0.01029    -0.03068    -0.19122    -0.22509    -0.38004
Isotropic polarizablity (w=0)     0.24036
Electronic polarizability (w=0)     0.12153     0.02875     0.40000    -0.01379    -0.17175     0.19957

----------------
Atomic domain 11
----------------
Domain center:          -17.25200     2.11600    11.47900
Nuclear charge:           1.00000
Electronic charge:       -0.85750
Total charge:             0.14250
Electronic dipole         0.02055     0.29286    -0.18318
Electronic dipole norm     0.34605
Electronic quadrupole    -0.61151     0.01376    -0.00408    -0.15150    -0.27329    -0.46025
Isotropic polarizablity (w=0)     0.26368
Electronic polarizability (w=0)     0.11108    -0.02238     0.39845    -0.01270    -0.21768     0.28150

----------------
Atomic domain 12
----------------
Domain center:          -16.43000     3.65500    11.37100
Nuclear charge:           1.00000
Electronic charge:       -0.83667
Total charge:             0.16333
Electronic dipole        -0.23002    -0.18777    -0.13370
Electronic dipole norm     0.32564
Electronic quadrupole    -0.26385     0.26542     0.17831    -0.37727     0.15437    -0.51056
Isotropic polarizablity (w=0)     0.28759
Electronic polarizability (w=0)     0.38326     0.19195     0.23939     0.16854     0.16101     0.24012

----------------
Atomic domain 13
----------------
Domain center:          -19.12800     2.68300    12.44900
Nuclear charge:           1.00000
Electronic charge:       -0.71967
Total charge:             0.28033
Electronic dipole        -0.05456     0.18091    -0.15233
Electronic dipole norm     0.24271
Electronic quadrupole    -0.46287    -0.10567     0.08188    -0.23780    -0.21346    -0.33283
Isotropic polarizablity (w=0)     0.20924
Electronic polarizability (w=0)     0.09029    -0.02008     0.25793     0.01579    -0.16772     0.27950

----------------
Atomic domain 14
----------------
Domain center:          -20.31700     3.84500    11.91500
Nuclear charge:           1.00000
Electronic charge:       -0.70645
Total charge:             0.29355
Electronic dipole         0.20341    -0.09825    -0.01062
Electronic dipole norm     0.22615
Electronic quadrupole    -0.14137    -0.18184    -0.01572    -0.43467     0.01739    -0.52428
Isotropic polarizablity (w=0)     0.24089
Electronic polarizability (w=0)     0.50159    -0.16476     0.13570    -0.09251     0.05426     0.08538

----------------
Atomic domain 15
----------------
Domain center:          -17.73200     1.58700     7.63500
Nuclear charge:           6.00000
Electronic charge:       -5.59777
Total charge:             0.40223
Electronic dipole         0.05016     0.05847    -0.00684
Electronic dipole norm     0.07734
Electronic quadrupole    -2.76764     0.80923    -0.20812    -2.63754    -0.14557    -1.84379
Isotropic polarizablity (w=0)     1.07648
Electronic polarizability (w=0)     0.85000     0.34365     0.88186     0.19495     0.23173     1.49759

----------------
Atomic domain 16
----------------
Domain center:          -18.65500     0.53000     7.10800
Nuclear charge:           6.00000
Electronic charge:       -6.47579
Total charge:            -0.47579
Electronic dipole         0.12308     0.13491     0.03001
Electronic dipole norm     0.18506
Electronic quadrupole    -3.34014     0.11258     0.02459    -3.29135     0.05272    -3.28518
Isotropic polarizablity (w=0)     0.94227
Electronic polarizability (w=0)     0.95967     0.30933     1.02232     0.20442     0.25799     0.84481

----------------
Atomic domain 17
----------------
Domain center:          -17.07900     2.27800     6.85400
Nuclear charge:           8.00000
Electronic charge:       -8.48289
Total charge:            -0.48289
Electronic dipole        -0.28983    -0.30615     0.33620
Electronic dipole norm     0.53922
Electronic quadrupole    -3.71356     0.13919    -0.32710    -3.71708    -0.36143    -3.72781
Isotropic polarizablity (w=0)     0.50536
Electronic polarizability (w=0)     0.42396     0.18914     0.41952    -0.23494    -0.25285     0.67261

----------------
Atomic domain 18
----------------
Domain center:          -19.54300     0.62500     7.72200
Nuclear charge:           1.00000
Electronic charge:       -0.85868
Total charge:             0.14132
Electronic dipole         0.29628    -0.01736    -0.19111
Electronic dipole norm     0.35300
Electronic quadrupole    -0.15033    -0.04559    -0.32431    -0.61443     0.02866    -0.42352
Isotropic polarizablity (w=0)     0.28145
Electronic polarizability (w=0)     0.54853     0.02351     0.09644    -0.21018     0.01001     0.19939

----------------
Atomic domain 19
----------------
Domain center:          -18.85427     0.69030     6.06901
Nuclear charge:           1.00000
Electronic charge:       -0.82697
Total charge:             0.17303
Electronic dipole         0.06739    -0.04578     0.31671
Electronic dipole norm     0.32702
Electronic quadrupole    -0.56994    -0.02243     0.12319    -0.57859    -0.09235     0.02657
Isotropic polarizablity (w=0)     0.28761
Electronic polarizability (w=0)     0.12558     0.00648     0.08523     0.16861    -0.00723     0.65202

----------------
Atomic domain 20
----------------
Domain center:          -18.21632    -0.43234     7.27035
Nuclear charge:           1.00000
Electronic charge:       -0.83061
Total charge:             0.16939
Electronic dipole        -0.13230     0.30263    -0.05084
Electronic dipole norm     0.33418
Electronic quadrupole    -0.47551    -0.25283     0.03802    -0.05962    -0.09562    -0.57891
Isotropic polarizablity (w=0)     0.26663
Electronic polarizability (w=0)     0.13551    -0.14490     0.58716     0.01487    -0.01730     0.07724

----------------
Atomic domain 21
----------------
Domain center:          -14.35000     2.96200     9.49500
Nuclear charge:           7.00000
Electronic charge:       -7.31796
Total charge:            -0.31796
Electronic dipole         0.04407    -0.25146     0.00061
Electronic dipole norm     0.25529
Electronic quadrupole    -2.53202     0.04290    -0.05989    -2.66425     0.14056    -4.15286
Isotropic polarizablity (w=0)     0.85209
Electronic polarizability (w=0)     1.66325     0.23394     0.63123    -0.03285     0.01824     0.26178

----------------
Atomic domain 22
----------------
Domain center:          -12.98400     2.43100     9.41800
Nuclear charge:           6.00000
Electronic charge:       -6.33709
Total charge:            -0.33709
Electronic dipole        -0.24011     0.06245     0.01039
Electronic dipole norm     0.24831
Electronic quadrupole    -2.76295    -0.19263    -0.01486    -3.30443    -0.00639    -3.29311
Isotropic polarizablity (w=0)     0.90302
Electronic polarizability (w=0)     1.46777    -0.11346     0.58363    -0.02058    -0.00340     0.65765

----------------
Atomic domain 23
----------------
Domain center:          -14.51100     3.91100     9.62900
Nuclear charge:           1.00000
Electronic charge:       -0.72424
Total charge:             0.27576
Electronic dipole         0.03632    -0.23110    -0.03449
Electronic dipole norm     0.23647
Electronic quadrupole    -0.52936    -0.05512    -0.00635    -0.08411     0.05941    -0.49826
Isotropic polarizablity (w=0)     0.20977
Electronic polarizability (w=0)     0.11198    -0.01834     0.42411    -0.00742     0.04399     0.09323

----------------
Atomic domain 24
----------------
Domain center:          -12.95900     1.41600     9.73500
Nuclear charge:           1.00000
Electronic charge:       -0.81899
Total charge:             0.18101
Electronic dipole        -0.00751     0.31175    -0.09409
Electronic dipole norm     0.32573
Electronic quadrupole    -0.51032    -0.00688     0.01249     0.00660    -0.16582    -0.52202
Isotropic polarizablity (w=0)     0.22468
Electronic polarizability (w=0)     0.11239    -0.11578     0.45068     0.03110    -0.12784     0.11097

----------------
Atomic domain 25
----------------
Domain center:          -12.33499     2.94300    10.09737
Nuclear charge:           1.00000
Electronic charge:       -0.84870
Total charge:             0.15130
Electronic dipole        -0.19968    -0.17695    -0.21152
Electronic dipole norm     0.34048
Electronic quadrupole    -0.36492     0.20052     0.24229    -0.45864     0.20655    -0.34425
Isotropic polarizablity (w=0)     0.29178
Electronic polarizability (w=0)     0.40152     0.18890     0.19181     0.24559     0.15752     0.28201

----------------
Atomic domain 26
----------------
Domain center:          -12.58458     2.50559     8.42815
Nuclear charge:           1.00000
Electronic charge:       -0.84101
Total charge:             0.15899
Electronic dipole        -0.12235    -0.02336     0.29578
Electronic dipole norm     0.32094
Electronic quadrupole    -0.49779     0.00854    -0.20104    -0.59212    -0.04354    -0.06292
Isotropic polarizablity (w=0)     0.27430
Electronic polarizability (w=0)     0.25118     0.01442     0.07412    -0.24997    -0.03549     0.49761

---------
Molecular
---------
Domain center:          -16.89146     2.45751     9.39145
Nuclear charge:         100.00000
Electronic charge:     -100.00000
Total charge:             0.00000
Electronic dipole        -0.13896     0.03505    -0.23314
Gauge   dipole           -0.32048    -0.23088     2.57943
Total   dipole           -0.45944    -0.19583     2.34629
Electronic quadrupole -1414.01897   152.77098   110.05143  -551.85297  -393.80661  -856.41793
Nuclear    quadrupole  1369.31398  -142.95274  -114.15507   490.36161   395.96524   801.99702
Total      quadrupole   -44.70499     9.81825    -4.10365   -61.49136     2.15863   -54.42091
Polarizability av (0)       14.60475
Polarizability (0)          16.44025     0.65020    13.28430    -0.76919     0.59740    14.08969
Time used in Loprop              :      5.15 (cpu)       3.76 (wall)
