AA
27 2 2 1
1    -6.8180000000    12.8950000000    12.9190000000    -0.3258912755     0.0954096377    -0.2347490558     0.0362457787    -4.0927312426    -0.2332483571    -0.0604128704    -2.7106531257     0.0470285676    -2.4689756916     0.3208939606    -0.0260682125    -0.0702068634     0.4654291032     0.3099751546     1.7671414216
1    -6.7370000000    12.3620000000    14.2600000000    -0.0509445210    -0.0806651617     0.1710689759    -0.0583414557    -2.9761200510     0.1491547790     0.0354531049    -2.6351307025    -0.0108036075    -2.4177765483     1.0591507726     0.5514815699     0.0248011844     1.1215867130     0.2181773107     1.5286600809
1    -7.9480000000    11.4970000000    14.6160000000     0.3828836119    -0.0643556251    -0.1114605332     0.0107261946    -2.1735145059    -0.0964085327     0.1671472297    -2.1471340743    -0.7610256749    -3.1315958852     1.6431350061     0.2018105481    -0.0182752165     0.9855209954    -0.2216027626     0.7181893227
1    -7.7870000000    10.4230000000    15.1820000000    -0.4936519637    -0.0691758307     0.4800239604    -0.2650983433    -4.1143007746    -0.1438467770     0.0543325403    -3.3437783443    -0.2765673298    -3.7123128678     0.3053375063    -0.0853195873     0.0513637212     0.8330451728    -0.3385096358     0.4152557181
1    -6.5520000000    13.5280000000    15.2390000000    -0.2631763408     0.2019283186    -0.0430701327    -0.2165798818    -2.9396544976     0.2848281377    -0.0224160304    -2.7538665384     0.1269380164    -3.0137173604     1.2558756085     0.7089563049     0.0478889327     1.4433295732     0.3266640523     1.0409164101
1    -5.2710000000    14.3530000000    14.9920000000    -0.3322699939    -0.1707491349    -0.0172921829    -0.0818244983    -2.9454212430     0.2303915683    -0.0855529934    -3.2303295221    -0.0883702089    -3.3089317303     1.2542337467     0.5650415381    -0.0684142221     1.3222553485    -0.3094397325     0.9754200634
1    -5.3070000000    15.2070000000    13.7200000000     0.4136489317     0.0059005976     0.0597196765    -0.0831961014    -1.7469869651    -0.3599144009    -0.2381068065    -3.1674159360    -0.6594793979    -2.7035951446     1.0654771634     0.0876400237    -0.2001240952     1.1502673763    -0.4081049237     1.0176720162
1    -6.3740000000    15.7570000000    13.3690000000    -0.6255665329     0.4992223239    -0.2378269844     0.1218625403    -3.5425894059    -0.2751766571     0.2026953369    -3.9656241188     0.0061478071    -4.1741017337     0.5917943882    -0.2893584280     0.1499214357     0.4946884434    -0.1256330953     0.2898012295
1    -4.2120000000    15.3230000000    13.1020000000    -0.6061732128    -0.4968202564    -0.0276722022     0.2462401271    -3.5167976062     0.0730329100    -0.3315518596    -4.1451420315     0.0710384464    -4.0462429001     0.9070389748     0.1830709686    -0.3727643020     0.2850108014    -0.0923182073     0.4407901887
1    -6.9760000000    13.8450000000    12.7570000000     0.2774799625     0.0791559219    -0.2070957018     0.0471511525    -0.5010645544    -0.0031684853     0.0392900583    -0.0005494357    -0.0055119784    -0.5483231202     0.1414446025    -0.0472715130     0.0316369918     0.2186641536    -0.0323173465     0.1362927725
1    -5.8580000000    11.7530000000    14.3190000000     0.1644725984    -0.2539697600     0.1889413293    -0.0215797910    -0.2131101388    -0.2524055367     0.0234008991    -0.4142277194    -0.0172418372    -0.5685162222     0.4335845577    -0.1924684123     0.0545525047     0.2372624743    -0.0357685538     0.1119485521
1    -7.4180000000    14.1480000000    15.1760000000     0.1253894369     0.2957725981    -0.1982810295     0.0082997396    -0.2380805550    -0.2647112205    -0.0023593190    -0.4208544997    -0.0528991129    -0.6103033952     0.4736977155    -0.2046059617    -0.0580516997     0.2438130768     0.0675194331     0.0918035438
1    -6.4770000000    13.0550000000    16.2230000000     0.1221003426    -0.0137304707     0.1458353969    -0.3154973701    -0.6592318563    -0.0355292763     0.0571653370    -0.5519245574    -0.2520951992    -0.1259296900     0.1011932924     0.0222504962     0.0154258068     0.1867774988    -0.2025709948     0.6821480797
1    -5.0210000000    14.9680000000    15.8380000000     0.1366723374    -0.0673062666    -0.1954901656    -0.2817215932    -0.6193574752     0.0718842942     0.1168591714    -0.4327154086     0.2990049532    -0.2351334846     0.1565106927     0.1354969210     0.1642619839     0.3194830199     0.3033048627     0.5351192403
1    -4.4570000000    13.6610000000    14.8910000000     0.1338883675    -0.2716479871     0.2478994544     0.0209349843    -0.2689602213    -0.3397786447    -0.0380049894    -0.3481922721     0.0158541580    -0.6150570384     0.4884913400    -0.2572304946     0.0228217269     0.3017872523    -0.0162885158     0.0939091026
1    -6.6120000000    12.1250000000    11.8610000000     0.3885021564     0.0372077141    -0.0617287884     0.0545476916    -3.4832410376    -0.4506313117    -0.0276683417    -1.7407767913     0.0301820696    -2.1596939706     0.5663398068    -0.1124397116    -0.0781055112     1.0585378531     0.1771053556     1.7183952748
1    -6.7490000000    12.7940000000    10.5140000000    -0.4869630431     0.0335600083    -0.0951335549     0.1519192137    -3.4524794807    -0.0533778808     0.0154183767    -3.2524254240    -0.1186193872    -3.2892842330     0.6493280138    -0.0128796394     0.0341002240     0.7566518775    -0.2195162289     1.4095810213
1    -6.3200000000    10.9250000000    11.9520000000    -0.5126953352    -0.1233615605     0.5306030678    -0.0336430013    -3.8700488413    -0.1667898434     0.0204254414    -3.2424764218    -0.0568203219    -4.1687656611     0.2782717631    -0.1813738852    -0.0237204174     0.9675300552     0.0544084838     0.2826017691
1    -6.8690000000    11.9750000000     9.8350000000     0.1546062133     0.0458241444     0.2618543018     0.2421611323    -0.6065135644     0.0609882454     0.0542623438    -0.2235091754     0.3358761103    -0.3204749735     0.0780790793     0.0467506399     0.0553131574     0.3489658613     0.3188933946     0.4883721024
1    -7.5937400000    13.4498810000    10.4803280000     0.1477683466     0.2750095935    -0.2101849574     0.0136068058    -0.2033984026    -0.3196325881     0.0165071248    -0.3701545114    -0.0207967016    -0.6243452825     0.3882262783    -0.2498440470     0.0807059537     0.2821802108    -0.0741084558     0.1341334329
1    -5.8642940000    13.3396150000    10.2600310000     0.1745912119    -0.2715736369    -0.1682623144     0.0800333330    -0.1249519002     0.2809231807    -0.1197311739    -0.4114629113    -0.0667756955    -0.5573460986     0.3979313951     0.2105226966    -0.1618265604     0.2112686193    -0.1132122711     0.1794084182
1    -9.1510000000    11.9240000000    14.2620000000    -0.3221795620     0.0286914209    -0.1969701983     0.1679002923    -2.4814192206     0.0623783740     0.1045896698    -2.9251346537    -0.5435360853    -3.9229828697     1.6492759047     0.1720972896     0.0062156310     0.5061867891    -0.1203130413     0.3261344202
1   -10.3360000000    11.1420000000    14.5760000000    -0.3278963740     0.2302921211     0.1254017830    -0.0504323827    -2.8716303840     0.2522604478    -0.1049764072    -3.1254789325    -0.0964282919    -3.3120275141     1.2916156338     0.3251647587    -0.1499217369     0.7555983808    -0.0419016140     0.6865395083
1    -9.2400000000    12.8310000000    13.9230000000     0.2748792977     0.0350162048    -0.2215147868     0.0844132458    -0.4811297805    -0.0632758362     0.0134263687    -0.1391629306    -0.1340381795    -0.4585088212     0.1256151152    -0.0500749163     0.0214807803     0.3481372340    -0.0879105102     0.1255093008
1   -10.4610000000    11.0210000000    15.6350000000     0.1470630384     0.0422894493     0.0376922899    -0.3308176381    -0.5986224707     0.0165730001    -0.0613622255    -0.5908062405    -0.0645440662    -0.0151295761     0.1346769134     0.0419033113    -0.1672532607     0.0928934743    -0.0804716962     0.6084351537
1   -10.3101230000    10.1586580000    14.1549670000     0.1593005355    -0.0054105188     0.2996502128     0.1325476274    -0.5853376257    -0.0098833420    -0.0142446142    -0.0734703470     0.2135554522    -0.4936070427     0.0946962429     0.0880857084     0.0213332440     0.5330200131     0.1846593637     0.1510319204
1   -11.1872500000    11.6703380000    14.2003240000     0.1441617660     0.2726922624    -0.1728288711     0.1243025929    -0.1989423588    -0.2719944429     0.1895651649    -0.4644029972    -0.1139267128    -0.5364080124     0.5484314616    -0.1998813275     0.1545616029     0.1721258633    -0.0727366420     0.1299651218


---------------
Atomic domain 1
---------------
Domain center:           -6.81800    12.89500    12.91900
Nuclear charge:           7.00000
Electronic charge:       -7.32589
Total charge:            -0.32589
Electronic dipole         0.09541    -0.23475     0.03625
Electronic dipole norm     0.25598
Electronic quadrupole    -4.09273    -0.23325    -0.06041    -2.71065     0.04703    -2.46898
Isotropic polarizablity (w=0)     0.85115
Electronic polarizability (w=0)     0.32089    -0.02607     0.46543    -0.07021     0.30998     1.76714

---------------
Atomic domain 2
---------------
Domain center:           -6.73700    12.36200    14.26000
Nuclear charge:           6.00000
Electronic charge:       -6.05094
Total charge:            -0.05094
Electronic dipole        -0.08067     0.17107    -0.05834
Electronic dipole norm     0.19793
Electronic quadrupole    -2.97612     0.14915     0.03545    -2.63513    -0.01080    -2.41778
Isotropic polarizablity (w=0)     1.23647
Electronic polarizability (w=0)     1.05915     0.55148     1.12159     0.02480     0.21818     1.52866

---------------
Atomic domain 3
---------------
Domain center:           -7.94800    11.49700    14.61600
Nuclear charge:           6.00000
Electronic charge:       -5.61712
Total charge:             0.38288
Electronic dipole        -0.06436    -0.11146     0.01073
Electronic dipole norm     0.12915
Electronic quadrupole    -2.17351    -0.09641     0.16715    -2.14713    -0.76103    -3.13160
Isotropic polarizablity (w=0)     1.11562
Electronic polarizability (w=0)     1.64314     0.20181     0.98552    -0.01828    -0.22160     0.71819

---------------
Atomic domain 4
---------------
Domain center:           -7.78700    10.42300    15.18200
Nuclear charge:           8.00000
Electronic charge:       -8.49365
Total charge:            -0.49365
Electronic dipole        -0.06918     0.48002    -0.26510
Electronic dipole norm     0.55271
Electronic quadrupole    -4.11430    -0.14385     0.05433    -3.34378    -0.27657    -3.71231
Isotropic polarizablity (w=0)     0.51788
Electronic polarizability (w=0)     0.30534    -0.08532     0.83305     0.05136    -0.33851     0.41526

---------------
Atomic domain 5
---------------
Domain center:           -6.55200    13.52800    15.23900
Nuclear charge:           6.00000
Electronic charge:       -6.26318
Total charge:            -0.26318
Electronic dipole         0.20193    -0.04307    -0.21658
Electronic dipole norm     0.29923
Electronic quadrupole    -2.93965     0.28483    -0.02242    -2.75387     0.12694    -3.01372
Isotropic polarizablity (w=0)     1.24671
Electronic polarizability (w=0)     1.25588     0.70896     1.44333     0.04789     0.32666     1.04092

---------------
Atomic domain 6
---------------
Domain center:           -5.27100    14.35300    14.99200
Nuclear charge:           6.00000
Electronic charge:       -6.33227
Total charge:            -0.33227
Electronic dipole        -0.17075    -0.01729    -0.08182
Electronic dipole norm     0.19013
Electronic quadrupole    -2.94542     0.23039    -0.08555    -3.23033    -0.08837    -3.30893
Isotropic polarizablity (w=0)     1.18397
Electronic polarizability (w=0)     1.25423     0.56504     1.32226    -0.06841    -0.30944     0.97542

---------------
Atomic domain 7
---------------
Domain center:           -5.30700    15.20700    13.72000
Nuclear charge:           6.00000
Electronic charge:       -5.58635
Total charge:             0.41365
Electronic dipole         0.00590     0.05972    -0.08320
Electronic dipole norm     0.10258
Electronic quadrupole    -1.74699    -0.35991    -0.23811    -3.16742    -0.65948    -2.70360
Isotropic polarizablity (w=0)     1.07781
Electronic polarizability (w=0)     1.06548     0.08764     1.15027    -0.20012    -0.40810     1.01767

---------------
Atomic domain 8
---------------
Domain center:           -6.37400    15.75700    13.36900
Nuclear charge:           8.00000
Electronic charge:       -8.62557
Total charge:            -0.62557
Electronic dipole         0.49922    -0.23783     0.12186
Electronic dipole norm     0.56625
Electronic quadrupole    -3.54259    -0.27518     0.20270    -3.96562     0.00615    -4.17410
Isotropic polarizablity (w=0)     0.45876
Electronic polarizability (w=0)     0.59179    -0.28936     0.49469     0.14992    -0.12563     0.28980

---------------
Atomic domain 9
---------------
Domain center:           -4.21200    15.32300    13.10200
Nuclear charge:           8.00000
Electronic charge:       -8.60617
Total charge:            -0.60617
Electronic dipole        -0.49682    -0.02767     0.24624
Electronic dipole norm     0.55518
Electronic quadrupole    -3.51680     0.07303    -0.33155    -4.14514     0.07104    -4.04624
Isotropic polarizablity (w=0)     0.54428
Electronic polarizability (w=0)     0.90704     0.18307     0.28501    -0.37276    -0.09232     0.44079

----------------
Atomic domain 10
----------------
Domain center:           -6.97600    13.84500    12.75700
Nuclear charge:           1.00000
Electronic charge:       -0.72252
Total charge:             0.27748
Electronic dipole         0.07916    -0.20710     0.04715
Electronic dipole norm     0.22667
Electronic quadrupole    -0.50106    -0.00317     0.03929    -0.00055    -0.00551    -0.54832
Isotropic polarizablity (w=0)     0.16547
Electronic polarizability (w=0)     0.14144    -0.04727     0.21866     0.03164    -0.03232     0.13629

----------------
Atomic domain 11
----------------
Domain center:           -5.85800    11.75300    14.31900
Nuclear charge:           1.00000
Electronic charge:       -0.83553
Total charge:             0.16447
Electronic dipole        -0.25397     0.18894    -0.02158
Electronic dipole norm     0.31728
Electronic quadrupole    -0.21311    -0.25241     0.02340    -0.41423    -0.01724    -0.56852
Isotropic polarizablity (w=0)     0.26093
Electronic polarizability (w=0)     0.43358    -0.19247     0.23726     0.05455    -0.03577     0.11195

----------------
Atomic domain 12
----------------
Domain center:           -7.41800    14.14800    15.17600
Nuclear charge:           1.00000
Electronic charge:       -0.87461
Total charge:             0.12539
Electronic dipole         0.29577    -0.19828     0.00830
Electronic dipole norm     0.35618
Electronic quadrupole    -0.23808    -0.26471    -0.00236    -0.42085    -0.05290    -0.61030
Isotropic polarizablity (w=0)     0.26977
Electronic polarizability (w=0)     0.47370    -0.20461     0.24381    -0.05805     0.06752     0.09180

----------------
Atomic domain 13
----------------
Domain center:           -6.47700    13.05500    16.22300
Nuclear charge:           1.00000
Electronic charge:       -0.87790
Total charge:             0.12210
Electronic dipole        -0.01373     0.14584    -0.31550
Electronic dipole norm     0.34784
Electronic quadrupole    -0.65923    -0.03553     0.05717    -0.55192    -0.25210    -0.12593
Isotropic polarizablity (w=0)     0.32337
Electronic polarizability (w=0)     0.10119     0.02225     0.18678     0.01543    -0.20257     0.68215

----------------
Atomic domain 14
----------------
Domain center:           -5.02100    14.96800    15.83800
Nuclear charge:           1.00000
Electronic charge:       -0.86333
Total charge:             0.13667
Electronic dipole        -0.06731    -0.19549    -0.28172
Electronic dipole norm     0.34945
Electronic quadrupole    -0.61936     0.07188     0.11686    -0.43272     0.29900    -0.23513
Isotropic polarizablity (w=0)     0.33704
Electronic polarizability (w=0)     0.15651     0.13550     0.31948     0.16426     0.30330     0.53512

----------------
Atomic domain 15
----------------
Domain center:           -4.45700    13.66100    14.89100
Nuclear charge:           1.00000
Electronic charge:       -0.86611
Total charge:             0.13389
Electronic dipole        -0.27165     0.24790     0.02093
Electronic dipole norm     0.36835
Electronic quadrupole    -0.26896    -0.33978    -0.03800    -0.34819     0.01585    -0.61506
Isotropic polarizablity (w=0)     0.29473
Electronic polarizability (w=0)     0.48849    -0.25723     0.30179     0.02282    -0.01629     0.09391

----------------
Atomic domain 16
----------------
Domain center:           -6.61200    12.12500    11.86100
Nuclear charge:           6.00000
Electronic charge:       -5.61150
Total charge:             0.38850
Electronic dipole         0.03721    -0.06173     0.05455
Electronic dipole norm     0.09039
Electronic quadrupole    -3.48324    -0.45063    -0.02767    -1.74078     0.03018    -2.15969
Isotropic polarizablity (w=0)     1.11442
Electronic polarizability (w=0)     0.56634    -0.11244     1.05854    -0.07811     0.17711     1.71840

----------------
Atomic domain 17
----------------
Domain center:           -6.74900    12.79400    10.51400
Nuclear charge:           6.00000
Electronic charge:       -6.48696
Total charge:            -0.48696
Electronic dipole         0.03356    -0.09513     0.15192
Electronic dipole norm     0.18236
Electronic quadrupole    -3.45248    -0.05338     0.01542    -3.25243    -0.11862    -3.28928
Isotropic polarizablity (w=0)     0.93852
Electronic polarizability (w=0)     0.64933    -0.01288     0.75665     0.03410    -0.21952     1.40958

----------------
Atomic domain 18
----------------
Domain center:           -6.32000    10.92500    11.95200
Nuclear charge:           8.00000
Electronic charge:       -8.51270
Total charge:            -0.51270
Electronic dipole        -0.12336     0.53060    -0.03364
Electronic dipole norm     0.54579
Electronic quadrupole    -3.87005    -0.16679     0.02043    -3.24248    -0.05682    -4.16877
Isotropic polarizablity (w=0)     0.50947
Electronic polarizability (w=0)     0.27827    -0.18137     0.96753    -0.02372     0.05441     0.28260

----------------
Atomic domain 19
----------------
Domain center:           -6.86900    11.97500     9.83500
Nuclear charge:           1.00000
Electronic charge:       -0.84539
Total charge:             0.15461
Electronic dipole         0.04582     0.26185     0.24216
Electronic dipole norm     0.35960
Electronic quadrupole    -0.60651     0.06099     0.05426    -0.22351     0.33588    -0.32047
Isotropic polarizablity (w=0)     0.30514
Electronic polarizability (w=0)     0.07808     0.04675     0.34897     0.05531     0.31889     0.48837

----------------
Atomic domain 20
----------------
Domain center:           -7.59374    13.44988    10.48033
Nuclear charge:           1.00000
Electronic charge:       -0.85223
Total charge:             0.14777
Electronic dipole         0.27501    -0.21018     0.01361
Electronic dipole norm     0.34640
Electronic quadrupole    -0.20340    -0.31963     0.01651    -0.37015    -0.02080    -0.62435
Isotropic polarizablity (w=0)     0.26818
Electronic polarizability (w=0)     0.38823    -0.24984     0.28218     0.08071    -0.07411     0.13413

----------------
Atomic domain 21
----------------
Domain center:           -5.86429    13.33962    10.26003
Nuclear charge:           1.00000
Electronic charge:       -0.82541
Total charge:             0.17459
Electronic dipole        -0.27157    -0.16826     0.08003
Electronic dipole norm     0.32935
Electronic quadrupole    -0.12495     0.28092    -0.11973    -0.41146    -0.06678    -0.55735
Isotropic polarizablity (w=0)     0.26287
Electronic polarizability (w=0)     0.39793     0.21052     0.21127    -0.16183    -0.11321     0.17941

----------------
Atomic domain 22
----------------
Domain center:           -9.15100    11.92400    14.26200
Nuclear charge:           7.00000
Electronic charge:       -7.32218
Total charge:            -0.32218
Electronic dipole         0.02869    -0.19697     0.16790
Electronic dipole norm     0.26041
Electronic quadrupole    -2.48142     0.06238     0.10459    -2.92513    -0.54354    -3.92298
Isotropic polarizablity (w=0)     0.82720
Electronic polarizability (w=0)     1.64928     0.17210     0.50619     0.00622    -0.12031     0.32613

----------------
Atomic domain 23
----------------
Domain center:          -10.33600    11.14200    14.57600
Nuclear charge:           6.00000
Electronic charge:       -6.32790
Total charge:            -0.32790
Electronic dipole         0.23029     0.12540    -0.05043
Electronic dipole norm     0.26703
Electronic quadrupole    -2.87163     0.25226    -0.10498    -3.12548    -0.09643    -3.31203
Isotropic polarizablity (w=0)     0.91125
Electronic polarizability (w=0)     1.29162     0.32516     0.75560    -0.14992    -0.04190     0.68654

----------------
Atomic domain 24
----------------
Domain center:           -9.24000    12.83100    13.92300
Nuclear charge:           1.00000
Electronic charge:       -0.72512
Total charge:             0.27488
Electronic dipole         0.03502    -0.22151     0.08441
Electronic dipole norm     0.23963
Electronic quadrupole    -0.48113    -0.06328     0.01343    -0.13916    -0.13404    -0.45851
Isotropic polarizablity (w=0)     0.19975
Electronic polarizability (w=0)     0.12562    -0.05007     0.34814     0.02148    -0.08791     0.12551

----------------
Atomic domain 25
----------------
Domain center:          -10.46100    11.02100    15.63500
Nuclear charge:           1.00000
Electronic charge:       -0.85294
Total charge:             0.14706
Electronic dipole         0.04229     0.03769    -0.33082
Electronic dipole norm     0.33563
Electronic quadrupole    -0.59862     0.01657    -0.06136    -0.59081    -0.06454    -0.01513
Isotropic polarizablity (w=0)     0.27867
Electronic polarizability (w=0)     0.13468     0.04190     0.09289    -0.16725    -0.08047     0.60844

----------------
Atomic domain 26
----------------
Domain center:          -10.31012    10.15866    14.15497
Nuclear charge:           1.00000
Electronic charge:       -0.84070
Total charge:             0.15930
Electronic dipole        -0.00541     0.29965     0.13255
Electronic dipole norm     0.32770
Electronic quadrupole    -0.58534    -0.00988    -0.01424    -0.07347     0.21356    -0.49361
Isotropic polarizablity (w=0)     0.25958
Electronic polarizability (w=0)     0.09470     0.08809     0.53302     0.02133     0.18466     0.15103

----------------
Atomic domain 27
----------------
Domain center:          -11.18725    11.67034    14.20032
Nuclear charge:           1.00000
Electronic charge:       -0.85584
Total charge:             0.14416
Electronic dipole         0.27269    -0.17283     0.12430
Electronic dipole norm     0.34595
Electronic quadrupole    -0.19894    -0.27199     0.18957    -0.46440    -0.11393    -0.53641
Isotropic polarizablity (w=0)     0.28351
Electronic polarizability (w=0)     0.54843    -0.19988     0.17213     0.15456    -0.07274     0.12997

---------
Molecular
---------
Domain center:           -6.91712    12.86991    13.60250
Nuclear charge:         107.00000
Electronic charge:     -108.00000
Total charge:            -1.00000
Electronic dipole         0.28921     0.14913    -0.19584
Gauge   dipole           -3.55122    -1.64785     0.67564
Total   dipole           -3.26202    -1.49873     0.47980
Electronic quadrupole -1053.78122  -704.47560   220.00297 -1184.82452    58.24248  -871.33521
Nuclear    quadrupole   983.25437   692.57876  -215.25160  1087.08892   -54.04844   804.75751
Total      quadrupole   -70.52684   -11.89683     4.75137   -97.73560     4.19405   -66.57770
Polarizability av (0)       16.04251
Polarizability (0)          16.40035     1.43146    15.64202    -0.43228    -0.63202    16.08518
Time used in Loprop              :      6.23 (cpu)       4.46 (wall)
