AA
29 2 2 1
1   -14.3500000000     2.9620000000     9.4950000000    -0.3251075642     0.0378747821    -0.2476911797     0.0250949848    -2.5049056034     0.0518703379    -0.0423185398    -2.6884912752     0.1421894019    -4.1511811016     1.7674347398     0.1629893632    -0.0986117215     0.5790906560     0.0221643214     0.3026651364
1   -12.9840000000     2.4310000000     9.4180000000    -0.0613347579    -0.1026713141     0.2065718804    -0.1119419557    -2.4647087485    -0.1215163254    -0.1083429937    -2.9584415965     0.0180122359    -2.6527881945     1.6565667649     0.0302199369     0.0351150832     0.5366915618     0.2372413610     1.4540093497
1   -12.0650000000     3.1560000000    10.3800000000     0.3859482993     0.0520944846     0.0697569266     0.0465263851    -2.4981637669    -0.3597168581     0.5316097896    -1.8549967393     0.4698621826    -3.0320188585     1.3401584188    -0.0828778563     0.4946948609     0.9362498521     0.1614218707     1.0420032589
1   -12.2550000000     4.2910000000    10.7010000000    -0.4767999072     0.0986691282    -0.5275478948    -0.1450002430    -3.9520377570    -0.1184426226    -0.1385440249    -3.1905320201     0.1551976220    -3.8422222932     0.2888029577    -0.1052183224    -0.0103179805     0.8793640645     0.2076902871     0.3117897834
1   -12.4110000000     2.5380000000     7.9980000000    -0.2656785535    -0.1985998679    -0.1308236633     0.0272277050    -3.0612443966     0.1200803541    -0.0365711280    -3.1214820018     0.2418128591    -2.5819972134     0.7745892724     0.1079550471    -0.1242921083     0.8607165734     0.3425777866     1.5951543903
1   -13.0600000000     1.6350000000     6.9400000000    -0.3197359794     0.1289651841    -0.0329109845     0.1121850528    -3.2310408992     0.0846248646     0.1526618065    -2.8778659373     0.2742688176    -3.0441716859     0.6900565788    -0.1117736424     0.1074524494     1.2861970345     0.3877459318     1.0647788001
1   -12.4840000000     0.2350000000     6.8540000000     0.4024794216     0.0077103478    -0.1074861955    -0.0255560112    -2.7126612211    -0.2533264994     0.8085870024    -2.1254321246     0.4681779984    -2.4231863253     0.8947585121    -0.1992030211     0.2509859661     1.2000933907     0.2246144511     0.9998599752
1   -11.5440000000    -0.0960000000     7.7270000000    -0.4786846610    -0.1735503313     0.0279595107    -0.1594790492    -3.5310287055    -0.3128045489     0.7387060002    -3.1360020520     0.3052697602    -3.3152003240     0.7151499860    -0.2318923521     0.3100266926     0.5836597068    -0.0556715749     0.6392366764
1   -12.8910000000    -0.5500000000     5.9890000000    -0.4838057515     0.1787413493     0.3291679820     0.3785616812    -3.8583018331     0.2582407109     0.1459719983    -3.7405050956     0.3573217872    -3.5258464613     0.3228260501     0.1831848033     0.1998069937     0.6184742410     0.4435911811     0.7355964334
1   -14.5110000000     3.9110000000     9.6290000000     0.2813795825     0.0323407051    -0.2320659760    -0.0281191809    -0.4887149917    -0.0650010564     0.0128861111    -0.1053084225     0.0584237858    -0.5024076717     0.1241277041    -0.0842649059    -0.0139630153     0.3978757254     0.0415465945     0.0888136027
1   -12.9590000000     1.4160000000     9.7350000000     0.1590121780    -0.0093564485     0.3085594661    -0.0961048062    -0.5110269816    -0.0043318325     0.0056253878    -0.0576379248    -0.1263955998    -0.5328444118     0.1117034459    -0.0333689876     0.0039228418     0.4047318728    -0.1098466399     0.1678350125
1   -12.5650000000     3.5780000000     7.7010000000     0.1474148069     0.0409990702    -0.3170316702     0.0950633973    -0.6052125949    -0.0924947509     0.0156958583    -0.0484558028    -0.1988240045    -0.5764151163     0.0810171482    -0.0274036238     0.0000816812     0.5984939992    -0.1630214917     0.1828093345
1   -11.3440000000     2.3580000000     8.0340000000     0.1211416158    -0.3364590563     0.0443859154    -0.0102361310    -0.0308710610    -0.1007703331     0.0079912751    -0.5723830170     0.0056918590    -0.6161421560     0.6208319402    -0.0063914950    -0.0480034654     0.0997774167     0.0176209346     0.1329310678
1   -14.1110000000     1.5090000000     7.1430000000     0.1772785311     0.3103322597     0.0267071246    -0.0570847297     0.0463223680     0.0726027181    -0.1385726493    -0.5845301839    -0.0257028125    -0.5178157139     0.5508240598     0.0067589931    -0.0393884140     0.0889482284     0.0248284459     0.1267726304
1   -12.9500000000     2.0870000000     5.9750000000     0.1696957865    -0.0355665196    -0.1428651081     0.2914797233    -0.5855359130     0.0254821033    -0.0674253048    -0.4817012908    -0.2672373478    -0.0893443946     0.0770746067     0.0014743468    -0.0193695575     0.1870165320    -0.2045942262     0.6035821230
1   -11.1960000000    -1.0080000000     7.6210000000     0.2876954799    -0.0923354127     0.2248128051     0.0190388949    -0.4548705064    -0.1722818469    -0.0180587455    -0.1063142248     0.0334846296    -0.5258514257     0.1780992913    -0.2110227514    -0.0189410323     0.4884424799     0.0066141923     0.0700834332
1   -11.2420000000     0.5130000000     8.4360000000     0.2592865869    -0.0824117078    -0.1226870144    -0.1763481419    -0.4683994726     0.0869481593     0.1039919331    -0.3006339670     0.2025608574    -0.2766162765     0.1506174914     0.0501865366     0.0862362332     0.1938105879     0.1455505667     0.3106682904
1   -15.3770000000     2.1220000000     9.4950000000     0.3909977835     0.0750499706    -0.0672015309    -0.0233961114    -2.0795718508    -0.0322242326    -0.0311757025    -1.6983979024     0.0939160072    -3.5800787298     1.7424991774     0.1050198659    -0.0795064847     0.9942033303     0.0131194050     0.5708610418
1   -16.7870000000     2.6840000000     9.5430000000    -0.4796582943     0.1360960213    -0.0924238020    -0.0110233410    -3.1936198953    -0.0634427072    -0.0481860404    -3.3233877263     0.0191203476    -3.4404548675     1.4663666675    -0.2376134800    -0.0694501150     0.7378247849     0.0053945971     0.6734475211
1   -15.1720000000     0.9050000000     9.4180000000    -0.4969819778    -0.0919245537     0.5285091796     0.0376899841    -4.1513264783    -0.1620844503     0.0106859582    -3.2005620716     0.0427983861    -3.8968229681     0.3000889562    -0.0185100944    -0.0258730355     0.9297273636     0.0313519798     0.2416615323
1   -16.7370000000     3.5780000000     8.9500000000     0.1513134500    -0.0044008414    -0.2966082194     0.1900982899    -0.6146671150     0.0122102467    -0.0163288885    -0.1301156036    -0.3181545302    -0.3974241440     0.1269391629    -0.0740041822     0.0364579072     0.4596508144    -0.2418341107     0.2308431528
1   -17.4630510000     1.9797810000     9.1049010000     0.1775433600     0.2102021456     0.2137044417     0.1342618039    -0.3169385273     0.2812489231     0.1740326721    -0.3026436367     0.1796679040    -0.4693513131     0.4347876096     0.2409302973     0.1573365776     0.2551957093     0.1184650764     0.1458798467
1   -17.0917530000     2.9299290000    10.5387630000     0.1705538043     0.0885867386    -0.0757637517    -0.3067135934    -0.5538999753    -0.0384354789    -0.1706849095    -0.5569264496     0.1375718583    -0.0146218836     0.2065637775    -0.0706839114    -0.2239077324     0.1098900643     0.1234567838     0.5235963924
1   -11.0080000000     2.4680000000    10.7650000000    -0.3278121020    -0.0031503781     0.2126559809     0.0709555302    -2.9174988785    -0.3524523779     0.6925419101    -3.0212911562     0.4222343632    -3.4556169108     1.3055260927    -0.1592926428     0.6694102467     0.4833562083     0.0085363065     0.7566800473
1    -9.9650000000     2.8800000000    11.7060000000    -0.3243563683    -0.1790524242    -0.0637467860    -0.1546348511    -3.1019175211     0.0855127505     0.2072324665    -3.2501849372     0.0933272821    -3.0368430396     1.1162756071     0.1191019576     0.4052339217     0.6297767237     0.0876773863     1.0127961561
1   -10.9320000000     1.6380000000    10.2920000000     0.2607167026    -0.0400650301     0.2248036879     0.1097048722    -0.5119911410    -0.0423033940    -0.0326276909    -0.1509263656     0.1871976389    -0.4064260579     0.1136191556    -0.0390013196     0.0016882389     0.3271763797     0.1263586755     0.1815780959
1   -10.2420000000     3.8050000000    12.2110000000     0.1764563430     0.0784861398    -0.2604164209    -0.1413443134    -0.5265400329    -0.1340499999    -0.0507540928    -0.1232122921     0.2522192946    -0.4294408630     0.0798741861    -0.0208238962    -0.0155559630     0.4074817405     0.2447877817     0.2504296385
1    -9.1218090000     3.0043480000    11.0591110000     0.1597820056    -0.2724508482    -0.0421032959     0.1783717707    -0.1904618432     0.0539817980    -0.2988631609    -0.5858067388    -0.0481696535    -0.3450409713     0.5228077250     0.0695097770    -0.2036349958     0.0823097610    -0.0305565527     0.2057409293
1    -9.7971010000     2.0908050000    12.4087660000     0.1612601795    -0.0539311624     0.2360988294    -0.2111629155    -0.5619359483    -0.0732838063     0.0663143445    -0.2438860684    -0.3094530069    -0.3276244577     0.1346570141    -0.0971885595     0.1220420262     0.3203893568    -0.2658052546     0.3745115262


---------------
Atomic domain 1
---------------
Domain center:          -14.35000     2.96200     9.49500
Nuclear charge:           7.00000
Electronic charge:       -7.32511
Total charge:            -0.32511
Electronic dipole         0.03787    -0.24769     0.02509
Electronic dipole norm     0.25182
Electronic quadrupole    -2.50491     0.05187    -0.04232    -2.68849     0.14219    -4.15118
Isotropic polarizablity (w=0)     0.88306
Electronic polarizability (w=0)     1.76743     0.16299     0.57909    -0.09861     0.02216     0.30267

---------------
Atomic domain 2
---------------
Domain center:          -12.98400     2.43100     9.41800
Nuclear charge:           6.00000
Electronic charge:       -6.06133
Total charge:            -0.06133
Electronic dipole        -0.10267     0.20657    -0.11194
Electronic dipole norm     0.25641
Electronic quadrupole    -2.46471    -0.12152    -0.10834    -2.95844     0.01801    -2.65279
Isotropic polarizablity (w=0)     1.21576
Electronic polarizability (w=0)     1.65657     0.03022     0.53669     0.03512     0.23724     1.45401

---------------
Atomic domain 3
---------------
Domain center:          -12.06500     3.15600    10.38000
Nuclear charge:           6.00000
Electronic charge:       -5.61405
Total charge:             0.38595
Electronic dipole         0.05209     0.06976     0.04653
Electronic dipole norm     0.09871
Electronic quadrupole    -2.49816    -0.35972     0.53161    -1.85500     0.46986    -3.03202
Isotropic polarizablity (w=0)     1.10614
Electronic polarizability (w=0)     1.34016    -0.08288     0.93625     0.49469     0.16142     1.04200

---------------
Atomic domain 4
---------------
Domain center:          -12.25500     4.29100    10.70100
Nuclear charge:           8.00000
Electronic charge:       -8.47680
Total charge:            -0.47680
Electronic dipole         0.09867    -0.52755    -0.14500
Electronic dipole norm     0.55594
Electronic quadrupole    -3.95204    -0.11844    -0.13854    -3.19053     0.15520    -3.84222
Isotropic polarizablity (w=0)     0.49332
Electronic polarizability (w=0)     0.28880    -0.10522     0.87936    -0.01032     0.20769     0.31179

---------------
Atomic domain 5
---------------
Domain center:          -12.41100     2.53800     7.99800
Nuclear charge:           6.00000
Electronic charge:       -6.26568
Total charge:            -0.26568
Electronic dipole        -0.19860    -0.13082     0.02723
Electronic dipole norm     0.23937
Electronic quadrupole    -3.06124     0.12008    -0.03657    -3.12148     0.24181    -2.58200
Isotropic polarizablity (w=0)     1.07682
Electronic polarizability (w=0)     0.77459     0.10796     0.86072    -0.12429     0.34258     1.59515

---------------
Atomic domain 6
---------------
Domain center:          -13.06000     1.63500     6.94000
Nuclear charge:           6.00000
Electronic charge:       -6.31974
Total charge:            -0.31974
Electronic dipole         0.12897    -0.03291     0.11219
Electronic dipole norm     0.17407
Electronic quadrupole    -3.23104     0.08462     0.15266    -2.87787     0.27427    -3.04417
Isotropic polarizablity (w=0)     1.01368
Electronic polarizability (w=0)     0.69006    -0.11177     1.28620     0.10745     0.38775     1.06478

---------------
Atomic domain 7
---------------
Domain center:          -12.48400     0.23500     6.85400
Nuclear charge:           6.00000
Electronic charge:       -5.59752
Total charge:             0.40248
Electronic dipole         0.00771    -0.10749    -0.02556
Electronic dipole norm     0.11075
Electronic quadrupole    -2.71266    -0.25333     0.80859    -2.12543     0.46818    -2.42319
Isotropic polarizablity (w=0)     1.03157
Electronic polarizability (w=0)     0.89476    -0.19920     1.20009     0.25099     0.22461     0.99986

---------------
Atomic domain 8
---------------
Domain center:          -11.54400    -0.09600     7.72700
Nuclear charge:           7.00000
Electronic charge:       -7.47868
Total charge:            -0.47868
Electronic dipole        -0.17355     0.02796    -0.15948
Electronic dipole norm     0.23735
Electronic quadrupole    -3.53103    -0.31280     0.73871    -3.13600     0.30527    -3.31520
Isotropic polarizablity (w=0)     0.64602
Electronic polarizability (w=0)     0.71515    -0.23189     0.58366     0.31003    -0.05567     0.63924

---------------
Atomic domain 9
---------------
Domain center:          -12.89100    -0.55000     5.98900
Nuclear charge:           8.00000
Electronic charge:       -8.48381
Total charge:            -0.48381
Electronic dipole         0.17874     0.32917     0.37856
Electronic dipole norm     0.53255
Electronic quadrupole    -3.85830     0.25824     0.14597    -3.74051     0.35732    -3.52585
Isotropic polarizablity (w=0)     0.55897
Electronic polarizability (w=0)     0.32283     0.18318     0.61847     0.19981     0.44359     0.73560

----------------
Atomic domain 10
----------------
Domain center:          -14.51100     3.91100     9.62900
Nuclear charge:           1.00000
Electronic charge:       -0.71862
Total charge:             0.28138
Electronic dipole         0.03234    -0.23207    -0.02812
Electronic dipole norm     0.23599
Electronic quadrupole    -0.48871    -0.06500     0.01289    -0.10531     0.05842    -0.50241
Isotropic polarizablity (w=0)     0.20361
Electronic polarizability (w=0)     0.12413    -0.08426     0.39788    -0.01396     0.04155     0.08881

----------------
Atomic domain 11
----------------
Domain center:          -12.95900     1.41600     9.73500
Nuclear charge:           1.00000
Electronic charge:       -0.84099
Total charge:             0.15901
Electronic dipole        -0.00936     0.30856    -0.09610
Electronic dipole norm     0.32332
Electronic quadrupole    -0.51103    -0.00433     0.00563    -0.05764    -0.12640    -0.53284
Isotropic polarizablity (w=0)     0.22809
Electronic polarizability (w=0)     0.11170    -0.03337     0.40473     0.00392    -0.10985     0.16784

----------------
Atomic domain 12
----------------
Domain center:          -12.56500     3.57800     7.70100
Nuclear charge:           1.00000
Electronic charge:       -0.85259
Total charge:             0.14741
Electronic dipole         0.04100    -0.31703     0.09506
Electronic dipole norm     0.33351
Electronic quadrupole    -0.60521    -0.09249     0.01570    -0.04846    -0.19882    -0.57642
Isotropic polarizablity (w=0)     0.28744
Electronic polarizability (w=0)     0.08102    -0.02740     0.59849     0.00008    -0.16302     0.18281

----------------
Atomic domain 13
----------------
Domain center:          -11.34400     2.35800     8.03400
Nuclear charge:           1.00000
Electronic charge:       -0.87886
Total charge:             0.12114
Electronic dipole        -0.33646     0.04439    -0.01024
Electronic dipole norm     0.33953
Electronic quadrupole    -0.03087    -0.10077     0.00799    -0.57238     0.00569    -0.61614
Isotropic polarizablity (w=0)     0.28451
Electronic polarizability (w=0)     0.62083    -0.00639     0.09978    -0.04800     0.01762     0.13293

----------------
Atomic domain 14
----------------
Domain center:          -14.11100     1.50900     7.14300
Nuclear charge:           1.00000
Electronic charge:       -0.82272
Total charge:             0.17728
Electronic dipole         0.31033     0.02671    -0.05708
Electronic dipole norm     0.31667
Electronic quadrupole     0.04632     0.07260    -0.13857    -0.58453    -0.02570    -0.51782
Isotropic polarizablity (w=0)     0.25551
Electronic polarizability (w=0)     0.55082     0.00676     0.08895    -0.03939     0.02483     0.12677

----------------
Atomic domain 15
----------------
Domain center:          -12.95000     2.08700     5.97500
Nuclear charge:           1.00000
Electronic charge:       -0.83030
Total charge:             0.16970
Electronic dipole        -0.03557    -0.14287     0.29148
Electronic dipole norm     0.32655
Electronic quadrupole    -0.58554     0.02548    -0.06743    -0.48170    -0.26724    -0.08934
Isotropic polarizablity (w=0)     0.28922
Electronic polarizability (w=0)     0.07707     0.00147     0.18702    -0.01937    -0.20459     0.60358

----------------
Atomic domain 16
----------------
Domain center:          -11.19600    -1.00800     7.62100
Nuclear charge:           1.00000
Electronic charge:       -0.71230
Total charge:             0.28770
Electronic dipole        -0.09234     0.22481     0.01904
Electronic dipole norm     0.24378
Electronic quadrupole    -0.45487    -0.17228    -0.01806    -0.10631     0.03348    -0.52585
Isotropic polarizablity (w=0)     0.24554
Electronic polarizability (w=0)     0.17810    -0.21102     0.48844    -0.01894     0.00661     0.07008

----------------
Atomic domain 17
----------------
Domain center:          -11.24200     0.51300     8.43600
Nuclear charge:           1.00000
Electronic charge:       -0.74071
Total charge:             0.25929
Electronic dipole        -0.08241    -0.12269    -0.17635
Electronic dipole norm     0.23009
Electronic quadrupole    -0.46840     0.08695     0.10399    -0.30063     0.20256    -0.27662
Isotropic polarizablity (w=0)     0.21837
Electronic polarizability (w=0)     0.15062     0.05019     0.19381     0.08624     0.14555     0.31067

----------------
Atomic domain 18
----------------
Domain center:          -15.37700     2.12200     9.49500
Nuclear charge:           6.00000
Electronic charge:       -5.60900
Total charge:             0.39100
Electronic dipole         0.07505    -0.06720    -0.02340
Electronic dipole norm     0.10342
Electronic quadrupole    -2.07957    -0.03222    -0.03118    -1.69840     0.09392    -3.58008
Isotropic polarizablity (w=0)     1.10252
Electronic polarizability (w=0)     1.74250     0.10502     0.99420    -0.07951     0.01312     0.57086

----------------
Atomic domain 19
----------------
Domain center:          -16.78700     2.68400     9.54300
Nuclear charge:           6.00000
Electronic charge:       -6.47966
Total charge:            -0.47966
Electronic dipole         0.13610    -0.09242    -0.01102
Electronic dipole norm     0.16488
Electronic quadrupole    -3.19362    -0.06344    -0.04819    -3.32339     0.01912    -3.44045
Isotropic polarizablity (w=0)     0.95921
Electronic polarizability (w=0)     1.46637    -0.23761     0.73782    -0.06945     0.00539     0.67345

----------------
Atomic domain 20
----------------
Domain center:          -15.17200     0.90500     9.41800
Nuclear charge:           8.00000
Electronic charge:       -8.49698
Total charge:            -0.49698
Electronic dipole        -0.09192     0.52851     0.03769
Electronic dipole norm     0.53777
Electronic quadrupole    -4.15133    -0.16208     0.01069    -3.20056     0.04280    -3.89682
Isotropic polarizablity (w=0)     0.49049
Electronic polarizability (w=0)     0.30009    -0.01851     0.92973    -0.02587     0.03135     0.24166

----------------
Atomic domain 21
----------------
Domain center:          -16.73700     3.57800     8.95000
Nuclear charge:           1.00000
Electronic charge:       -0.84869
Total charge:             0.15131
Electronic dipole        -0.00440    -0.29661     0.19010
Electronic dipole norm     0.35233
Electronic quadrupole    -0.61467     0.01221    -0.01633    -0.13012    -0.31815    -0.39742
Isotropic polarizablity (w=0)     0.27248
Electronic polarizability (w=0)     0.12694    -0.07400     0.45965     0.03646    -0.24183     0.23084

----------------
Atomic domain 22
----------------
Domain center:          -17.46305     1.97978     9.10490
Nuclear charge:           1.00000
Electronic charge:       -0.82246
Total charge:             0.17754
Electronic dipole         0.21020     0.21370     0.13426
Electronic dipole norm     0.32845
Electronic quadrupole    -0.31694     0.28125     0.17403    -0.30264     0.17967    -0.46935
Isotropic polarizablity (w=0)     0.27862
Electronic polarizability (w=0)     0.43479     0.24093     0.25520     0.15734     0.11847     0.14588

----------------
Atomic domain 23
----------------
Domain center:          -17.09175     2.92993    10.53876
Nuclear charge:           1.00000
Electronic charge:       -0.82945
Total charge:             0.17055
Electronic dipole         0.08859    -0.07576    -0.30671
Electronic dipole norm     0.32812
Electronic quadrupole    -0.55390    -0.03844    -0.17068    -0.55693     0.13757    -0.01462
Isotropic polarizablity (w=0)     0.28002
Electronic polarizability (w=0)     0.20656    -0.07068     0.10989    -0.22391     0.12346     0.52360

----------------
Atomic domain 24
----------------
Domain center:          -11.00800     2.46800    10.76500
Nuclear charge:           7.00000
Electronic charge:       -7.32781
Total charge:            -0.32781
Electronic dipole        -0.00315     0.21266     0.07096
Electronic dipole norm     0.22420
Electronic quadrupole    -2.91750    -0.35245     0.69254    -3.02129     0.42223    -3.45562
Isotropic polarizablity (w=0)     0.84852
Electronic polarizability (w=0)     1.30553    -0.15929     0.48336     0.66941     0.00854     0.75668

----------------
Atomic domain 25
----------------
Domain center:           -9.96500     2.88000    11.70600
Nuclear charge:           6.00000
Electronic charge:       -6.32436
Total charge:            -0.32436
Electronic dipole        -0.17905    -0.06375    -0.15463
Electronic dipole norm     0.24502
Electronic quadrupole    -3.10192     0.08551     0.20723    -3.25018     0.09333    -3.03684
Isotropic polarizablity (w=0)     0.91962
Electronic polarizability (w=0)     1.11628     0.11910     0.62978     0.40523     0.08768     1.01280

----------------
Atomic domain 26
----------------
Domain center:          -10.93200     1.63800    10.29200
Nuclear charge:           1.00000
Electronic charge:       -0.73928
Total charge:             0.26072
Electronic dipole        -0.04007     0.22480     0.10970
Electronic dipole norm     0.25333
Electronic quadrupole    -0.51199    -0.04230    -0.03263    -0.15093     0.18720    -0.40643
Isotropic polarizablity (w=0)     0.20746
Electronic polarizability (w=0)     0.11362    -0.03900     0.32718     0.00169     0.12636     0.18158

----------------
Atomic domain 27
----------------
Domain center:          -10.24200     3.80500    12.21100
Nuclear charge:           1.00000
Electronic charge:       -0.82354
Total charge:             0.17646
Electronic dipole         0.07849    -0.26042    -0.14134
Electronic dipole norm     0.30652
Electronic quadrupole    -0.52654    -0.13405    -0.05075    -0.12321     0.25222    -0.42944
Isotropic polarizablity (w=0)     0.24593
Electronic polarizability (w=0)     0.07987    -0.02082     0.40748    -0.01556     0.24479     0.25043

----------------
Atomic domain 28
----------------
Domain center:           -9.12181     3.00435    11.05911
Nuclear charge:           1.00000
Electronic charge:       -0.84022
Total charge:             0.15978
Electronic dipole        -0.27245    -0.04210     0.17837
Electronic dipole norm     0.32836
Electronic quadrupole    -0.19046     0.05398    -0.29886    -0.58581    -0.04817    -0.34504
Isotropic polarizablity (w=0)     0.27029
Electronic polarizability (w=0)     0.52281     0.06951     0.08231    -0.20363    -0.03056     0.20574

----------------
Atomic domain 29
----------------
Domain center:           -9.79710     2.09081    12.40877
Nuclear charge:           1.00000
Electronic charge:       -0.83874
Total charge:             0.16126
Electronic dipole        -0.05393     0.23610    -0.21116
Electronic dipole norm     0.32131
Electronic quadrupole    -0.56194    -0.07328     0.06631    -0.24389    -0.30945    -0.32762
Isotropic polarizablity (w=0)     0.27652
Electronic polarizability (w=0)     0.13466    -0.09719     0.32039     0.12204    -0.26581     0.37451

---------
Molecular
---------
Domain center:          -12.99925     1.98131     9.05200
Nuclear charge:         108.00000
Electronic charge:     -108.00000
Total charge:             0.00000
Electronic dipole        -0.19978    -0.10568     0.05811
Gauge   dipole            1.57236     1.00277     1.10890
Total   dipole            1.37259     0.89709     1.16702
Electronic quadrupole -1415.61822    -3.11287  -192.87675  -806.50090  -657.99747 -1136.21168
Nuclear    quadrupole  1365.64647    -6.96358   195.05987   736.03542   647.92979  1067.78231
Total      quadrupole   -49.97175   -10.07645     2.18312   -70.46548   -10.06768   -68.42938
Polarizability av (0)       16.18929
Polarizability (0)          17.89464    -0.73320    15.67662     1.88968     1.95103    14.99662
Time used in Loprop              :      7.19 (cpu)       5.10 (wall)
