AA
29 2 2 1
1    -9.1510000000    11.9240000000    14.2620000000    -0.3356390971     0.0282977915    -0.1941091528     0.1787033180    -2.5214023779     0.0629480153     0.1123210885    -2.9055391020    -0.5355224966    -3.9344753238     1.7761357506     0.1953936318     0.1991783354     0.5691222641    -0.0592790304     0.3088917698
1   -10.3360000000    11.1420000000    14.5760000000    -0.0514133439     0.0312836926     0.1092702071    -0.1949070098    -2.4360908794     0.0763627010     0.0116236568    -2.6061864790    -0.1240399661    -2.9838397102     1.6642015787     0.0439612357     0.1033761944     1.2328624878     0.2138384076     0.6593084442
1   -10.2990000000     9.7360000000    13.9740000000     0.3828025435     0.0060073389    -0.1240896094    -0.0134836627    -3.3354484018     0.2959655743    -0.4584888592    -1.9549729668    -0.2021987966    -2.1154773370     0.7098919696    -0.0126052487    -0.2033567997     1.2547176401     0.2718642653     1.2674671119
1   -10.6430000000     8.7430000000    14.6030000000    -0.4755391016     0.1698601307     0.4302381273    -0.2763231070    -3.7982901367     0.1826370698    -0.0656276144    -3.4852617924    -0.4162140742    -3.8198122145     0.3128542463     0.1532160241    -0.1240798748     0.7201611719    -0.3127217391     0.4893873247
1   -11.5460000000    11.8930000000    14.0420000000    -0.2609119954    -0.0664597957    -0.2320445495     0.1298737780    -2.3949735498    -0.0797565236     0.0946926085    -3.0097272059    -0.1009221705    -3.1435570111     1.7851572890    -0.1067679487     0.1037610178     0.7916790934    -0.0355432739     0.5604174807
1   -12.8610000000    11.2360000000    14.2940000000    -0.3166692605     0.1279635175     0.1900228704    -0.1479425701    -2.7937118328     0.1698596321     0.0846277796    -3.0890322435    -0.1143505226    -3.2266035670     1.6484745574     0.0779346178     0.2423556296     0.5868364027    -0.0602021558     0.8334960069
1   -13.9060000000    11.5580000000    13.2190000000     0.3942057562    -0.0906415591     0.0373712071    -0.0678737637    -2.7180055443     0.3028250438     0.6619902909    -1.7885330649    -0.4717160603    -2.8187424063     1.2950937412     0.1436807343     0.3791932534     1.1087292982    -0.0658084344     0.8255678090
1   -14.7320000000    10.5860000000    12.9030000000    -0.4758381204     0.1414153930     0.1929966962     0.0322902193    -3.4529023366     0.3940644992     0.5946339207    -2.8386290690    -0.2947627086    -3.5749578260     0.8499850218     0.3875284491     0.2391418961     0.7346788467     0.1195474058     0.4440553566
1   -13.9760000000    12.6950000000    12.6990000000    -0.5009400797     0.0095866544    -0.4838086091     0.2154185264    -4.0815958164    -0.0612127583    -0.1051654834    -3.2999363102    -0.2930908192    -3.8817863003     0.3021944027    -0.0908150117     0.0496307443     0.9219234948    -0.3020220413     0.3671329733
1    -9.2400000000    12.8310000000    13.9230000000     0.2761011336     0.0247533009    -0.2192853041     0.0878445557    -0.5270563195    -0.0453771985     0.0127649181    -0.1291294989    -0.1462241584    -0.4529008904     0.1415774041    -0.0154313839     0.0111037425     0.4046218399    -0.0920828718     0.1122943149
1   -10.4610000000    11.0210000000    15.6350000000     0.1618142788     0.0352735618     0.0349930821    -0.3057656410    -0.6016589832     0.0186692100    -0.0629267566    -0.5857655274    -0.0416560267    -0.0537032858     0.1451949864     0.0090041250    -0.0735965925     0.0965167787    -0.0100455930     0.6058053814
1   -11.6030000000    12.8760000000    14.4790000000     0.1470450016     0.0018905730    -0.3001566796    -0.1308077076    -0.6359275834    -0.0405708429    -0.0089471758    -0.1263209812     0.2468195568    -0.5029713768     0.1318896285    -0.0415864983    -0.0108712640     0.5849350230     0.2007495727     0.1497271164
1   -11.4140000000    11.9800000000    12.9890000000     0.1399013415    -0.0521422586    -0.0397402273     0.3444914026    -0.5892668344    -0.0104835293    -0.0731038798    -0.5953651803    -0.0476948704    -0.0110121249     0.1581595739     0.0000372920    -0.0524001879     0.0991153958    -0.0785088330     0.5003515217
1   -12.7470000000    10.1770000000    14.4100000000     0.1469669208    -0.0224879671     0.3293874365    -0.0310046206    -0.5705240972    -0.1041159681     0.0079341650     0.0035428830    -0.0695397725    -0.6022412798     0.1759521642    -0.0180698735     0.0061702100     0.4734320852    -0.0676438088     0.1002481430
1   -13.2280000000    11.6240000000    15.2310000000     0.1649715395     0.1171678554    -0.1123210346    -0.2884625667    -0.5461537800    -0.0899463691    -0.1925064170    -0.5082023440     0.2184253812    -0.1043300647     0.1982468912    -0.0633813841    -0.1754587795     0.1226793547     0.1516291369     0.5315723540
1   -14.6760000000     9.7190000000    13.3440000000     0.2892463140    -0.0070704656     0.2103202004    -0.1005781568    -0.4998326162    -0.0213163169     0.0084188373    -0.1379189913    -0.1813866411    -0.4091680699     0.1048425625     0.0414036155    -0.0205078918     0.3772394025    -0.1062140177     0.1193882461
1   -15.3670000000    10.7900000000    12.1850000000     0.2886230212     0.1602745723    -0.0448051808     0.1752487970    -0.3125183077    -0.0631239297     0.2326028460    -0.5117131724    -0.0644747465    -0.2613223460     0.3644502914    -0.0282713396     0.2548407696     0.0558492689    -0.0068745150     0.3063262617
1    -7.9480000000    11.4970000000    14.6160000000     0.3878709874    -0.0480441605    -0.0949139546     0.0380441553    -2.1174309606    -0.0481160508     0.1706515923    -2.1275292748    -0.7625082333    -3.1677021984     1.7716789759     0.1438245281     0.1602089616     0.8982242311    -0.1722093465     0.6649556923
1    -6.7370000000    12.3620000000    14.2600000000    -0.4911204771    -0.0856108074    -0.1154281262     0.0547437016    -3.3018888218     0.1425338392    -0.0410656117    -3.3062839567    -0.0897277079    -3.4271631309     1.2884040799     0.3836597170    -0.0945221409     0.9071795407    -0.0601996155     0.6921977447
1    -7.7870000000    10.4230000000    15.1820000000    -0.4646886133    -0.0701185815     0.4683148645    -0.2445878629    -4.0839911348    -0.1335792660     0.0458677839    -3.3067154039    -0.2789205424    -3.6745337611     0.3459756304    -0.1403157250     0.1115110697     0.7359705094    -0.2878144582     0.4095757444
1    -5.8580000000    11.7530000000    14.3190000000     0.1766563372    -0.2782906370     0.1930179061    -0.0168853329    -0.1190068244    -0.3220488915     0.0295216208    -0.3652803135    -0.0190542061    -0.5828919806     0.5939080234    -0.2266646134     0.0205301589     0.1902876968    -0.0133627908     0.0693488576
1    -6.7969660000    12.7565930000    13.2672260000     0.1511555930     0.0289484238    -0.1299015597     0.3216128895    -0.6253295050    -0.0084662834     0.0361212339    -0.5207549126    -0.2294480866    -0.0334914044     0.1082400490     0.0401016772    -0.0481795287     0.1865477027    -0.2120422484     0.5257021186
1    -6.6079330000    13.1754730000    14.9430100000     0.1667110752    -0.0293518636    -0.2579576064    -0.2152599371    -0.6005403375     0.0544955188     0.0495899401    -0.2120479428     0.3281185564    -0.3132996759     0.1285150915     0.1320260687     0.0854942649     0.4442135258     0.2726813972     0.2844226869
1    -9.9300000000     9.6520000000    12.7010000000    -0.3167435393    -0.0276851249    -0.2227852436     0.1376731657    -3.9851548498     0.2045005458    -0.4536503692    -2.6555876383     0.1401904384    -2.6776475186     0.3394207035    -0.0600006195    -0.2233099304     0.8451962118     0.4631898640     1.1912451606
1    -9.8980000000     8.3560000000    12.0590000000    -0.3358382777    -0.0157080878     0.2185606801     0.1316107551    -3.3444631818    -0.0331925759    -0.0186781717    -2.8042536179     0.2659261226    -3.1464153988     0.6447612747    -0.0763697572    -0.0264772245     1.0874231960     0.3767571720     0.8443241402
1    -9.6140000000    10.4530000000    12.2380000000     0.2707576954    -0.0741364228    -0.1910361087     0.1216897750    -0.4702569540     0.1159372854    -0.0616957764    -0.2462956069    -0.1628592210    -0.3704203134     0.1428880283     0.0714864096    -0.0611093870     0.2591043843    -0.1207530031     0.1976994320
1   -10.8620000000     7.9250000000    12.0690000000     0.1628209220     0.3083027423     0.1392218699    -0.0045376036    -0.0720711339     0.2212207858    -0.0097900804    -0.4669587829    -0.0029622507    -0.5832536655     0.4551087641     0.2117438838     0.0519778534     0.2158787048     0.0440500481     0.0741331576
1    -9.2313640000     7.6541300000    12.5149340000     0.1646389186    -0.2028447414     0.2056593397    -0.1373498779    -0.3541655318    -0.2347359212     0.1678726415    -0.3213798854    -0.1654945062    -0.4749538252     0.2843685032    -0.2468227597     0.0964538881     0.3764786965    -0.0961561117     0.1113235903
1    -9.6284470000     8.4664610000    11.0294180000     0.1530525266    -0.0916557497    -0.0476188610     0.3252078925    -0.5658979466     0.0151672830    -0.1654429589    -0.6166672357    -0.0727646119     0.0117062253     0.1108301361    -0.0043568809    -0.1454570963     0.0835195524     0.0181509133     0.6345362174


---------------
Atomic domain 1
---------------
Domain center:           -9.15100    11.92400    14.26200
Nuclear charge:           7.00000
Electronic charge:       -7.33564
Total charge:            -0.33564
Electronic dipole         0.02830    -0.19411     0.17870
Electronic dipole norm     0.26536
Electronic quadrupole    -2.52140     0.06295     0.11232    -2.90554    -0.53552    -3.93448
Isotropic polarizablity (w=0)     0.88472
Electronic polarizability (w=0)     1.77614     0.19539     0.56912     0.19918    -0.05928     0.30889

---------------
Atomic domain 2
---------------
Domain center:          -10.33600    11.14200    14.57600
Nuclear charge:           6.00000
Electronic charge:       -6.05141
Total charge:            -0.05141
Electronic dipole         0.03128     0.10927    -0.19491
Electronic dipole norm     0.22563
Electronic quadrupole    -2.43609     0.07636     0.01162    -2.60619    -0.12404    -2.98384
Isotropic polarizablity (w=0)     1.18546
Electronic polarizability (w=0)     1.66420     0.04396     1.23286     0.10338     0.21384     0.65931

---------------
Atomic domain 3
---------------
Domain center:          -10.29900     9.73600    13.97400
Nuclear charge:           6.00000
Electronic charge:       -5.61720
Total charge:             0.38280
Electronic dipole         0.00601    -0.12409    -0.01348
Electronic dipole norm     0.12496
Electronic quadrupole    -3.33545     0.29597    -0.45849    -1.95497    -0.20220    -2.11548
Isotropic polarizablity (w=0)     1.07736
Electronic polarizability (w=0)     0.70989    -0.01261     1.25472    -0.20336     0.27186     1.26747

---------------
Atomic domain 4
---------------
Domain center:          -10.64300     8.74300    14.60300
Nuclear charge:           8.00000
Electronic charge:       -8.47554
Total charge:            -0.47554
Electronic dipole         0.16986     0.43024    -0.27632
Electronic dipole norm     0.53881
Electronic quadrupole    -3.79829     0.18264    -0.06563    -3.48526    -0.41621    -3.81981
Isotropic polarizablity (w=0)     0.50747
Electronic polarizability (w=0)     0.31285     0.15322     0.72016    -0.12408    -0.31272     0.48939

---------------
Atomic domain 5
---------------
Domain center:          -11.54600    11.89300    14.04200
Nuclear charge:           6.00000
Electronic charge:       -6.26091
Total charge:            -0.26091
Electronic dipole        -0.06646    -0.23204     0.12987
Electronic dipole norm     0.27410
Electronic quadrupole    -2.39497    -0.07976     0.09469    -3.00973    -0.10092    -3.14356
Isotropic polarizablity (w=0)     1.04575
Electronic polarizability (w=0)     1.78516    -0.10677     0.79168     0.10376    -0.03554     0.56042

---------------
Atomic domain 6
---------------
Domain center:          -12.86100    11.23600    14.29400
Nuclear charge:           6.00000
Electronic charge:       -6.31667
Total charge:            -0.31667
Electronic dipole         0.12796     0.19002    -0.14794
Electronic dipole norm     0.27271
Electronic quadrupole    -2.79371     0.16986     0.08463    -3.08903    -0.11435    -3.22660
Isotropic polarizablity (w=0)     1.02294
Electronic polarizability (w=0)     1.64847     0.07793     0.58684     0.24236    -0.06020     0.83350

---------------
Atomic domain 7
---------------
Domain center:          -13.90600    11.55800    13.21900
Nuclear charge:           6.00000
Electronic charge:       -5.60579
Total charge:             0.39421
Electronic dipole        -0.09064     0.03737    -0.06787
Electronic dipole norm     0.11924
Electronic quadrupole    -2.71801     0.30283     0.66199    -1.78853    -0.47172    -2.81874
Isotropic polarizablity (w=0)     1.07646
Electronic polarizability (w=0)     1.29509     0.14368     1.10873     0.37919    -0.06581     0.82557

---------------
Atomic domain 8
---------------
Domain center:          -14.73200    10.58600    12.90300
Nuclear charge:           7.00000
Electronic charge:       -7.47584
Total charge:            -0.47584
Electronic dipole         0.14142     0.19300     0.03229
Electronic dipole norm     0.24143
Electronic quadrupole    -3.45290     0.39406     0.59463    -2.83863    -0.29476    -3.57496
Isotropic polarizablity (w=0)     0.67624
Electronic polarizability (w=0)     0.84999     0.38753     0.73468     0.23914     0.11955     0.44406

---------------
Atomic domain 9
---------------
Domain center:          -13.97600    12.69500    12.69900
Nuclear charge:           8.00000
Electronic charge:       -8.50094
Total charge:            -0.50094
Electronic dipole         0.00959    -0.48381     0.21542
Electronic dipole norm     0.52969
Electronic quadrupole    -4.08160    -0.06121    -0.10517    -3.29994    -0.29309    -3.88179
Isotropic polarizablity (w=0)     0.53042
Electronic polarizability (w=0)     0.30219    -0.09082     0.92192     0.04963    -0.30202     0.36713

----------------
Atomic domain 10
----------------
Domain center:           -9.24000    12.83100    13.92300
Nuclear charge:           1.00000
Electronic charge:       -0.72390
Total charge:             0.27610
Electronic dipole         0.02475    -0.21929     0.08784
Electronic dipole norm     0.23752
Electronic quadrupole    -0.52706    -0.04538     0.01276    -0.12913    -0.14622    -0.45290
Isotropic polarizablity (w=0)     0.21950
Electronic polarizability (w=0)     0.14158    -0.01543     0.40462     0.01110    -0.09208     0.11229

----------------
Atomic domain 11
----------------
Domain center:          -10.46100    11.02100    15.63500
Nuclear charge:           1.00000
Electronic charge:       -0.83819
Total charge:             0.16181
Electronic dipole         0.03527     0.03499    -0.30577
Electronic dipole norm     0.30978
Electronic quadrupole    -0.60166     0.01867    -0.06293    -0.58577    -0.04166    -0.05370
Isotropic polarizablity (w=0)     0.28251
Electronic polarizability (w=0)     0.14519     0.00900     0.09652    -0.07360    -0.01005     0.60581

----------------
Atomic domain 12
----------------
Domain center:          -11.60300    12.87600    14.47900
Nuclear charge:           1.00000
Electronic charge:       -0.85295
Total charge:             0.14705
Electronic dipole         0.00189    -0.30016    -0.13081
Electronic dipole norm     0.32743
Electronic quadrupole    -0.63593    -0.04057    -0.00895    -0.12632     0.24682    -0.50297
Isotropic polarizablity (w=0)     0.28885
Electronic polarizability (w=0)     0.13189    -0.04159     0.58494    -0.01087     0.20075     0.14973

----------------
Atomic domain 13
----------------
Domain center:          -11.41400    11.98000    12.98900
Nuclear charge:           1.00000
Electronic charge:       -0.86010
Total charge:             0.13990
Electronic dipole        -0.05214    -0.03974     0.34449
Electronic dipole norm     0.35067
Electronic quadrupole    -0.58927    -0.01048    -0.07310    -0.59537    -0.04769    -0.01101
Isotropic polarizablity (w=0)     0.25254
Electronic polarizability (w=0)     0.15816     0.00004     0.09912    -0.05240    -0.07851     0.50035

----------------
Atomic domain 14
----------------
Domain center:          -12.74700    10.17700    14.41000
Nuclear charge:           1.00000
Electronic charge:       -0.85303
Total charge:             0.14697
Electronic dipole        -0.02249     0.32939    -0.03100
Electronic dipole norm     0.33161
Electronic quadrupole    -0.57052    -0.10412     0.00793     0.00354    -0.06954    -0.60224
Isotropic polarizablity (w=0)     0.24988
Electronic polarizability (w=0)     0.17595    -0.01807     0.47343     0.00617    -0.06764     0.10025

----------------
Atomic domain 15
----------------
Domain center:          -13.22800    11.62400    15.23100
Nuclear charge:           1.00000
Electronic charge:       -0.83503
Total charge:             0.16497
Electronic dipole         0.11717    -0.11232    -0.28846
Electronic dipole norm     0.33099
Electronic quadrupole    -0.54615    -0.08995    -0.19251    -0.50820     0.21843    -0.10433
Isotropic polarizablity (w=0)     0.28417
Electronic polarizability (w=0)     0.19825    -0.06338     0.12268    -0.17546     0.15163     0.53157

----------------
Atomic domain 16
----------------
Domain center:          -14.67600     9.71900    13.34400
Nuclear charge:           1.00000
Electronic charge:       -0.71075
Total charge:             0.28925
Electronic dipole        -0.00707     0.21032    -0.10058
Electronic dipole norm     0.23324
Electronic quadrupole    -0.49983    -0.02132     0.00842    -0.13792    -0.18139    -0.40917
Isotropic polarizablity (w=0)     0.20049
Electronic polarizability (w=0)     0.10484     0.04140     0.37724    -0.02051    -0.10621     0.11939

----------------
Atomic domain 17
----------------
Domain center:          -15.36700    10.79000    12.18500
Nuclear charge:           1.00000
Electronic charge:       -0.71138
Total charge:             0.28862
Electronic dipole         0.16027    -0.04481     0.17525
Electronic dipole norm     0.24168
Electronic quadrupole    -0.31252    -0.06312     0.23260    -0.51171    -0.06447    -0.26132
Isotropic polarizablity (w=0)     0.24221
Electronic polarizability (w=0)     0.36445    -0.02827     0.05585     0.25484    -0.00687     0.30633

----------------
Atomic domain 18
----------------
Domain center:           -7.94800    11.49700    14.61600
Nuclear charge:           6.00000
Electronic charge:       -5.61213
Total charge:             0.38787
Electronic dipole        -0.04804    -0.09491     0.03804
Electronic dipole norm     0.11298
Electronic quadrupole    -2.11743    -0.04812     0.17065    -2.12753    -0.76251    -3.16770
Isotropic polarizablity (w=0)     1.11162
Electronic polarizability (w=0)     1.77168     0.14382     0.89822     0.16021    -0.17221     0.66496

----------------
Atomic domain 19
----------------
Domain center:           -6.73700    12.36200    14.26000
Nuclear charge:           6.00000
Electronic charge:       -6.49112
Total charge:            -0.49112
Electronic dipole        -0.08561    -0.11543     0.05474
Electronic dipole norm     0.15378
Electronic quadrupole    -3.30189     0.14253    -0.04107    -3.30628    -0.08973    -3.42716
Isotropic polarizablity (w=0)     0.96259
Electronic polarizability (w=0)     1.28840     0.38366     0.90718    -0.09452    -0.06020     0.69220

----------------
Atomic domain 20
----------------
Domain center:           -7.78700    10.42300    15.18200
Nuclear charge:           8.00000
Electronic charge:       -8.46469
Total charge:            -0.46469
Electronic dipole        -0.07012     0.46831    -0.24459
Electronic dipole norm     0.53297
Electronic quadrupole    -4.08399    -0.13358     0.04587    -3.30672    -0.27892    -3.67453
Isotropic polarizablity (w=0)     0.49717
Electronic polarizability (w=0)     0.34598    -0.14032     0.73597     0.11151    -0.28781     0.40958

----------------
Atomic domain 21
----------------
Domain center:           -5.85800    11.75300    14.31900
Nuclear charge:           1.00000
Electronic charge:       -0.82334
Total charge:             0.17666
Electronic dipole        -0.27829     0.19302    -0.01689
Electronic dipole norm     0.33910
Electronic quadrupole    -0.11901    -0.32205     0.02952    -0.36528    -0.01905    -0.58289
Isotropic polarizablity (w=0)     0.28451
Electronic polarizability (w=0)     0.59391    -0.22666     0.19029     0.02053    -0.01336     0.06935

----------------
Atomic domain 22
----------------
Domain center:           -6.79697    12.75659    13.26723
Nuclear charge:           1.00000
Electronic charge:       -0.84884
Total charge:             0.15116
Electronic dipole         0.02895    -0.12990     0.32161
Electronic dipole norm     0.34806
Electronic quadrupole    -0.62533    -0.00847     0.03612    -0.52075    -0.22945    -0.03349
Isotropic polarizablity (w=0)     0.27350
Electronic polarizability (w=0)     0.10824     0.04010     0.18655    -0.04818    -0.21204     0.52570

----------------
Atomic domain 23
----------------
Domain center:           -6.60793    13.17547    14.94301
Nuclear charge:           1.00000
Electronic charge:       -0.83329
Total charge:             0.16671
Electronic dipole        -0.02935    -0.25796    -0.21526
Electronic dipole norm     0.33725
Electronic quadrupole    -0.60054     0.05450     0.04959    -0.21205     0.32812    -0.31330
Isotropic polarizablity (w=0)     0.28572
Electronic polarizability (w=0)     0.12852     0.13203     0.44421     0.08549     0.27268     0.28442

----------------
Atomic domain 24
----------------
Domain center:           -9.93000     9.65200    12.70100
Nuclear charge:           7.00000
Electronic charge:       -7.31674
Total charge:            -0.31674
Electronic dipole        -0.02769    -0.22279     0.13767
Electronic dipole norm     0.26335
Electronic quadrupole    -3.98515     0.20450    -0.45365    -2.65559     0.14019    -2.67765
Isotropic polarizablity (w=0)     0.79195
Electronic polarizability (w=0)     0.33942    -0.06000     0.84520    -0.22331     0.46319     1.19125

----------------
Atomic domain 25
----------------
Domain center:           -9.89800     8.35600    12.05900
Nuclear charge:           6.00000
Electronic charge:       -6.33584
Total charge:            -0.33584
Electronic dipole        -0.01571     0.21856     0.13161
Electronic dipole norm     0.25561
Electronic quadrupole    -3.34446    -0.03319    -0.01868    -2.80425     0.26593    -3.14642
Isotropic polarizablity (w=0)     0.85884
Electronic polarizability (w=0)     0.64476    -0.07637     1.08742    -0.02648     0.37676     0.84432

----------------
Atomic domain 26
----------------
Domain center:           -9.61400    10.45300    12.23800
Nuclear charge:           1.00000
Electronic charge:       -0.72924
Total charge:             0.27076
Electronic dipole        -0.07414    -0.19104     0.12169
Electronic dipole norm     0.23833
Electronic quadrupole    -0.47026     0.11594    -0.06170    -0.24630    -0.16286    -0.37042
Isotropic polarizablity (w=0)     0.19990
Electronic polarizability (w=0)     0.14289     0.07149     0.25910    -0.06111    -0.12075     0.19770

----------------
Atomic domain 27
----------------
Domain center:          -10.86200     7.92500    12.06900
Nuclear charge:           1.00000
Electronic charge:       -0.83718
Total charge:             0.16282
Electronic dipole         0.30830     0.13922    -0.00454
Electronic dipole norm     0.33831
Electronic quadrupole    -0.07207     0.22122    -0.00979    -0.46696    -0.00296    -0.58325
Isotropic polarizablity (w=0)     0.24837
Electronic polarizability (w=0)     0.45511     0.21174     0.21588     0.05198     0.04405     0.07413

----------------
Atomic domain 28
----------------
Domain center:           -9.23136     7.65413    12.51493
Nuclear charge:           1.00000
Electronic charge:       -0.83536
Total charge:             0.16464
Electronic dipole        -0.20284     0.20566    -0.13735
Electronic dipole norm     0.31985
Electronic quadrupole    -0.35417    -0.23474     0.16787    -0.32138    -0.16549    -0.47495
Isotropic polarizablity (w=0)     0.25739
Electronic polarizability (w=0)     0.28437    -0.24682     0.37648     0.09645    -0.09616     0.11132

----------------
Atomic domain 29
----------------
Domain center:           -9.62845     8.46646    11.02942
Nuclear charge:           1.00000
Electronic charge:       -0.84695
Total charge:             0.15305
Electronic dipole        -0.09166    -0.04762     0.32521
Electronic dipole norm     0.34122
Electronic quadrupole    -0.56590     0.01517    -0.16544    -0.61667    -0.07276     0.01171
Isotropic polarizablity (w=0)     0.27630
Electronic polarizability (w=0)     0.11083    -0.00436     0.08352    -0.14546     0.01815     0.63454

---------
Molecular
---------
Domain center:          -10.68944    10.83244    13.77547
Nuclear charge:         108.00000
Electronic charge:     -108.00000
Total charge:             0.00000
Electronic dipole         0.02878    -0.05063     0.11868
Gauge   dipole           -0.30600     0.53975    -1.30954
Total   dipole           -0.27722     0.48912    -1.19086
Electronic quadrupole -2339.65255    83.93808  -403.94921  -782.32547  -113.11139  -429.50725
Nuclear    quadrupole  2283.32693   -68.96735   398.01261   717.25929   122.86262   368.17285
Total      quadrupole   -56.32562    14.97073    -5.93661   -65.06617     9.75123   -61.33439
Polarizability av (0)       16.07481
Polarizability (0)          17.97840     0.90354    16.36512     0.85560    -0.02703    13.88090
Time used in Loprop              :      7.65 (cpu)       5.38 (wall)
