AA
12 2 2 1
1    -7.8970000000     7.8970000000    13.3210000000    -0.3230653834    -0.0234628257    -0.2360906244     0.0128366886    -2.9273163427     0.0128379510     0.7487014442    -2.6955809793     0.0248515801    -3.7588808040     1.2611263531    -0.0281145742     0.5783679029     0.6020010336    -0.0185730408     0.6123876520
1    -6.8710000000     7.0700000000    13.9390000000    -0.3354083084    -0.1879879063     0.1252082894    -0.1197572707    -2.9984491638    -0.2389812204     0.1718149502    -3.1466485505    -0.1997540813    -3.2101750646     1.0794299921    -0.2390701817     0.2469171556     0.7365144713    -0.1444231275     0.8476437090
1    -7.7880000000     8.8740000000    13.4180000000     0.2715850221    -0.0226438310    -0.2316327067    -0.0205465983    -0.5273386183     0.0654451037    -0.0080027023    -0.0751041652     0.0499107908    -0.5133089785     0.1066592975     0.0608530547     0.0138117606     0.4518412197     0.0518078774     0.0961357383
1    -6.8230000000     6.1110000000    13.4410000000     0.1706065112    -0.0147109215     0.2905823304     0.1533799684    -0.5483411804    -0.0301095434     0.0048271089    -0.0644335596     0.2547818630    -0.4477217700     0.0966325187    -0.1058395360    -0.0362730715     0.4865806991     0.1679467010     0.1517332600
1    -7.0668810000     6.8613910000    14.9700250000     0.1515941803     0.0532239793     0.0545104573    -0.3153162185    -0.5664208672     0.0105276946    -0.1130641561    -0.5796116065    -0.1104226926    -0.0431998446     0.0960357927    -0.0050350391    -0.0268571821     0.1018759223    -0.1196076555     0.6409114188
1    -5.9153780000     7.5331840000    13.8080550000     0.1521068125    -0.2953400399    -0.1532736495     0.0320499922    -0.0924203466     0.2610072728    -0.0611543653    -0.4894453821    -0.0370311880    -0.5889296608     0.5982938788     0.1971360080    -0.0227251829     0.1584928132    -0.0188885032     0.0892430299
1    -8.9520000000     7.3600000000    12.7060000000     0.3933486461     0.0291540408    -0.0946261415     0.0041571863    -2.5274907031     0.1669887023     0.6318469438    -1.7015724892     0.0317729668    -3.1920447623     1.3016582944     0.0117628871     0.4476764202     1.0776712514    -0.0309555689     0.8555711196
1    -9.8980000000     8.3560000000    12.0590000000    -0.4948960934     0.0758225922    -0.1380818529     0.0435821568    -3.3758080132    -0.1091803581     0.0841990184    -3.1913998861    -0.0331491506    -3.4368019816     1.0097061282    -0.2911954228     0.2153113788     0.9379048786    -0.1892417370     0.8501644554
1    -9.1510000000     6.1650000000    12.6210000000    -0.4769773022     0.0930376963     0.5339968330     0.0414558632    -3.9828479102     0.1642118040    -0.0936493270    -3.1783295692     0.0893303558    -3.8942403645     0.3014688050     0.1766748248     0.0302000543     0.9716854841     0.0791934146     0.2544045194
1    -9.9216680000     9.3145710000    12.5338480000     0.1442295637     0.0010778136    -0.3085446366    -0.1552893411    -0.6349344912    -0.0170289899    -0.0115139345    -0.0894358517     0.2606971931    -0.4927906038     0.1080388792    -0.0834764265    -0.0141871891     0.5703077789     0.1807821740     0.1659653973
1    -9.6284470000     8.4664610000    11.0294180000     0.1704430370    -0.0925330709    -0.0419086089     0.3250987385    -0.5485972071     0.0229487789    -0.1749518290    -0.5859643715    -0.0604314611     0.0415242391     0.0955697606     0.0043630693    -0.0771459344     0.0975445535    -0.1014640018     0.6423988308
1   -10.8620000000     7.9250000000    12.0690000000     0.1764333145     0.3192882606     0.1343005872    -0.0075753569    -0.0110590946     0.2518310994    -0.0073431412    -0.4749096236    -0.0007324324    -0.5807069988     0.6245549863     0.1610310133     0.0388812658     0.1310563729     0.0003455583     0.0792914125


---------------
Atomic domain 1
---------------
Domain center:           -7.89700     7.89700    13.32100
Nuclear charge:           7.00000
Electronic charge:       -7.32307
Total charge:            -0.32307
Electronic dipole        -0.02346    -0.23609     0.01284
Electronic dipole norm     0.23760
Electronic quadrupole    -2.92732     0.01284     0.74870    -2.69558     0.02485    -3.75888
Isotropic polarizablity (w=0)     0.82517
Electronic polarizability (w=0)     1.26113    -0.02811     0.60200     0.57837    -0.01857     0.61239

---------------
Atomic domain 2
---------------
Domain center:           -6.87100     7.07000    13.93900
Nuclear charge:           6.00000
Electronic charge:       -6.33541
Total charge:            -0.33541
Electronic dipole        -0.18799     0.12521    -0.11976
Electronic dipole norm     0.25565
Electronic quadrupole    -2.99845    -0.23898     0.17181    -3.14665    -0.19975    -3.21018
Isotropic polarizablity (w=0)     0.88786
Electronic polarizability (w=0)     1.07943    -0.23907     0.73651     0.24692    -0.14442     0.84764

---------------
Atomic domain 3
---------------
Domain center:           -7.78800     8.87400    13.41800
Nuclear charge:           1.00000
Electronic charge:       -0.72841
Total charge:             0.27159
Electronic dipole        -0.02264    -0.23163    -0.02055
Electronic dipole norm     0.23364
Electronic quadrupole    -0.52734     0.06545    -0.00800    -0.07510     0.04991    -0.51331
Isotropic polarizablity (w=0)     0.21821
Electronic polarizability (w=0)     0.10666     0.06085     0.45184     0.01381     0.05181     0.09614

---------------
Atomic domain 4
---------------
Domain center:           -6.82300     6.11100    13.44100
Nuclear charge:           1.00000
Electronic charge:       -0.82939
Total charge:             0.17061
Electronic dipole        -0.01471     0.29058     0.15338
Electronic dipole norm     0.32891
Electronic quadrupole    -0.54834    -0.03011     0.00483    -0.06443     0.25478    -0.44772
Isotropic polarizablity (w=0)     0.24498
Electronic polarizability (w=0)     0.09663    -0.10584     0.48658    -0.03627     0.16795     0.15173

---------------
Atomic domain 5
---------------
Domain center:           -7.06688     6.86139    14.97002
Nuclear charge:           1.00000
Electronic charge:       -0.84841
Total charge:             0.15159
Electronic dipole         0.05322     0.05451    -0.31532
Electronic dipole norm     0.32439
Electronic quadrupole    -0.56642     0.01053    -0.11306    -0.57961    -0.11042    -0.04320
Isotropic polarizablity (w=0)     0.27961
Electronic polarizability (w=0)     0.09604    -0.00504     0.10188    -0.02686    -0.11961     0.64091

---------------
Atomic domain 6
---------------
Domain center:           -5.91538     7.53318    13.80805
Nuclear charge:           1.00000
Electronic charge:       -0.84789
Total charge:             0.15211
Electronic dipole        -0.29534    -0.15327     0.03205
Electronic dipole norm     0.33428
Electronic quadrupole    -0.09242     0.26101    -0.06115    -0.48945    -0.03703    -0.58893
Isotropic polarizablity (w=0)     0.28201
Electronic polarizability (w=0)     0.59829     0.19714     0.15849    -0.02273    -0.01889     0.08924

---------------
Atomic domain 7
---------------
Domain center:           -8.95200     7.36000    12.70600
Nuclear charge:           6.00000
Electronic charge:       -5.60665
Total charge:             0.39335
Electronic dipole         0.02915    -0.09463     0.00416
Electronic dipole norm     0.09910
Electronic quadrupole    -2.52749     0.16699     0.63185    -1.70157     0.03177    -3.19204
Isotropic polarizablity (w=0)     1.07830
Electronic polarizability (w=0)     1.30166     0.01176     1.07767     0.44768    -0.03096     0.85557

---------------
Atomic domain 8
---------------
Domain center:           -9.89800     8.35600    12.05900
Nuclear charge:           6.00000
Electronic charge:       -6.49490
Total charge:            -0.49490
Electronic dipole         0.07582    -0.13808     0.04358
Electronic dipole norm     0.16345
Electronic quadrupole    -3.37581    -0.10918     0.08420    -3.19140    -0.03315    -3.43680
Isotropic polarizablity (w=0)     0.93259
Electronic polarizability (w=0)     1.00971    -0.29120     0.93790     0.21531    -0.18924     0.85016

---------------
Atomic domain 9
---------------
Domain center:           -9.15100     6.16500    12.62100
Nuclear charge:           8.00000
Electronic charge:       -8.47698
Total charge:            -0.47698
Electronic dipole         0.09304     0.53400     0.04146
Electronic dipole norm     0.54362
Electronic quadrupole    -3.98285     0.16421    -0.09365    -3.17833     0.08933    -3.89424
Isotropic polarizablity (w=0)     0.50919
Electronic polarizability (w=0)     0.30147     0.17667     0.97169     0.03020     0.07919     0.25440

----------------
Atomic domain 10
----------------
Domain center:           -9.92167     9.31457    12.53385
Nuclear charge:           1.00000
Electronic charge:       -0.85577
Total charge:             0.14423
Electronic dipole         0.00108    -0.30854    -0.15529
Electronic dipole norm     0.34542
Electronic quadrupole    -0.63493    -0.01703    -0.01151    -0.08944     0.26070    -0.49279
Isotropic polarizablity (w=0)     0.28144
Electronic polarizability (w=0)     0.10804    -0.08348     0.57031    -0.01419     0.18078     0.16597

----------------
Atomic domain 11
----------------
Domain center:           -9.62845     8.46646    11.02942
Nuclear charge:           1.00000
Electronic charge:       -0.82956
Total charge:             0.17044
Electronic dipole        -0.09253    -0.04191     0.32510
Electronic dipole norm     0.34060
Electronic quadrupole    -0.54860     0.02295    -0.17495    -0.58596    -0.06043     0.04152
Isotropic polarizablity (w=0)     0.27850
Electronic polarizability (w=0)     0.09557     0.00436     0.09754    -0.07715    -0.10146     0.64240

----------------
Atomic domain 12
----------------
Domain center:          -10.86200     7.92500    12.06900
Nuclear charge:           1.00000
Electronic charge:       -0.82357
Total charge:             0.17643
Electronic dipole         0.31929     0.13430    -0.00758
Electronic dipole norm     0.34647
Electronic quadrupole    -0.01106     0.25183    -0.00734    -0.47491    -0.00073    -0.58071
Isotropic polarizablity (w=0)     0.27830
Electronic polarizability (w=0)     0.62455     0.16103     0.13106     0.03888     0.00035     0.07929

---------
Molecular
---------
Domain center:           -8.52046     7.41002    12.94271
Nuclear charge:          40.00000
Electronic charge:      -40.00000
Total charge:             0.00000
Electronic dipole        -0.06507    -0.06556    -0.00592
Gauge   dipole            0.67868     1.36038     0.29314
Total   dipole            0.61361     1.29482     0.28722
Electronic quadrupole  -219.98593    31.91491  -113.88683  -128.12466    23.24846  -103.10429
Nuclear    quadrupole   198.97963   -33.22219   114.93298   104.61094   -23.89250    81.17516
Total      quadrupole   -21.00630    -1.30728     1.04615   -23.51371    -0.64404   -21.92913
Polarizability av (0)        6.09617
Polarizability (0)           6.67917    -0.14091     6.32348     1.39398    -0.14308     5.28585
Time used in Loprop              :      0.74 (cpu)       0.62 (wall)
