AA
12 2 2 1
1    -5.0530000000     5.0580000000    10.2010000000    -0.3111307638    -0.0277546166     0.2175945203     0.0905563930    -2.4957875798    -0.0913152547     0.2707886708    -2.8238889366     0.4243632649    -3.9601221251     1.6041019542     0.0115999502     0.2469298952     0.5466040425     0.0989202548     0.3526159520
1    -3.9260000000     5.8180000000    10.6760000000    -0.3342875303    -0.2143772336    -0.1285242245    -0.0810361648    -2.9057885755     0.2282765571     0.1476527550    -3.2067106805     0.1181132430    -3.2305404449     1.2241580686     0.2422957078     0.1940966931     0.7053558387     0.0596079031     0.7472842630
1    -4.8880000000     4.1310000000     9.9420000000     0.2739531784    -0.0435846095     0.2251200303     0.0624994028    -0.5072113619    -0.0868021901    -0.0276435168    -0.1083451401     0.1068311529    -0.4745207462     0.1204453960    -0.0835823841    -0.0152969596     0.4051710860     0.0838770844     0.1059265052
1    -4.2780000000     6.7870000000    11.0110000000     0.1760317180     0.0950744404    -0.2886670543    -0.0940068344    -0.4496537282    -0.1697216728    -0.0418085106    -0.0685821506     0.1812392499    -0.5276531798     0.0791405984    -0.0368859159    -0.0150415728     0.4835849363     0.1591070100     0.1359496945
1    -3.1860610000     5.9055050000     9.9080590000     0.1510368850    -0.2276858889    -0.0307205028     0.2353782778    -0.2963630387     0.0341083227    -0.3005326270    -0.6067594282    -0.0325237182    -0.2703493763     0.4415336368     0.0600738950    -0.2807331330     0.0852182919    -0.0405050933     0.3273187618
1    -3.4649120000     5.3372910000    11.5133870000     0.1504559357    -0.1447705021     0.1553359557    -0.2596164465    -0.4736946116    -0.1187776806     0.2079897978    -0.4710588933    -0.2342906455    -0.2226821738     0.2586064836    -0.1111247722     0.2430670877     0.1711237892    -0.1818297090     0.4326135551
1    -6.2890000000     5.5500000000    10.1570000000     0.3841210875     0.0249166389     0.0741298942     0.0158957614    -2.1673044633    -0.2666889213     0.1887794391    -1.8927871763     0.6034908530    -3.3354994413     1.5821382603    -0.0576101424     0.1770890019     1.0421002580     0.1704027169     0.6957165663
1    -7.3370000000     4.6370000000     9.5830000000    -0.4688881438     0.0928602987     0.1386151367     0.0624751526    -3.2482504775     0.0869796584     0.0335418995    -3.2572652613     0.1081994239    -3.4033074335     1.1191090159     0.2846041356     0.1967808479     0.9014462717     0.1450201880     0.7868288838
1    -6.5910000000     6.7060000000    10.5280000000    -0.4988984144     0.1369645722    -0.4898495556    -0.1552604727    -4.0686830694    -0.2299861899    -0.1183014101    -3.2950268133     0.1851031195    -3.8684934847     0.3453091178    -0.2475409988    -0.0728067064     0.9204315861     0.2079252099     0.3056679077
1    -8.0947880000     4.4009680000    10.3005970000     0.1730803333     0.2273092899     0.0767477308    -0.2196300908    -0.2627931345     0.0948324203    -0.3139064560    -0.5625322011    -0.1004958123    -0.2890067140     0.4410586132     0.1297377513    -0.2573767346     0.1193530050    -0.0867465116     0.2786990175
1    -7.7805480000     5.1250420000     8.7403970000     0.1760496649     0.1414414888    -0.1502260716     0.2637024239    -0.4644633656    -0.1329695538     0.2181156823    -0.4452758449    -0.2482315385    -0.1630034421     0.2417730367    -0.0992466804     0.2422620781     0.1569897352    -0.1684754169     0.4389656635
1    -6.8210000000     3.7440000000     9.2210000000     0.1284760496    -0.1535713432     0.2969429297     0.1145989009    -0.4960932836    -0.2610821449    -0.1084611537    -0.1610055493     0.1958763188    -0.5642060570     0.1721552100    -0.1392280324    -0.0541967722     0.5259295317     0.1992537703     0.1689942874


---------------
Atomic domain 1
---------------
Domain center:           -5.05300     5.05800    10.20100
Nuclear charge:           7.00000
Electronic charge:       -7.31113
Total charge:            -0.31113
Electronic dipole        -0.02775     0.21759     0.09056
Electronic dipole norm     0.23731
Electronic quadrupole    -2.49579    -0.09132     0.27079    -2.82389     0.42436    -3.96012
Isotropic polarizablity (w=0)     0.83444
Electronic polarizability (w=0)     1.60410     0.01160     0.54660     0.24693     0.09892     0.35262

---------------
Atomic domain 2
---------------
Domain center:           -3.92600     5.81800    10.67600
Nuclear charge:           6.00000
Electronic charge:       -6.33429
Total charge:            -0.33429
Electronic dipole        -0.21438    -0.12852    -0.08104
Electronic dipole norm     0.26276
Electronic quadrupole    -2.90579     0.22828     0.14765    -3.20671     0.11811    -3.23054
Isotropic polarizablity (w=0)     0.89227
Electronic polarizability (w=0)     1.22416     0.24230     0.70536     0.19410     0.05961     0.74728

---------------
Atomic domain 3
---------------
Domain center:           -4.88800     4.13100     9.94200
Nuclear charge:           1.00000
Electronic charge:       -0.72605
Total charge:             0.27395
Electronic dipole        -0.04358     0.22512     0.06250
Electronic dipole norm     0.23767
Electronic quadrupole    -0.50721    -0.08680    -0.02764    -0.10835     0.10683    -0.47452
Isotropic polarizablity (w=0)     0.21051
Electronic polarizability (w=0)     0.12045    -0.08358     0.40517    -0.01530     0.08388     0.10593

---------------
Atomic domain 4
---------------
Domain center:           -4.27800     6.78700    11.01100
Nuclear charge:           1.00000
Electronic charge:       -0.82397
Total charge:             0.17603
Electronic dipole         0.09507    -0.28867    -0.09401
Electronic dipole norm     0.31813
Electronic quadrupole    -0.44965    -0.16972    -0.04181    -0.06858     0.18124    -0.52765
Isotropic polarizablity (w=0)     0.23289
Electronic polarizability (w=0)     0.07914    -0.03689     0.48358    -0.01504     0.15911     0.13595

---------------
Atomic domain 5
---------------
Domain center:           -3.18606     5.90550     9.90806
Nuclear charge:           1.00000
Electronic charge:       -0.84896
Total charge:             0.15104
Electronic dipole        -0.22769    -0.03072     0.23538
Electronic dipole norm     0.32892
Electronic quadrupole    -0.29636     0.03411    -0.30053    -0.60676    -0.03252    -0.27035
Isotropic polarizablity (w=0)     0.28469
Electronic polarizability (w=0)     0.44153     0.06007     0.08522    -0.28073    -0.04051     0.32732

---------------
Atomic domain 6
---------------
Domain center:           -3.46491     5.33729    11.51339
Nuclear charge:           1.00000
Electronic charge:       -0.84954
Total charge:             0.15046
Electronic dipole        -0.14477     0.15534    -0.25962
Electronic dipole norm     0.33539
Electronic quadrupole    -0.47369    -0.11878     0.20799    -0.47106    -0.23429    -0.22268
Isotropic polarizablity (w=0)     0.28745
Electronic polarizability (w=0)     0.25861    -0.11112     0.17112     0.24307    -0.18183     0.43261

---------------
Atomic domain 7
---------------
Domain center:           -6.28900     5.55000    10.15700
Nuclear charge:           6.00000
Electronic charge:       -5.61588
Total charge:             0.38412
Electronic dipole         0.02492     0.07413     0.01590
Electronic dipole norm     0.07980
Electronic quadrupole    -2.16730    -0.26669     0.18878    -1.89279     0.60349    -3.33550
Isotropic polarizablity (w=0)     1.10665
Electronic polarizability (w=0)     1.58214    -0.05761     1.04210     0.17709     0.17040     0.69572

---------------
Atomic domain 8
---------------
Domain center:           -7.33700     4.63700     9.58300
Nuclear charge:           6.00000
Electronic charge:       -6.46889
Total charge:            -0.46889
Electronic dipole         0.09286     0.13862     0.06248
Electronic dipole norm     0.17816
Electronic quadrupole    -3.24825     0.08698     0.03354    -3.25727     0.10820    -3.40331
Isotropic polarizablity (w=0)     0.93579
Electronic polarizability (w=0)     1.11911     0.28460     0.90145     0.19678     0.14502     0.78683

---------------
Atomic domain 9
---------------
Domain center:           -6.59100     6.70600    10.52800
Nuclear charge:           8.00000
Electronic charge:       -8.49890
Total charge:            -0.49890
Electronic dipole         0.13696    -0.48985    -0.15526
Electronic dipole norm     0.53181
Electronic quadrupole    -4.06868    -0.22999    -0.11830    -3.29503     0.18510    -3.86849
Isotropic polarizablity (w=0)     0.52380
Electronic polarizability (w=0)     0.34531    -0.24754     0.92043    -0.07281     0.20793     0.30567

----------------
Atomic domain 10
----------------
Domain center:           -8.09479     4.40097    10.30060
Nuclear charge:           1.00000
Electronic charge:       -0.82692
Total charge:             0.17308
Electronic dipole         0.22731     0.07675    -0.21963
Electronic dipole norm     0.32526
Electronic quadrupole    -0.26279     0.09483    -0.31391    -0.56253    -0.10050    -0.28901
Isotropic polarizablity (w=0)     0.27970
Electronic polarizability (w=0)     0.44106     0.12974     0.11935    -0.25738    -0.08675     0.27870

----------------
Atomic domain 11
----------------
Domain center:           -7.78055     5.12504     8.74040
Nuclear charge:           1.00000
Electronic charge:       -0.82395
Total charge:             0.17605
Electronic dipole         0.14144    -0.15023     0.26370
Electronic dipole norm     0.33483
Electronic quadrupole    -0.46446    -0.13297     0.21812    -0.44528    -0.24823    -0.16300
Isotropic polarizablity (w=0)     0.27924
Electronic polarizability (w=0)     0.24177    -0.09925     0.15699     0.24226    -0.16848     0.43897

----------------
Atomic domain 12
----------------
Domain center:           -6.82100     3.74400     9.22100
Nuclear charge:           1.00000
Electronic charge:       -0.87152
Total charge:             0.12848
Electronic dipole        -0.15357     0.29694     0.11460
Electronic dipole norm     0.35340
Electronic quadrupole    -0.49609    -0.26108    -0.10846    -0.16101     0.19588    -0.56421
Isotropic polarizablity (w=0)     0.28903
Electronic polarizability (w=0)     0.17216    -0.13923     0.52593    -0.05420     0.19925     0.16899

---------
Molecular
---------
Domain center:           -5.79811     5.51287    10.21909
Nuclear charge:          40.00000
Electronic charge:      -40.00000
Total charge:             0.00000
Electronic dipole        -0.09318     0.09650     0.03556
Gauge   dipole            0.86071    -1.39870    -0.35908
Total   dipole            0.76753    -1.30220    -0.32353
Electronic quadrupole  -274.93226   -26.71251   -56.33690  -117.46366   -37.56796   -58.68253
Nuclear    quadrupole   254.46040    28.18132    57.34705    93.70548    37.36222    36.19022
Total      quadrupole   -20.47186     1.46881     1.01015   -23.75818    -0.20573   -22.49231
Polarizability av (0)        6.15647
Polarizability (0)           7.62953    -0.04691     6.06331     0.60477     0.64656     4.77658
Time used in Loprop              :      0.76 (cpu)       0.62 (wall)
