AA
12 2 2 1
1    -2.0790000000     7.0010000000     9.6700000000    -0.3224014614     0.0320223577    -0.1538411130    -0.1983727699    -3.1060484499     0.5333373831    -0.5939722355    -2.9342517956     0.4387401644    -3.2709824848     1.0436475820     0.5197640936    -0.3195534349     0.8175883388    -0.0461871143     0.5363026917
1    -0.9870000000     7.1760000000     8.7410000000    -0.3267927156    -0.2062284459    -0.0455099234     0.1644647373    -3.0051732452     0.0728667454    -0.3285503798    -3.2416180077    -0.0768438097    -3.0214718028     1.0626116330     0.1327319878    -0.2845240670     0.6975814253    -0.1507437590     0.8602669455
1    -2.2250000000     7.7270000000    10.3040000000     0.2762613680     0.0383722509    -0.1700921971    -0.1577478101    -0.5205159431    -0.0541649092    -0.0217249542    -0.2633302611     0.2210279481    -0.3312203518     0.0961593043    -0.0215805456    -0.0222909840     0.3061067085     0.1743114761     0.2337149689
1    -0.5460000000     8.1310000000     8.9500000000     0.1493852678    -0.1407441927    -0.2999097691    -0.0742441971    -0.5051908827     0.2478456961     0.0644999228    -0.0814077989     0.1172787651    -0.5945822591     0.2257597191     0.2516696530     0.0282560412     0.5294486072     0.0620068696     0.0906023478
1    -0.2910000000     6.3680000000     8.9270000000     0.1558905416    -0.2179632574     0.2353911626    -0.0455027943    -0.3504822663    -0.3042325469     0.0613511422    -0.2501520675    -0.0831714272    -0.5636434629     0.4015513373    -0.2709564647     0.0360568534     0.3054061521    -0.0488270451     0.0951479509
1    -1.2624320000     7.1774270000     7.7070590000     0.1617770053     0.0884925919     0.0020511167     0.3091106610    -0.5354228044    -0.0004537268     0.1453519219    -0.5871790931     0.0057527016    -0.0308981733     0.1006735194    -0.0097881568     0.0660854101     0.0726986988    -0.0505759603     0.6075873329
1    -2.8690000000     5.9430000000     9.5790000000     0.3893577839     0.0486694365    -0.0202756442    -0.0889612402    -2.7803636216     0.4897032156    -0.4828199794    -2.3067464667     0.6794224499    -2.3463376286     1.1419749529     0.3799709975    -0.2843202272     1.0808735640     0.0791054591     1.0098602401
1    -3.9260000000     5.8180000000    10.6760000000    -0.4824797385     0.0998635497    -0.0189025276    -0.1208459388    -3.2852669338     0.0078362152    -0.1283681359    -3.4260454428     0.0689846395    -3.2973256824     1.0795605999     0.0589515656    -0.3539133708     0.7193095818    -0.0705301902     1.0366183485
1    -2.7870000000     5.1290000000     8.6660000000    -0.4803806971    -0.0371404210     0.3607203898     0.3999988829    -3.9955743396    -0.1211223121     0.0544224347    -3.5986882379     0.3990856445    -3.5093658602     0.2613408912     0.0113844625    -0.0107413964     0.6442101157     0.3967684718     0.6545375740
1    -4.7634730000     5.2532440000    10.3230280000     0.1708794454     0.2605999605     0.1779973700     0.1074082305    -0.1817126665     0.2783932445     0.1751466271    -0.4042377174     0.1143349622    -0.5252645355     0.4975970908     0.2638831472     0.0958879174     0.2366968182     0.0635450809     0.1160840460
1    -3.4649120000     5.3372910000    11.5133870000     0.1669216577    -0.1430631599     0.1547035597    -0.2671850222    -0.4695566042    -0.1364891669     0.2364438216    -0.4507762495    -0.2389664699    -0.1830434631     0.1433742977    -0.0838458871     0.1383223851     0.2010345854    -0.2276469329     0.4860680343
1    -4.2780000000     6.7870000000    11.0110000000     0.1415815430     0.1084551668    -0.3145278142    -0.1049849270    -0.5645536907    -0.2079160764    -0.0687238611    -0.0817181906     0.1891379894    -0.5598607046     0.2048085852    -0.2006803574    -0.1110503750     0.4854529453     0.1751952117     0.1785765070


---------------
Atomic domain 1
---------------
Domain center:           -2.07900     7.00100     9.67000
Nuclear charge:           7.00000
Electronic charge:       -7.32240
Total charge:            -0.32240
Electronic dipole         0.03202    -0.15384    -0.19837
Electronic dipole norm     0.25307
Electronic quadrupole    -3.10605     0.53334    -0.59397    -2.93425     0.43874    -3.27098
Isotropic polarizablity (w=0)     0.79918
Electronic polarizability (w=0)     1.04365     0.51976     0.81759    -0.31955    -0.04619     0.53630

---------------
Atomic domain 2
---------------
Domain center:           -0.98700     7.17600     8.74100
Nuclear charge:           6.00000
Electronic charge:       -6.32679
Total charge:            -0.32679
Electronic dipole        -0.20623    -0.04551     0.16446
Electronic dipole norm     0.26768
Electronic quadrupole    -3.00517     0.07287    -0.32855    -3.24162    -0.07684    -3.02147
Isotropic polarizablity (w=0)     0.87349
Electronic polarizability (w=0)     1.06261     0.13273     0.69758    -0.28452    -0.15074     0.86027

---------------
Atomic domain 3
---------------
Domain center:           -2.22500     7.72700    10.30400
Nuclear charge:           1.00000
Electronic charge:       -0.72374
Total charge:             0.27626
Electronic dipole         0.03837    -0.17009    -0.15775
Electronic dipole norm     0.23513
Electronic quadrupole    -0.52052    -0.05416    -0.02172    -0.26333     0.22103    -0.33122
Isotropic polarizablity (w=0)     0.21199
Electronic polarizability (w=0)     0.09616    -0.02158     0.30611    -0.02229     0.17431     0.23371

---------------
Atomic domain 4
---------------
Domain center:           -0.54600     8.13100     8.95000
Nuclear charge:           1.00000
Electronic charge:       -0.85061
Total charge:             0.14939
Electronic dipole        -0.14074    -0.29991    -0.07424
Electronic dipole norm     0.33951
Electronic quadrupole    -0.50519     0.24785     0.06450    -0.08141     0.11728    -0.59458
Isotropic polarizablity (w=0)     0.28194
Electronic polarizability (w=0)     0.22576     0.25167     0.52945     0.02826     0.06201     0.09060

---------------
Atomic domain 5
---------------
Domain center:           -0.29100     6.36800     8.92700
Nuclear charge:           1.00000
Electronic charge:       -0.84411
Total charge:             0.15589
Electronic dipole        -0.21796     0.23539    -0.04550
Electronic dipole norm     0.32402
Electronic quadrupole    -0.35048    -0.30423     0.06135    -0.25015    -0.08317    -0.56364
Isotropic polarizablity (w=0)     0.26737
Electronic polarizability (w=0)     0.40155    -0.27096     0.30541     0.03606    -0.04883     0.09515

---------------
Atomic domain 6
---------------
Domain center:           -1.26243     7.17743     7.70706
Nuclear charge:           1.00000
Electronic charge:       -0.83822
Total charge:             0.16178
Electronic dipole         0.08849     0.00205     0.30911
Electronic dipole norm     0.32153
Electronic quadrupole    -0.53542    -0.00045     0.14535    -0.58718     0.00575    -0.03090
Isotropic polarizablity (w=0)     0.26032
Electronic polarizability (w=0)     0.10067    -0.00979     0.07270     0.06609    -0.05058     0.60759

---------------
Atomic domain 7
---------------
Domain center:           -2.86900     5.94300     9.57900
Nuclear charge:           6.00000
Electronic charge:       -5.61064
Total charge:             0.38936
Electronic dipole         0.04867    -0.02028    -0.08896
Electronic dipole norm     0.10341
Electronic quadrupole    -2.78036     0.48970    -0.48282    -2.30675     0.67942    -2.34634
Isotropic polarizablity (w=0)     1.07757
Electronic polarizability (w=0)     1.14197     0.37997     1.08087    -0.28432     0.07911     1.00986

---------------
Atomic domain 8
---------------
Domain center:           -3.92600     5.81800    10.67600
Nuclear charge:           6.00000
Electronic charge:       -6.48248
Total charge:            -0.48248
Electronic dipole         0.09986    -0.01890    -0.12085
Electronic dipole norm     0.15790
Electronic quadrupole    -3.28527     0.00784    -0.12837    -3.42605     0.06898    -3.29733
Isotropic polarizablity (w=0)     0.94516
Electronic polarizability (w=0)     1.07956     0.05895     0.71931    -0.35391    -0.07053     1.03662

---------------
Atomic domain 9
---------------
Domain center:           -2.78700     5.12900     8.66600
Nuclear charge:           8.00000
Electronic charge:       -8.48038
Total charge:            -0.48038
Electronic dipole        -0.03714     0.36072     0.40000
Electronic dipole norm     0.53991
Electronic quadrupole    -3.99557    -0.12112     0.05442    -3.59869     0.39909    -3.50937
Isotropic polarizablity (w=0)     0.52003
Electronic polarizability (w=0)     0.26134     0.01138     0.64421    -0.01074     0.39677     0.65454

----------------
Atomic domain 10
----------------
Domain center:           -4.76347     5.25324    10.32303
Nuclear charge:           1.00000
Electronic charge:       -0.82912
Total charge:             0.17088
Electronic dipole         0.26060     0.17800     0.10741
Electronic dipole norm     0.33336
Electronic quadrupole    -0.18171     0.27839     0.17515    -0.40424     0.11433    -0.52526
Isotropic polarizablity (w=0)     0.28346
Electronic polarizability (w=0)     0.49760     0.26388     0.23670     0.09589     0.06355     0.11608

----------------
Atomic domain 11
----------------
Domain center:           -3.46491     5.33729    11.51339
Nuclear charge:           1.00000
Electronic charge:       -0.83308
Total charge:             0.16692
Electronic dipole        -0.14306     0.15470    -0.26719
Electronic dipole norm     0.34028
Electronic quadrupole    -0.46956    -0.13649     0.23644    -0.45078    -0.23897    -0.18304
Isotropic polarizablity (w=0)     0.27683
Electronic polarizability (w=0)     0.14337    -0.08385     0.20103     0.13832    -0.22765     0.48607

----------------
Atomic domain 12
----------------
Domain center:           -4.27800     6.78700    11.01100
Nuclear charge:           1.00000
Electronic charge:       -0.85842
Total charge:             0.14158
Electronic dipole         0.10846    -0.31453    -0.10498
Electronic dipole norm     0.34887
Electronic quadrupole    -0.56455    -0.20792    -0.06872    -0.08172     0.18914    -0.55986
Isotropic polarizablity (w=0)     0.28961
Electronic polarizability (w=0)     0.20481    -0.20068     0.48545    -0.11105     0.17520     0.17858

---------
Molecular
---------
Domain center:           -2.50930     6.26105     9.49324
Nuclear charge:          40.00000
Electronic charge:      -40.00000
Total charge:            -0.00000
Electronic dipole        -0.06866    -0.09220    -0.07686
Gauge   dipole            0.31163     1.31050     0.96082
Total   dipole            0.24297     1.21831     0.88396
Electronic quadrupole  -193.18290   -89.54241    89.99807  -128.23358     7.40867  -126.48984
Nuclear    quadrupole   172.01699    90.15272   -91.21953   105.47143    -8.78049   103.78519
Total      quadrupole   -21.16591     0.61031    -1.22145   -22.76215    -1.37182   -22.70466
Polarizability av (0)        6.08694
Polarizability (0)           6.25906     1.03150     6.09641    -1.02179     0.35642     5.90537
Time used in Loprop              :      0.68 (cpu)       0.56 (wall)
