AA
26 2 2 1
1    -7.6010000000     7.7610000000    16.1500000000    -0.3285236420     0.0285373958    -0.2377074000     0.0886971149    -3.9555901889    -0.4114734457    -0.3508414998    -2.7546533329    -0.0482115548    -2.5948183290     0.4702455250    -0.1754500214    -0.4299704896     0.7181709113     0.3820334815     1.4037199823
1    -7.8510000000     7.5130000000    17.5730000000    -0.0669899298    -0.0744193055     0.1526085815    -0.0864660698    -2.8992139281     0.1041183711    -0.1581939837    -2.7298814265     0.0753620424    -2.4237287081     1.2363024778     0.3759059992    -0.2245908876     1.0047478568     0.3323915707     1.3770296790
1    -9.2240000000     6.9260000000    17.8410000000     0.3668993990    -0.0731112278    -0.0776417528     0.0402577838    -2.3205404488     0.2935014702     0.1854698638    -2.9656186679    -0.8362379831    -2.1334241207     1.6120936957     0.2839466423     0.2234046296     0.7780686856    -0.1706858177     1.0370152939
1    -9.4100000000     6.2470000000    18.8640000000    -0.4871799511     0.0703400328     0.2787657947    -0.4457770763    -4.1159836827     0.0100173414    -0.1300956659    -3.6746292765    -0.3392271957    -3.3996441981     0.2835417892     0.0719339145    -0.0805806215     0.4781213196    -0.3747903859     0.8121040330
1    -7.7200000000     8.7860000000    18.3940000000     0.0940431579     0.0039715995     0.1299856806    -0.2606977267    -2.2444729745    -0.1153800614     0.1534410932    -2.1608314927     0.0283039630    -2.7594604991     1.1385992237     0.2199262153     0.0800946404     1.2253290238     0.3386812619     0.8149482244
1    -6.3660000000     9.3960000000    18.2300000000    -0.4265540666    -0.2163695291    -0.0775621600     0.0202472387    -2.9063722906     0.1593363213    -0.0391967016    -3.2789702436    -0.0025509371    -3.3708717202     1.1775827435     0.3296303739     0.0376270076     0.8919053034     0.0677571076     0.7005233502
1    -8.7210000000     9.7080000000    17.9590000000    -0.5487719519     0.0417802471    -0.3766490107     0.1570591360    -3.1558834307    -0.1419177495     0.1271372067    -3.7708559447    -0.1633910327    -4.1153498833     0.6380693703    -0.2367802103     0.0442665283     0.5515088836    -0.0413706013     0.2039038544
1    -7.7910000000     8.6390000000    15.7350000000     0.2669591134     0.0497271224    -0.2082178439     0.0954991570    -0.5170450785    -0.0762430944     0.0335316666    -0.1743878654    -0.1511468473    -0.4372772177     0.0991743105    -0.0342017728     0.0220476043     0.3423035461    -0.1179594627     0.1720301117
1    -7.0980000000     6.8150000000    17.8940000000     0.1830868968    -0.2126947017     0.1970285415    -0.1001894609    -0.3007670610    -0.2653183939     0.1155027757    -0.3285956815    -0.0996641851    -0.4813309505     0.3435217685    -0.1770281307     0.1291604471     0.2479948570    -0.1016167442     0.1667576507
1    -7.8770000000     8.5300000000    19.4310000000     0.1460186420     0.0417696104     0.0781323761    -0.2903395056    -0.5907322089     0.0181497997    -0.0736659943    -0.5722233730    -0.1089934639    -0.1094451323     0.1169712322     0.0114322332    -0.0538281326     0.1123595077    -0.0593488704     0.6254755318
1    -9.5980000000     9.3190000000    18.0310000000     0.3299920415     0.1922482381     0.0804728253    -0.0151911821    -0.0868291143     0.2177936931    -0.0538538138    -0.2969052026     0.0105510999    -0.4549945800     0.3656248381     0.0376764271    -0.0382344235     0.1304306921     0.0176879521     0.0961206056
1    -6.2660000000     9.8370000000    17.2350000000     0.1380801081    -0.0293439815    -0.1407558632     0.3165339845    -0.6290448213     0.0340344333    -0.0622692180    -0.5072124380    -0.2505318494    -0.0707311656     0.1298214656     0.0816826694    -0.0966348950     0.2131231762    -0.2085017332     0.4852221781
1    -6.2000000000    10.1770000000    18.9700000000     0.1505781246    -0.0495623992    -0.2354642656    -0.2274960378    -0.6269672042     0.0593830597     0.0713703785    -0.2807031291     0.3320852202    -0.3043058606     0.1403091352     0.1372733700     0.1096305568     0.4435716801     0.3228242552     0.3624694545
1    -5.6170000000     8.6320000000    18.3170000000     0.1545126945    -0.2320040155     0.2448524935    -0.0323226877    -0.2989262521    -0.3492195597     0.0397076948    -0.2784048825    -0.0431630215    -0.6018844272     0.4258706655    -0.2227763332     0.0569692252     0.2820617163    -0.0251504357     0.0843499056
1    -7.1480000000     6.7750000000    15.3970000000     0.3850065852    -0.0055820344    -0.0665550442     0.0777305717    -3.4034244098    -0.4164752758    -0.3082432709    -1.7996322191    -0.1759206081    -2.1877779842     0.7060777324    -0.2195337485    -0.3461988275     1.1167093613     0.2258814514     1.4821328931
1    -6.8710000000     7.0700000000    13.9390000000    -0.4858506649    -0.0097062942    -0.0746453388     0.1482501310    -3.4433712646    -0.0313530190    -0.0464727189    -3.3734468111    -0.1277605069    -3.1768452690     0.7229739072     0.0139989115    -0.2023398081     0.6834880341    -0.0669918775     1.4191780548
1    -6.9720000000     5.6320000000    15.8390000000    -0.4802377289    -0.0757866769     0.4882579354    -0.1891854390    -3.8711544731    -0.0731306492     0.1128926328    -3.2828921684    -0.2979738398    -4.0124364785     0.2715959826    -0.1514840954     0.0125507313     0.9361849539    -0.1550615119     0.3129627245
1    -6.8230000000     6.1110000000    13.4410000000     0.1748609037    -0.0102136407     0.2963470607     0.1636097772    -0.5882482983    -0.0253406815    -0.0137179167    -0.0455338355     0.2902457154    -0.4335855130     0.0759426707    -0.0455666717    -0.0418930704     0.4753980267     0.2972841080     0.3170641484
1    -7.6252480000     7.6779560000    13.4846870000     0.1485977209     0.2438877128    -0.1991616941     0.1392216963    -0.2862290559    -0.2611944542     0.1995177241    -0.4099296586    -0.1677564585    -0.5034201800     0.2995961721    -0.1837605424     0.1796656713     0.2335449182    -0.1651899636     0.2822019828
1    -5.9153780000     7.5331840000    13.8080550000     0.1696006211    -0.2968250588    -0.1534839110     0.0343112838    -0.0517842091     0.2591041022    -0.0625703943    -0.4653240090    -0.0337435151    -0.5943361586     0.5276159661     0.2087420169    -0.1385801015     0.1672366966    -0.0656692705     0.1378191613
1   -10.1770000000     7.1610000000    16.9470000000    -0.3147080838    -0.0428824453    -0.1498428966     0.1805009287    -2.5845280781     0.3606175803     0.2792922937    -3.6658603803    -0.5714962436    -3.0235318201     1.5407015220     0.1922448064     0.3924408591     0.3587348854    -0.0654971805     0.6036351498
1   -11.5200000000     6.6160000000    17.0820000000    -0.3269163552     0.2420246105     0.0769195967    -0.0113552279    -2.8471992773     0.1724778129    -0.0803369241    -3.1863114521     0.0038408103    -3.3330384524     1.3787664764     0.2355189921     0.0085445717     0.7092121627     0.0304155010     0.6114486333
1    -9.9300000000     7.6950000000    16.1670000000     0.2675880185    -0.0382007132    -0.1349729498     0.1949499744    -0.4247029386     0.0479594026    -0.0667089925    -0.3885360973    -0.1913437966    -0.2434693624     0.1152395542     0.0184855807    -0.0229744685     0.1636750888    -0.1361363527     0.3056274478
1   -11.5950000000     5.8800000000    17.8930000000     0.1772749205     0.0190393243     0.2019862201    -0.2322236461    -0.5328961197     0.0435143709    -0.0179130476    -0.3022466406    -0.3175105943    -0.2255783500     0.1208613184     0.1035987325    -0.1011575511     0.3126732661    -0.2331693908     0.2947199149
1   -11.7129680000     6.0990960000    16.1652270000     0.1591121451     0.0730653917     0.1508772765     0.2852328177    -0.5588634907     0.0489483295     0.1026440139    -0.4534341541     0.2684723874    -0.1133335049     0.1628732739     0.0952787745     0.1507085392     0.2080956559     0.2249805015     0.4418225341
1   -12.1983440000     7.4276400000    17.2432110000     0.1535212812     0.2136764193    -0.2403436986    -0.0445724341    -0.3417597335    -0.2943520943    -0.0533547155    -0.2331402654     0.0723050170    -0.5884802962     0.4170033246    -0.2676769968    -0.0491236817     0.3221701926     0.0485130613     0.0820172766


---------------
Atomic domain 1
---------------
Domain center:           -7.60100     7.76100    16.15000
Nuclear charge:           7.00000
Electronic charge:       -7.32852
Total charge:            -0.32852
Electronic dipole         0.02854    -0.23771     0.08870
Electronic dipole norm     0.25532
Electronic quadrupole    -3.95559    -0.41147    -0.35084    -2.75465    -0.04821    -2.59482
Isotropic polarizablity (w=0)     0.86405
Electronic polarizability (w=0)     0.47025    -0.17545     0.71817    -0.42997     0.38203     1.40372

---------------
Atomic domain 2
---------------
Domain center:           -7.85100     7.51300    17.57300
Nuclear charge:           6.00000
Electronic charge:       -6.06699
Total charge:            -0.06699
Electronic dipole        -0.07442     0.15261    -0.08647
Electronic dipole norm     0.19054
Electronic quadrupole    -2.89921     0.10412    -0.15819    -2.72988     0.07536    -2.42373
Isotropic polarizablity (w=0)     1.20603
Electronic polarizability (w=0)     1.23630     0.37591     1.00475    -0.22459     0.33239     1.37703

---------------
Atomic domain 3
---------------
Domain center:           -9.22400     6.92600    17.84100
Nuclear charge:           6.00000
Electronic charge:       -5.63310
Total charge:             0.36690
Electronic dipole        -0.07311    -0.07764     0.04026
Electronic dipole norm     0.11399
Electronic quadrupole    -2.32054     0.29350     0.18547    -2.96562    -0.83624    -2.13342
Isotropic polarizablity (w=0)     1.14239
Electronic polarizability (w=0)     1.61209     0.28395     0.77807     0.22340    -0.17069     1.03702

---------------
Atomic domain 4
---------------
Domain center:           -9.41000     6.24700    18.86400
Nuclear charge:           8.00000
Electronic charge:       -8.48718
Total charge:            -0.48718
Electronic dipole         0.07034     0.27877    -0.44578
Electronic dipole norm     0.53045
Electronic quadrupole    -4.11598     0.01002    -0.13010    -3.67463    -0.33923    -3.39964
Isotropic polarizablity (w=0)     0.52459
Electronic polarizability (w=0)     0.28354     0.07193     0.47812    -0.08058    -0.37479     0.81210

---------------
Atomic domain 5
---------------
Domain center:           -7.72000     8.78600    18.39400
Nuclear charge:           6.00000
Electronic charge:       -5.90596
Total charge:             0.09404
Electronic dipole         0.00397     0.12999    -0.26070
Electronic dipole norm     0.29133
Electronic quadrupole    -2.24447    -0.11538     0.15344    -2.16083     0.02830    -2.75946
Isotropic polarizablity (w=0)     1.05963
Electronic polarizability (w=0)     1.13860     0.21993     1.22533     0.08009     0.33868     0.81495

---------------
Atomic domain 6
---------------
Domain center:           -6.36600     9.39600    18.23000
Nuclear charge:           6.00000
Electronic charge:       -6.42655
Total charge:            -0.42655
Electronic dipole        -0.21637    -0.07756     0.02025
Electronic dipole norm     0.23074
Electronic quadrupole    -2.90637     0.15934    -0.03920    -3.27897    -0.00255    -3.37087
Isotropic polarizablity (w=0)     0.92334
Electronic polarizability (w=0)     1.17758     0.32963     0.89191     0.03763     0.06776     0.70052

---------------
Atomic domain 7
---------------
Domain center:           -8.72100     9.70800    17.95900
Nuclear charge:           8.00000
Electronic charge:       -8.54877
Total charge:            -0.54877
Electronic dipole         0.04178    -0.37665     0.15706
Electronic dipole norm     0.41022
Electronic quadrupole    -3.15588    -0.14192     0.12714    -3.77086    -0.16339    -4.11535
Isotropic polarizablity (w=0)     0.46449
Electronic polarizability (w=0)     0.63807    -0.23678     0.55151     0.04427    -0.04137     0.20390

---------------
Atomic domain 8
---------------
Domain center:           -7.79100     8.63900    15.73500
Nuclear charge:           1.00000
Electronic charge:       -0.73304
Total charge:             0.26696
Electronic dipole         0.04973    -0.20822     0.09550
Electronic dipole norm     0.23441
Electronic quadrupole    -0.51705    -0.07624     0.03353    -0.17439    -0.15115    -0.43728
Isotropic polarizablity (w=0)     0.20450
Electronic polarizability (w=0)     0.09917    -0.03420     0.34230     0.02205    -0.11796     0.17203

---------------
Atomic domain 9
---------------
Domain center:           -7.09800     6.81500    17.89400
Nuclear charge:           1.00000
Electronic charge:       -0.81691
Total charge:             0.18309
Electronic dipole        -0.21269     0.19703    -0.10019
Electronic dipole norm     0.30675
Electronic quadrupole    -0.30077    -0.26532     0.11550    -0.32860    -0.09966    -0.48133
Isotropic polarizablity (w=0)     0.25276
Electronic polarizability (w=0)     0.34352    -0.17703     0.24799     0.12916    -0.10162     0.16676

----------------
Atomic domain 10
----------------
Domain center:           -7.87700     8.53000    19.43100
Nuclear charge:           1.00000
Electronic charge:       -0.85398
Total charge:             0.14602
Electronic dipole         0.04177     0.07813    -0.29034
Electronic dipole norm     0.30356
Electronic quadrupole    -0.59073     0.01815    -0.07367    -0.57222    -0.10899    -0.10945
Isotropic polarizablity (w=0)     0.28494
Electronic polarizability (w=0)     0.11697     0.01143     0.11236    -0.05383    -0.05935     0.62548

----------------
Atomic domain 11
----------------
Domain center:           -9.59800     9.31900    18.03100
Nuclear charge:           1.00000
Electronic charge:       -0.67001
Total charge:             0.32999
Electronic dipole         0.19225     0.08047    -0.01519
Electronic dipole norm     0.20896
Electronic quadrupole    -0.08683     0.21779    -0.05385    -0.29691     0.01055    -0.45499
Isotropic polarizablity (w=0)     0.19739
Electronic polarizability (w=0)     0.36562     0.03768     0.13043    -0.03823     0.01769     0.09612

----------------
Atomic domain 12
----------------
Domain center:           -6.26600     9.83700    17.23500
Nuclear charge:           1.00000
Electronic charge:       -0.86192
Total charge:             0.13808
Electronic dipole        -0.02934    -0.14076     0.31653
Electronic dipole norm     0.34766
Electronic quadrupole    -0.62904     0.03403    -0.06227    -0.50721    -0.25053    -0.07073
Isotropic polarizablity (w=0)     0.27606
Electronic polarizability (w=0)     0.12982     0.08168     0.21312    -0.09663    -0.20850     0.48522

----------------
Atomic domain 13
----------------
Domain center:           -6.20000    10.17700    18.97000
Nuclear charge:           1.00000
Electronic charge:       -0.84942
Total charge:             0.15058
Electronic dipole        -0.04956    -0.23546    -0.22750
Electronic dipole norm     0.33114
Electronic quadrupole    -0.62697     0.05938     0.07137    -0.28070     0.33209    -0.30431
Isotropic polarizablity (w=0)     0.31545
Electronic polarizability (w=0)     0.14031     0.13727     0.44357     0.10963     0.32282     0.36247

----------------
Atomic domain 14
----------------
Domain center:           -5.61700     8.63200    18.31700
Nuclear charge:           1.00000
Electronic charge:       -0.84549
Total charge:             0.15451
Electronic dipole        -0.23200     0.24485    -0.03232
Electronic dipole norm     0.33886
Electronic quadrupole    -0.29893    -0.34922     0.03971    -0.27840    -0.04316    -0.60188
Isotropic polarizablity (w=0)     0.26409
Electronic polarizability (w=0)     0.42587    -0.22278     0.28206     0.05697    -0.02515     0.08435

----------------
Atomic domain 15
----------------
Domain center:           -7.14800     6.77500    15.39700
Nuclear charge:           6.00000
Electronic charge:       -5.61499
Total charge:             0.38501
Electronic dipole        -0.00558    -0.06656     0.07773
Electronic dipole norm     0.10248
Electronic quadrupole    -3.40342    -0.41648    -0.30824    -1.79963    -0.17592    -2.18778
Isotropic polarizablity (w=0)     1.10164
Electronic polarizability (w=0)     0.70608    -0.21953     1.11671    -0.34620     0.22588     1.48213

----------------
Atomic domain 16
----------------
Domain center:           -6.87100     7.07000    13.93900
Nuclear charge:           6.00000
Electronic charge:       -6.48585
Total charge:            -0.48585
Electronic dipole        -0.00971    -0.07465     0.14825
Electronic dipole norm     0.16627
Electronic quadrupole    -3.44337    -0.03135    -0.04647    -3.37345    -0.12776    -3.17685
Isotropic polarizablity (w=0)     0.94188
Electronic polarizability (w=0)     0.72297     0.01400     0.68349    -0.20234    -0.06699     1.41918

----------------
Atomic domain 17
----------------
Domain center:           -6.97200     5.63200    15.83900
Nuclear charge:           8.00000
Electronic charge:       -8.48024
Total charge:            -0.48024
Electronic dipole        -0.07579     0.48826    -0.18919
Electronic dipole norm     0.52908
Electronic quadrupole    -3.87115    -0.07313     0.11289    -3.28289    -0.29797    -4.01244
Isotropic polarizablity (w=0)     0.50691
Electronic polarizability (w=0)     0.27160    -0.15148     0.93618     0.01255    -0.15506     0.31296

----------------
Atomic domain 18
----------------
Domain center:           -6.82300     6.11100    13.44100
Nuclear charge:           1.00000
Electronic charge:       -0.82514
Total charge:             0.17486
Electronic dipole        -0.01021     0.29635     0.16361
Electronic dipole norm     0.33867
Electronic quadrupole    -0.58825    -0.02534    -0.01372    -0.04553     0.29025    -0.43359
Isotropic polarizablity (w=0)     0.28947
Electronic polarizability (w=0)     0.07594    -0.04557     0.47540    -0.04189     0.29728     0.31706

----------------
Atomic domain 19
----------------
Domain center:           -7.62525     7.67796    13.48469
Nuclear charge:           1.00000
Electronic charge:       -0.85140
Total charge:             0.14860
Electronic dipole         0.24389    -0.19916     0.13922
Electronic dipole norm     0.34428
Electronic quadrupole    -0.28623    -0.26119     0.19952    -0.40993    -0.16776    -0.50342
Isotropic polarizablity (w=0)     0.27178
Electronic polarizability (w=0)     0.29960    -0.18376     0.23354     0.17967    -0.16519     0.28220

----------------
Atomic domain 20
----------------
Domain center:           -5.91538     7.53318    13.80805
Nuclear charge:           1.00000
Electronic charge:       -0.83040
Total charge:             0.16960
Electronic dipole        -0.29683    -0.15348     0.03431
Electronic dipole norm     0.33592
Electronic quadrupole    -0.05178     0.25910    -0.06257    -0.46532    -0.03374    -0.59434
Isotropic polarizablity (w=0)     0.27756
Electronic polarizability (w=0)     0.52762     0.20874     0.16724    -0.13858    -0.06567     0.13782

----------------
Atomic domain 21
----------------
Domain center:          -10.17700     7.16100    16.94700
Nuclear charge:           7.00000
Electronic charge:       -7.31471
Total charge:            -0.31471
Electronic dipole        -0.04288    -0.14984     0.18050
Electronic dipole norm     0.23848
Electronic quadrupole    -2.58453     0.36062     0.27929    -3.66586    -0.57150    -3.02353
Isotropic polarizablity (w=0)     0.83436
Electronic polarizability (w=0)     1.54070     0.19224     0.35873     0.39244    -0.06550     0.60364

----------------
Atomic domain 22
----------------
Domain center:          -11.52000     6.61600    17.08200
Nuclear charge:           6.00000
Electronic charge:       -6.32692
Total charge:            -0.32692
Electronic dipole         0.24202     0.07692    -0.01136
Electronic dipole norm     0.25421
Electronic quadrupole    -2.84720     0.17248    -0.08034    -3.18631     0.00384    -3.33304
Isotropic polarizablity (w=0)     0.89981
Electronic polarizability (w=0)     1.37877     0.23552     0.70921     0.00854     0.03042     0.61145

----------------
Atomic domain 23
----------------
Domain center:           -9.93000     7.69500    16.16700
Nuclear charge:           1.00000
Electronic charge:       -0.73241
Total charge:             0.26759
Electronic dipole        -0.03820    -0.13497     0.19495
Electronic dipole norm     0.24017
Electronic quadrupole    -0.42470     0.04796    -0.06671    -0.38854    -0.19134    -0.24347
Isotropic polarizablity (w=0)     0.19485
Electronic polarizability (w=0)     0.11524     0.01849     0.16368    -0.02297    -0.13614     0.30563

----------------
Atomic domain 24
----------------
Domain center:          -11.59500     5.88000    17.89300
Nuclear charge:           1.00000
Electronic charge:       -0.82273
Total charge:             0.17727
Electronic dipole         0.01904     0.20199    -0.23222
Electronic dipole norm     0.30836
Electronic quadrupole    -0.53290     0.04351    -0.01791    -0.30225    -0.31751    -0.22558
Isotropic polarizablity (w=0)     0.24275
Electronic polarizability (w=0)     0.12086     0.10360     0.31267    -0.10116    -0.23317     0.29472

----------------
Atomic domain 25
----------------
Domain center:          -11.71297     6.09910    16.16523
Nuclear charge:           1.00000
Electronic charge:       -0.84089
Total charge:             0.15911
Electronic dipole         0.07307     0.15088     0.28523
Electronic dipole norm     0.33085
Electronic quadrupole    -0.55886     0.04895     0.10264    -0.45343     0.26847    -0.11333
Isotropic polarizablity (w=0)     0.27093
Electronic polarizability (w=0)     0.16287     0.09528     0.20810     0.15071     0.22498     0.44182

----------------
Atomic domain 26
----------------
Domain center:          -12.19834     7.42764    17.24321
Nuclear charge:           1.00000
Electronic charge:       -0.84648
Total charge:             0.15352
Electronic dipole         0.21368    -0.24034    -0.04457
Electronic dipole norm     0.32467
Electronic quadrupole    -0.34176    -0.29435    -0.05335    -0.23314     0.07231    -0.58848
Isotropic polarizablity (w=0)     0.27373
Electronic polarizability (w=0)     0.41700    -0.26768     0.32217    -0.04912     0.04851     0.08202

---------
Molecular
---------
Domain center:           -8.31614     7.51080    16.99496
Nuclear charge:          94.00000
Electronic charge:      -94.00000
Total charge:             0.00000
Electronic dipole        -0.14663     0.00323     0.00629
Gauge   dipole           -0.45410     1.48619    -1.23484
Total   dipole           -0.60073     1.48942    -1.22855
Electronic quadrupole  -884.65798  -165.49300   235.42170  -597.16207  -227.84570  -773.92069
Nuclear    quadrupole   837.96809   168.34353  -232.63930   534.97106   228.22625   721.85830
Total      quadrupole   -46.68989     2.85053     2.78240   -62.19101     0.38055   -52.06239
Polarizability av (0)       14.08537
Polarizability (0)          14.51698     0.70302    13.10682    -0.37900     0.30131    14.63230
Time used in Loprop              :      5.09 (cpu)       3.57 (wall)
