AA
19 2 2 1
1    -2.0790000000     7.0010000000     9.6700000000    -0.3165387653     0.0166970802    -0.1489010841    -0.2056955576    -3.1100776091     0.5358453979    -0.5864649835    -2.9348395369     0.4312833886    -3.2399687496     1.0507869446     0.5324495236    -0.4393269087     0.7889230938    -0.1127466597     0.6880691803
1    -0.9870000000     7.1760000000     8.7410000000    -0.2058470210    -0.2882986383    -0.0166832533     0.0072556318    -2.8801787482     0.0107551778    -0.2298669065    -3.1798482948    -0.0810323444    -2.7191193705     1.0060615628     0.1391221824    -0.2525369735     0.6112816551    -0.1396928694     1.5451298171
1    -1.3730000000     7.1780000000     7.2920000000     0.3821598968    -0.0753403272    -0.0090411065    -0.0816167698    -2.2279011480    -0.8534756824     0.1687271933    -2.9094394621     0.0729629044    -2.2682619080     0.9569489928    -0.2966116002    -0.2088612123     0.7400557489     0.1332574311     1.5646230876
1    -2.3690000000     7.7960000000     6.8930000000    -0.4858096819     0.4259804632    -0.2779809915     0.1659664342    -3.4089980455    -0.2786501449     0.2122317815    -3.7181543359    -0.1822262680    -4.0475659183     0.7226787547    -0.3332895869     0.1423167097     0.4612238048    -0.1246855720     0.3476557279
1    -2.2250000000     7.7270000000    10.3040000000     0.2812332699     0.0347729339    -0.1677003500    -0.1560367638    -0.5166005648    -0.0566640368    -0.0193165135    -0.2611878337     0.2209468235    -0.3249012960     0.0934874633    -0.0226900989    -0.0318437330     0.2924819784     0.1829342900     0.2627094523
1    -0.5460000000     8.1310000000     8.9500000000     0.1690057525    -0.1374636669    -0.2833040208    -0.0711493170    -0.4874193484     0.2355147595     0.0547557141    -0.0741764955     0.1119362625    -0.5805173362     0.2164515002     0.2369510497     0.0553252694     0.5003009102     0.1177379939     0.1469595584
1    -0.2910000000     6.3680000000     8.9270000000     0.1408223073    -0.2219905360     0.2369875382    -0.0483196590    -0.3785205439    -0.2882273865     0.0667162035    -0.2833599550    -0.0875881070    -0.5807547711     0.3897333345    -0.2464369556     0.0834157791     0.2775428906    -0.0890522356     0.1759199316
1    -2.8690000000     5.9430000000     9.5790000000     0.3959309139     0.0349338879    -0.0109906492    -0.0971984118    -2.7721556901     0.4851044430    -0.4765497020    -2.2971297287     0.6638643362    -2.3166451570     1.1428155074     0.4104667902    -0.3837477345     1.0425644894    -0.0109201101     1.0284281983
1    -3.9260000000     5.8180000000    10.6760000000    -0.4808012211     0.0965306484    -0.0163592763    -0.1236822421    -3.2823609265     0.0077672924    -0.1325883707    -3.4249056721     0.0629079316    -3.2831145586     1.0826063405     0.0657295392    -0.4067343405     0.7039723331    -0.0816258243     1.1048888912
1    -2.7870000000     5.1290000000     8.6660000000    -0.4760993479    -0.0459203026     0.3639921735     0.3971174288    -3.9936387294    -0.1244057460     0.0584261835    -3.5967902754     0.4036617626    -3.5023623425     0.2518068965     0.0286403718    -0.0210093076     0.6176243740     0.3428992756     0.6118721903
1    -4.2780000000     6.7870000000    11.0110000000     0.1453632462     0.1065973965    -0.3119267471    -0.1044722250    -0.5600328846    -0.2082397289    -0.0675765619    -0.0770860382     0.1888193416    -0.5557513571     0.2040018559    -0.1974845988    -0.1185016499     0.4715582896     0.1819160476     0.1890309294
1    -4.7634730000     5.2532440000    10.3230280000     0.1731128335     0.2585484062     0.1775710592     0.1068464223    -0.1805518661     0.2775517370     0.1762868106    -0.4017191793     0.1146159599    -0.5224931566     0.4963596671     0.2628396696     0.0784284246     0.2341641781     0.0530780123     0.1082903187
1    -3.4649120000     5.3372910000    11.5133870000     0.1662104984    -0.1441840253     0.1550181717    -0.2672093456    -0.4717658602    -0.1364406062     0.2368952790    -0.4516494678    -0.2391262244    -0.1836281505     0.1375475011    -0.0794985283     0.1348753407     0.1996581442    -0.2337432319     0.5092415881
1    -0.5850000000     6.4720000000     6.4900000000    -0.3138811800    -0.2300075006     0.0873996203    -0.1099919813    -3.2467428782    -0.7477714515     0.0123021527    -3.4550024797     0.1428461598    -2.5387017196     0.6035246620    -0.2594559624    -0.3295594951     0.4534078822     0.2872673081     1.4089709857
1    -0.8170000000     6.4740000000     5.0800000000    -0.3282036338     0.0282561727     0.0142656864     0.2680338477    -3.2684381830    -0.0078507391     0.0718579039    -3.3328934029     0.0267411021    -2.6660801088     0.6110837326     0.0354863837    -0.0448781324     0.6588956280     0.0598378031     1.3591287190
1     0.0770000000     5.8650000000     6.8310000000     0.2822062189    -0.1681530450     0.1432670376    -0.0872754535    -0.2846034695    -0.1878732701     0.0975765494    -0.3306851944    -0.0944265003    -0.4774491359     0.2708736482    -0.1585006357     0.0581011612     0.2192989775    -0.0534449620     0.1196188671
1    -0.8740000000     7.4990000000     4.7300000000     0.1587990119     0.0188885173    -0.3119087226     0.1094451132    -0.5880632660    -0.0344525778     0.0189661448    -0.0256390641    -0.1926501287    -0.5166644072     0.0682385398     0.0124898914     0.0026099450     0.5045829379    -0.2350887689     0.2236097001
1    -1.7368230000     5.9892480000     4.8273330000     0.1607567629     0.2726603915     0.1481153377     0.0803904693    -0.1483828919     0.2330461763     0.1158107732    -0.4686491806     0.0504976369    -0.5492577976     0.3881362541     0.2028101704     0.1601030966     0.1960077887     0.0956775843     0.1803660906
1    -0.0040290000     6.0119420000     4.5599220000     0.1515801389    -0.2582898919     0.1528186966     0.1524919434    -0.2299369313    -0.2170428743    -0.2435581076    -0.4855551761     0.1455422001    -0.4701300324     0.3979281493    -0.1819096138    -0.2512694738     0.1792276697     0.1453947863     0.2912006742


---------------
Atomic domain 1
---------------
Domain center:           -2.07900     7.00100     9.67000
Nuclear charge:           7.00000
Electronic charge:       -7.31654
Total charge:            -0.31654
Electronic dipole         0.01670    -0.14890    -0.20570
Electronic dipole norm     0.25448
Electronic quadrupole    -3.11008     0.53585    -0.58646    -2.93484     0.43128    -3.23997
Isotropic polarizablity (w=0)     0.84259
Electronic polarizability (w=0)     1.05079     0.53245     0.78892    -0.43933    -0.11275     0.68807

---------------
Atomic domain 2
---------------
Domain center:           -0.98700     7.17600     8.74100
Nuclear charge:           6.00000
Electronic charge:       -6.20585
Total charge:            -0.20585
Electronic dipole        -0.28830    -0.01668     0.00726
Electronic dipole norm     0.28887
Electronic quadrupole    -2.88018     0.01076    -0.22987    -3.17985    -0.08103    -2.71912
Isotropic polarizablity (w=0)     1.05416
Electronic polarizability (w=0)     1.00606     0.13912     0.61128    -0.25254    -0.13969     1.54513

---------------
Atomic domain 3
---------------
Domain center:           -1.37300     7.17800     7.29200
Nuclear charge:           6.00000
Electronic charge:       -5.61784
Total charge:             0.38216
Electronic dipole        -0.07534    -0.00904    -0.08162
Electronic dipole norm     0.11144
Electronic quadrupole    -2.22790    -0.85348     0.16873    -2.90944     0.07296    -2.26826
Isotropic polarizablity (w=0)     1.08721
Electronic polarizability (w=0)     0.95695    -0.29661     0.74006    -0.20886     0.13326     1.56462

---------------
Atomic domain 4
---------------
Domain center:           -2.36900     7.79600     6.89300
Nuclear charge:           8.00000
Electronic charge:       -8.48581
Total charge:            -0.48581
Electronic dipole         0.42598    -0.27798     0.16597
Electronic dipole norm     0.53505
Electronic quadrupole    -3.40900    -0.27865     0.21223    -3.71815    -0.18223    -4.04757
Isotropic polarizablity (w=0)     0.51052
Electronic polarizability (w=0)     0.72268    -0.33329     0.46122     0.14232    -0.12469     0.34766

---------------
Atomic domain 5
---------------
Domain center:           -2.22500     7.72700    10.30400
Nuclear charge:           1.00000
Electronic charge:       -0.71877
Total charge:             0.28123
Electronic dipole         0.03477    -0.16770    -0.15604
Electronic dipole norm     0.23169
Electronic quadrupole    -0.51660    -0.05666    -0.01932    -0.26119     0.22095    -0.32490
Isotropic polarizablity (w=0)     0.21623
Electronic polarizability (w=0)     0.09349    -0.02269     0.29248    -0.03184     0.18293     0.26271

---------------
Atomic domain 6
---------------
Domain center:           -0.54600     8.13100     8.95000
Nuclear charge:           1.00000
Electronic charge:       -0.83099
Total charge:             0.16901
Electronic dipole        -0.13746    -0.28330    -0.07115
Electronic dipole norm     0.32283
Electronic quadrupole    -0.48742     0.23551     0.05476    -0.07418     0.11194    -0.58052
Isotropic polarizablity (w=0)     0.28790
Electronic polarizability (w=0)     0.21645     0.23695     0.50030     0.05533     0.11774     0.14696

---------------
Atomic domain 7
---------------
Domain center:           -0.29100     6.36800     8.92700
Nuclear charge:           1.00000
Electronic charge:       -0.85918
Total charge:             0.14082
Electronic dipole        -0.22199     0.23699    -0.04832
Electronic dipole norm     0.32830
Electronic quadrupole    -0.37852    -0.28823     0.06672    -0.28336    -0.08759    -0.58075
Isotropic polarizablity (w=0)     0.28107
Electronic polarizability (w=0)     0.38973    -0.24644     0.27754     0.08342    -0.08905     0.17592

---------------
Atomic domain 8
---------------
Domain center:           -2.86900     5.94300     9.57900
Nuclear charge:           6.00000
Electronic charge:       -5.60407
Total charge:             0.39593
Electronic dipole         0.03493    -0.01099    -0.09720
Electronic dipole norm     0.10387
Electronic quadrupole    -2.77216     0.48510    -0.47655    -2.29713     0.66386    -2.31665
Isotropic polarizablity (w=0)     1.07127
Electronic polarizability (w=0)     1.14282     0.41047     1.04256    -0.38375    -0.01092     1.02843

---------------
Atomic domain 9
---------------
Domain center:           -3.92600     5.81800    10.67600
Nuclear charge:           6.00000
Electronic charge:       -6.48080
Total charge:            -0.48080
Electronic dipole         0.09653    -0.01636    -0.12368
Electronic dipole norm     0.15774
Electronic quadrupole    -3.28236     0.00777    -0.13259    -3.42491     0.06291    -3.28311
Isotropic polarizablity (w=0)     0.96382
Electronic polarizability (w=0)     1.08261     0.06573     0.70397    -0.40673    -0.08163     1.10489

----------------
Atomic domain 10
----------------
Domain center:           -2.78700     5.12900     8.66600
Nuclear charge:           8.00000
Electronic charge:       -8.47610
Total charge:            -0.47610
Electronic dipole        -0.04592     0.36399     0.39712
Electronic dipole norm     0.54065
Electronic quadrupole    -3.99364    -0.12441     0.05843    -3.59679     0.40366    -3.50236
Isotropic polarizablity (w=0)     0.49377
Electronic polarizability (w=0)     0.25181     0.02864     0.61762    -0.02101     0.34290     0.61187

----------------
Atomic domain 11
----------------
Domain center:           -4.27800     6.78700    11.01100
Nuclear charge:           1.00000
Electronic charge:       -0.85464
Total charge:             0.14536
Electronic dipole         0.10660    -0.31193    -0.10447
Electronic dipole norm     0.34580
Electronic quadrupole    -0.56003    -0.20824    -0.06758    -0.07709     0.18882    -0.55575
Isotropic polarizablity (w=0)     0.28820
Electronic polarizability (w=0)     0.20400    -0.19748     0.47156    -0.11850     0.18192     0.18903

----------------
Atomic domain 12
----------------
Domain center:           -4.76347     5.25324    10.32303
Nuclear charge:           1.00000
Electronic charge:       -0.82689
Total charge:             0.17311
Electronic dipole         0.25855     0.17757     0.10685
Electronic dipole norm     0.33135
Electronic quadrupole    -0.18055     0.27755     0.17629    -0.40172     0.11462    -0.52249
Isotropic polarizablity (w=0)     0.27960
Electronic polarizability (w=0)     0.49636     0.26284     0.23416     0.07843     0.05308     0.10829

----------------
Atomic domain 13
----------------
Domain center:           -3.46491     5.33729    11.51339
Nuclear charge:           1.00000
Electronic charge:       -0.83379
Total charge:             0.16621
Electronic dipole        -0.14418     0.15502    -0.26721
Electronic dipole norm     0.34091
Electronic quadrupole    -0.47177    -0.13644     0.23690    -0.45165    -0.23913    -0.18363
Isotropic polarizablity (w=0)     0.28215
Electronic polarizability (w=0)     0.13755    -0.07950     0.19966     0.13488    -0.23374     0.50924

----------------
Atomic domain 14
----------------
Domain center:           -0.58500     6.47200     6.49000
Nuclear charge:           7.00000
Electronic charge:       -7.31388
Total charge:            -0.31388
Electronic dipole        -0.23001     0.08740    -0.10999
Electronic dipole norm     0.26952
Electronic quadrupole    -3.24674    -0.74777     0.01230    -3.45500     0.14285    -2.53870
Isotropic polarizablity (w=0)     0.82197
Electronic polarizability (w=0)     0.60352    -0.25946     0.45341    -0.32956     0.28727     1.40897

----------------
Atomic domain 15
----------------
Domain center:           -0.81700     6.47400     5.08000
Nuclear charge:           6.00000
Electronic charge:       -6.32820
Total charge:            -0.32820
Electronic dipole         0.02826     0.01427     0.26803
Electronic dipole norm     0.26990
Electronic quadrupole    -3.26844    -0.00785     0.07186    -3.33289     0.02674    -2.66608
Isotropic polarizablity (w=0)     0.87637
Electronic polarizability (w=0)     0.61108     0.03549     0.65890    -0.04488     0.05984     1.35913

----------------
Atomic domain 16
----------------
Domain center:            0.07700     5.86500     6.83100
Nuclear charge:           1.00000
Electronic charge:       -0.71779
Total charge:             0.28221
Electronic dipole        -0.16815     0.14327    -0.08728
Electronic dipole norm     0.23752
Electronic quadrupole    -0.28460    -0.18787     0.09758    -0.33069    -0.09443    -0.47745
Isotropic polarizablity (w=0)     0.20326
Electronic polarizability (w=0)     0.27087    -0.15850     0.21930     0.05810    -0.05344     0.11962

----------------
Atomic domain 17
----------------
Domain center:           -0.87400     7.49900     4.73000
Nuclear charge:           1.00000
Electronic charge:       -0.84120
Total charge:             0.15880
Electronic dipole         0.01889    -0.31191     0.10945
Electronic dipole norm     0.33109
Electronic quadrupole    -0.58806    -0.03445     0.01897    -0.02564    -0.19265    -0.51666
Isotropic polarizablity (w=0)     0.26548
Electronic polarizability (w=0)     0.06824     0.01249     0.50458     0.00261    -0.23509     0.22361

----------------
Atomic domain 18
----------------
Domain center:           -1.73682     5.98925     4.82733
Nuclear charge:           1.00000
Electronic charge:       -0.83924
Total charge:             0.16076
Electronic dipole         0.27266     0.14812     0.08039
Electronic dipole norm     0.32054
Electronic quadrupole    -0.14838     0.23305     0.11581    -0.46865     0.05050    -0.54926
Isotropic polarizablity (w=0)     0.25484
Electronic polarizability (w=0)     0.38814     0.20281     0.19601     0.16010     0.09568     0.18037

----------------
Atomic domain 19
----------------
Domain center:           -0.00403     6.01194     4.55992
Nuclear charge:           1.00000
Electronic charge:       -0.84842
Total charge:             0.15158
Electronic dipole        -0.25829     0.15282     0.15249
Electronic dipole norm     0.33663
Electronic quadrupole    -0.22994    -0.21704    -0.24356    -0.48556     0.14554    -0.47013
Isotropic polarizablity (w=0)     0.28945
Electronic polarizability (w=0)     0.39793    -0.18191     0.17923    -0.25127     0.14539     0.29120

---------
Molecular
---------
Domain center:           -1.96906     6.54591     8.11110
Nuclear charge:          70.00000
Electronic charge:      -70.00000
Total charge:             0.00000
Electronic dipole        -0.27578    -0.07536    -0.06510
Gauge   dipole            1.58646     0.31616     0.98655
Total   dipole            1.31068     0.24080     0.92145
Electronic quadrupole  -369.40697   -95.03119   369.55487  -218.27470   110.47020  -857.51591
Nuclear    quadrupole   333.64267    94.54210  -374.52686   176.11539  -106.13504   825.60515
Total      quadrupole   -35.76431    -0.48909    -4.97200   -42.15932     4.33516   -31.91076
Polarizability av (0)       10.36985
Polarizability (0)          10.09107     0.15111     9.15277    -1.77309     0.51900    11.86571
Time used in Loprop              :      2.32 (cpu)       1.79 (wall)
