AA
23 2 2 1
1   -10.1770000000     7.1610000000    16.9470000000    -0.3144378494    -0.0450302524    -0.1601297018     0.1724530850    -2.5602581616     0.3642977702     0.2744395817    -3.6656381214    -0.5777085904    -3.0057237394     1.6886522072     0.1721285009     0.5432631000     0.3822151298    -0.0492811026     0.6845962435
1   -11.5200000000     6.6160000000    17.0820000000    -0.0647515940     0.1118571187     0.1632410852    -0.1020215339    -2.4317044043    -0.0697702705    -0.1094903956    -2.7402766489     0.1651168609    -2.9901558906     1.5434899904     0.0130234463     0.1504938035     1.0474395302     0.4515799998     1.0619228110
1   -11.7970000000     5.8740000000    15.7660000000     0.3651907407     0.0226728048    -0.0963508435    -0.0812636842    -2.2198351069    -0.7175683053     0.2970138705    -2.7121890008     0.6081103507    -2.5562711690     1.2299275431    -0.0775256921     0.4708973758     0.9041392298     0.3515233897     1.3364323020
1   -11.0060000000     5.0340000000    15.3440000000    -0.4694777180    -0.3523273793     0.3582914493     0.1832646079    -3.6313282792    -0.3490239938    -0.2713737842    -3.5207874294     0.1130838970    -3.9381555238     0.5812140341    -0.3433377748    -0.1242853411     0.6259780657     0.1870881972     0.3320348314
1   -12.4920000000     7.7790000000    17.3130000000    -0.0819247476    -0.1497827305    -0.2444454842     0.0736251962    -2.1754852107    -0.0538571965    -0.2776259215    -2.8695189045    -0.0229091228    -3.0880326534     1.2604292701    -0.2705928869    -0.1927668954     0.9850951706     0.1373340373     0.6927866560
1   -13.8220000000     7.3750000000    17.6020000000    -0.5165424524     0.2806066223    -0.0270763119    -0.2768250317    -3.2664907898     0.3906152264     0.0751694711    -3.8910586938     0.2306877889    -3.7879013382     0.8985582453     0.1463173382    -0.1445505818     0.2696967626     0.0355219314     0.3254573148
1    -9.9300000000     7.6950000000    16.1670000000     0.2759024828    -0.0438683021    -0.1342029577     0.1900084652    -0.5008579370     0.0604555919    -0.0885242949    -0.3701031737    -0.2013338289    -0.2281680949     0.1385987869     0.0496848839    -0.0518258923     0.1950435259    -0.1533943617     0.2846079376
1   -11.5950000000     5.8800000000    17.8930000000     0.1867293323     0.0230978779     0.1935146504    -0.2149574670    -0.5210979564     0.0421732629    -0.0095341021    -0.3270616274    -0.2950442554    -0.2629328628     0.1021969425     0.0480295798    -0.0520975567     0.3176012178    -0.2319953323     0.3400240064
1   -12.1130000000     8.3600000000    18.1320000000     0.1712088958    -0.1112579272    -0.1733897147    -0.2356136533    -0.4718552340     0.1281805828     0.1632552214    -0.4057185753     0.2535516629    -0.2126923421     0.1388691777     0.0682654574     0.0945157637     0.2938146251     0.2580334748     0.3855381469
1   -12.4950000000     8.3960000000    16.4170000000     0.1158534958    -0.0105631377    -0.1895037011     0.2716984522    -0.6429987804    -0.0113836138     0.0117089500    -0.4522624907    -0.2651702090    -0.2453246119     0.1242562555    -0.0200351920     0.0085002864     0.3576850161    -0.2605604936     0.3654588944
1   -14.1960000000     6.8570000000    16.8890000000     0.3188320431     0.0939721118     0.1176082812     0.1346948673    -0.4011168114     0.0881904491     0.1115273737    -0.3071535046     0.2337389281    -0.0911328887     0.2163973570     0.0789078736     0.0800146950     0.1661809867     0.0752879695     0.1913931439
1    -9.2240000000     6.9260000000    17.8410000000     0.3919978400    -0.0493391320    -0.0655050828     0.0425496266    -2.2539794888     0.3121927754     0.1935817953    -2.9924682421    -0.8117132893    -2.1292221773     1.6493539087     0.1399923347     0.4006644395     0.7045499063    -0.1901743733     1.1067898955
1    -7.8510000000     7.5130000000    17.5730000000    -0.4829668779    -0.1247896394    -0.0875261697     0.0695428743    -3.2120929258     0.1059820922    -0.1051430276    -3.4184907741    -0.0424696314    -3.3430719350     1.4119739586     0.2600813747    -0.0424178589     0.7631732244    -0.0079439529     0.6785008575
1    -9.4100000000     6.2470000000    18.8640000000    -0.4870308582     0.0805501510     0.2872409032    -0.4415151443    -4.1163516415     0.0156075244    -0.1370539273    -3.6757947206    -0.3331810123    -3.3976310128     0.2684487968     0.0090920690     0.0075311666     0.4468882963    -0.3632086763     0.8488160482
1    -7.0980000000     6.8150000000    17.8940000000     0.1779531057    -0.2337962025     0.2165107759    -0.1023572192    -0.2481099998    -0.3155649505     0.1453020696    -0.2939359634    -0.1321281805    -0.5214918775     0.4890866883    -0.2598110629     0.1454176178     0.2581212471    -0.0985812068     0.1208119338
1    -7.6685210000     7.6940190000    16.5343310000     0.1452302179    -0.0494933388    -0.0692204560     0.3375815207    -0.6102372051     0.0252549906    -0.1194032410    -0.5984383711    -0.1105349711     0.0069516511     0.1752173797     0.0522982336    -0.1609917033     0.1053989421    -0.1058317659     0.5395294044
1    -7.7588090000     8.4088670000    18.1507740000     0.1712731454    -0.0295981835    -0.2849968411    -0.1729394744    -0.5937081703     0.0428120071     0.0322883634    -0.1150503752     0.3069455366    -0.3884241243     0.1278862385     0.1253940706     0.0714903645     0.4768127078     0.2504931251     0.2291849265
1   -12.9360000000     6.1550000000    15.1310000000    -0.3099758103     0.1393798556    -0.1536089901    -0.1076221365    -2.8989001113    -0.5095448991     0.3950220943    -3.5829117078     0.5315504787    -2.8714560598     0.9436784223    -0.0189788241     0.6325755340     0.3938627925     0.2096387818     1.1836543069
1   -13.2390000000     5.5780000000    13.8310000000    -0.3350626404     0.0749890569     0.0978666556     0.2161501945    -3.3030795513     0.1115951889     0.1074294033    -3.2031800228     0.2148143124    -2.8468853961     0.7305136424     0.1346786826     0.2813258389     0.7275943676     0.2202268220     1.2448551316
1   -13.5730000000     6.7570000000    15.5680000000     0.2480810464     0.1446594964    -0.1481917172    -0.0537429628    -0.3110399792    -0.2020170645    -0.1702870738    -0.3440502889     0.1115901065    -0.3854699965     0.2297377351    -0.1179228014    -0.0425500000     0.1955254736     0.0615853472     0.1316315624
1   -12.3450000000     5.3440000000    13.2900000000     0.1794932244    -0.2692527667     0.0788889933     0.1549029072    -0.1327566773    -0.1230497041    -0.2443375966    -0.5353540028     0.0762378862    -0.3836252582     0.3038214814    -0.0784821004    -0.2222963711     0.1036827074     0.0909000768     0.2951788803
1   -13.6765150000     6.3837280000    13.2793810000     0.1562338862     0.1544799485    -0.2537664808     0.1744994105    -0.4770364353    -0.2056868588     0.1545461909    -0.2136775971    -0.2604422574    -0.4318543142     0.2019902276    -0.1693208341     0.1758983999     0.3265498460    -0.2261554115     0.3098084891
1   -13.9076220000     4.7430710000    13.8581520000     0.1581910916     0.1952201165     0.2451303571    -0.0091106226    -0.3653891287     0.2919156201    -0.0125308166    -0.2345462902    -0.0144971634    -0.5743433476     0.3267791839     0.2950050374     0.0480834167     0.4117958836     0.0551551350     0.1060985112


---------------
Atomic domain 1
---------------
Domain center:          -10.17700     7.16100    16.94700
Nuclear charge:           7.00000
Electronic charge:       -7.31444
Total charge:            -0.31444
Electronic dipole        -0.04503    -0.16013     0.17245
Electronic dipole norm     0.23960
Electronic quadrupole    -2.56026     0.36430     0.27444    -3.66564    -0.57771    -3.00572
Isotropic polarizablity (w=0)     0.91849
Electronic polarizability (w=0)     1.68865     0.17213     0.38222     0.54326    -0.04928     0.68460

---------------
Atomic domain 2
---------------
Domain center:          -11.52000     6.61600    17.08200
Nuclear charge:           6.00000
Electronic charge:       -6.06475
Total charge:            -0.06475
Electronic dipole         0.11186     0.16324    -0.10202
Electronic dipole norm     0.22264
Electronic quadrupole    -2.43170    -0.06977    -0.10949    -2.74028     0.16512    -2.99016
Isotropic polarizablity (w=0)     1.21762
Electronic polarizability (w=0)     1.54349     0.01302     1.04744     0.15049     0.45158     1.06192

---------------
Atomic domain 3
---------------
Domain center:          -11.79700     5.87400    15.76600
Nuclear charge:           6.00000
Electronic charge:       -5.63481
Total charge:             0.36519
Electronic dipole         0.02267    -0.09635    -0.08126
Electronic dipole norm     0.12807
Electronic quadrupole    -2.21984    -0.71757     0.29701    -2.71219     0.60811    -2.55627
Isotropic polarizablity (w=0)     1.15683
Electronic polarizability (w=0)     1.22993    -0.07753     0.90414     0.47090     0.35152     1.33643

---------------
Atomic domain 4
---------------
Domain center:          -11.00600     5.03400    15.34400
Nuclear charge:           8.00000
Electronic charge:       -8.46948
Total charge:            -0.46948
Electronic dipole        -0.35233     0.35829     0.18326
Electronic dipole norm     0.53488
Electronic quadrupole    -3.63133    -0.34902    -0.27137    -3.52079     0.11308    -3.93816
Isotropic polarizablity (w=0)     0.51308
Electronic polarizability (w=0)     0.58121    -0.34334     0.62598    -0.12429     0.18709     0.33203

---------------
Atomic domain 5
---------------
Domain center:          -12.49200     7.77900    17.31300
Nuclear charge:           6.00000
Electronic charge:       -6.08192
Total charge:            -0.08192
Electronic dipole        -0.14978    -0.24445     0.07363
Electronic dipole norm     0.29599
Electronic quadrupole    -2.17549    -0.05386    -0.27763    -2.86952    -0.02291    -3.08803
Isotropic polarizablity (w=0)     0.97944
Electronic polarizability (w=0)     1.26043    -0.27059     0.98510    -0.19277     0.13733     0.69279

---------------
Atomic domain 6
---------------
Domain center:          -13.82200     7.37500    17.60200
Nuclear charge:           8.00000
Electronic charge:       -8.51654
Total charge:            -0.51654
Electronic dipole         0.28061    -0.02708    -0.27683
Electronic dipole norm     0.39510
Electronic quadrupole    -3.26649     0.39062     0.07517    -3.89106     0.23069    -3.78790
Isotropic polarizablity (w=0)     0.49790
Electronic polarizability (w=0)     0.89856     0.14632     0.26970    -0.14455     0.03552     0.32546

---------------
Atomic domain 7
---------------
Domain center:           -9.93000     7.69500    16.16700
Nuclear charge:           1.00000
Electronic charge:       -0.72410
Total charge:             0.27590
Electronic dipole        -0.04387    -0.13420     0.19001
Electronic dipole norm     0.23672
Electronic quadrupole    -0.50086     0.06046    -0.08852    -0.37010    -0.20133    -0.22817
Isotropic polarizablity (w=0)     0.20608
Electronic polarizability (w=0)     0.13860     0.04968     0.19504    -0.05183    -0.15339     0.28461

---------------
Atomic domain 8
---------------
Domain center:          -11.59500     5.88000    17.89300
Nuclear charge:           1.00000
Electronic charge:       -0.81327
Total charge:             0.18673
Electronic dipole         0.02310     0.19351    -0.21496
Electronic dipole norm     0.29015
Electronic quadrupole    -0.52110     0.04217    -0.00953    -0.32706    -0.29504    -0.26293
Isotropic polarizablity (w=0)     0.25327
Electronic polarizability (w=0)     0.10220     0.04803     0.31760    -0.05210    -0.23200     0.34002

---------------
Atomic domain 9
---------------
Domain center:          -12.11300     8.36000    18.13200
Nuclear charge:           1.00000
Electronic charge:       -0.82879
Total charge:             0.17121
Electronic dipole        -0.11126    -0.17339    -0.23561
Electronic dipole norm     0.31298
Electronic quadrupole    -0.47186     0.12818     0.16326    -0.40572     0.25355    -0.21269
Isotropic polarizablity (w=0)     0.27274
Electronic polarizability (w=0)     0.13887     0.06827     0.29381     0.09452     0.25803     0.38554

----------------
Atomic domain 10
----------------
Domain center:          -12.49500     8.39600    16.41700
Nuclear charge:           1.00000
Electronic charge:       -0.88415
Total charge:             0.11585
Electronic dipole        -0.01056    -0.18950     0.27170
Electronic dipole norm     0.33143
Electronic quadrupole    -0.64300    -0.01138     0.01171    -0.45226    -0.26517    -0.24532
Isotropic polarizablity (w=0)     0.28247
Electronic polarizability (w=0)     0.12426    -0.02004     0.35769     0.00850    -0.26056     0.36546

----------------
Atomic domain 11
----------------
Domain center:          -14.19600     6.85700    16.88900
Nuclear charge:           1.00000
Electronic charge:       -0.68117
Total charge:             0.31883
Electronic dipole         0.09397     0.11761     0.13469
Electronic dipole norm     0.20200
Electronic quadrupole    -0.40112     0.08819     0.11153    -0.30715     0.23374    -0.09113
Isotropic polarizablity (w=0)     0.19132
Electronic polarizability (w=0)     0.21640     0.07891     0.16618     0.08001     0.07529     0.19139

----------------
Atomic domain 12
----------------
Domain center:           -9.22400     6.92600    17.84100
Nuclear charge:           6.00000
Electronic charge:       -5.60800
Total charge:             0.39200
Electronic dipole        -0.04934    -0.06551     0.04255
Electronic dipole norm     0.09239
Electronic quadrupole    -2.25398     0.31219     0.19358    -2.99247    -0.81171    -2.12922
Isotropic polarizablity (w=0)     1.15356
Electronic polarizability (w=0)     1.64935     0.13999     0.70455     0.40066    -0.19017     1.10679

----------------
Atomic domain 13
----------------
Domain center:           -7.85100     7.51300    17.57300
Nuclear charge:           6.00000
Electronic charge:       -6.48297
Total charge:            -0.48297
Electronic dipole        -0.12479    -0.08753     0.06954
Electronic dipole norm     0.16754
Electronic quadrupole    -3.21209     0.10598    -0.10514    -3.41849    -0.04247    -3.34307
Isotropic polarizablity (w=0)     0.95122
Electronic polarizability (w=0)     1.41197     0.26008     0.76317    -0.04242    -0.00794     0.67850

----------------
Atomic domain 14
----------------
Domain center:           -9.41000     6.24700    18.86400
Nuclear charge:           8.00000
Electronic charge:       -8.48703
Total charge:            -0.48703
Electronic dipole         0.08055     0.28724    -0.44152
Electronic dipole norm     0.53285
Electronic quadrupole    -4.11635     0.01561    -0.13705    -3.67579    -0.33318    -3.39763
Isotropic polarizablity (w=0)     0.52138
Electronic polarizability (w=0)     0.26845     0.00909     0.44689     0.00753    -0.36321     0.84882

----------------
Atomic domain 15
----------------
Domain center:           -7.09800     6.81500    17.89400
Nuclear charge:           1.00000
Electronic charge:       -0.82205
Total charge:             0.17795
Electronic dipole        -0.23380     0.21651    -0.10236
Electronic dipole norm     0.33469
Electronic quadrupole    -0.24811    -0.31556     0.14530    -0.29394    -0.13213    -0.52149
Isotropic polarizablity (w=0)     0.28934
Electronic polarizability (w=0)     0.48909    -0.25981     0.25812     0.14542    -0.09858     0.12081

----------------
Atomic domain 16
----------------
Domain center:           -7.66852     7.69402    16.53433
Nuclear charge:           1.00000
Electronic charge:       -0.85477
Total charge:             0.14523
Electronic dipole        -0.04949    -0.06922     0.33758
Electronic dipole norm     0.34814
Electronic quadrupole    -0.61024     0.02525    -0.11940    -0.59844    -0.11053     0.00695
Isotropic polarizablity (w=0)     0.27338
Electronic polarizability (w=0)     0.17522     0.05230     0.10540    -0.16099    -0.10583     0.53953

----------------
Atomic domain 17
----------------
Domain center:           -7.75881     8.40887    18.15077
Nuclear charge:           1.00000
Electronic charge:       -0.82873
Total charge:             0.17127
Electronic dipole        -0.02960    -0.28500    -0.17294
Electronic dipole norm     0.33467
Electronic quadrupole    -0.59371     0.04281     0.03229    -0.11505     0.30695    -0.38842
Isotropic polarizablity (w=0)     0.27796
Electronic polarizability (w=0)     0.12789     0.12539     0.47681     0.07149     0.25049     0.22918

----------------
Atomic domain 18
----------------
Domain center:          -12.93600     6.15500    15.13100
Nuclear charge:           7.00000
Electronic charge:       -7.30998
Total charge:            -0.30998
Electronic dipole         0.13938    -0.15361    -0.10762
Electronic dipole norm     0.23368
Electronic quadrupole    -2.89890    -0.50954     0.39502    -3.58291     0.53155    -2.87146
Isotropic polarizablity (w=0)     0.84040
Electronic polarizability (w=0)     0.94368    -0.01898     0.39386     0.63258     0.20964     1.18365

----------------
Atomic domain 19
----------------
Domain center:          -13.23900     5.57800    13.83100
Nuclear charge:           6.00000
Electronic charge:       -6.33506
Total charge:            -0.33506
Electronic dipole         0.07499     0.09787     0.21615
Electronic dipole norm     0.24884
Electronic quadrupole    -3.30308     0.11160     0.10743    -3.20318     0.21481    -2.84689
Isotropic polarizablity (w=0)     0.90099
Electronic polarizability (w=0)     0.73051     0.13468     0.72759     0.28133     0.22023     1.24486

----------------
Atomic domain 20
----------------
Domain center:          -13.57300     6.75700    15.56800
Nuclear charge:           1.00000
Electronic charge:       -0.75192
Total charge:             0.24808
Electronic dipole         0.14466    -0.14819    -0.05374
Electronic dipole norm     0.21395
Electronic quadrupole    -0.31104    -0.20202    -0.17029    -0.34405     0.11159    -0.38547
Isotropic polarizablity (w=0)     0.18563
Electronic polarizability (w=0)     0.22974    -0.11792     0.19553    -0.04255     0.06159     0.13163

----------------
Atomic domain 21
----------------
Domain center:          -12.34500     5.34400    13.29000
Nuclear charge:           1.00000
Electronic charge:       -0.82051
Total charge:             0.17949
Electronic dipole        -0.26925     0.07889     0.15490
Electronic dipole norm     0.32049
Electronic quadrupole    -0.13276    -0.12305    -0.24434    -0.53535     0.07624    -0.38363
Isotropic polarizablity (w=0)     0.23423
Electronic polarizability (w=0)     0.30382    -0.07848     0.10368    -0.22230     0.09090     0.29518

----------------
Atomic domain 22
----------------
Domain center:          -13.67652     6.38373    13.27938
Nuclear charge:           1.00000
Electronic charge:       -0.84377
Total charge:             0.15623
Electronic dipole         0.15448    -0.25377     0.17450
Electronic dipole norm     0.34455
Electronic quadrupole    -0.47704    -0.20569     0.15455    -0.21368    -0.26044    -0.43185
Isotropic polarizablity (w=0)     0.27945
Electronic polarizability (w=0)     0.20199    -0.16932     0.32655     0.17590    -0.22616     0.30981

----------------
Atomic domain 23
----------------
Domain center:          -13.90762     4.74307    13.85815
Nuclear charge:           1.00000
Electronic charge:       -0.84181
Total charge:             0.15819
Electronic dipole         0.19522     0.24513    -0.00911
Electronic dipole norm     0.31350
Electronic quadrupole    -0.36539     0.29192    -0.01253    -0.23455    -0.01450    -0.57434
Isotropic polarizablity (w=0)     0.28156
Electronic polarizability (w=0)     0.32678     0.29501     0.41180     0.04808     0.05516     0.10610

---------
Molecular
---------
Domain center:          -11.26499     6.59895    16.62250
Nuclear charge:          86.00000
Electronic charge:      -86.00000
Total charge:            -0.00000
Electronic dipole        -0.14761    -0.32962     0.22300
Gauge   dipole           -0.76595     1.67580    -1.88082
Total   dipole           -0.91357     1.34618    -1.65782
Electronic quadrupole -1158.05795   -95.04405  -439.12823  -300.39446  -245.95184  -716.76332
Nuclear    quadrupole  1114.98877   101.39332   442.10244   250.47090   245.71731   664.49611
Total      quadrupole   -43.06917     6.34927     2.97421   -49.92356    -0.23453   -52.26721
Polarizability av (0)       12.67834
Polarizability (0)          14.78108     0.23689    10.45884     2.07689     0.69724    12.79511
Time used in Loprop              :      3.88 (cpu)       2.74 (wall)
