AA
23 2 2 1
1    -0.5850000000     6.4720000000     6.4900000000    -0.3307129397    -0.2236826157     0.0954621272    -0.0975844567    -3.2521928550    -0.7378152719     0.0292613553    -3.4813036585     0.1538204488    -2.5278592844     0.5598917806    -0.2099505485    -0.2007616955     0.5229425927     0.4522835211     1.4169859652
1    -0.8170000000     6.4740000000     5.0800000000    -0.0663449720     0.0598013635    -0.1669994258     0.1109796214    -2.6855689758    -0.0598409802     0.0221445275    -2.9830588320     0.1175667708    -2.3630201927     1.3530264144     0.1326830632    -0.1088535576     0.7928929659     0.3065744491     1.3329728169
1    -2.1130000000     5.7910000000     4.7240000000     0.3814063537    -0.1045717260    -0.0164141552    -0.0597757014    -2.5165742905     0.4891607390     0.3822821835    -2.9602161515    -0.5137403087    -1.9047568408     1.2774497882     0.4832831552     0.0237159174     0.9374244004    -0.1891623442     1.0438503634
1    -2.6140000000     5.9850000000     3.6250000000    -0.4875138634     0.2070436301    -0.0886590421     0.4938033171    -3.9178164445    -0.1751303791     0.2890999278    -3.9397387278    -0.0737832367    -3.2944118184     0.3785244203    -0.0304965678     0.2701027944     0.2729460709    -0.1386062777     0.9006384412
1     0.3460000000     5.8130000000     4.3360000000    -0.0635745040    -0.1452134037    -0.2149642352     0.1947586130    -2.7750034809    -0.2651158536    -0.1882309933    -2.2794289180    -0.0829682903    -2.9398777707     1.1620810681    -0.2360043555    -0.3334026448     0.8939283682     0.0989644712     0.8164184460
1     0.5770000000     4.5110000000     4.8180000000    -0.5202876186     0.0487398884     0.4005290523     0.0941269148    -4.0172445059    -0.1420029858     0.3284877878    -3.4491807650    -0.2768851570    -3.4501759415     0.3118098005    -0.1679848178     0.0896470352     0.7062529375    -0.1074311421     0.3618817532
1     0.0770000000     5.8650000000     6.8310000000     0.2584063415    -0.1696608233     0.1477023820    -0.0969142309    -0.3209451041    -0.1939226036     0.0982084312    -0.3446137818    -0.0847102289    -0.4642433569     0.2568515547    -0.1222979154     0.0832632711     0.1795758783    -0.0508183064     0.1561626791
1    -0.8740000000     7.4990000000     4.7300000000     0.1754040083     0.0148592741    -0.2920696632     0.1007972962    -0.5849008630    -0.0225914056     0.0169792434    -0.0567488009    -0.1780960189    -0.5123906647     0.1005116333     0.0254932021    -0.0079312013     0.5638233991    -0.1844649955     0.1826530375
1     0.1470000000     5.7230000000     3.2870000000     0.1770052424     0.0614347275     0.0092425231     0.2993059062    -0.5318584307     0.0059792042     0.1138326436    -0.5534927028     0.0320576247     0.0074779148     0.0897818834    -0.0060101411     0.0057191209     0.0935603932     0.0473280150     0.6107506061
1     1.2510000000     6.3810000000     4.5040000000     0.1289898388    -0.2601182881    -0.1787495147    -0.0525226466    -0.2373530947     0.2565845118     0.0872947161    -0.4753961179     0.0489016931    -0.6226618329     0.5821195340     0.2499172707     0.0008124214     0.2479990254     0.0062577741     0.0844626502
1     0.9750000000     4.5480000000     5.6940000000     0.3222115921    -0.0850220061    -0.0149155212    -0.1979546553    -0.3589737643     0.0214783537     0.1936985466    -0.4844028679     0.0579119715    -0.0148636787     0.1843907827    -0.0439215054     0.1028422158     0.1013617533    -0.0255635585     0.3055772861
1    -1.3730000000     7.1780000000     7.2920000000     0.3841951926    -0.0404947887     0.0309548372    -0.0750114648    -2.2480719418    -0.8670749883     0.2566587167    -2.9521064886     0.1275213550    -2.1814616286     0.9154415654    -0.2837635394    -0.0449581881     0.8469086491     0.3415352413     1.4915826688
1    -0.9870000000     7.1760000000     8.7410000000    -0.4786740552    -0.0715947165     0.0333279247    -0.1482075308    -3.4382668125    -0.0854936935     0.0602937956    -3.3912157175    -0.0429151161    -3.1013214079     0.6814838026     0.0073857489     0.1447653381     0.6992925559     0.0900166504     1.4247464364
1    -2.3690000000     7.7960000000     6.8930000000    -0.4719356025     0.4208405431    -0.2614684923     0.1712970449    -3.3938954299    -0.2756667326     0.2175283837    -3.7122879823    -0.1922103993    -4.0389229501     0.7377476866    -0.3395360442     0.1310998890     0.4834452161    -0.0553503749     0.3068530355
1    -0.5460000000     8.1310000000     8.9500000000     0.1789457053    -0.1461887876    -0.2913264109    -0.0665370558    -0.4618220866     0.2505084684     0.0481920004    -0.0357931936     0.1177855933    -0.5624039472     0.1704637834     0.2093729480     0.0884636439     0.5098691968     0.1792777622     0.1644955360
1    -0.2910000000     6.3680000000     8.9270000000     0.1337221983    -0.2355425665     0.2586742928    -0.0597412885    -0.3469187113    -0.3303293572     0.0884718944    -0.2558212371    -0.0975483270    -0.6156710774     0.3073566770    -0.2445432715     0.1224164258     0.3397633079    -0.1129094933     0.1905767664
1    -1.7959760000     7.0463560000     9.4292220000     0.1751359918     0.2580901109     0.0425500798    -0.2025032684    -0.1996371612     0.0627753974    -0.3266651792    -0.5763995733    -0.0495627464    -0.3283305669     0.3458611828     0.0300793550    -0.2926769496     0.0727812126    -0.0256279785     0.4197500147
1    -2.6820000000     4.9790000000     5.6170000000    -0.3138864955    -0.1162905723     0.0461288520    -0.2259360599    -2.9484668475     0.6792525228     0.2575818789    -3.4824641706    -0.4559431646    -2.8722079341     1.0330553833     0.6140815197    -0.1128214263     0.7985930924    -0.2335194779     0.6042960682
1    -3.9370000000     4.3190000000     5.2750000000    -0.3236895633     0.2177196520     0.1256626541     0.0340183083    -2.8752656401     0.2623177284     0.1254209451    -3.1609423752     0.0189360442    -3.2860377867     1.1760609390     0.3451872056     0.0579466103     0.8657510486     0.0760598604     0.6171313645
1    -2.2360000000     4.8630000000     6.4710000000     0.2671212389    -0.1030441836     0.0521046412    -0.2130988660    -0.4279743081    -0.0046668973     0.1614371471    -0.4626022020    -0.0582788229    -0.1803843614     0.1358281806    -0.0097058980     0.1083887106     0.1332091666    -0.0534990130     0.3381502861
1    -3.8540000000     3.7840000000     4.3280000000     0.1582139190    -0.0272502151     0.1611043672     0.2811696039    -0.5815750093    -0.0229173931    -0.0404854163    -0.4471892410     0.2655746046    -0.1174840778     0.0947131913     0.0263548479     0.0321875508     0.2694204844     0.2755807298     0.4388939050
1    -4.7241160000     5.0341750000     5.1572150000     0.1636035859     0.2397780783    -0.2107971318     0.0299479991    -0.2643288401    -0.2933647164     0.0577873213    -0.3056116301    -0.0364178027    -0.5771235116     0.4635411912    -0.2300237484     0.0404220641     0.2318237470    -0.0153712941     0.0721305857
1    -4.1769630000     3.6012160000     6.0313750000     0.1522584058     0.0710650309     0.2185251953    -0.2445454266    -0.5844687085     0.0941909967    -0.1131942946    -0.3173977618    -0.3170860089    -0.2799531761     0.1500340026     0.1392584309    -0.1211298574     0.3605806125    -0.2609261798     0.3168323843


---------------
Atomic domain 1
---------------
Domain center:           -0.58500     6.47200     6.49000
Nuclear charge:           7.00000
Electronic charge:       -7.33071
Total charge:            -0.33071
Electronic dipole        -0.22368     0.09546    -0.09758
Electronic dipole norm     0.26205
Electronic quadrupole    -3.25219    -0.73782     0.02926    -3.48130     0.15382    -2.52786
Isotropic polarizablity (w=0)     0.83327
Electronic polarizability (w=0)     0.55989    -0.20995     0.52294    -0.20076     0.45228     1.41699

---------------
Atomic domain 2
---------------
Domain center:           -0.81700     6.47400     5.08000
Nuclear charge:           6.00000
Electronic charge:       -6.06634
Total charge:            -0.06634
Electronic dipole         0.05980    -0.16700     0.11098
Electronic dipole norm     0.20924
Electronic quadrupole    -2.68557    -0.05984     0.02214    -2.98306     0.11757    -2.36302
Isotropic polarizablity (w=0)     1.15963
Electronic polarizability (w=0)     1.35303     0.13268     0.79289    -0.10885     0.30657     1.33297

---------------
Atomic domain 3
---------------
Domain center:           -2.11300     5.79100     4.72400
Nuclear charge:           6.00000
Electronic charge:       -5.61859
Total charge:             0.38141
Electronic dipole        -0.10457    -0.01641    -0.05978
Electronic dipole norm     0.12156
Electronic quadrupole    -2.51657     0.48916     0.38228    -2.96022    -0.51374    -1.90476
Isotropic polarizablity (w=0)     1.08624
Electronic polarizability (w=0)     1.27745     0.48328     0.93742     0.02372    -0.18916     1.04385

---------------
Atomic domain 4
---------------
Domain center:           -2.61400     5.98500     3.62500
Nuclear charge:           8.00000
Electronic charge:       -8.48751
Total charge:            -0.48751
Electronic dipole         0.20704    -0.08866     0.49380
Electronic dipole norm     0.54274
Electronic quadrupole    -3.91782    -0.17513     0.28910    -3.93974    -0.07378    -3.29441
Isotropic polarizablity (w=0)     0.51737
Electronic polarizability (w=0)     0.37852    -0.03050     0.27295     0.27010    -0.13861     0.90064

---------------
Atomic domain 5
---------------
Domain center:            0.34600     5.81300     4.33600
Nuclear charge:           6.00000
Electronic charge:       -6.06357
Total charge:            -0.06357
Electronic dipole        -0.14521    -0.21496     0.19476
Electronic dipole norm     0.32439
Electronic quadrupole    -2.77500    -0.26512    -0.18823    -2.27943    -0.08297    -2.93988
Isotropic polarizablity (w=0)     0.95748
Electronic polarizability (w=0)     1.16208    -0.23600     0.89393    -0.33340     0.09896     0.81642

---------------
Atomic domain 6
---------------
Domain center:            0.57700     4.51100     4.81800
Nuclear charge:           8.00000
Electronic charge:       -8.52029
Total charge:            -0.52029
Electronic dipole         0.04874     0.40053     0.09413
Electronic dipole norm     0.41432
Electronic quadrupole    -4.01724    -0.14200     0.32849    -3.44918    -0.27689    -3.45018
Isotropic polarizablity (w=0)     0.45998
Electronic polarizability (w=0)     0.31181    -0.16798     0.70625     0.08965    -0.10743     0.36188

---------------
Atomic domain 7
---------------
Domain center:            0.07700     5.86500     6.83100
Nuclear charge:           1.00000
Electronic charge:       -0.74159
Total charge:             0.25841
Electronic dipole        -0.16966     0.14770    -0.09691
Electronic dipole norm     0.24494
Electronic quadrupole    -0.32095    -0.19392     0.09821    -0.34461    -0.08471    -0.46424
Isotropic polarizablity (w=0)     0.19753
Electronic polarizability (w=0)     0.25685    -0.12230     0.17958     0.08326    -0.05082     0.15616

---------------
Atomic domain 8
---------------
Domain center:           -0.87400     7.49900     4.73000
Nuclear charge:           1.00000
Electronic charge:       -0.82460
Total charge:             0.17540
Electronic dipole         0.01486    -0.29207     0.10080
Electronic dipole norm     0.30933
Electronic quadrupole    -0.58490    -0.02259     0.01698    -0.05675    -0.17810    -0.51239
Isotropic polarizablity (w=0)     0.28233
Electronic polarizability (w=0)     0.10051     0.02549     0.56382    -0.00793    -0.18446     0.18265

---------------
Atomic domain 9
---------------
Domain center:            0.14700     5.72300     3.28700
Nuclear charge:           1.00000
Electronic charge:       -0.82299
Total charge:             0.17701
Electronic dipole         0.06143     0.00924     0.29931
Electronic dipole norm     0.30569
Electronic quadrupole    -0.53186     0.00598     0.11383    -0.55349     0.03206     0.00748
Isotropic polarizablity (w=0)     0.26470
Electronic polarizability (w=0)     0.08978    -0.00601     0.09356     0.00572     0.04733     0.61075

----------------
Atomic domain 10
----------------
Domain center:            1.25100     6.38100     4.50400
Nuclear charge:           1.00000
Electronic charge:       -0.87101
Total charge:             0.12899
Electronic dipole        -0.26012    -0.17875    -0.05252
Electronic dipole norm     0.31996
Electronic quadrupole    -0.23735     0.25658     0.08729    -0.47540     0.04890    -0.62266
Isotropic polarizablity (w=0)     0.30486
Electronic polarizability (w=0)     0.58212     0.24992     0.24800     0.00081     0.00626     0.08446

----------------
Atomic domain 11
----------------
Domain center:            0.97500     4.54800     5.69400
Nuclear charge:           1.00000
Electronic charge:       -0.67779
Total charge:             0.32221
Electronic dipole        -0.08502    -0.01492    -0.19795
Electronic dipole norm     0.21596
Electronic quadrupole    -0.35897     0.02148     0.19370    -0.48440     0.05791    -0.01486
Isotropic polarizablity (w=0)     0.19711
Electronic polarizability (w=0)     0.18439    -0.04392     0.10136     0.10284    -0.02556     0.30558

----------------
Atomic domain 12
----------------
Domain center:           -1.37300     7.17800     7.29200
Nuclear charge:           6.00000
Electronic charge:       -5.61580
Total charge:             0.38420
Electronic dipole        -0.04049     0.03095    -0.07501
Electronic dipole norm     0.09069
Electronic quadrupole    -2.24807    -0.86707     0.25666    -2.95211     0.12752    -2.18146
Isotropic polarizablity (w=0)     1.08464
Electronic polarizability (w=0)     0.91544    -0.28376     0.84691    -0.04496     0.34154     1.49158

----------------
Atomic domain 13
----------------
Domain center:           -0.98700     7.17600     8.74100
Nuclear charge:           6.00000
Electronic charge:       -6.47867
Total charge:            -0.47867
Electronic dipole        -0.07159     0.03333    -0.14821
Electronic dipole norm     0.16793
Electronic quadrupole    -3.43827    -0.08549     0.06029    -3.39122    -0.04292    -3.10132
Isotropic polarizablity (w=0)     0.93517
Electronic polarizability (w=0)     0.68148     0.00739     0.69929     0.14477     0.09002     1.42475

----------------
Atomic domain 14
----------------
Domain center:           -2.36900     7.79600     6.89300
Nuclear charge:           8.00000
Electronic charge:       -8.47194
Total charge:            -0.47194
Electronic dipole         0.42084    -0.26147     0.17130
Electronic dipole norm     0.52423
Electronic quadrupole    -3.39390    -0.27567     0.21753    -3.71229    -0.19221    -4.03892
Isotropic polarizablity (w=0)     0.50935
Electronic polarizability (w=0)     0.73775    -0.33954     0.48345     0.13110    -0.05535     0.30685

----------------
Atomic domain 15
----------------
Domain center:           -0.54600     8.13100     8.95000
Nuclear charge:           1.00000
Electronic charge:       -0.82105
Total charge:             0.17895
Electronic dipole        -0.14619    -0.29133    -0.06654
Electronic dipole norm     0.33267
Electronic quadrupole    -0.46182     0.25051     0.04819    -0.03579     0.11779    -0.56240
Isotropic polarizablity (w=0)     0.28161
Electronic polarizability (w=0)     0.17046     0.20937     0.50987     0.08846     0.17928     0.16450

----------------
Atomic domain 16
----------------
Domain center:           -0.29100     6.36800     8.92700
Nuclear charge:           1.00000
Electronic charge:       -0.86628
Total charge:             0.13372
Electronic dipole        -0.23554     0.25867    -0.05974
Electronic dipole norm     0.35491
Electronic quadrupole    -0.34692    -0.33033     0.08847    -0.25582    -0.09755    -0.61567
Isotropic polarizablity (w=0)     0.27923
Electronic polarizability (w=0)     0.30736    -0.24454     0.33976     0.12242    -0.11291     0.19058

----------------
Atomic domain 17
----------------
Domain center:           -1.79598     7.04636     9.42922
Nuclear charge:           1.00000
Electronic charge:       -0.82486
Total charge:             0.17514
Electronic dipole         0.25809     0.04255    -0.20250
Electronic dipole norm     0.33080
Electronic quadrupole    -0.19964     0.06278    -0.32667    -0.57640    -0.04956    -0.32833
Isotropic polarizablity (w=0)     0.27946
Electronic polarizability (w=0)     0.34586     0.03008     0.07278    -0.29268    -0.02563     0.41975

----------------
Atomic domain 18
----------------
Domain center:           -2.68200     4.97900     5.61700
Nuclear charge:           7.00000
Electronic charge:       -7.31389
Total charge:            -0.31389
Electronic dipole        -0.11629     0.04613    -0.22594
Electronic dipole norm     0.25826
Electronic quadrupole    -2.94847     0.67925     0.25758    -3.48246    -0.45594    -2.87221
Isotropic polarizablity (w=0)     0.81198
Electronic polarizability (w=0)     1.03306     0.61408     0.79859    -0.11282    -0.23352     0.60430

----------------
Atomic domain 19
----------------
Domain center:           -3.93700     4.31900     5.27500
Nuclear charge:           6.00000
Electronic charge:       -6.32369
Total charge:            -0.32369
Electronic dipole         0.21772     0.12566     0.03402
Electronic dipole norm     0.25367
Electronic quadrupole    -2.87527     0.26232     0.12542    -3.16094     0.01894    -3.28604
Isotropic polarizablity (w=0)     0.88631
Electronic polarizability (w=0)     1.17606     0.34519     0.86575     0.05795     0.07606     0.61713

----------------
Atomic domain 20
----------------
Domain center:           -2.23600     4.86300     6.47100
Nuclear charge:           1.00000
Electronic charge:       -0.73288
Total charge:             0.26712
Electronic dipole        -0.10304     0.05210    -0.21310
Electronic dipole norm     0.24237
Electronic quadrupole    -0.42797    -0.00467     0.16144    -0.46260    -0.05828    -0.18038
Isotropic polarizablity (w=0)     0.20240
Electronic polarizability (w=0)     0.13583    -0.00971     0.13321     0.10839    -0.05350     0.33815

----------------
Atomic domain 21
----------------
Domain center:           -3.85400     3.78400     4.32800
Nuclear charge:           1.00000
Electronic charge:       -0.84179
Total charge:             0.15821
Electronic dipole        -0.02725     0.16110     0.28117
Electronic dipole norm     0.32520
Electronic quadrupole    -0.58158    -0.02292    -0.04049    -0.44719     0.26557    -0.11748
Isotropic polarizablity (w=0)     0.26768
Electronic polarizability (w=0)     0.09471     0.02635     0.26942     0.03219     0.27558     0.43889

----------------
Atomic domain 22
----------------
Domain center:           -4.72412     5.03418     5.15721
Nuclear charge:           1.00000
Electronic charge:       -0.83640
Total charge:             0.16360
Electronic dipole         0.23978    -0.21080     0.02995
Electronic dipole norm     0.32066
Electronic quadrupole    -0.26433    -0.29336     0.05779    -0.30561    -0.03642    -0.57712
Isotropic polarizablity (w=0)     0.25583
Electronic polarizability (w=0)     0.46354    -0.23002     0.23182     0.04042    -0.01537     0.07213

----------------
Atomic domain 23
----------------
Domain center:           -4.17696     3.60122     6.03137
Nuclear charge:           1.00000
Electronic charge:       -0.84774
Total charge:             0.15226
Electronic dipole         0.07107     0.21853    -0.24455
Electronic dipole norm     0.33557
Electronic quadrupole    -0.58447     0.09419    -0.11319    -0.31740    -0.31709    -0.27995
Isotropic polarizablity (w=0)     0.27582
Electronic polarizability (w=0)     0.15003     0.13926     0.36058    -0.12113    -0.26093     0.31683

---------
Molecular
---------
Domain center:           -1.48199     5.99817     5.74959
Nuclear charge:          86.00000
Electronic charge:      -86.00000
Total charge:             0.00000
Electronic dipole        -0.12930    -0.11439     0.06987
Gauge   dipole            1.65195    -0.69947     1.65721
Total   dipole            1.52265    -0.81386     1.72708
Electronic quadrupole  -667.40792   -64.11257   -25.57932  -447.31442  -294.37108  -743.43027
Nuclear    quadrupole   622.40512    69.98524    25.93534   396.58724   291.46269   694.42470
Total      quadrupole   -45.00280     5.87266     0.35602   -50.72718    -2.90839   -49.00557
Polarizability av (0)       12.32999
Polarizability (0)          12.46803     0.33886    10.92415     0.07926     0.42063    13.59779
Time used in Loprop              :      3.81 (cpu)       2.70 (wall)
